0	0
0	0
0.001	0
0.002	0
0.003	0
0.004	0
0.005	2.5e+17
0.006	2.5e+17
0.007	2.5e+17
0.008	5e+17
0.009	5e+17
0.01	7.5e+17
0.011	1.25e+18
0.012	1.5e+18
0.013	1.25e+18
0.014	1.5e+18
0.015	2.5e+18
0.016	3.75e+18
0.017	4e+18
0.018	2.5e+18
0.019	3.75e+18
0.02	7.5e+18
0.021	9e+18
0.022	8.25e+18
0.023	7.5e+18
0.024	9.25e+18
0.025	1.15e+19
0.026	1.5e+19
0.027	1.7e+19
0.028	1.675e+19
0.029	1.75e+19
0.03	1.95e+19
0.031	2.1e+19
0.032	2.475e+19
0.033	2.425e+19
0.034	2.35e+19
0.035	2.6e+19
0.036	3.1e+19
0.037	3.35e+19
0.038	3.15e+19
0.039	3.25e+19
0.04	3.475e+19
0.041	3.625e+19
0.042	3.725e+19
0.043	4.1e+19
0.044	4.5e+19
0.045	4.85e+19
0.046	5.25e+19
0.047	5.825e+19
0.048	6.175e+19
0.049	6.075e+19
0.05	6.025e+19
0.051	5.9e+19
0.052	6e+19
0.053	6.85e+19
0.054	6.425e+19
0.055	5.875e+19
0.056	6.55e+19
0.057	7.05e+19
0.058	7.225e+19
0.059	7.45e+19
0.06	8.025e+19
0.061	8.4e+19
0.062	8.225e+19
0.063	8.35e+19
0.064	8.5e+19
0.065	8.55e+19
0.066	9.275e+19
0.067	9.35e+19
0.068	8.975e+19
0.069	8.75e+19
0.07	8.525e+19
0.071	8.55e+19
0.072	9.55e+19
0.073	1.0125e+20
0.074	1.0425e+20
0.075	1.0275e+20
0.076	9.95e+19
0.077	9.75e+19
0.078	1.0425e+20
0.079	1.145e+20
0.08	1.0775e+20
0.081	1.155e+20
0.082	1.205e+20
0.083	1.0725e+20
0.084	1.01e+20
0.085	1e+20
0.086	1.0725e+20
0.087	1.17e+20
0.088	1.185e+20
0.089	1.1825e+20
0.09	1.175e+20
0.091	1.125e+20
0.092	1.105e+20
0.093	1.14e+20
0.094	1.15e+20
0.095	1.13125e+20
0.096	1.0175e+20
0.097	1.04125e+20
0.098	1.0475e+20
0.099	1.02e+20
0.1	1.05e+20
0.101	9.9625e+19
0.102	1.07625e+20
0.103	1.115e+20
0.104	1.11625e+20
0.105	1.08375e+20
0.106	9.925e+19
0.107	9.75e+19
0.108	1.005e+20
0.109	1.04375e+20
0.11	9.8625e+19
0.111	9.6125e+19
0.112	9.63125e+19
0.113	9.66875e+19
0.114	9.5e+19
0.115	8.925e+19
0.116	8.59375e+19
0.117	8.3875e+19
0.118	8.35e+19
0.119	8.03125e+19
0.12	8.18125e+19
0.121	8.30312e+19
0.122	8e+19
0.123	8.10625e+19
0.124	8.10312e+19
0.125	7.69687e+19
0.126	7.31562e+19
0.127	7.09062e+19
0.128	6.9e+19
0.129	6.9875e+19
0.13	6.86562e+19
0.131	6.44062e+19
0.132	6.14844e+19
0.133	5.95312e+19
0.134	5.78594e+19
0.135	5.67031e+19
0.136	5.61562e+19
0.137	5.55625e+19
0.138	5.00547e+19
0.139	4.86797e+19
0.14	5.03359e+19
0.141	4.78828e+19
0.142	4.55078e+19
0.143	4.31719e+19
0.144	4.13281e+19
0.145	4.10781e+19
0.146	4.05937e+19
0.147	3.66719e+19
0.148	3.51328e+19
0.149	3.54687e+19
0.15	3.25859e+19
0.151	3.17656e+19
0.152	3.10078e+19
0.153	3e+19
0.154	2.81875e+19
0.155	2.64297e+19
0.156	2.75156e+19
0.157	2.61484e+19
0.158	2.36328e+19
0.159	2.28594e+19
0.16	2.24688e+19
0.161	2.11406e+19
0.162	1.9375e+19
0.163	1.84297e+19
0.164	1.75313e+19
0.165	1.63203e+19
0.166	1.64766e+19
0.167	1.59219e+19
0.168	1.46719e+19
0.169	1.32891e+19
0.17	1.27813e+19
0.171	1.24141e+19
0.172	1.15234e+19
0.173	1.11875e+19
0.174	1.08906e+19
0.175	1.04453e+19
0.176	9.79688e+18
0.177	8.98438e+18
0.178	8.54688e+18
0.179	8.02344e+18
0.18	7.65625e+18
0.181	7.52344e+18
0.182	7.07031e+18
0.183	6.9375e+18
0.184	6.5e+18
0.185	5.94531e+18
0.186	5.47656e+18
0.187	5.08594e+18
0.188	4.84375e+18
0.189	4.46094e+18
0.19	4.19531e+18
0.191	4.03906e+18
0.192	3.79688e+18
0.193	3.41406e+18
0.194	3.25e+18
0.195	3.03906e+18
0.196	2.74219e+18
0.197	2.77344e+18
0.198	2.64063e+18
0.199	2.46875e+18
0.2	2.25e+18
0.201	2.03906e+18
0.202	1.99219e+18
0.203	1.625e+18
0.204	1.38281e+18
0.205	1.35938e+18
0.206	1.39063e+18
0.207	1.3125e+18
0.208	1.19531e+18
0.209	1.17969e+18
0.21	1.08594e+18
0.211	1.05469e+18
0.212	1e+18
0.213	7.65625e+17
0.214	6.95313e+17
0.215	7.65625e+17
0.216	7.26563e+17
0.217	6.64063e+17
0.218	5.3125e+17
0.219	4.6875e+17
0.22	4.375e+17
0.221	3.28125e+17
0.222	2.89063e+17
0.223	2.57813e+17
0.224	3.04688e+17
0.225	2.89063e+17
0.226	2.26563e+17
0.227	2.34375e+17
0.228	2.34375e+17
0.229	2.10938e+17
0.23	1.32813e+17
0.231	1.48438e+17
0.232	1.875e+17
0.233	1.64063e+17
0.234	1.5625e+17
0.235	1.5625e+17
0.236	1.71875e+17
0.237	1.09375e+17
0.238	6.25e+16
0.239	7.8125e+16
0.24	7.03125e+16
0.241	7.8125e+16
0.242	7.03125e+16
0.243	3.90625e+16
0.244	3.125e+16
0.245	2.34375e+16
0.246	7.8125e+15
0.247	3.125e+16
0.248	2.34375e+16
0.249	3.90625e+16
0.25	3.90625e+16
0.251	1.5625e+16
0.252	1.5625e+16
0.253	1.5625e+16
0.254	2.34375e+16
0.255	2.34375e+16
0.256	3.90625e+16
0.257	3.90625e+16
0.258	1.5625e+16
0.259	0
0.26	7.8125e+15
0.261	1.5625e+16
0.262	7.8125e+15
0.263	0
0.264	0
0.265	0
0.266	7.8125e+15
0.267	7.8125e+15
0.268	7.8125e+15
0.269	2.34375e+16
0.27	1.5625e+16
0.271	0
0.272	0
0.273	0
0.274	0
0.275	7.8125e+15
0.276	7.8125e+15
0.277	0
0.278	0
0.279	0
0.28	7.8125e+15
0.281	7.8125e+15
0.282	0
0.283	0
0.284	0
0.285	0
0.286	0
0.287	0
0.288	0
0.289	0
0.29	0
0.291	0
0.292	0
0.293	0
0.294	0
0.295	0
0.296	0
0.297	0
0.298	0
0.299	0
0.3	0
0.301	0
0.302	0
0.303	0
0.304	0
0.305	0
0.306	0
0.307	0
0.308	0
0.309	0
0.31	0
0.311	0
0.312	0
0.313	0
0.314	0
0.315	0
0.316	0
0.317	0
0.318	0
0.319	0
0.32	0
0.321	0
0.322	0
0.323	0
0.324	0
0.325	0
0.326	0
0.327	0
0.328	0
0.329	0
0.33	0
0.331	0
0.332	0
0.333	0
0.334	0
0.335	0
0.336	0
0.337	0
0.338	0
0.339	0
0.34	0
0.341	0
0.342	0
0.343	0
0.344	0
0.345	0
0.346	0
0.347	0
0.348	0
0.349	0
0.35	0
0.351	0
0.352	0
0.353	0
0.354	0
0.355	0
0.356	0
0.357	0
0.358	0
0.359	0
0.36	0
0.361	0
0.362	0
0.363	0
0.364	0
0.365	0
0.366	0
0.367	0
0.368	0
0.369	0
0.37	0
0.371	0
0.372	0
0.373	0
0.374	0
0.375	0
0.376	0
0.377	0
0.378	0
0.379	0
0.38	0
0.381	0
0.382	0
0.383	0
0.384	0
0.385	0
0.386	0
0.387	0
0.388	0
0.389	0
0.39	0
0.391	0
0.392	0
0.393	0
0.394	0
0.395	0
0.396	0
0.397	0
0.398	0
0.399	0
0.4	0
0.401	0
0.402	0
0.403	0
0.404	0
0.405	0
0.406	0
0.407	0
0.408	0
0.409	0
0.41	0
0.411	0
0.412	0
0.413	0
0.414	0
0.415	0
0.416	0
0.417	0
0.418	0
0.419	0
0.42	0
0.421	0
0.422	0
0.423	0
0.424	0
0.425	0
0.426	0
0.427	0
0.428	0
0.429	0
0.43	0
0.431	0
0.432	0
0.433	0
0.434	0
0.435	0
0.436	0
0.437	0
0.438	0
0.439	0
0.44	0
0.441	0
0.442	0
0.443	0
0.444	0
0.445	0
0.446	0
0.447	0
0.448	0
0.449	0
0.45	0
0.451	0
0.452	0
0.453	0
0.454	0
0.455	0
0.456	0
0.457	0
0.458	0
0.459	0
0.46	0
0.461	0
0.462	0
0.463	0
0.464	0
0.465	0
0.466	0
0.467	0
0.468	0
0.469	0
0.47	0
0.471	0
0.472	0
0.473	0
0.474	0
0.475	0
0.476	0
0.477	0
0.478	0
0.479	0
0.48	0
0.481	0
0.482	0
0.483	0
0.484	0
0.485	0
0.486	0
0.487	0
0.488	0
0.489	0
0.49	0
0.491	0
0.492	0
0.493	0
0.494	0
0.495	0
0.496	0
0.497	0
0.498	0
0.499	0
0.5	0
0.501	0
0.502	0
0.503	0
0.504	0
0.505	0
0.506	0
0.507	0
0.508	0
0.509	0
0.51	0
0.511	0
0.512	0
0.513	0
0.514	0
0.515	0
0.516	0
0.517	0
0.518	0
0.519	0
0.52	0
0.521	0
0.522	0
0.523	0
0.524	0
0.525	0
0.526	0
0.527	0
0.528	0
0.529	0
0.53	0
0.531	0
0.532	0
0.533	0
0.534	0
0.535	0
0.536	0
0.537	0
0.538	0
0.539	0
0.54	0
0.541	0
0.542	0
0.543	0
0.544	0
0.545	0
0.546	0
0.547	0
0.548	0
0.549	0
0.55	0
0.551	0
0.552	0
0.553	0
0.554	0
0.555	0
0.556	0
0.557	0
0.558	0
0.559	0
0.56	0
0.561	0
0.562	0
0.563	0
0.564	0
0.565	0
0.566	0
0.567	0
0.568	0
0.569	0
0.57	0
0.571	0
0.572	0
0.573	0
0.574	0
0.575	0
0.576	0
0.577	0
0.578	0
0.579	0
0.58	0
0.581	0
0.582	0
0.583	0
0.584	0
0.585	0
0.586	0
0.587	0
0.588	0
0.589	0
0.59	0
0.591	0
0.592	0
0.593	0
0.594	0
0.595	0
0.596	0
0.597	0
0.598	0
0.599	0
0.6	0
0.601	0
0.602	0
0.603	0
0.604	0
0.605	0
0.606	0
0.607	0
0.608	0
0.609	0
0.61	0
0.611	0
0.612	0
0.613	0
0.614	0
0.615	0
0.616	0
0.617	0
0.618	0
0.619	0
0.62	0
0.621	0
0.622	0
0.623	0
0.624	0
0.625	0
0.626	0
0.627	0
0.628	0
0.629	0
0.63	0
0.631	0
0.632	0
0.633	0
0.634	0
0.635	0
0.636	0
0.637	0
0.638	0
0.639	0
0.64	0
0.641	0
0.642	0
0.643	0
0.644	0
0.645	0
0.646	0
0.647	0
0.648	0
0.649	0
0.65	0
0.651	0
0.652	0
0.653	0
0.654	0
0.655	0
0.656	0
0.657	0
0.658	0
0.659	0
0.66	0
0.661	0
0.662	0
0.663	0
0.664	0
0.665	0
0.666	0
0.667	0
0.668	0
0.669	0
0.67	0
0.671	0
0.672	0
0.673	0
0.674	0
0.675	0
0.676	0
0.677	0
0.678	0
0.679	0
0.68	0
0.681	0
0.682	0
0.683	0
0.684	0
0.685	0
0.686	0
0.687	0
0.688	0
0.689	0
0.69	0
0.691	0
0.692	0
0.693	0
0.694	0
0.695	0
0.696	0
0.697	0
0.698	0
0.699	0
0.7	0
0.701	0
0.702	0
0.703	0
0.704	0
0.705	0
0.706	0
0.707	0
0.708	0
0.709	0
0.71	0
0.711	0
0.712	0
0.713	0
0.714	0
0.715	0
0.716	0
0.717	0
0.718	0
0.719	0
0.72	0
0.721	0
0.722	0
0.723	0
0.724	0
0.725	0
0.726	0
0.727	0
0.728	0
0.729	0
0.73	0
0.731	0
0.732	0
0.733	0
0.734	0
0.735	0
0.736	0
0.737	0
0.738	0
0.739	0
0.74	0
0.741	0
0.742	0
0.743	0
0.744	0
0.745	0
0.746	0
0.747	0
0.748	0
0.749	0
0.75	0
0.751	0
0.752	0
0.753	0
0.754	0
0.755	0
0.756	0
0.757	0
0.758	0
0.759	0
0.76	0
0.761	0
0.762	0
0.763	0
0.764	0
0.765	0
0.766	0
0.767	0
0.768	0
0.769	0
0.77	0
0.771	0
0.772	0
0.773	0
0.774	0
0.775	0
0.776	0
0.777	0
0.778	0
0.779	0
0.78	0
0.781	0
0.782	0
0.783	0
0.784	0
0.785	0
0.786	0
0.787	0
0.788	0
0.789	0
0.79	0
0.791	0
0.792	0
0.793	0
0.794	0
0.795	0
0.796	0
0.797	0
0.798	0
0.799	0
0.8	0
0.801	0
0.802	0
0.803	0
0.804	0
0.805	0
0.806	0
0.807	0
0.808	0
0.809	0
0.81	0
0.811	0
0.812	0
0.813	0
0.814	0
0.815	0
0.816	0
0.817	0
0.818	0
0.819	0
0.82	0
0.821	0
0.822	0
0.823	0
0.824	0
0.825	0
0.826	0
0.827	0
0.828	0
0.829	0
0.83	0
0.831	0
0.832	0
0.833	0
0.834	0
0.835	0
0.836	0
0.837	0
0.838	0
0.839	0
0.84	0
0.841	0
0.842	0
0.843	0
0.844	0
0.845	0
0.846	0
0.847	0
0.848	0
0.849	0
0.85	0
0.851	0
0.852	0
0.853	0
0.854	0
0.855	0
0.856	0
0.857	0
0.858	0
0.859	0
0.86	0
0.861	0
0.862	0
0.863	0
0.864	0
0.865	0
0.866	0
0.867	0
0.868	0
0.869	0
0.87	0
0.871	0
0.872	0
0.873	0
0.874	0
0.875	0
0.876	0
0.877	0
0.878	0
0.879	0
0.88	0
0.881	0
0.882	0
0.883	0
0.884	0
0.885	0
0.886	0
0.887	0
0.888	0
0.889	0
0.89	0
0.891	0
0.892	0
0.893	0
0.894	0
0.895	0
0.896	0
0.897	0
0.898	0
0.899	0
0.9	0
0.901	0
0.902	0
0.903	0
0.904	0
0.905	0
0.906	0
0.907	0
0.908	0
0.909	0
0.91	0
0.911	0
0.912	0
0.913	0
0.914	0
0.915	0
0.916	0
0.917	0
0.918	0
0.919	0
0.92	0
0.921	0
0.922	0
0.923	0
0.924	0
0.925	0
0.926	0
0.927	0
0.928	0
0.929	0
0.93	0
0.931	0
0.932	0
0.933	0
0.934	0
0.935	0
0.936	0
0.937	0
0.938	0
0.939	0
0.94	0
0.941	0
0.942	0
0.943	0
0.944	0
0.945	0
0.946	0
0.947	0
0.948	0
0.949	0
0.95	0
0.951	0
0.952	0
0.953	0
0.954	0
0.955	0
0.956	0
0.957	0
0.958	0
0.959	0
0.96	0
0.961	0
0.962	0
0.963	0
0.964	0
0.965	0
0.966	0
0.967	0
0.968	0
0.969	0
0.97	0
0.971	0
0.972	0
0.973	0
0.974	0
0.975	0
0.976	0
0.977	0
0.978	0
0.979	0
0.98	0
0.981	0
0.982	0
0.983	0
0.984	0
0.985	0
0.986	0
0.987	0
0.988	0
0.989	0
0.99	0
0.991	0
0.992	0
0.993	0
0.994	0
0.995	0
0.996	0
0.997	0
0.998	0
0.999	0
1	0
