0	0
0	2.0001e+18
0.001	4.2501e+18
0.002	6.2501e+18
0.003	6.0001e+18
0.004	8.0001e+18
0.005	1.22501e+19
0.006	1.17501e+19
0.007	1.05001e+19
0.008	1.22501e+19
0.009	1.25001e+19
0.01	1.40001e+19
0.011	1.55001e+19
0.012	1.60001e+19
0.013	1.62501e+19
0.014	1.67501e+19
0.015	1.67501e+19
0.016	1.67501e+19
0.017	1.70001e+19
0.018	2.12501e+19
0.019	2.20001e+19
0.02	2.15001e+19
0.021	2.47501e+19
0.022	2.17501e+19
0.023	2.15001e+19
0.024	2.85001e+19
0.025	3.00001e+19
0.026	2.57501e+19
0.027	2.82501e+19
0.028	3.12501e+19
0.029	2.85001e+19
0.03	2.90001e+19
0.031	3.22501e+19
0.032	3.40001e+19
0.033	3.17501e+19
0.034	3.40001e+19
0.035	3.60001e+19
0.036	3.45001e+19
0.037	3.70001e+19
0.038	3.82501e+19
0.039	4.12501e+19
0.04	4.35001e+19
0.041	4.37501e+19
0.042	4.62501e+19
0.043	4.67501e+19
0.044	4.52501e+19
0.045	4.40001e+19
0.046	4.50001e+19
0.047	4.80001e+19
0.048	4.72501e+19
0.049	4.95001e+19
0.05	5.50001e+19
0.051	5.80001e+19
0.052	5.35001e+19
0.053	5.30001e+19
0.054	5.97501e+19
0.055	5.66251e+19
0.056	5.22501e+19
0.057	5.23751e+19
0.058	5.67501e+19
0.059	6.93751e+19
0.06	7.73751e+19
0.061	7.25001e+19
0.062	6.75001e+19
0.063	7.18751e+19
0.064	7.13751e+19
0.065	7.01251e+19
0.066	7.57501e+19
0.067	8.51251e+19
0.068	8.90001e+19
0.069	8.93751e+19
0.07	8.87501e+19
0.071	8.63751e+19
0.072	8.87501e+19
0.073	9.16251e+19
0.074	8.68751e+19
0.075	8.08751e+19
0.076	8.62501e+19
0.077	8.92501e+19
0.078	9.20001e+19
0.079	9.67501e+19
0.08	9.88751e+19
0.081	1.03125e+20
0.082	9.93751e+19
0.083	9.58751e+19
0.084	1.0175e+20
0.085	9.85001e+19
0.086	9.61251e+19
0.087	1.0375e+20
0.088	1.035e+20
0.089	1.03875e+20
0.09	9.86251e+19
0.091	9.67501e+19
0.092	1.075e+20
0.093	1.08188e+20
0.094	1.12313e+20
0.095	1.10313e+20
0.096	1.0125e+20
0.097	1.09375e+20
0.098	1.14375e+20
0.099	1.07938e+20
0.1	1.06188e+20
0.101	1.11156e+20
0.102	1.11781e+20
0.103	1.03063e+20
0.104	1.08344e+20
0.105	1.14906e+20
0.106	1.14656e+20
0.107	1.11344e+20
0.108	1.01063e+20
0.109	1.03438e+20
0.11	1.07625e+20
0.111	1.03906e+20
0.112	1.00938e+20
0.113	1.02688e+20
0.114	1.02125e+20
0.115	9.85313e+19
0.116	1.00875e+20
0.117	9.96251e+19
0.118	9.38751e+19
0.119	9.21563e+19
0.12	9.28126e+19
0.121	9.22501e+19
0.122	8.90626e+19
0.123	8.74845e+19
0.124	8.56407e+19
0.125	8.1797e+19
0.126	7.8172e+19
0.127	7.71876e+19
0.128	7.7797e+19
0.129	7.56251e+19
0.13	7.40938e+19
0.131	7.05782e+19
0.132	6.74845e+19
0.133	6.46563e+19
0.134	6.11095e+19
0.135	5.81173e+19
0.136	5.35313e+19
0.137	5.23673e+19
0.138	5.04063e+19
0.139	4.7711e+19
0.14	4.66876e+19
0.141	4.45157e+19
0.142	4.32423e+19
0.143	4.16798e+19
0.144	3.81563e+19
0.145	3.62579e+19
0.146	3.54298e+19
0.147	3.34298e+19
0.148	3.10157e+19
0.149	2.88829e+19
0.15	2.61642e+19
0.151	2.36173e+19
0.152	2.29298e+19
0.153	2.17345e+19
0.154	2.04298e+19
0.155	1.9336e+19
0.156	1.80939e+19
0.157	1.64142e+19
0.158	1.52814e+19
0.159	1.47735e+19
0.16	1.35314e+19
0.161	1.23126e+19
0.162	1.15626e+19
0.163	1.07579e+19
0.164	9.67198e+18
0.165	8.82041e+18
0.166	7.90635e+18
0.167	7.14854e+18
0.168	6.38291e+18
0.169	5.60166e+18
0.17	5.11729e+18
0.171	4.72666e+18
0.172	4.24229e+18
0.173	3.57823e+18
0.174	2.97666e+18
0.175	2.90635e+18
0.176	2.55479e+18
0.177	2.0001e+18
0.178	1.73448e+18
0.179	1.50791e+18
0.18	1.49229e+18
0.181	1.32041e+18
0.182	1.10166e+18
0.183	9.53225e+17
0.184	9.53225e+17
0.185	7.73538e+17
0.186	5.39163e+17
0.187	4.76663e+17
0.188	3.90725e+17
0.189	3.82913e+17
0.19	3.751e+17
0.191	2.73538e+17
0.192	2.34475e+17
0.193	1.95413e+17
0.194	1.32913e+17
0.195	1.251e+17
0.196	1.09475e+17
0.197	7.8225e+16
0.198	4.6975e+16
0.199	8.60375e+16
0.2	7.8225e+16
0.201	1.5725e+16
0.202	1.5725e+16
0.203	3.135e+16
0.204	1.5725e+16
0.205	1e+14
0.206	1e+14
0.207	7.9125e+15
0.208	7.9125e+15
0.209	1e+14
0.21	1e+14
0.211	1e+14
0.212	1e+14
0.213	7.9125e+15
0.214	7.9125e+15
0.215	1e+14
0.216	1e+14
0.217	1e+14
0.218	1e+14
0.219	1e+14
0.22	1e+14
0.221	1e+14
0.222	1e+14
0.223	1e+14
0.224	1e+14
0.225	1e+14
0.226	1e+14
0.227	1e+14
0.228	1e+14
0.229	1e+14
0.23	1e+14
0.231	1e+14
0.232	1e+14
0.233	1e+14
0.234	1e+14
0.235	1e+14
0.236	1e+14
0.237	1e+14
0.238	1e+14
0.239	1e+14
0.24	1e+14
0.241	1e+14
0.242	1e+14
0.243	1e+14
0.244	1e+14
0.245	1e+14
0.246	1e+14
0.247	1e+14
0.248	1e+14
0.249	1e+14
0.25	1e+14
0.251	1e+14
0.252	1e+14
0.253	1e+14
0.254	1e+14
0.255	1e+14
0.256	1e+14
0.257	1e+14
0.258	1e+14
0.259	1e+14
0.26	1e+14
0.261	1e+14
0.262	1e+14
0.263	1e+14
0.264	1e+14
0.265	1e+14
0.266	1e+14
0.267	1e+14
0.268	1e+14
0.269	1e+14
0.27	1e+14
0.271	1e+14
0.272	1e+14
0.273	1e+14
0.274	1e+14
0.275	1e+14
0.276	1e+14
0.277	1e+14
0.278	1e+14
0.279	1e+14
0.28	1e+14
0.281	1e+14
0.282	1e+14
0.283	1e+14
0.284	1e+14
0.285	1e+14
0.286	1e+14
0.287	1e+14
0.288	1e+14
0.289	1e+14
0.29	1e+14
0.291	1e+14
0.292	1e+14
0.293	1e+14
0.294	1e+14
0.295	1e+14
0.296	1e+14
0.297	1e+14
0.298	1e+14
0.299	1e+14
0.3	1e+14
0.301	1e+14
0.302	1e+14
0.303	1e+14
0.304	1e+14
0.305	1e+14
0.306	1e+14
0.307	1e+14
0.308	1e+14
0.309	1e+14
0.31	1e+14
0.311	1e+14
0.312	1e+14
0.313	1e+14
0.314	1e+14
0.315	1e+14
0.316	1e+14
0.317	1e+14
0.318	1e+14
0.319	1e+14
0.32	1e+14
0.321	1e+14
0.322	1e+14
0.323	1e+14
0.324	1e+14
0.325	1e+14
0.326	1e+14
0.327	1e+14
0.328	1e+14
0.329	1e+14
0.33	1e+14
0.331	1e+14
0.332	1e+14
0.333	1e+14
0.334	1e+14
0.335	1e+14
0.336	1e+14
0.337	1e+14
0.338	1e+14
0.339	1e+14
0.34	1e+14
0.341	1e+14
0.342	1e+14
0.343	1e+14
0.344	1e+14
0.345	1e+14
0.346	1e+14
0.347	1e+14
0.348	1e+14
0.349	1e+14
0.35	1e+14
0.351	1e+14
0.352	1e+14
0.353	1e+14
0.354	1e+14
0.355	1e+14
0.356	1e+14
0.357	1e+14
0.358	1e+14
0.359	1e+14
0.36	1e+14
0.361	1e+14
0.362	1e+14
0.363	1e+14
0.364	1e+14
0.365	1e+14
0.366	1e+14
0.367	1e+14
0.368	1e+14
0.369	1e+14
0.37	1e+14
0.371	1e+14
0.372	1e+14
0.373	1e+14
0.374	1e+14
0.375	1e+14
0.376	1e+14
0.377	1e+14
0.378	1e+14
0.379	1e+14
0.38	1e+14
0.381	1e+14
0.382	1e+14
0.383	1e+14
0.384	1e+14
0.385	1e+14
0.386	1e+14
0.387	1e+14
0.388	1e+14
0.389	1e+14
0.39	1e+14
0.391	1e+14
0.392	1e+14
0.393	1e+14
0.394	1e+14
0.395	1e+14
0.396	1e+14
0.397	1e+14
0.398	1e+14
0.399	1e+14
0.4	1e+14
0.401	1e+14
0.402	1e+14
0.403	1e+14
0.404	1e+14
0.405	1e+14
0.406	1e+14
0.407	1e+14
0.408	1e+14
0.409	1e+14
0.41	1e+14
0.411	1e+14
0.412	1e+14
0.413	1e+14
0.414	1e+14
0.415	1e+14
0.416	1e+14
0.417	1e+14
0.418	1e+14
0.419	1e+14
0.42	1e+14
0.421	1e+14
0.422	1e+14
0.423	1e+14
0.424	1e+14
0.425	1e+14
0.426	1e+14
0.427	1e+14
0.428	1e+14
0.429	1e+14
0.43	1e+14
0.431	1e+14
0.432	1e+14
0.433	1e+14
0.434	1e+14
0.435	1e+14
0.436	1e+14
0.437	1e+14
0.438	1e+14
0.439	1e+14
0.44	1e+14
0.441	1e+14
0.442	1e+14
0.443	1e+14
0.444	1e+14
0.445	1e+14
0.446	1e+14
0.447	1e+14
0.448	1e+14
0.449	1e+14
0.45	1e+14
0.451	1e+14
0.452	1e+14
0.453	1e+14
0.454	1e+14
0.455	1e+14
0.456	1e+14
0.457	1e+14
0.458	1e+14
0.459	1e+14
0.46	1e+14
0.461	1e+14
0.462	1e+14
0.463	1e+14
0.464	1e+14
0.465	1e+14
0.466	1e+14
0.467	1e+14
0.468	1e+14
0.469	1e+14
0.47	1e+14
0.471	1e+14
0.472	1e+14
0.473	1e+14
0.474	1e+14
0.475	1e+14
0.476	1e+14
0.477	1e+14
0.478	1e+14
0.479	1e+14
0.48	1e+14
0.481	1e+14
0.482	1e+14
0.483	1e+14
0.484	1e+14
0.485	1e+14
0.486	1e+14
0.487	1e+14
0.488	1e+14
0.489	1e+14
0.49	1e+14
0.491	1e+14
0.492	1e+14
0.493	1e+14
0.494	1e+14
0.495	1e+14
0.496	1e+14
0.497	1e+14
0.498	1e+14
0.499	1e+14
0.5	1e+14
0.501	1e+14
0.502	1e+14
0.503	1e+14
0.504	1e+14
0.505	1e+14
0.506	1e+14
0.507	1e+14
0.508	1e+14
0.509	1e+14
0.51	1e+14
0.511	1e+14
0.512	1e+14
0.513	1e+14
0.514	1e+14
0.515	1e+14
0.516	1e+14
0.517	1e+14
0.518	1e+14
0.519	1e+14
0.52	1e+14
0.521	1e+14
0.522	1e+14
0.523	1e+14
0.524	1e+14
0.525	1e+14
0.526	1e+14
0.527	1e+14
0.528	1e+14
0.529	1e+14
0.53	1e+14
0.531	1e+14
0.532	1e+14
0.533	1e+14
0.534	1e+14
0.535	1e+14
0.536	1e+14
0.537	1e+14
0.538	1e+14
0.539	1e+14
0.54	1e+14
0.541	1e+14
0.542	1e+14
0.543	1e+14
0.544	1e+14
0.545	1e+14
0.546	1e+14
0.547	1e+14
0.548	1e+14
0.549	1e+14
0.55	1e+14
0.551	1e+14
0.552	1e+14
0.553	1e+14
0.554	1e+14
0.555	1e+14
0.556	1e+14
0.557	1e+14
0.558	1e+14
0.559	1e+14
0.56	1e+14
0.561	1e+14
0.562	1e+14
0.563	1e+14
0.564	1e+14
0.565	1e+14
0.566	1e+14
0.567	1e+14
0.568	1e+14
0.569	1e+14
0.57	1e+14
0.571	1e+14
0.572	1e+14
0.573	1e+14
0.574	1e+14
0.575	1e+14
0.576	1e+14
0.577	1e+14
0.578	1e+14
0.579	1e+14
0.58	1e+14
0.581	1e+14
0.582	1e+14
0.583	1e+14
0.584	1e+14
0.585	1e+14
0.586	1e+14
0.587	1e+14
0.588	1e+14
0.589	1e+14
0.59	1e+14
0.591	1e+14
0.592	1e+14
0.593	1e+14
0.594	1e+14
0.595	1e+14
0.596	1e+14
0.597	1e+14
0.598	1e+14
0.599	1e+14
0.6	1e+14
0.601	1e+14
0.602	1e+14
0.603	1e+14
0.604	1e+14
0.605	1e+14
0.606	1e+14
0.607	1e+14
0.608	1e+14
0.609	1e+14
0.61	1e+14
0.611	1e+14
0.612	1e+14
0.613	1e+14
0.614	1e+14
0.615	1e+14
0.616	1e+14
0.617	1e+14
0.618	1e+14
0.619	1e+14
0.62	1e+14
0.621	1e+14
0.622	1e+14
0.623	1e+14
0.624	1e+14
0.625	1e+14
0.626	1e+14
0.627	1e+14
0.628	1e+14
0.629	1e+14
0.63	1e+14
0.631	1e+14
0.632	1e+14
0.633	1e+14
0.634	1e+14
0.635	1e+14
0.636	1e+14
0.637	1e+14
0.638	1e+14
0.639	1e+14
0.64	1e+14
0.641	1e+14
0.642	1e+14
0.643	1e+14
0.644	1e+14
0.645	1e+14
0.646	1e+14
0.647	1e+14
0.648	1e+14
0.649	1e+14
0.65	1e+14
0.651	1e+14
0.652	1e+14
0.653	1e+14
0.654	1e+14
0.655	1e+14
0.656	1e+14
0.657	1e+14
0.658	1e+14
0.659	1e+14
0.66	1e+14
0.661	1e+14
0.662	1e+14
0.663	1e+14
0.664	1e+14
0.665	1e+14
0.666	1e+14
0.667	1e+14
0.668	1e+14
0.669	1e+14
0.67	1e+14
0.671	1e+14
0.672	1e+14
0.673	1e+14
0.674	1e+14
0.675	1e+14
0.676	1e+14
0.677	1e+14
0.678	1e+14
0.679	1e+14
0.68	1e+14
0.681	1e+14
0.682	1e+14
0.683	1e+14
0.684	1e+14
0.685	1e+14
0.686	1e+14
0.687	1e+14
0.688	1e+14
0.689	1e+14
0.69	1e+14
0.691	1e+14
0.692	1e+14
0.693	1e+14
0.694	1e+14
0.695	1e+14
0.696	1e+14
0.697	1e+14
0.698	1e+14
0.699	1e+14
0.7	1e+14
0.701	1e+14
0.702	1e+14
0.703	1e+14
0.704	1e+14
0.705	1e+14
0.706	1e+14
0.707	1e+14
0.708	1e+14
0.709	1e+14
0.71	1e+14
0.711	1e+14
0.712	1e+14
0.713	1e+14
0.714	1e+14
0.715	1e+14
0.716	1e+14
0.717	1e+14
0.718	1e+14
0.719	1e+14
0.72	1e+14
0.721	1e+14
0.722	1e+14
0.723	1e+14
0.724	1e+14
0.725	1e+14
0.726	1e+14
0.727	1e+14
0.728	1e+14
0.729	1e+14
0.73	1e+14
0.731	1e+14
0.732	1e+14
0.733	1e+14
0.734	1e+14
0.735	1e+14
0.736	1e+14
0.737	1e+14
0.738	1e+14
0.739	1e+14
0.74	1e+14
0.741	1e+14
0.742	1e+14
0.743	1e+14
0.744	1e+14
0.745	1e+14
0.746	1e+14
0.747	1e+14
0.748	1e+14
0.749	1e+14
0.75	1e+14
0.751	1e+14
0.752	1e+14
0.753	1e+14
0.754	1e+14
0.755	1e+14
0.756	1e+14
0.757	1e+14
0.758	1e+14
0.759	1e+14
0.76	1e+14
0.761	1e+14
0.762	1e+14
0.763	1e+14
0.764	1e+14
0.765	1e+14
0.766	1e+14
0.767	1e+14
0.768	1e+14
0.769	1e+14
0.77	1e+14
0.771	1e+14
0.772	1e+14
0.773	1e+14
0.774	1e+14
0.775	1e+14
0.776	1e+14
0.777	1e+14
0.778	1e+14
0.779	1e+14
0.78	1e+14
0.781	1e+14
0.782	1e+14
0.783	1e+14
0.784	1e+14
0.785	1e+14
0.786	1e+14
0.787	1e+14
0.788	1e+14
0.789	1e+14
0.79	1e+14
0.791	1e+14
0.792	1e+14
0.793	1e+14
0.794	1e+14
0.795	1e+14
0.796	1e+14
0.797	1e+14
0.798	1e+14
0.799	1e+14
0.8	1e+14
0.801	1e+14
0.802	1e+14
0.803	1e+14
0.804	1e+14
0.805	1e+14
0.806	1e+14
0.807	1e+14
0.808	1e+14
0.809	1e+14
0.81	1e+14
0.811	1e+14
0.812	1e+14
0.813	1e+14
0.814	1e+14
0.815	1e+14
0.816	1e+14
0.817	1e+14
0.818	1e+14
0.819	1e+14
0.82	1e+14
0.821	1e+14
0.822	1e+14
0.823	1e+14
0.824	1e+14
0.825	1e+14
0.826	1e+14
0.827	1e+14
0.828	1e+14
0.829	1e+14
0.83	1e+14
0.831	1e+14
0.832	1e+14
0.833	1e+14
0.834	1e+14
0.835	1e+14
0.836	1e+14
0.837	1e+14
0.838	1e+14
0.839	1e+14
0.84	1e+14
0.841	1e+14
0.842	1e+14
0.843	1e+14
0.844	1e+14
0.845	1e+14
0.846	1e+14
0.847	1e+14
0.848	1e+14
0.849	1e+14
0.85	1e+14
0.851	1e+14
0.852	1e+14
0.853	1e+14
0.854	1e+14
0.855	1e+14
0.856	1e+14
0.857	1e+14
0.858	1e+14
0.859	1e+14
0.86	1e+14
0.861	1e+14
0.862	1e+14
0.863	1e+14
0.864	1e+14
0.865	1e+14
0.866	1e+14
0.867	1e+14
0.868	1e+14
0.869	1e+14
0.87	1e+14
0.871	1e+14
0.872	1e+14
0.873	1e+14
0.874	1e+14
0.875	1e+14
0.876	1e+14
0.877	1e+14
0.878	1e+14
0.879	1e+14
0.88	1e+14
0.881	1e+14
0.882	1e+14
0.883	1e+14
0.884	1e+14
0.885	1e+14
0.886	1e+14
0.887	1e+14
0.888	1e+14
0.889	1e+14
0.89	1e+14
0.891	1e+14
0.892	1e+14
0.893	1e+14
0.894	1e+14
0.895	1e+14
0.896	1e+14
0.897	1e+14
0.898	1e+14
0.899	1e+14
0.9	1e+14
0.901	1e+14
0.902	1e+14
0.903	1e+14
0.904	1e+14
0.905	1e+14
0.906	1e+14
0.907	1e+14
0.908	1e+14
0.909	1e+14
0.91	1e+14
0.911	1e+14
0.912	1e+14
0.913	1e+14
0.914	1e+14
0.915	1e+14
0.916	1e+14
0.917	1e+14
0.918	1e+14
0.919	1e+14
0.92	1e+14
0.921	1e+14
0.922	1e+14
0.923	1e+14
0.924	1e+14
0.925	1e+14
0.926	1e+14
0.927	1e+14
0.928	1e+14
0.929	1e+14
0.93	1e+14
0.931	1e+14
0.932	1e+14
0.933	1e+14
0.934	1e+14
0.935	1e+14
0.936	1e+14
0.937	1e+14
0.938	1e+14
0.939	1e+14
0.94	1e+14
0.941	1e+14
0.942	1e+14
0.943	1e+14
0.944	1e+14
0.945	1e+14
0.946	1e+14
0.947	1e+14
0.948	1e+14
0.949	1e+14
0.95	1e+14
0.951	1e+14
0.952	1e+14
0.953	1e+14
0.954	1e+14
0.955	1e+14
0.956	1e+14
0.957	1e+14
0.958	1e+14
0.959	1e+14
0.96	1e+14
0.961	1e+14
0.962	1e+14
0.963	1e+14
0.964	1e+14
0.965	1e+14
0.966	1e+14
0.967	1e+14
0.968	1e+14
0.969	1e+14
0.97	1e+14
0.971	1e+14
0.972	1e+14
0.973	1e+14
0.974	1e+14
0.975	1e+14
0.976	1e+14
0.977	1e+14
0.978	1e+14
0.979	1e+14
0.98	1e+14
0.981	1e+14
0.982	1e+14
0.983	1e+14
0.984	1e+14
0.985	1e+14
0.986	1e+14
0.987	1e+14
0.988	1e+14
0.989	1e+14
0.99	1e+14
0.991	1e+14
0.992	1e+14
0.993	1e+14
0.994	1e+14
0.995	1e+14
0.996	1e+14
0.997	1e+14
0.998	1e+14
0.999	1e+14
1	1e+14
