0	0
0	2.25366e+19
0.001	2.40892e+19
0.002	2.57279e+19
0.003	2.74553e+19
0.004	2.92739e+19
0.005	3.1186e+19
0.006	3.31938e+19
0.007	3.52991e+19
0.008	3.75036e+19
0.009	3.98086e+19
0.01	4.22151e+19
0.011	4.47237e+19
0.012	4.73347e+19
0.013	5.00477e+19
0.014	5.2862e+19
0.015	5.57764e+19
0.016	5.87891e+19
0.017	6.18976e+19
0.018	6.50988e+19
0.019	6.83891e+19
0.02	7.1764e+19
0.021	7.52183e+19
0.022	7.87461e+19
0.023	8.23407e+19
0.024	8.59946e+19
0.025	8.96995e+19
0.026	9.34465e+19
0.027	9.72255e+19
0.028	1.01026e+20
0.029	1.04837e+20
0.03	1.08645e+20
0.031	1.12439e+20
0.032	1.16204e+20
0.033	1.19927e+20
0.034	1.23593e+20
0.035	1.27187e+20
0.036	1.30693e+20
0.037	1.34097e+20
0.038	1.37382e+20
0.039	1.40533e+20
0.04	1.43534e+20
0.041	1.46368e+20
0.042	1.49022e+20
0.043	1.5148e+20
0.044	1.53728e+20
0.045	1.55753e+20
0.046	1.57542e+20
0.047	1.59083e+20
0.048	1.60366e+20
0.049	1.61381e+20
0.05	1.62121e+20
0.051	1.6258e+20
0.052	1.62751e+20
0.053	1.62632e+20
0.054	1.62222e+20
0.055	1.61519e+20
0.056	1.60526e+20
0.057	1.59247e+20
0.058	1.57686e+20
0.059	1.5585e+20
0.06	1.53748e+20
0.061	1.5139e+20
0.062	1.48787e+20
0.063	1.45954e+20
0.064	1.42903e+20
0.065	1.39651e+20
0.066	1.36214e+20
0.067	1.32609e+20
0.068	1.28854e+20
0.069	1.24969e+20
0.07	1.20972e+20
0.071	1.16883e+20
0.072	1.1272e+20
0.073	1.08503e+20
0.074	1.04251e+20
0.075	9.99816e+19
0.076	9.57132e+19
0.077	9.14628e+19
0.078	8.72465e+19
0.079	8.30798e+19
0.08	7.89769e+19
0.081	7.49509e+19
0.082	7.10139e+19
0.083	6.71765e+19
0.084	6.34483e+19
0.085	5.98376e+19
0.086	5.63514e+19
0.087	5.29955e+19
0.088	4.97745e+19
0.089	4.66918e+19
0.09	4.37497e+19
0.091	4.09494e+19
0.092	3.82912e+19
0.093	3.57744e+19
0.094	3.33976e+19
0.095	3.11586e+19
0.096	2.90543e+19
0.097	2.70814e+19
0.098	2.52357e+19
0.099	2.35129e+19
0.1	2.19081e+19
0.101	2.04164e+19
0.102	1.90323e+19
0.103	1.77506e+19
0.104	1.65657e+19
0.105	1.54721e+19
0.106	1.44643e+19
0.107	1.3537e+19
0.108	1.26847e+19
0.109	1.19023e+19
0.11	1.11848e+19
0.111	1.05274e+19
0.112	9.92547e+18
0.113	9.37456e+18
0.114	8.87052e+18
0.115	8.40944e+18
0.116	7.9876e+18
0.117	7.60155e+18
0.118	7.24806e+18
0.119	6.92414e+18
0.12	6.62701e+18
0.121	6.35412e+18
0.122	6.10311e+18
0.123	5.87183e+18
0.124	5.65832e+18
0.125	5.46079e+18
0.126	5.2776e+18
0.127	5.10728e+18
0.128	4.94851e+18
0.129	4.80009e+18
0.13	4.66093e+18
0.131	4.53008e+18
0.132	4.40666e+18
0.133	4.28992e+18
0.134	4.17916e+18
0.135	4.07377e+18
0.136	3.97322e+18
0.137	3.87702e+18
0.138	3.78476e+18
0.139	3.69605e+18
0.14	3.61058e+18
0.141	3.52805e+18
0.142	3.44821e+18
0.143	3.37083e+18
0.144	3.29573e+18
0.145	3.22274e+18
0.146	3.15169e+18
0.147	3.08246e+18
0.148	3.01495e+18
0.149	2.94904e+18
0.15	2.88465e+18
0.151	2.82171e+18
0.152	2.76014e+18
0.153	2.69989e+18
0.154	2.64091e+18
0.155	2.58314e+18
0.156	2.52655e+18
0.157	2.47111e+18
0.158	2.41677e+18
0.159	2.36351e+18
0.16	2.31131e+18
0.161	2.26014e+18
0.162	2.20997e+18
0.163	2.16079e+18
0.164	2.11257e+18
0.165	2.06531e+18
0.166	2.01898e+18
0.167	1.97356e+18
0.168	1.92905e+18
0.169	1.88542e+18
0.17	1.84266e+18
0.171	1.80076e+18
0.172	1.75971e+18
0.173	1.71949e+18
0.174	1.68008e+18
0.175	1.64149e+18
0.176	1.60368e+18
0.177	1.56666e+18
0.178	1.5304e+18
0.179	1.4949e+18
0.18	1.46014e+18
0.181	1.42612e+18
0.182	1.39281e+18
0.183	1.36022e+18
0.184	1.32831e+18
0.185	1.2971e+18
0.186	1.26655e+18
0.187	1.23667e+18
0.188	1.20743e+18
0.189	1.17884e+18
0.19	1.15087e+18
0.191	1.12352e+18
0.192	1.09677e+18
0.193	1.07061e+18
0.194	1.04504e+18
0.195	1.02003e+18
0.196	9.95591e+17
0.197	9.71698e+17
0.198	9.48346e+17
0.199	9.25522e+17
0.2	9.03217e+17
0.201	8.8142e+17
0.202	8.60122e+17
0.203	8.39313e+17
0.204	8.18982e+17
0.205	7.9912e+17
0.206	7.79718e+17
0.207	7.60765e+17
0.208	7.42254e+17
0.209	7.24174e+17
0.21	7.06517e+17
0.211	6.89274e+17
0.212	6.72436e+17
0.213	6.55994e+17
0.214	6.3994e+17
0.215	6.24266e+17
0.216	6.08963e+17
0.217	5.94023e+17
0.218	5.79439e+17
0.219	5.65203e+17
0.22	5.51307e+17
0.221	5.37743e+17
0.222	5.24505e+17
0.223	5.11584e+17
0.224	4.98975e+17
0.225	4.86669e+17
0.226	4.7466e+17
0.227	4.62941e+17
0.228	4.51506e+17
0.229	4.40349e+17
0.23	4.29462e+17
0.231	4.1884e+17
0.232	4.08476e+17
0.233	3.98366e+17
0.234	3.88501e+17
0.235	3.78878e+17
0.236	3.69491e+17
0.237	3.60333e+17
0.238	3.514e+17
0.239	3.42686e+17
0.24	3.34186e+17
0.241	3.25896e+17
0.242	3.17809e+17
0.243	3.09922e+17
0.244	3.02229e+17
0.245	2.94726e+17
0.246	2.87409e+17
0.247	2.80273e+17
0.248	2.73313e+17
0.249	2.66525e+17
0.25	2.59906e+17
0.251	2.53451e+17
0.252	2.47156e+17
0.253	2.41018e+17
0.254	2.35032e+17
0.255	2.29195e+17
0.256	2.23503e+17
0.257	2.17953e+17
0.258	2.12541e+17
0.259	2.07263e+17
0.26	2.02118e+17
0.261	1.97101e+17
0.262	1.92209e+17
0.263	1.87439e+17
0.264	1.82788e+17
0.265	1.78253e+17
0.266	1.73832e+17
0.267	1.69521e+17
0.268	1.65318e+17
0.269	1.6122e+17
0.27	1.57224e+17
0.271	1.53329e+17
0.272	1.49531e+17
0.273	1.45828e+17
0.274	1.42218e+17
0.275	1.38698e+17
0.276	1.35266e+17
0.277	1.3192e+17
0.278	1.28658e+17
0.279	1.25478e+17
0.28	1.22378e+17
0.281	1.19355e+17
0.282	1.16408e+17
0.283	1.13534e+17
0.284	1.10733e+17
0.285	1.08002e+17
0.286	1.05339e+17
0.287	1.02743e+17
0.288	1.00213e+17
0.289	9.7745e+16
0.29	9.53393e+16
0.291	9.29939e+16
0.292	9.07072e+16
0.293	8.84778e+16
0.294	8.63042e+16
0.295	8.4185e+16
0.296	8.21189e+16
0.297	8.01044e+16
0.298	7.81404e+16
0.299	7.62255e+16
0.3	7.43585e+16
0.301	7.25382e+16
0.302	7.07634e+16
0.303	6.9033e+16
0.304	6.73458e+16
0.305	6.57007e+16
0.306	6.40968e+16
0.307	6.25329e+16
0.308	6.1008e+16
0.309	5.95212e+16
0.31	5.80715e+16
0.311	5.66579e+16
0.312	5.52796e+16
0.313	5.39356e+16
0.314	5.26251e+16
0.315	5.13472e+16
0.316	5.01012e+16
0.317	4.88861e+16
0.318	4.77013e+16
0.319	4.65459e+16
0.32	4.54193e+16
0.321	4.43206e+16
0.322	4.32493e+16
0.323	4.22045e+16
0.324	4.11856e+16
0.325	4.0192e+16
0.326	3.92231e+16
0.327	3.82781e+16
0.328	3.73566e+16
0.329	3.64579e+16
0.33	3.55814e+16
0.331	3.47266e+16
0.332	3.38929e+16
0.333	3.30798e+16
0.334	3.22868e+16
0.335	3.15133e+16
0.336	3.0759e+16
0.337	3.00232e+16
0.338	2.93056e+16
0.339	2.86056e+16
0.34	2.79229e+16
0.341	2.7257e+16
0.342	2.66074e+16
0.343	2.59738e+16
0.344	2.53558e+16
0.345	2.47529e+16
0.346	2.41648e+16
0.347	2.35911e+16
0.348	2.30315e+16
0.349	2.24856e+16
0.35	2.1953e+16
0.351	2.14335e+16
0.352	2.09267e+16
0.353	2.04322e+16
0.354	1.99498e+16
0.355	1.94792e+16
0.356	1.902e+16
0.357	1.85721e+16
0.358	1.8135e+16
0.359	1.77086e+16
0.36	1.72925e+16
0.361	1.68866e+16
0.362	1.64905e+16
0.363	1.6104e+16
0.364	1.57269e+16
0.365	1.53589e+16
0.366	1.49998e+16
0.367	1.46495e+16
0.368	1.43076e+16
0.369	1.39739e+16
0.37	1.36483e+16
0.371	1.33306e+16
0.372	1.30205e+16
0.373	1.27179e+16
0.374	1.24226e+16
0.375	1.21344e+16
0.376	1.18531e+16
0.377	1.15786e+16
0.378	1.13107e+16
0.379	1.10492e+16
0.38	1.07939e+16
0.381	1.05448e+16
0.382	1.03016e+16
0.383	1.00643e+16
0.384	9.83263e+15
0.385	9.60649e+15
0.386	9.38575e+15
0.387	9.17026e+15
0.388	8.95992e+15
0.389	8.75458e+15
0.39	8.55412e+15
0.391	8.35843e+15
0.392	8.16739e+15
0.393	7.98089e+15
0.394	7.7988e+15
0.395	7.62103e+15
0.396	7.44747e+15
0.397	7.27801e+15
0.398	7.11256e+15
0.399	6.95102e+15
0.4	6.79329e+15
0.401	6.63928e+15
0.402	6.4889e+15
0.403	6.34206e+15
0.404	6.19867e+15
0.405	6.05865e+15
0.406	5.92193e+15
0.407	5.78841e+15
0.408	5.65802e+15
0.409	5.53068e+15
0.41	5.40633e+15
0.411	5.28488e+15
0.412	5.16628e+15
0.413	5.05044e+15
0.414	4.9373e+15
0.415	4.82681e+15
0.416	4.71888e+15
0.417	4.61347e+15
0.418	4.51051e+15
0.419	4.40994e+15
0.42	4.3117e+15
0.421	4.21574e+15
0.422	4.12201e+15
0.423	4.03045e+15
0.424	3.941e+15
0.425	3.85362e+15
0.426	3.76826e+15
0.427	3.68487e+15
0.428	3.6034e+15
0.429	3.52381e+15
0.43	3.44605e+15
0.431	3.37008e+15
0.432	3.29585e+15
0.433	3.22333e+15
0.434	3.15247e+15
0.435	3.08324e+15
0.436	3.01558e+15
0.437	2.94948e+15
0.438	2.88489e+15
0.439	2.82177e+15
0.44	2.76009e+15
0.441	2.69982e+15
0.442	2.64092e+15
0.443	2.58336e+15
0.444	2.52711e+15
0.445	2.47213e+15
0.446	2.41841e+15
0.447	2.3659e+15
0.448	2.31458e+15
0.449	2.26442e+15
0.45	2.2154e+15
0.451	2.16748e+15
0.452	2.12065e+15
0.453	2.07487e+15
0.454	2.03012e+15
0.455	1.98638e+15
0.456	1.94363e+15
0.457	1.90183e+15
0.458	1.86098e+15
0.459	1.82104e+15
0.46	1.78199e+15
0.461	1.74382e+15
0.462	1.7065e+15
0.463	1.67002e+15
0.464	1.63435e+15
0.465	1.59947e+15
0.466	1.56538e+15
0.467	1.53204e+15
0.468	1.49945e+15
0.469	1.46757e+15
0.47	1.43641e+15
0.471	1.40594e+15
0.472	1.37614e+15
0.473	1.34701e+15
0.474	1.31851e+15
0.475	1.29065e+15
0.476	1.2634e+15
0.477	1.23676e+15
0.478	1.2107e+15
0.479	1.18522e+15
0.48	1.16029e+15
0.481	1.13592e+15
0.482	1.11208e+15
0.483	1.08876e+15
0.484	1.06595e+15
0.485	1.04364e+15
0.486	1.02183e+15
0.487	1.00048e+15
0.488	9.79609e+14
0.489	9.59189e+14
0.49	9.39214e+14
0.491	9.19674e+14
0.492	9.00559e+14
0.493	8.8186e+14
0.494	8.63567e+14
0.495	8.45671e+14
0.496	8.28163e+14
0.497	8.11034e+14
0.498	7.94275e+14
0.499	7.7788e+14
0.5	7.61838e+14
0.501	7.46142e+14
0.502	7.30785e+14
0.503	7.15758e+14
0.504	7.01055e+14
0.505	6.86668e+14
0.506	6.7259e+14
0.507	6.58814e+14
0.508	6.45334e+14
0.509	6.32142e+14
0.51	6.19232e+14
0.511	6.06598e+14
0.512	5.94235e+14
0.513	5.82135e+14
0.514	5.70293e+14
0.515	5.58703e+14
0.516	5.4736e+14
0.517	5.36258e+14
0.518	5.25392e+14
0.519	5.14756e+14
0.52	5.04346e+14
0.521	4.94156e+14
0.522	4.84182e+14
0.523	4.74419e+14
0.524	4.64862e+14
0.525	4.55507e+14
0.526	4.46348e+14
0.527	4.37383e+14
0.528	4.28607e+14
0.529	4.20014e+14
0.53	4.11603e+14
0.531	4.03368e+14
0.532	3.95305e+14
0.533	3.87411e+14
0.534	3.79683e+14
0.535	3.72116e+14
0.536	3.64707e+14
0.537	3.57452e+14
0.538	3.50349e+14
0.539	3.43394e+14
0.54	3.36583e+14
0.541	3.29915e+14
0.542	3.23384e+14
0.543	3.16989e+14
0.544	3.10727e+14
0.545	3.04594e+14
0.546	2.98588e+14
0.547	2.92706e+14
0.548	2.86946e+14
0.549	2.81305e+14
0.55	2.7578e+14
0.551	2.70368e+14
0.552	2.65068e+14
0.553	2.59877e+14
0.554	2.54792e+14
0.555	2.49812e+14
0.556	2.44934e+14
0.557	2.40156e+14
0.558	2.35475e+14
0.559	2.30891e+14
0.56	2.26399e+14
0.561	2.22e+14
0.562	2.1769e+14
0.563	2.13468e+14
0.564	2.09332e+14
0.565	2.05279e+14
0.566	2.01309e+14
0.567	1.9742e+14
0.568	1.93609e+14
0.569	1.89876e+14
0.57	1.86218e+14
0.571	1.82634e+14
0.572	1.79123e+14
0.573	1.75682e+14
0.574	1.7231e+14
0.575	1.69007e+14
0.576	1.6577e+14
0.577	1.62598e+14
0.578	1.5949e+14
0.579	1.56444e+14
0.58	1.53459e+14
0.581	1.50533e+14
0.582	1.47667e+14
0.583	1.44857e+14
0.584	1.42104e+14
0.585	1.39406e+14
0.586	1.36761e+14
0.587	1.34169e+14
0.588	1.31629e+14
0.589	1.29139e+14
0.59	1.26699e+14
0.591	1.24307e+14
0.592	1.21962e+14
0.593	1.19664e+14
0.594	1.17411e+14
0.595	1.15203e+14
0.596	1.13038e+14
0.597	1.10916e+14
0.598	1.08836e+14
0.599	1.06797e+14
0.6	1.04798e+14
0.601	1.02838e+14
0.602	1.00917e+14
0.603	9.90335e+13
0.604	9.71868e+13
0.605	9.53763e+13
0.606	9.36012e+13
0.607	9.18608e+13
0.608	9.01544e+13
0.609	8.84812e+13
0.61	8.68407e+13
0.611	8.52321e+13
0.612	8.36549e+13
0.613	8.21082e+13
0.614	8.05916e+13
0.615	7.91045e+13
0.616	7.76461e+13
0.617	7.6216e+13
0.618	7.48136e+13
0.619	7.34382e+13
0.62	7.20894e+13
0.621	7.07667e+13
0.622	6.94694e+13
0.623	6.81971e+13
0.624	6.69493e+13
0.625	6.57255e+13
0.626	6.45252e+13
0.627	6.33479e+13
0.628	6.21932e+13
0.629	6.10606e+13
0.63	5.99497e+13
0.631	5.886e+13
0.632	5.77911e+13
0.633	5.67426e+13
0.634	5.57141e+13
0.635	5.47052e+13
0.636	5.37154e+13
0.637	5.27445e+13
0.638	5.17921e+13
0.639	5.08577e+13
0.64	4.9941e+13
0.641	4.90417e+13
0.642	4.81594e+13
0.643	4.72938e+13
0.644	4.64445e+13
0.645	4.56113e+13
0.646	4.47938e+13
0.647	4.39917e+13
0.648	4.32046e+13
0.649	4.24324e+13
0.65	4.16747e+13
0.651	4.09312e+13
0.652	4.02017e+13
0.653	3.94858e+13
0.654	3.87833e+13
0.655	3.80939e+13
0.656	3.74175e+13
0.657	3.67536e+13
0.658	3.61022e+13
0.659	3.54629e+13
0.66	3.48354e+13
0.661	3.42197e+13
0.662	3.36154e+13
0.663	3.30223e+13
0.664	3.24402e+13
0.665	3.18689e+13
0.666	3.13082e+13
0.667	3.07578e+13
0.668	3.02177e+13
0.669	2.96875e+13
0.67	2.91671e+13
0.671	2.86562e+13
0.672	2.81548e+13
0.673	2.76626e+13
0.674	2.71795e+13
0.675	2.67052e+13
0.676	2.62396e+13
0.677	2.57826e+13
0.678	2.53339e+13
0.679	2.48935e+13
0.68	2.44611e+13
0.681	2.40366e+13
0.682	2.36198e+13
0.683	2.32107e+13
0.684	2.2809e+13
0.685	2.24146e+13
0.686	2.20274e+13
0.687	2.16472e+13
0.688	2.12739e+13
0.689	2.09074e+13
0.69	2.05475e+13
0.691	2.01942e+13
0.692	1.98472e+13
0.693	1.95065e+13
0.694	1.9172e+13
0.695	1.88435e+13
0.696	1.85209e+13
0.697	1.82041e+13
0.698	1.78931e+13
0.699	1.75876e+13
0.7	1.72876e+13
0.701	1.6993e+13
0.702	1.67036e+13
0.703	1.64195e+13
0.704	1.61404e+13
0.705	1.58663e+13
0.706	1.55972e+13
0.707	1.53328e+13
0.708	1.50731e+13
0.709	1.48181e+13
0.71	1.45676e+13
0.711	1.43216e+13
0.712	1.40799e+13
0.713	1.38425e+13
0.714	1.36094e+13
0.715	1.33803e+13
0.716	1.31554e+13
0.717	1.29344e+13
0.718	1.27173e+13
0.719	1.2504e+13
0.72	1.22945e+13
0.721	1.20887e+13
0.722	1.18866e+13
0.723	1.1688e+13
0.724	1.14928e+13
0.725	1.13011e+13
0.726	1.11128e+13
0.727	1.09278e+13
0.728	1.0746e+13
0.729	1.05674e+13
0.73	1.03919e+13
0.731	1.02195e+13
0.732	1.00501e+13
0.733	9.88366e+12
0.734	9.72011e+12
0.735	9.55942e+12
0.736	9.40152e+12
0.737	9.24636e+12
0.738	9.0939e+12
0.739	8.94409e+12
0.74	8.79687e+12
0.741	8.65221e+12
0.742	8.51005e+12
0.743	8.37034e+12
0.744	8.23306e+12
0.745	8.09814e+12
0.746	7.96555e+12
0.747	7.83524e+12
0.748	7.70718e+12
0.749	7.58132e+12
0.75	7.45762e+12
0.751	7.33605e+12
0.752	7.21657e+12
0.753	7.09913e+12
0.754	6.98371e+12
0.755	6.87026e+12
0.756	6.75875e+12
0.757	6.64915e+12
0.758	6.54142e+12
0.759	6.43553e+12
0.76	6.33144e+12
0.761	6.22912e+12
0.762	6.12855e+12
0.763	6.02968e+12
0.764	5.93249e+12
0.765	5.83696e+12
0.766	5.74304e+12
0.767	5.65071e+12
0.768	5.55995e+12
0.769	5.47072e+12
0.77	5.383e+12
0.771	5.29676e+12
0.772	5.21197e+12
0.773	5.12862e+12
0.774	5.04667e+12
0.775	4.96609e+12
0.776	4.88687e+12
0.777	4.80899e+12
0.778	4.73241e+12
0.779	4.65711e+12
0.78	4.58307e+12
0.781	4.51028e+12
0.782	4.4387e+12
0.783	4.36832e+12
0.784	4.29911e+12
0.785	4.23106e+12
0.786	4.16414e+12
0.787	4.09834e+12
0.788	4.03363e+12
0.789	3.97e+12
0.79	3.90743e+12
0.791	3.84589e+12
0.792	3.78538e+12
0.793	3.72586e+12
0.794	3.66734e+12
0.795	3.60978e+12
0.796	3.55317e+12
0.797	3.4975e+12
0.798	3.44275e+12
0.799	3.3889e+12
0.8	3.33593e+12
0.801	3.28384e+12
0.802	3.23261e+12
0.803	3.18221e+12
0.804	3.13265e+12
0.805	3.0839e+12
0.806	3.03594e+12
0.807	2.98877e+12
0.808	2.94238e+12
0.809	2.89674e+12
0.81	2.85185e+12
0.811	2.80769e+12
0.812	2.76425e+12
0.813	2.72152e+12
0.814	2.67949e+12
0.815	2.63814e+12
0.816	2.59746e+12
0.817	2.55744e+12
0.818	2.51807e+12
0.819	2.47934e+12
0.82	2.44124e+12
0.821	2.40376e+12
0.822	2.36688e+12
0.823	2.33059e+12
0.824	2.2949e+12
0.825	2.25978e+12
0.826	2.22522e+12
0.827	2.19122e+12
0.828	2.15777e+12
0.829	2.12486e+12
0.83	2.09248e+12
0.831	2.06061e+12
0.832	2.02926e+12
0.833	1.99841e+12
0.834	1.96805e+12
0.835	1.93818e+12
0.836	1.90879e+12
0.837	1.87987e+12
0.838	1.85141e+12
0.839	1.8234e+12
0.84	1.79584e+12
0.841	1.76872e+12
0.842	1.74203e+12
0.843	1.71576e+12
0.844	1.68992e+12
0.845	1.66448e+12
0.846	1.63944e+12
0.847	1.61481e+12
0.848	1.59056e+12
0.849	1.56669e+12
0.85	1.54321e+12
0.851	1.52009e+12
0.852	1.49734e+12
0.853	1.47495e+12
0.854	1.45291e+12
0.855	1.43122e+12
0.856	1.40987e+12
0.857	1.38885e+12
0.858	1.36817e+12
0.859	1.34781e+12
0.86	1.32776e+12
0.861	1.30804e+12
0.862	1.28862e+12
0.863	1.26951e+12
0.864	1.25069e+12
0.865	1.23217e+12
0.866	1.21394e+12
0.867	1.19599e+12
0.868	1.17832e+12
0.869	1.16092e+12
0.87	1.1438e+12
0.871	1.12695e+12
0.872	1.11035e+12
0.873	1.09401e+12
0.874	1.07793e+12
0.875	1.06209e+12
0.876	1.0465e+12
0.877	1.03116e+12
0.878	1.01604e+12
0.879	1.00117e+12
0.88	9.86519e+11
0.881	9.72097e+11
0.882	9.57897e+11
0.883	9.43915e+11
0.884	9.30149e+11
0.885	9.16594e+11
0.886	9.03248e+11
0.887	8.90106e+11
0.888	8.77166e+11
0.889	8.64424e+11
0.89	8.51878e+11
0.891	8.39523e+11
0.892	8.27357e+11
0.893	8.15377e+11
0.894	8.0358e+11
0.895	7.91962e+11
0.896	7.80522e+11
0.897	7.69256e+11
0.898	7.58162e+11
0.899	7.47236e+11
0.9	7.36476e+11
0.901	7.25879e+11
0.902	7.15443e+11
0.903	7.05165e+11
0.904	6.95043e+11
0.905	6.85074e+11
0.906	6.75256e+11
0.907	6.65586e+11
0.908	6.56062e+11
0.909	6.46682e+11
0.91	6.37443e+11
0.911	6.28344e+11
0.912	6.19381e+11
0.913	6.10553e+11
0.914	6.01858e+11
0.915	5.93293e+11
0.916	5.84857e+11
0.917	5.76547e+11
0.918	5.68362e+11
0.919	5.60299e+11
0.92	5.52357e+11
0.921	5.44533e+11
0.922	5.36826e+11
0.923	5.29235e+11
0.924	5.21756e+11
0.925	5.14389e+11
0.926	5.07132e+11
0.927	4.99982e+11
0.928	4.92939e+11
0.929	4.86001e+11
0.93	4.79165e+11
0.931	4.72431e+11
0.932	4.65796e+11
0.933	4.5926e+11
0.934	4.52821e+11
0.935	4.46476e+11
0.936	4.40226e+11
0.937	4.34067e+11
0.938	4.28e+11
0.939	4.22022e+11
0.94	4.16132e+11
0.941	4.10329e+11
0.942	4.04611e+11
0.943	3.98977e+11
0.944	3.93425e+11
0.945	3.87956e+11
0.946	3.82566e+11
0.947	3.77255e+11
0.948	3.72022e+11
0.949	3.66866e+11
0.95	3.61785e+11
0.951	3.56778e+11
0.952	3.51844e+11
0.953	3.46983e+11
0.954	3.42192e+11
0.955	3.3747e+11
0.956	3.32818e+11
0.957	3.28233e+11
0.958	3.23715e+11
0.959	3.19262e+11
0.96	3.14874e+11
0.961	3.1055e+11
0.962	3.06288e+11
0.963	3.02087e+11
0.964	2.97948e+11
0.965	2.93868e+11
0.966	2.89848e+11
0.967	2.85885e+11
0.968	2.81979e+11
0.969	2.7813e+11
0.97	2.74336e+11
0.971	2.70597e+11
0.972	2.66911e+11
0.973	2.63279e+11
0.974	2.59698e+11
0.975	2.56169e+11
0.976	2.52691e+11
0.977	2.49262e+11
0.978	2.45882e+11
0.979	2.42551e+11
0.98	2.39267e+11
0.981	2.3603e+11
0.982	2.3284e+11
0.983	2.29695e+11
0.984	2.26594e+11
0.985	2.23538e+11
0.986	2.20525e+11
0.987	2.17555e+11
0.988	2.14628e+11
0.989	2.11741e+11
0.99	2.08896e+11
0.991	2.06091e+11
0.992	2.03326e+11
0.993	2.006e+11
0.994	1.97912e+11
0.995	1.95263e+11
0.996	1.92651e+11
0.997	1.90076e+11
0.998	1.87537e+11
0.999	1.85033e+11
1	1.82565e+11
