0	0
0	1.76439e+19
0.001	1.89237e+19
0.002	2.02809e+19
0.003	2.17186e+19
0.004	2.32396e+19
0.005	2.4847e+19
0.006	2.65435e+19
0.007	2.83317e+19
0.008	3.02142e+19
0.009	3.21932e+19
0.01	3.42708e+19
0.011	3.64488e+19
0.012	3.87286e+19
0.013	4.11114e+19
0.014	4.3598e+19
0.015	4.61887e+19
0.016	4.88832e+19
0.017	5.1681e+19
0.018	5.45807e+19
0.019	5.75805e+19
0.02	6.0678e+19
0.021	6.38699e+19
0.022	6.71522e+19
0.023	7.05203e+19
0.024	7.39687e+19
0.025	7.7491e+19
0.026	8.108e+19
0.027	8.47278e+19
0.028	8.84253e+19
0.029	9.21629e+19
0.03	9.59299e+19
0.031	9.97149e+19
0.032	1.03505e+20
0.033	1.07289e+20
0.034	1.11051e+20
0.035	1.14778e+20
0.036	1.18454e+20
0.037	1.22064e+20
0.038	1.25593e+20
0.039	1.29024e+20
0.04	1.32341e+20
0.041	1.35528e+20
0.042	1.38568e+20
0.043	1.41445e+20
0.044	1.44145e+20
0.045	1.46651e+20
0.046	1.4895e+20
0.047	1.51028e+20
0.048	1.52871e+20
0.049	1.5447e+20
0.05	1.55812e+20
0.051	1.56889e+20
0.052	1.57693e+20
0.053	1.58219e+20
0.054	1.58461e+20
0.055	1.58417e+20
0.056	1.58086e+20
0.057	1.57468e+20
0.058	1.56565e+20
0.059	1.55382e+20
0.06	1.53925e+20
0.061	1.52201e+20
0.062	1.50218e+20
0.063	1.47989e+20
0.064	1.45524e+20
0.065	1.42838e+20
0.066	1.39944e+20
0.067	1.36859e+20
0.068	1.33598e+20
0.069	1.3018e+20
0.07	1.26622e+20
0.071	1.22943e+20
0.072	1.1916e+20
0.073	1.15292e+20
0.074	1.11359e+20
0.075	1.07377e+20
0.076	1.03365e+20
0.077	9.93403e+19
0.078	9.53194e+19
0.079	9.13181e+19
0.08	8.73515e+19
0.081	8.34335e+19
0.082	7.95771e+19
0.083	7.57943e+19
0.084	7.20956e+19
0.085	6.84908e+19
0.086	6.49882e+19
0.087	6.15949e+19
0.088	5.83172e+19
0.089	5.51599e+19
0.09	5.21269e+19
0.091	4.92208e+19
0.092	4.64435e+19
0.093	4.37959e+19
0.094	4.12778e+19
0.095	3.88884e+19
0.096	3.66263e+19
0.097	3.44891e+19
0.098	3.24742e+19
0.099	3.05781e+19
0.1	2.87973e+19
0.101	2.71276e+19
0.102	2.55648e+19
0.103	2.41042e+19
0.104	2.27411e+19
0.105	2.14708e+19
0.106	2.02882e+19
0.107	1.91885e+19
0.108	1.8167e+19
0.109	1.72186e+19
0.11	1.63389e+19
0.111	1.55232e+19
0.112	1.47671e+19
0.113	1.40664e+19
0.114	1.3417e+19
0.115	1.28151e+19
0.116	1.22569e+19
0.117	1.17391e+19
0.118	1.12583e+19
0.119	1.08116e+19
0.12	1.0396e+19
0.121	1.00089e+19
0.122	9.64786e+18
0.123	9.3106e+18
0.124	8.99503e+18
0.125	8.69922e+18
0.126	8.42139e+18
0.127	8.15994e+18
0.128	7.91339e+18
0.129	7.6804e+18
0.13	7.45976e+18
0.131	7.25036e+18
0.132	7.0512e+18
0.133	6.8614e+18
0.134	6.68014e+18
0.135	6.50668e+18
0.136	6.34039e+18
0.137	6.18066e+18
0.138	6.02698e+18
0.139	5.87888e+18
0.14	5.73594e+18
0.141	5.59778e+18
0.142	5.46407e+18
0.143	5.33451e+18
0.144	5.20884e+18
0.145	5.08681e+18
0.146	4.96821e+18
0.147	4.85286e+18
0.148	4.74059e+18
0.149	4.63123e+18
0.15	4.52466e+18
0.151	4.42076e+18
0.152	4.3194e+18
0.153	4.2205e+18
0.154	4.12396e+18
0.155	4.02969e+18
0.156	3.93763e+18
0.157	3.8477e+18
0.158	3.75984e+18
0.159	3.67398e+18
0.16	3.59008e+18
0.161	3.50809e+18
0.162	3.42794e+18
0.163	3.34961e+18
0.164	3.27304e+18
0.165	3.19819e+18
0.166	3.12503e+18
0.167	3.05351e+18
0.168	2.9836e+18
0.169	2.91527e+18
0.17	2.84848e+18
0.171	2.78319e+18
0.172	2.71938e+18
0.173	2.65702e+18
0.174	2.59607e+18
0.175	2.53651e+18
0.176	2.4783e+18
0.177	2.42142e+18
0.178	2.36583e+18
0.179	2.31152e+18
0.18	2.25846e+18
0.181	2.20661e+18
0.182	2.15596e+18
0.183	2.10647e+18
0.184	2.05813e+18
0.185	2.0109e+18
0.186	1.96477e+18
0.187	1.91971e+18
0.188	1.87569e+18
0.189	1.8327e+18
0.19	1.79071e+18
0.191	1.74969e+18
0.192	1.70964e+18
0.193	1.67052e+18
0.194	1.63231e+18
0.195	1.59501e+18
0.196	1.55857e+18
0.197	1.52299e+18
0.198	1.48825e+18
0.199	1.45432e+18
0.2	1.42119e+18
0.201	1.38883e+18
0.202	1.35724e+18
0.203	1.3264e+18
0.204	1.29628e+18
0.205	1.26686e+18
0.206	1.23815e+18
0.207	1.21011e+18
0.208	1.18273e+18
0.209	1.15599e+18
0.21	1.12989e+18
0.211	1.1044e+18
0.212	1.07952e+18
0.213	1.05522e+18
0.214	1.03149e+18
0.215	1.00832e+18
0.216	9.85703e+17
0.217	9.63615e+17
0.218	9.42048e+17
0.219	9.20988e+17
0.22	9.00425e+17
0.221	8.80345e+17
0.222	8.60738e+17
0.223	8.41592e+17
0.224	8.22896e+17
0.225	8.04639e+17
0.226	7.86811e+17
0.227	7.69401e+17
0.228	7.52399e+17
0.229	7.35796e+17
0.23	7.19582e+17
0.231	7.03747e+17
0.232	6.88282e+17
0.233	6.73179e+17
0.234	6.58428e+17
0.235	6.44021e+17
0.236	6.29951e+17
0.237	6.16208e+17
0.238	6.02784e+17
0.239	5.89673e+17
0.24	5.76867e+17
0.241	5.64357e+17
0.242	5.52138e+17
0.243	5.40201e+17
0.244	5.28541e+17
0.245	5.1715e+17
0.246	5.06022e+17
0.247	4.9515e+17
0.248	4.84529e+17
0.249	4.74153e+17
0.25	4.64015e+17
0.251	4.54109e+17
0.252	4.44431e+17
0.253	4.34974e+17
0.254	4.25734e+17
0.255	4.16705e+17
0.256	4.07882e+17
0.257	3.9926e+17
0.258	3.90835e+17
0.259	3.826e+17
0.26	3.74553e+17
0.261	3.66689e+17
0.262	3.59002e+17
0.263	3.51489e+17
0.264	3.44146e+17
0.265	3.36969e+17
0.266	3.29953e+17
0.267	3.23095e+17
0.268	3.16391e+17
0.269	3.09838e+17
0.27	3.03431e+17
0.271	2.97168e+17
0.272	2.91045e+17
0.273	2.85058e+17
0.274	2.79205e+17
0.275	2.73481e+17
0.276	2.67885e+17
0.277	2.62413e+17
0.278	2.57063e+17
0.279	2.5183e+17
0.28	2.46713e+17
0.281	2.41709e+17
0.282	2.36815e+17
0.283	2.32029e+17
0.284	2.27348e+17
0.285	2.22769e+17
0.286	2.18291e+17
0.287	2.1391e+17
0.288	2.09625e+17
0.289	2.05433e+17
0.29	2.01333e+17
0.291	1.97321e+17
0.292	1.93397e+17
0.293	1.89557e+17
0.294	1.858e+17
0.295	1.82125e+17
0.296	1.78529e+17
0.297	1.7501e+17
0.298	1.71566e+17
0.299	1.68197e+17
0.3	1.64899e+17
0.301	1.61673e+17
0.302	1.58515e+17
0.303	1.55424e+17
0.304	1.52399e+17
0.305	1.49438e+17
0.306	1.4654e+17
0.307	1.43703e+17
0.308	1.40927e+17
0.309	1.38209e+17
0.31	1.35548e+17
0.311	1.32943e+17
0.312	1.30393e+17
0.313	1.27896e+17
0.314	1.25452e+17
0.315	1.23058e+17
0.316	1.20715e+17
0.317	1.1842e+17
0.318	1.16173e+17
0.319	1.13973e+17
0.32	1.11818e+17
0.321	1.09708e+17
0.322	1.07642e+17
0.323	1.05618e+17
0.324	1.03636e+17
0.325	1.01694e+17
0.326	9.97924e+16
0.327	9.79297e+16
0.328	9.6105e+16
0.329	9.43176e+16
0.33	9.25666e+16
0.331	9.08513e+16
0.332	8.91708e+16
0.333	8.75244e+16
0.334	8.59113e+16
0.335	8.43308e+16
0.336	8.27822e+16
0.337	8.12648e+16
0.338	7.97779e+16
0.339	7.83208e+16
0.34	7.68929e+16
0.341	7.54937e+16
0.342	7.41223e+16
0.343	7.27783e+16
0.344	7.14611e+16
0.345	7.017e+16
0.346	6.89046e+16
0.347	6.76642e+16
0.348	6.64483e+16
0.349	6.52565e+16
0.35	6.40881e+16
0.351	6.29427e+16
0.352	6.18198e+16
0.353	6.07189e+16
0.354	5.96396e+16
0.355	5.85813e+16
0.356	5.75437e+16
0.357	5.65263e+16
0.358	5.55287e+16
0.359	5.45504e+16
0.36	5.35911e+16
0.361	5.26504e+16
0.362	5.17278e+16
0.363	5.0823e+16
0.364	4.99356e+16
0.365	4.90652e+16
0.366	4.82116e+16
0.367	4.73743e+16
0.368	4.6553e+16
0.369	4.57474e+16
0.37	4.49571e+16
0.371	4.41819e+16
0.372	4.34213e+16
0.373	4.26752e+16
0.374	4.19432e+16
0.375	4.12251e+16
0.376	4.05204e+16
0.377	3.98291e+16
0.378	3.91507e+16
0.379	3.84851e+16
0.38	3.78319e+16
0.381	3.7191e+16
0.382	3.6562e+16
0.383	3.59447e+16
0.384	3.5339e+16
0.385	3.47444e+16
0.386	3.4161e+16
0.387	3.35883e+16
0.388	3.30262e+16
0.389	3.24744e+16
0.39	3.19329e+16
0.391	3.14012e+16
0.392	3.08794e+16
0.393	3.03671e+16
0.394	2.98642e+16
0.395	2.93705e+16
0.396	2.88857e+16
0.397	2.84099e+16
0.398	2.79426e+16
0.399	2.74838e+16
0.4	2.70334e+16
0.401	2.65911e+16
0.402	2.61568e+16
0.403	2.57303e+16
0.404	2.53115e+16
0.405	2.49002e+16
0.406	2.44963e+16
0.407	2.40996e+16
0.408	2.371e+16
0.409	2.33274e+16
0.41	2.29515e+16
0.411	2.25824e+16
0.412	2.22198e+16
0.413	2.18637e+16
0.414	2.15139e+16
0.415	2.11702e+16
0.416	2.08326e+16
0.417	2.0501e+16
0.418	2.01752e+16
0.419	1.98551e+16
0.42	1.95406e+16
0.421	1.92316e+16
0.422	1.8928e+16
0.423	1.86297e+16
0.424	1.83367e+16
0.425	1.80487e+16
0.426	1.77657e+16
0.427	1.74876e+16
0.428	1.72143e+16
0.429	1.69457e+16
0.43	1.66818e+16
0.431	1.64224e+16
0.432	1.61675e+16
0.433	1.5917e+16
0.434	1.56707e+16
0.435	1.54287e+16
0.436	1.51908e+16
0.437	1.49569e+16
0.438	1.4727e+16
0.439	1.45011e+16
0.44	1.4279e+16
0.441	1.40606e+16
0.442	1.38459e+16
0.443	1.36349e+16
0.444	1.34274e+16
0.445	1.32234e+16
0.446	1.30228e+16
0.447	1.28256e+16
0.448	1.26317e+16
0.449	1.24411e+16
0.45	1.22536e+16
0.451	1.20693e+16
0.452	1.1888e+16
0.453	1.17098e+16
0.454	1.15345e+16
0.455	1.13621e+16
0.456	1.11925e+16
0.457	1.10258e+16
0.458	1.08618e+16
0.459	1.07005e+16
0.46	1.05418e+16
0.461	1.03858e+16
0.462	1.02323e+16
0.463	1.00814e+16
0.464	9.93285e+15
0.465	9.78677e+15
0.466	9.64306e+15
0.467	9.5017e+15
0.468	9.36263e+15
0.469	9.22581e+15
0.47	9.09121e+15
0.471	8.95878e+15
0.472	8.82849e+15
0.473	8.70029e+15
0.474	8.57416e+15
0.475	8.45006e+15
0.476	8.32794e+15
0.477	8.20778e+15
0.478	8.08954e+15
0.479	7.97319e+15
0.48	7.85869e+15
0.481	7.74601e+15
0.482	7.63512e+15
0.483	7.526e+15
0.484	7.4186e+15
0.485	7.31289e+15
0.486	7.20886e+15
0.487	7.10647e+15
0.488	7.00569e+15
0.489	6.90649e+15
0.49	6.80885e+15
0.491	6.71274e+15
0.492	6.61813e+15
0.493	6.525e+15
0.494	6.43333e+15
0.495	6.34308e+15
0.496	6.25423e+15
0.497	6.16677e+15
0.498	6.08066e+15
0.499	5.99588e+15
0.5	5.91241e+15
0.501	5.83024e+15
0.502	5.74932e+15
0.503	5.66966e+15
0.504	5.59121e+15
0.505	5.51397e+15
0.506	5.43792e+15
0.507	5.36302e+15
0.508	5.28927e+15
0.509	5.21665e+15
0.51	5.14513e+15
0.511	5.0747e+15
0.512	5.00534e+15
0.513	4.93703e+15
0.514	4.86975e+15
0.515	4.80349e+15
0.516	4.73823e+15
0.517	4.67395e+15
0.518	4.61064e+15
0.519	4.54828e+15
0.52	4.48686e+15
0.521	4.42636e+15
0.522	4.36676e+15
0.523	4.30806e+15
0.524	4.25022e+15
0.525	4.19325e+15
0.526	4.13713e+15
0.527	4.08184e+15
0.528	4.02737e+15
0.529	3.97371e+15
0.53	3.92084e+15
0.531	3.86875e+15
0.532	3.81743e+15
0.533	3.76686e+15
0.534	3.71704e+15
0.535	3.66795e+15
0.536	3.61957e+15
0.537	3.57191e+15
0.538	3.52494e+15
0.539	3.47866e+15
0.54	3.43305e+15
0.541	3.38811e+15
0.542	3.34382e+15
0.543	3.30017e+15
0.544	3.25715e+15
0.545	3.21476e+15
0.546	3.17298e+15
0.547	3.1318e+15
0.548	3.09121e+15
0.549	3.05121e+15
0.55	3.01179e+15
0.551	2.97292e+15
0.552	2.93462e+15
0.553	2.89686e+15
0.554	2.85965e+15
0.555	2.82296e+15
0.556	2.7868e+15
0.557	2.75115e+15
0.558	2.716e+15
0.559	2.68136e+15
0.56	2.64721e+15
0.561	2.61353e+15
0.562	2.58034e+15
0.563	2.54761e+15
0.564	2.51535e+15
0.565	2.48353e+15
0.566	2.45217e+15
0.567	2.42124e+15
0.568	2.39075e+15
0.569	2.36068e+15
0.57	2.33104e+15
0.571	2.3018e+15
0.572	2.27298e+15
0.573	2.24455e+15
0.574	2.21652e+15
0.575	2.18888e+15
0.576	2.16162e+15
0.577	2.13474e+15
0.578	2.10823e+15
0.579	2.08209e+15
0.58	2.05631e+15
0.581	2.03088e+15
0.582	2.0058e+15
0.583	1.98106e+15
0.584	1.95666e+15
0.585	1.9326e+15
0.586	1.90886e+15
0.587	1.88545e+15
0.588	1.86236e+15
0.589	1.83958e+15
0.59	1.81712e+15
0.591	1.79495e+15
0.592	1.77309e+15
0.593	1.75152e+15
0.594	1.73025e+15
0.595	1.70926e+15
0.596	1.68855e+15
0.597	1.66813e+15
0.598	1.64798e+15
0.599	1.62809e+15
0.6	1.60848e+15
0.601	1.58913e+15
0.602	1.57003e+15
0.603	1.55119e+15
0.604	1.53261e+15
0.605	1.51427e+15
0.606	1.49617e+15
0.607	1.47831e+15
0.608	1.46069e+15
0.609	1.44331e+15
0.61	1.42615e+15
0.611	1.40922e+15
0.612	1.39252e+15
0.613	1.37603e+15
0.614	1.35976e+15
0.615	1.34371e+15
0.616	1.32786e+15
0.617	1.31223e+15
0.618	1.2968e+15
0.619	1.28157e+15
0.62	1.26653e+15
0.621	1.2517e+15
0.622	1.23706e+15
0.623	1.2226e+15
0.624	1.20834e+15
0.625	1.19426e+15
0.626	1.18036e+15
0.627	1.16665e+15
0.628	1.15311e+15
0.629	1.13974e+15
0.63	1.12655e+15
0.631	1.11353e+15
0.632	1.10067e+15
0.633	1.08798e+15
0.634	1.07545e+15
0.635	1.06308e+15
0.636	1.05088e+15
0.637	1.03882e+15
0.638	1.02692e+15
0.639	1.01517e+15
0.64	1.00357e+15
0.641	9.92123e+14
0.642	9.80816e+14
0.643	9.69653e+14
0.644	9.58632e+14
0.645	9.47749e+14
0.646	9.37004e+14
0.647	9.26395e+14
0.648	9.15919e+14
0.649	9.05574e+14
0.65	8.9536e+14
0.651	8.85274e+14
0.652	8.75314e+14
0.653	8.65479e+14
0.654	8.55766e+14
0.655	8.46175e+14
0.656	8.36704e+14
0.657	8.2735e+14
0.658	8.18113e+14
0.659	8.0899e+14
0.66	7.9998e+14
0.661	7.91082e+14
0.662	7.82294e+14
0.663	7.73615e+14
0.664	7.65043e+14
0.665	7.56576e+14
0.666	7.48214e+14
0.667	7.39954e+14
0.668	7.31796e+14
0.669	7.23738e+14
0.67	7.15779e+14
0.671	7.07917e+14
0.672	7.00151e+14
0.673	6.9248e+14
0.674	6.84902e+14
0.675	6.77416e+14
0.676	6.70022e+14
0.677	6.62717e+14
0.678	6.55501e+14
0.679	6.48373e+14
0.68	6.4133e+14
0.681	6.34373e+14
0.682	6.27499e+14
0.683	6.20709e+14
0.684	6.14e+14
0.685	6.07372e+14
0.686	6.00823e+14
0.687	5.94353e+14
0.688	5.87961e+14
0.689	5.81645e+14
0.69	5.75405e+14
0.691	5.69239e+14
0.692	5.63146e+14
0.693	5.57126e+14
0.694	5.51178e+14
0.695	5.453e+14
0.696	5.39492e+14
0.697	5.33753e+14
0.698	5.28082e+14
0.699	5.22478e+14
0.7	5.1694e+14
0.701	5.11467e+14
0.702	5.06059e+14
0.703	5.00715e+14
0.704	4.95433e+14
0.705	4.90213e+14
0.706	4.85055e+14
0.707	4.79956e+14
0.708	4.74918e+14
0.709	4.69938e+14
0.71	4.65017e+14
0.711	4.60153e+14
0.712	4.55345e+14
0.713	4.50593e+14
0.714	4.45897e+14
0.715	4.41255e+14
0.716	4.36667e+14
0.717	4.32131e+14
0.718	4.27649e+14
0.719	4.23218e+14
0.72	4.18838e+14
0.721	4.14508e+14
0.722	4.10229e+14
0.723	4.05998e+14
0.724	4.01816e+14
0.725	3.97682e+14
0.726	3.93596e+14
0.727	3.89556e+14
0.728	3.85562e+14
0.729	3.81614e+14
0.73	3.77711e+14
0.731	3.73852e+14
0.732	3.70037e+14
0.733	3.66266e+14
0.734	3.62537e+14
0.735	3.5885e+14
0.736	3.55206e+14
0.737	3.51602e+14
0.738	3.48039e+14
0.739	3.44517e+14
0.74	3.41034e+14
0.741	3.3759e+14
0.742	3.34185e+14
0.743	3.30818e+14
0.744	3.27489e+14
0.745	3.24197e+14
0.746	3.20942e+14
0.747	3.17723e+14
0.748	3.14541e+14
0.749	3.11393e+14
0.75	3.08281e+14
0.751	3.05204e+14
0.752	3.02161e+14
0.753	2.99151e+14
0.754	2.96175e+14
0.755	2.93232e+14
0.756	2.90321e+14
0.757	2.87443e+14
0.758	2.84596e+14
0.759	2.81781e+14
0.76	2.78996e+14
0.761	2.76243e+14
0.762	2.73519e+14
0.763	2.70826e+14
0.764	2.68162e+14
0.765	2.65527e+14
0.766	2.62921e+14
0.767	2.60343e+14
0.768	2.57794e+14
0.769	2.55272e+14
0.77	2.52778e+14
0.771	2.50311e+14
0.772	2.47871e+14
0.773	2.45457e+14
0.774	2.4307e+14
0.775	2.40708e+14
0.776	2.38372e+14
0.777	2.36061e+14
0.778	2.33775e+14
0.779	2.31514e+14
0.78	2.29277e+14
0.781	2.27064e+14
0.782	2.24875e+14
0.783	2.22709e+14
0.784	2.20567e+14
0.785	2.18448e+14
0.786	2.16351e+14
0.787	2.14277e+14
0.788	2.12224e+14
0.789	2.10194e+14
0.79	2.08185e+14
0.791	2.06198e+14
0.792	2.04232e+14
0.793	2.02287e+14
0.794	2.00362e+14
0.795	1.98458e+14
0.796	1.96574e+14
0.797	1.94709e+14
0.798	1.92865e+14
0.799	1.9104e+14
0.8	1.89234e+14
0.801	1.87447e+14
0.802	1.85679e+14
0.803	1.8393e+14
0.804	1.82199e+14
0.805	1.80486e+14
0.806	1.78791e+14
0.807	1.77113e+14
0.808	1.75454e+14
0.809	1.73811e+14
0.81	1.72186e+14
0.811	1.70577e+14
0.812	1.68986e+14
0.813	1.67411e+14
0.814	1.65852e+14
0.815	1.64309e+14
0.816	1.62783e+14
0.817	1.61272e+14
0.818	1.59777e+14
0.819	1.58297e+14
0.82	1.56832e+14
0.821	1.55383e+14
0.822	1.53949e+14
0.823	1.52529e+14
0.824	1.51124e+14
0.825	1.49733e+14
0.826	1.48356e+14
0.827	1.46994e+14
0.828	1.45646e+14
0.829	1.44311e+14
0.83	1.4299e+14
0.831	1.41682e+14
0.832	1.40388e+14
0.833	1.39107e+14
0.834	1.37839e+14
0.835	1.36584e+14
0.836	1.35341e+14
0.837	1.34111e+14
0.838	1.32894e+14
0.839	1.31689e+14
0.84	1.30496e+14
0.841	1.29315e+14
0.842	1.28146e+14
0.843	1.26989e+14
0.844	1.25843e+14
0.845	1.24709e+14
0.846	1.23586e+14
0.847	1.22475e+14
0.848	1.21375e+14
0.849	1.20285e+14
0.85	1.19207e+14
0.851	1.18139e+14
0.852	1.17082e+14
0.853	1.16036e+14
0.854	1.15e+14
0.855	1.13974e+14
0.856	1.12959e+14
0.857	1.11953e+14
0.858	1.10958e+14
0.859	1.09972e+14
0.86	1.08996e+14
0.861	1.0803e+14
0.862	1.07073e+14
0.863	1.06126e+14
0.864	1.05188e+14
0.865	1.04259e+14
0.866	1.0334e+14
0.867	1.02429e+14
0.868	1.01528e+14
0.869	1.00635e+14
0.87	9.97511e+13
0.871	9.88758e+13
0.872	9.80091e+13
0.873	9.71508e+13
0.874	9.63008e+13
0.875	9.54592e+13
0.876	9.46257e+13
0.877	9.38004e+13
0.878	9.29831e+13
0.879	9.21737e+13
0.88	9.13722e+13
0.881	9.05784e+13
0.882	8.97923e+13
0.883	8.90138e+13
0.884	8.82429e+13
0.885	8.74793e+13
0.886	8.67232e+13
0.887	8.59743e+13
0.888	8.52326e+13
0.889	8.44981e+13
0.89	8.37706e+13
0.891	8.30501e+13
0.892	8.23364e+13
0.893	8.16297e+13
0.894	8.09297e+13
0.895	8.02363e+13
0.896	7.95496e+13
0.897	7.88694e+13
0.898	7.81958e+13
0.899	7.75285e+13
0.9	7.68676e+13
0.901	7.62129e+13
0.902	7.55645e+13
0.903	7.49222e+13
0.904	7.4286e+13
0.905	7.36558e+13
0.906	7.30316e+13
0.907	7.24133e+13
0.908	7.18008e+13
0.909	7.1194e+13
0.91	7.0593e+13
0.911	6.99977e+13
0.912	6.94079e+13
0.913	6.88237e+13
0.914	6.82449e+13
0.915	6.76716e+13
0.916	6.71036e+13
0.917	6.6541e+13
0.918	6.59836e+13
0.919	6.54314e+13
0.92	6.48844e+13
0.921	6.43424e+13
0.922	6.38056e+13
0.923	6.32737e+13
0.924	6.27467e+13
0.925	6.22246e+13
0.926	6.17074e+13
0.927	6.1195e+13
0.928	6.06873e+13
0.929	6.01843e+13
0.93	5.96859e+13
0.931	5.91921e+13
0.932	5.87029e+13
0.933	5.82182e+13
0.934	5.7738e+13
0.935	5.72622e+13
0.936	5.67907e+13
0.937	5.63236e+13
0.938	5.58608e+13
0.939	5.54021e+13
0.94	5.49477e+13
0.941	5.44975e+13
0.942	5.40513e+13
0.943	5.36093e+13
0.944	5.31712e+13
0.945	5.27372e+13
0.946	5.2307e+13
0.947	5.18808e+13
0.948	5.14585e+13
0.949	5.104e+13
0.95	5.06253e+13
0.951	5.02144e+13
0.952	4.98071e+13
0.953	4.94036e+13
0.954	4.90037e+13
0.955	4.86074e+13
0.956	4.82147e+13
0.957	4.78255e+13
0.958	4.74398e+13
0.959	4.70576e+13
0.96	4.66788e+13
0.961	4.63034e+13
0.962	4.59314e+13
0.963	4.55627e+13
0.964	4.51973e+13
0.965	4.48352e+13
0.966	4.44763e+13
0.967	4.41206e+13
0.968	4.3768e+13
0.969	4.34187e+13
0.97	4.30724e+13
0.971	4.27292e+13
0.972	4.2389e+13
0.973	4.20519e+13
0.974	4.17178e+13
0.975	4.13866e+13
0.976	4.10583e+13
0.977	4.0733e+13
0.978	4.04105e+13
0.979	4.00909e+13
0.98	3.97741e+13
0.981	3.946e+13
0.982	3.91488e+13
0.983	3.88403e+13
0.984	3.85345e+13
0.985	3.82313e+13
0.986	3.79309e+13
0.987	3.7633e+13
0.988	3.73378e+13
0.989	3.70451e+13
0.99	3.67551e+13
0.991	3.64675e+13
0.992	3.61824e+13
0.993	3.58999e+13
0.994	3.56198e+13
0.995	3.53421e+13
0.996	3.50668e+13
0.997	3.4794e+13
0.998	3.45235e+13
0.999	3.42553e+13
1	3.39895e+13
