0	0
0	2.2574e+19
0.001	2.41234e+19
0.002	2.57576e+19
0.003	2.74794e+19
0.004	2.92909e+19
0.005	3.11946e+19
0.006	3.31923e+19
0.007	3.52859e+19
0.008	3.74769e+19
0.009	3.97666e+19
0.01	4.21559e+19
0.011	4.46452e+19
0.012	4.72348e+19
0.013	4.99244e+19
0.014	5.27133e+19
0.015	5.56e+19
0.016	5.85829e+19
0.017	6.16596e+19
0.018	6.48269e+19
0.019	6.80813e+19
0.02	7.14183e+19
0.021	7.4833e+19
0.022	7.83195e+19
0.023	8.18713e+19
0.024	8.54812e+19
0.025	8.9141e+19
0.026	9.2842e+19
0.027	9.65745e+19
0.028	1.00328e+20
0.029	1.04092e+20
0.03	1.07855e+20
0.031	1.11603e+20
0.032	1.15324e+20
0.033	1.19004e+20
0.034	1.2263e+20
0.035	1.26186e+20
0.036	1.29657e+20
0.037	1.33029e+20
0.038	1.36286e+20
0.039	1.39413e+20
0.04	1.42394e+20
0.041	1.45215e+20
0.042	1.4786e+20
0.043	1.50315e+20
0.044	1.52566e+20
0.045	1.54599e+20
0.046	1.56404e+20
0.047	1.57967e+20
0.048	1.59279e+20
0.049	1.6033e+20
0.05	1.61112e+20
0.051	1.6162e+20
0.052	1.61847e+20
0.053	1.6179e+20
0.054	1.61447e+20
0.055	1.60817e+20
0.056	1.59903e+20
0.057	1.58706e+20
0.058	1.57232e+20
0.059	1.55487e+20
0.06	1.53479e+20
0.061	1.51216e+20
0.062	1.48711e+20
0.063	1.45976e+20
0.064	1.43023e+20
0.065	1.39868e+20
0.066	1.36527e+20
0.067	1.33016e+20
0.068	1.29352e+20
0.069	1.25555e+20
0.07	1.21641e+20
0.071	1.1763e+20
0.072	1.1354e+20
0.073	1.09391e+20
0.074	1.052e+20
0.075	1.00986e+20
0.076	9.67664e+19
0.077	9.25577e+19
0.078	8.83763e+19
0.079	8.42375e+19
0.08	8.01556e+19
0.081	7.61438e+19
0.082	7.22143e+19
0.083	6.83781e+19
0.084	6.4645e+19
0.085	6.10236e+19
0.086	5.75213e+19
0.087	5.41442e+19
0.088	5.08975e+19
0.089	4.7785e+19
0.09	4.48094e+19
0.091	4.19724e+19
0.092	3.92749e+19
0.093	3.67165e+19
0.094	3.42963e+19
0.095	3.20124e+19
0.096	2.98625e+19
0.097	2.78432e+19
0.098	2.59511e+19
0.099	2.4182e+19
0.1	2.25315e+19
0.101	2.09947e+19
0.102	1.95666e+19
0.103	1.8242e+19
0.104	1.70157e+19
0.105	1.58822e+19
0.106	1.48363e+19
0.107	1.38725e+19
0.108	1.29856e+19
0.109	1.21706e+19
0.11	1.14223e+19
0.111	1.0736e+19
0.112	1.01071e+19
0.113	9.53108e+18
0.114	9.0038e+18
0.115	8.52125e+18
0.116	8.07967e+18
0.117	7.67553e+18
0.118	7.30552e+18
0.119	6.96658e+18
0.12	6.65585e+18
0.121	6.37069e+18
0.122	6.10866e+18
0.123	5.86754e+18
0.124	5.64526e+18
0.125	5.43996e+18
0.126	5.24994e+18
0.127	5.07364e+18
0.128	4.90967e+18
0.129	4.75676e+18
0.13	4.61377e+18
0.131	4.47968e+18
0.132	4.35356e+18
0.133	4.2346e+18
0.134	4.12206e+18
0.135	4.01529e+18
0.136	3.9137e+18
0.137	3.81677e+18
0.138	3.72407e+18
0.139	3.63516e+18
0.14	3.54972e+18
0.141	3.4674e+18
0.142	3.38795e+18
0.143	3.31111e+18
0.144	3.23668e+18
0.145	3.16446e+18
0.146	3.09429e+18
0.147	3.02603e+18
0.148	2.95954e+18
0.149	2.89472e+18
0.15	2.83148e+18
0.151	2.76972e+18
0.152	2.70936e+18
0.153	2.65036e+18
0.154	2.59263e+18
0.155	2.53615e+18
0.156	2.48085e+18
0.157	2.42669e+18
0.158	2.37365e+18
0.159	2.32169e+18
0.16	2.27077e+18
0.161	2.22088e+18
0.162	2.17198e+18
0.163	2.12406e+18
0.164	2.07709e+18
0.165	2.03106e+18
0.166	1.98594e+18
0.167	1.94172e+18
0.168	1.89838e+18
0.169	1.85591e+18
0.17	1.8143e+18
0.171	1.77352e+18
0.172	1.73356e+18
0.173	1.69441e+18
0.174	1.65606e+18
0.175	1.6185e+18
0.176	1.5817e+18
0.177	1.54566e+18
0.178	1.51037e+18
0.179	1.47581e+18
0.18	1.44197e+18
0.181	1.40884e+18
0.182	1.3764e+18
0.183	1.34465e+18
0.184	1.31358e+18
0.185	1.28317e+18
0.186	1.2534e+18
0.187	1.22428e+18
0.188	1.19578e+18
0.189	1.1679e+18
0.19	1.14063e+18
0.191	1.11395e+18
0.192	1.08786e+18
0.193	1.06233e+18
0.194	1.03737e+18
0.195	1.01297e+18
0.196	9.89098e+17
0.197	9.65762e+17
0.198	9.42947e+17
0.199	9.20643e+17
0.2	8.98839e+17
0.201	8.77527e+17
0.202	8.56696e+17
0.203	8.36336e+17
0.204	8.16439e+17
0.205	7.96995e+17
0.206	7.77995e+17
0.207	7.5943e+17
0.208	7.4129e+17
0.209	7.23567e+17
0.21	7.06253e+17
0.211	6.89339e+17
0.212	6.72816e+17
0.213	6.56676e+17
0.214	6.40912e+17
0.215	6.25515e+17
0.216	6.10477e+17
0.217	5.9579e+17
0.218	5.81448e+17
0.219	5.67442e+17
0.22	5.53765e+17
0.221	5.4041e+17
0.222	5.2737e+17
0.223	5.14639e+17
0.224	5.02208e+17
0.225	4.90072e+17
0.226	4.78224e+17
0.227	4.66657e+17
0.228	4.55366e+17
0.229	4.44343e+17
0.23	4.33584e+17
0.231	4.23081e+17
0.232	4.1283e+17
0.233	4.02824e+17
0.234	3.93058e+17
0.235	3.83526e+17
0.236	3.74224e+17
0.237	3.65145e+17
0.238	3.56284e+17
0.239	3.47637e+17
0.24	3.39199e+17
0.241	3.30964e+17
0.242	3.22928e+17
0.243	3.15086e+17
0.244	3.07435e+17
0.245	2.99968e+17
0.246	2.92683e+17
0.247	2.85574e+17
0.248	2.78637e+17
0.249	2.71869e+17
0.25	2.65266e+17
0.251	2.58823e+17
0.252	2.52537e+17
0.253	2.46404e+17
0.254	2.4042e+17
0.255	2.34583e+17
0.256	2.28887e+17
0.257	2.2333e+17
0.258	2.17909e+17
0.259	2.12621e+17
0.26	2.07461e+17
0.261	2.02428e+17
0.262	1.97517e+17
0.263	1.92727e+17
0.264	1.88054e+17
0.265	1.83495e+17
0.266	1.79048e+17
0.267	1.74709e+17
0.268	1.70477e+17
0.269	1.66348e+17
0.27	1.6232e+17
0.271	1.58392e+17
0.272	1.54559e+17
0.273	1.5082e+17
0.274	1.47173e+17
0.275	1.43615e+17
0.276	1.40145e+17
0.277	1.36759e+17
0.278	1.33457e+17
0.279	1.30235e+17
0.28	1.27093e+17
0.281	1.24027e+17
0.282	1.21037e+17
0.283	1.1812e+17
0.284	1.15274e+17
0.285	1.12498e+17
0.286	1.0979e+17
0.287	1.07149e+17
0.288	1.04572e+17
0.289	1.02058e+17
0.29	9.96064e+16
0.291	9.72145e+16
0.292	9.48811e+16
0.293	9.26049e+16
0.294	9.03844e+16
0.295	8.82182e+16
0.296	8.61051e+16
0.297	8.40437e+16
0.298	8.20327e+16
0.299	8.00708e+16
0.3	7.8157e+16
0.301	7.62899e+16
0.302	7.44685e+16
0.303	7.26916e+16
0.304	7.0958e+16
0.305	6.92668e+16
0.306	6.76169e+16
0.307	6.60073e+16
0.308	6.44369e+16
0.309	6.29048e+16
0.31	6.141e+16
0.311	5.99517e+16
0.312	5.85289e+16
0.313	5.71408e+16
0.314	5.57864e+16
0.315	5.4465e+16
0.316	5.31757e+16
0.317	5.19178e+16
0.318	5.06905e+16
0.319	4.94929e+16
0.32	4.83245e+16
0.321	4.71844e+16
0.322	4.6072e+16
0.323	4.49865e+16
0.324	4.39273e+16
0.325	4.28938e+16
0.326	4.18854e+16
0.327	4.09013e+16
0.328	3.9941e+16
0.329	3.9004e+16
0.33	3.80896e+16
0.331	3.71973e+16
0.332	3.63265e+16
0.333	3.54767e+16
0.334	3.46475e+16
0.335	3.38382e+16
0.336	3.30484e+16
0.337	3.22776e+16
0.338	3.15254e+16
0.339	3.07912e+16
0.34	3.00747e+16
0.341	2.93755e+16
0.342	2.86929e+16
0.343	2.80268e+16
0.344	2.73767e+16
0.345	2.67421e+16
0.346	2.61227e+16
0.347	2.55181e+16
0.348	2.4928e+16
0.349	2.43521e+16
0.35	2.37898e+16
0.351	2.3241e+16
0.352	2.27053e+16
0.353	2.21823e+16
0.354	2.16718e+16
0.355	2.11735e+16
0.356	2.0687e+16
0.357	2.02121e+16
0.358	1.97485e+16
0.359	1.92959e+16
0.36	1.8854e+16
0.361	1.84226e+16
0.362	1.80015e+16
0.363	1.75903e+16
0.364	1.71888e+16
0.365	1.67968e+16
0.366	1.64141e+16
0.367	1.60405e+16
0.368	1.56756e+16
0.369	1.53194e+16
0.37	1.49715e+16
0.371	1.46319e+16
0.372	1.43002e+16
0.373	1.39763e+16
0.374	1.36601e+16
0.375	1.33512e+16
0.376	1.30496e+16
0.377	1.27551e+16
0.378	1.24675e+16
0.379	1.21866e+16
0.38	1.19123e+16
0.381	1.16444e+16
0.382	1.13827e+16
0.383	1.11272e+16
0.384	1.08776e+16
0.385	1.06338e+16
0.386	1.03957e+16
0.387	1.01632e+16
0.388	9.93604e+15
0.389	9.71417e+15
0.39	9.49745e+15
0.391	9.28575e+15
0.392	9.07896e+15
0.393	8.87696e+15
0.394	8.67963e+15
0.395	8.48686e+15
0.396	8.29855e+15
0.397	8.11458e+15
0.398	7.93486e+15
0.399	7.75927e+15
0.4	7.58773e+15
0.401	7.42014e+15
0.402	7.25639e+15
0.403	7.09641e+15
0.404	6.9401e+15
0.405	6.78738e+15
0.406	6.63815e+15
0.407	6.49234e+15
0.408	6.34986e+15
0.409	6.21064e+15
0.41	6.0746e+15
0.411	5.94167e+15
0.412	5.81176e+15
0.413	5.68481e+15
0.414	5.56076e+15
0.415	5.43952e+15
0.416	5.32104e+15
0.417	5.20524e+15
0.418	5.09208e+15
0.419	4.98147e+15
0.42	4.87337e+15
0.421	4.76772e+15
0.422	4.66446e+15
0.423	4.56352e+15
0.424	4.46487e+15
0.425	4.36844e+15
0.426	4.27418e+15
0.427	4.18204e+15
0.428	4.09197e+15
0.429	4.00393e+15
0.43	3.91787e+15
0.431	3.83373e+15
0.432	3.75148e+15
0.433	3.67107e+15
0.434	3.59246e+15
0.435	3.51561e+15
0.436	3.44047e+15
0.437	3.36701e+15
0.438	3.29518e+15
0.439	3.22496e+15
0.44	3.15629e+15
0.441	3.08916e+15
0.442	3.02351e+15
0.443	2.95933e+15
0.444	2.89656e+15
0.445	2.83519e+15
0.446	2.77517e+15
0.447	2.71648e+15
0.448	2.65909e+15
0.449	2.60296e+15
0.45	2.54807e+15
0.451	2.49439e+15
0.452	2.4419e+15
0.453	2.39055e+15
0.454	2.34034e+15
0.455	2.29123e+15
0.456	2.24319e+15
0.457	2.19621e+15
0.458	2.15026e+15
0.459	2.10531e+15
0.46	2.06134e+15
0.461	2.01833e+15
0.462	1.97626e+15
0.463	1.93511e+15
0.464	1.89486e+15
0.465	1.85548e+15
0.466	1.81695e+15
0.467	1.77927e+15
0.468	1.7424e+15
0.469	1.70633e+15
0.47	1.67104e+15
0.471	1.63651e+15
0.472	1.60273e+15
0.473	1.56968e+15
0.474	1.53734e+15
0.475	1.5057e+15
0.476	1.47474e+15
0.477	1.44445e+15
0.478	1.41481e+15
0.479	1.3858e+15
0.48	1.35742e+15
0.481	1.32965e+15
0.482	1.30247e+15
0.483	1.27587e+15
0.484	1.24984e+15
0.485	1.22437e+15
0.486	1.19944e+15
0.487	1.17504e+15
0.488	1.15116e+15
0.489	1.12779e+15
0.49	1.10492e+15
0.491	1.08253e+15
0.492	1.06062e+15
0.493	1.03917e+15
0.494	1.01817e+15
0.495	9.97625e+14
0.496	9.77509e+14
0.497	9.57819e+14
0.498	9.38544e+14
0.499	9.19675e+14
0.5	9.01204e+14
0.501	8.83121e+14
0.502	8.65419e+14
0.503	8.48088e+14
0.504	8.31122e+14
0.505	8.1451e+14
0.506	7.98247e+14
0.507	7.82324e+14
0.508	7.66734e+14
0.509	7.51469e+14
0.51	7.36523e+14
0.511	7.21889e+14
0.512	7.07559e+14
0.513	6.93528e+14
0.514	6.79788e+14
0.515	6.66334e+14
0.516	6.53158e+14
0.517	6.40256e+14
0.518	6.27621e+14
0.519	6.15248e+14
0.52	6.0313e+14
0.521	5.91263e+14
0.522	5.7964e+14
0.523	5.68257e+14
0.524	5.57109e+14
0.525	5.4619e+14
0.526	5.35495e+14
0.527	5.2502e+14
0.528	5.1476e+14
0.529	5.0471e+14
0.53	4.94866e+14
0.531	4.85223e+14
0.532	4.75778e+14
0.533	4.66525e+14
0.534	4.57461e+14
0.535	4.48582e+14
0.536	4.39884e+14
0.537	4.31363e+14
0.538	4.23015e+14
0.539	4.14836e+14
0.54	4.06823e+14
0.541	3.98973e+14
0.542	3.91282e+14
0.543	3.83746e+14
0.544	3.76363e+14
0.545	3.69129e+14
0.546	3.6204e+14
0.547	3.55095e+14
0.548	3.48289e+14
0.549	3.4162e+14
0.55	3.35086e+14
0.551	3.28682e+14
0.552	3.22407e+14
0.553	3.16258e+14
0.554	3.10232e+14
0.555	3.04327e+14
0.556	2.98539e+14
0.557	2.92867e+14
0.558	2.87308e+14
0.559	2.8186e+14
0.56	2.76521e+14
0.561	2.71287e+14
0.562	2.66158e+14
0.563	2.61131e+14
0.564	2.56203e+14
0.565	2.51373e+14
0.566	2.46638e+14
0.567	2.41997e+14
0.568	2.37448e+14
0.569	2.32989e+14
0.57	2.28618e+14
0.571	2.24333e+14
0.572	2.20132e+14
0.573	2.16014e+14
0.574	2.11976e+14
0.575	2.08019e+14
0.576	2.04138e+14
0.577	2.00334e+14
0.578	1.96604e+14
0.579	1.92947e+14
0.58	1.89362e+14
0.581	1.85847e+14
0.582	1.824e+14
0.583	1.7902e+14
0.584	1.75706e+14
0.585	1.72457e+14
0.586	1.69271e+14
0.587	1.66146e+14
0.588	1.63083e+14
0.589	1.60078e+14
0.59	1.57132e+14
0.591	1.54243e+14
0.592	1.51409e+14
0.593	1.48631e+14
0.594	1.45905e+14
0.595	1.43233e+14
0.596	1.40612e+14
0.597	1.38041e+14
0.598	1.3552e+14
0.599	1.33047e+14
0.6	1.30621e+14
0.601	1.28242e+14
0.602	1.25909e+14
0.603	1.2362e+14
0.604	1.21375e+14
0.605	1.19173e+14
0.606	1.17013e+14
0.607	1.14894e+14
0.608	1.12815e+14
0.609	1.10776e+14
0.61	1.08776e+14
0.611	1.06813e+14
0.612	1.04888e+14
0.613	1.02999e+14
0.614	1.01147e+14
0.615	9.93287e+13
0.616	9.75452e+13
0.617	9.57954e+13
0.618	9.40786e+13
0.619	9.23941e+13
0.62	9.07414e+13
0.621	8.91198e+13
0.622	8.75286e+13
0.623	8.59674e+13
0.624	8.44354e+13
0.625	8.29321e+13
0.626	8.1457e+13
0.627	8.00095e+13
0.628	7.8589e+13
0.629	7.71951e+13
0.63	7.58272e+13
0.631	7.44847e+13
0.632	7.31673e+13
0.633	7.18744e+13
0.634	7.06055e+13
0.635	6.93602e+13
0.636	6.8138e+13
0.637	6.69385e+13
0.638	6.57612e+13
0.639	6.46056e+13
0.64	6.34715e+13
0.641	6.23582e+13
0.642	6.12656e+13
0.643	6.0193e+13
0.644	5.91403e+13
0.645	5.81069e+13
0.646	5.70925e+13
0.647	5.60967e+13
0.648	5.51192e+13
0.649	5.41597e+13
0.65	5.32177e+13
0.651	5.22929e+13
0.652	5.13851e+13
0.653	5.04939e+13
0.654	4.96189e+13
0.655	4.87599e+13
0.656	4.79165e+13
0.657	4.70885e+13
0.658	4.62756e+13
0.659	4.54774e+13
0.66	4.46937e+13
0.661	4.39242e+13
0.662	4.31687e+13
0.663	4.24268e+13
0.664	4.16984e+13
0.665	4.09832e+13
0.666	4.02808e+13
0.667	3.95911e+13
0.668	3.89139e+13
0.669	3.82488e+13
0.67	3.75958e+13
0.671	3.69544e+13
0.672	3.63246e+13
0.673	3.57061e+13
0.674	3.50986e+13
0.675	3.45021e+13
0.676	3.39162e+13
0.677	3.33408e+13
0.678	3.27757e+13
0.679	3.22206e+13
0.68	3.16755e+13
0.681	3.114e+13
0.682	3.06141e+13
0.683	3.00976e+13
0.684	2.95902e+13
0.685	2.90918e+13
0.686	2.86023e+13
0.687	2.81215e+13
0.688	2.76491e+13
0.689	2.71851e+13
0.69	2.67294e+13
0.691	2.62816e+13
0.692	2.58418e+13
0.693	2.54097e+13
0.694	2.49852e+13
0.695	2.45682e+13
0.696	2.41585e+13
0.697	2.3756e+13
0.698	2.33606e+13
0.699	2.29721e+13
0.7	2.25904e+13
0.701	2.22154e+13
0.702	2.1847e+13
0.703	2.1485e+13
0.704	2.11293e+13
0.705	2.07798e+13
0.706	2.04364e+13
0.707	2.0099e+13
0.708	1.97674e+13
0.709	1.94416e+13
0.71	1.91215e+13
0.711	1.88069e+13
0.712	1.84978e+13
0.713	1.8194e+13
0.714	1.78955e+13
0.715	1.76021e+13
0.716	1.73138e+13
0.717	1.70305e+13
0.718	1.67521e+13
0.719	1.64784e+13
0.72	1.62095e+13
0.721	1.59452e+13
0.722	1.56854e+13
0.723	1.54301e+13
0.724	1.51792e+13
0.725	1.49326e+13
0.726	1.46901e+13
0.727	1.44519e+13
0.728	1.42177e+13
0.729	1.39875e+13
0.73	1.37612e+13
0.731	1.35388e+13
0.732	1.33202e+13
0.733	1.31053e+13
0.734	1.28941e+13
0.735	1.26864e+13
0.736	1.24823e+13
0.737	1.22816e+13
0.738	1.20843e+13
0.739	1.18904e+13
0.74	1.16998e+13
0.741	1.15123e+13
0.742	1.13281e+13
0.743	1.11469e+13
0.744	1.09688e+13
0.745	1.07937e+13
0.746	1.06215e+13
0.747	1.04523e+13
0.748	1.02859e+13
0.749	1.01222e+13
0.75	9.96134e+12
0.751	9.80315e+12
0.752	9.6476e+12
0.753	9.49466e+12
0.754	9.34428e+12
0.755	9.1964e+12
0.756	9.05099e+12
0.757	8.90801e+12
0.758	8.7674e+12
0.759	8.62914e+12
0.76	8.49317e+12
0.761	8.35947e+12
0.762	8.22798e+12
0.763	8.09867e+12
0.764	7.9715e+12
0.765	7.84644e+12
0.766	7.72345e+12
0.767	7.60249e+12
0.768	7.48352e+12
0.769	7.36652e+12
0.77	7.25145e+12
0.771	7.13827e+12
0.772	7.02696e+12
0.773	6.91747e+12
0.774	6.80979e+12
0.775	6.70387e+12
0.776	6.59968e+12
0.777	6.49721e+12
0.778	6.39641e+12
0.779	6.29726e+12
0.78	6.19973e+12
0.781	6.1038e+12
0.782	6.00943e+12
0.783	5.91659e+12
0.784	5.82527e+12
0.785	5.73544e+12
0.786	5.64707e+12
0.787	5.56013e+12
0.788	5.4746e+12
0.789	5.39046e+12
0.79	5.30769e+12
0.791	5.22625e+12
0.792	5.14614e+12
0.793	5.06731e+12
0.794	4.98977e+12
0.795	4.91347e+12
0.796	4.8384e+12
0.797	4.76454e+12
0.798	4.69187e+12
0.799	4.62037e+12
0.8	4.55002e+12
0.801	4.4808e+12
0.802	4.41269e+12
0.803	4.34567e+12
0.804	4.27972e+12
0.805	4.21483e+12
0.806	4.15098e+12
0.807	4.08815e+12
0.808	4.02632e+12
0.809	3.96548e+12
0.81	3.9056e+12
0.811	3.84668e+12
0.812	3.7887e+12
0.813	3.73164e+12
0.814	3.67549e+12
0.815	3.62022e+12
0.816	3.56584e+12
0.817	3.51231e+12
0.818	3.45963e+12
0.819	3.40779e+12
0.82	3.35676e+12
0.821	3.30655e+12
0.822	3.25712e+12
0.823	3.20847e+12
0.824	3.16059e+12
0.825	3.11346e+12
0.826	3.06708e+12
0.827	3.02142e+12
0.828	2.97648e+12
0.829	2.93225e+12
0.83	2.88871e+12
0.831	2.84585e+12
0.832	2.80366e+12
0.833	2.76213e+12
0.834	2.72125e+12
0.835	2.68101e+12
0.836	2.6414e+12
0.837	2.6024e+12
0.838	2.56401e+12
0.839	2.52622e+12
0.84	2.48902e+12
0.841	2.45239e+12
0.842	2.41633e+12
0.843	2.38083e+12
0.844	2.34589e+12
0.845	2.31148e+12
0.846	2.27761e+12
0.847	2.24426e+12
0.848	2.21142e+12
0.849	2.17909e+12
0.85	2.14726e+12
0.851	2.11592e+12
0.852	2.08507e+12
0.853	2.05468e+12
0.854	2.02477e+12
0.855	1.99531e+12
0.856	1.96631e+12
0.857	1.93775e+12
0.858	1.90963e+12
0.859	1.88194e+12
0.86	1.85468e+12
0.861	1.82783e+12
0.862	1.80139e+12
0.863	1.77535e+12
0.864	1.74971e+12
0.865	1.72446e+12
0.866	1.6996e+12
0.867	1.67511e+12
0.868	1.651e+12
0.869	1.62725e+12
0.87	1.60387e+12
0.871	1.58084e+12
0.872	1.55815e+12
0.873	1.53581e+12
0.874	1.51381e+12
0.875	1.49214e+12
0.876	1.4708e+12
0.877	1.44978e+12
0.878	1.42908e+12
0.879	1.40869e+12
0.88	1.38861e+12
0.881	1.36882e+12
0.882	1.34934e+12
0.883	1.33015e+12
0.884	1.31125e+12
0.885	1.29263e+12
0.886	1.27429e+12
0.887	1.25622e+12
0.888	1.23842e+12
0.889	1.2209e+12
0.89	1.20363e+12
0.891	1.18662e+12
0.892	1.16986e+12
0.893	1.15335e+12
0.894	1.13709e+12
0.895	1.12108e+12
0.896	1.10529e+12
0.897	1.08975e+12
0.898	1.07443e+12
0.899	1.05934e+12
0.9	1.04448e+12
0.901	1.02984e+12
0.902	1.01541e+12
0.903	1.00119e+12
0.904	9.87189e+11
0.905	9.73392e+11
0.906	9.59798e+11
0.907	9.46404e+11
0.908	9.33207e+11
0.909	9.20205e+11
0.91	9.07394e+11
0.911	8.94772e+11
0.912	8.82334e+11
0.913	8.70079e+11
0.914	8.58004e+11
0.915	8.46106e+11
0.916	8.34382e+11
0.917	8.22829e+11
0.918	8.11445e+11
0.919	8.00228e+11
0.92	7.89174e+11
0.921	7.78281e+11
0.922	7.67547e+11
0.923	7.5697e+11
0.924	7.46546e+11
0.925	7.36273e+11
0.926	7.2615e+11
0.927	7.16174e+11
0.928	7.06343e+11
0.929	6.96654e+11
0.93	6.87105e+11
0.931	6.77694e+11
0.932	6.6842e+11
0.933	6.59279e+11
0.934	6.50271e+11
0.935	6.41392e+11
0.936	6.32642e+11
0.937	6.24017e+11
0.938	6.15517e+11
0.939	6.07139e+11
0.94	5.98881e+11
0.941	5.90742e+11
0.942	5.82719e+11
0.943	5.74812e+11
0.944	5.67018e+11
0.945	5.59335e+11
0.946	5.51762e+11
0.947	5.44298e+11
0.948	5.3694e+11
0.949	5.29687e+11
0.95	5.22538e+11
0.951	5.15491e+11
0.952	5.08543e+11
0.953	5.01695e+11
0.954	4.94944e+11
0.955	4.88289e+11
0.956	4.81729e+11
0.957	4.75261e+11
0.958	4.68885e+11
0.959	4.626e+11
0.96	4.56404e+11
0.961	4.50295e+11
0.962	4.44272e+11
0.963	4.38335e+11
0.964	4.32481e+11
0.965	4.2671e+11
0.966	4.2102e+11
0.967	4.1541e+11
0.968	4.09879e+11
0.969	4.04426e+11
0.97	3.9905e+11
0.971	3.93749e+11
0.972	3.88522e+11
0.973	3.83369e+11
0.974	3.78288e+11
0.975	3.73278e+11
0.976	3.68338e+11
0.977	3.63467e+11
0.978	3.58664e+11
0.979	3.53928e+11
0.98	3.49258e+11
0.981	3.44653e+11
0.982	3.40112e+11
0.983	3.35635e+11
0.984	3.3122e+11
0.985	3.26866e+11
0.986	3.22572e+11
0.987	3.18338e+11
0.988	3.14163e+11
0.989	3.10045e+11
0.99	3.05985e+11
0.991	3.01981e+11
0.992	2.98032e+11
0.993	2.94137e+11
0.994	2.90296e+11
0.995	2.86509e+11
0.996	2.82773e+11
0.997	2.79089e+11
0.998	2.75456e+11
0.999	2.71872e+11
1	2.68338e+11
