0	0
0	2.25611e+19
0.001	2.41185e+19
0.002	2.57631e+19
0.003	2.74975e+19
0.004	2.93243e+19
0.005	3.1246e+19
0.006	3.32648e+19
0.007	3.53826e+19
0.008	3.76013e+19
0.009	3.9922e+19
0.01	4.23461e+19
0.011	4.48741e+19
0.012	4.75063e+19
0.013	5.02425e+19
0.014	5.3082e+19
0.015	5.60236e+19
0.016	5.90654e+19
0.017	6.2205e+19
0.018	6.54392e+19
0.019	6.87644e+19
0.02	7.21759e+19
0.021	7.56685e+19
0.022	7.9236e+19
0.023	8.28718e+19
0.024	8.6568e+19
0.025	9.03162e+19
0.026	9.4107e+19
0.027	9.79304e+19
0.028	1.01775e+20
0.029	1.0563e+20
0.03	1.09482e+20
0.031	1.13319e+20
0.032	1.17125e+20
0.033	1.20888e+20
0.034	1.24591e+20
0.035	1.2822e+20
0.036	1.31759e+20
0.037	1.35191e+20
0.038	1.38501e+20
0.039	1.41672e+20
0.04	1.44688e+20
0.041	1.47533e+20
0.042	1.50191e+20
0.043	1.52648e+20
0.044	1.54889e+20
0.045	1.569e+20
0.046	1.58669e+20
0.047	1.60183e+20
0.048	1.61433e+20
0.049	1.62408e+20
0.05	1.63101e+20
0.051	1.63506e+20
0.052	1.63617e+20
0.053	1.63432e+20
0.054	1.62949e+20
0.055	1.62169e+20
0.056	1.61094e+20
0.057	1.59727e+20
0.058	1.58075e+20
0.059	1.56145e+20
0.06	1.53946e+20
0.061	1.51489e+20
0.062	1.48787e+20
0.063	1.45852e+20
0.064	1.42702e+20
0.065	1.3935e+20
0.066	1.35816e+20
0.067	1.32117e+20
0.068	1.28271e+20
0.069	1.24299e+20
0.07	1.20219e+20
0.071	1.16052e+20
0.072	1.11817e+20
0.073	1.07535e+20
0.074	1.03223e+20
0.075	9.89007e+19
0.076	9.45865e+19
0.077	9.02974e+19
0.078	8.60497e+19
0.079	8.18586e+19
0.08	7.77383e+19
0.081	7.37019e+19
0.082	6.97612e+19
0.083	6.59265e+19
0.084	6.22073e+19
0.085	5.86112e+19
0.086	5.5145e+19
0.087	5.18141e+19
0.088	4.86225e+19
0.089	4.55731e+19
0.09	4.26679e+19
0.091	3.99075e+19
0.092	3.72917e+19
0.093	3.48195e+19
0.094	3.24888e+19
0.095	3.02969e+19
0.096	2.82406e+19
0.097	2.63159e+19
0.098	2.45184e+19
0.099	2.28435e+19
0.1	2.12859e+19
0.101	1.98404e+19
0.102	1.85014e+19
0.103	1.72633e+19
0.104	1.61206e+19
0.105	1.50674e+19
0.106	1.40983e+19
0.107	1.32077e+19
0.108	1.23902e+19
0.109	1.16406e+19
0.11	1.0954e+19
0.111	1.03254e+19
0.112	9.75037e+18
0.113	9.22444e+18
0.114	8.74352e+18
0.115	8.30373e+18
0.116	7.90146e+18
0.117	7.53331e+18
0.118	7.19614e+18
0.119	6.88703e+18
0.12	6.6033e+18
0.121	6.34248e+18
0.122	6.10231e+18
0.123	5.88071e+18
0.124	5.6758e+18
0.125	5.48588e+18
0.126	5.30938e+18
0.127	5.14492e+18
0.128	4.99124e+18
0.129	4.8472e+18
0.13	4.71178e+18
0.131	4.58409e+18
0.132	4.46331e+18
0.133	4.34872e+18
0.134	4.23969e+18
0.135	4.13565e+18
0.136	4.03609e+18
0.137	3.94058e+18
0.138	3.84874e+18
0.139	3.7602e+18
0.14	3.67468e+18
0.141	3.59192e+18
0.142	3.51167e+18
0.143	3.43374e+18
0.144	3.35796e+18
0.145	3.28416e+18
0.146	3.21223e+18
0.147	3.14202e+18
0.148	3.07346e+18
0.149	3.00644e+18
0.15	2.94089e+18
0.151	2.87674e+18
0.152	2.81393e+18
0.153	2.75241e+18
0.154	2.69213e+18
0.155	2.63306e+18
0.156	2.57515e+18
0.157	2.51838e+18
0.158	2.46272e+18
0.159	2.40813e+18
0.16	2.3546e+18
0.161	2.3021e+18
0.162	2.25062e+18
0.163	2.20014e+18
0.164	2.15064e+18
0.165	2.1021e+18
0.166	2.0545e+18
0.167	2.00784e+18
0.168	1.9621e+18
0.169	1.91727e+18
0.17	1.87332e+18
0.171	1.83026e+18
0.172	1.78806e+18
0.173	1.74671e+18
0.174	1.7062e+18
0.175	1.66653e+18
0.176	1.62766e+18
0.177	1.5896e+18
0.178	1.55234e+18
0.179	1.51585e+18
0.18	1.48012e+18
0.181	1.44516e+18
0.182	1.41093e+18
0.183	1.37744e+18
0.184	1.34467e+18
0.185	1.3126e+18
0.186	1.28123e+18
0.187	1.25054e+18
0.188	1.22052e+18
0.189	1.19117e+18
0.19	1.16246e+18
0.191	1.13439e+18
0.192	1.10694e+18
0.193	1.08011e+18
0.194	1.05389e+18
0.195	1.02825e+18
0.196	1.0032e+18
0.197	9.7871e+17
0.198	9.54784e+17
0.199	9.31406e+17
0.2	9.08566e+17
0.201	8.86252e+17
0.202	8.64455e+17
0.203	8.43164e+17
0.204	8.22368e+17
0.205	8.02059e+17
0.206	7.82226e+17
0.207	7.6286e+17
0.208	7.43949e+17
0.209	7.25486e+17
0.21	7.07461e+17
0.211	6.89864e+17
0.212	6.72686e+17
0.213	6.55919e+17
0.214	6.39554e+17
0.215	6.23581e+17
0.216	6.07993e+17
0.217	5.9278e+17
0.218	5.77935e+17
0.219	5.6345e+17
0.22	5.49317e+17
0.221	5.35527e+17
0.222	5.22073e+17
0.223	5.08948e+17
0.224	4.96143e+17
0.225	4.83653e+17
0.226	4.71469e+17
0.227	4.59585e+17
0.228	4.47993e+17
0.229	4.36688e+17
0.23	4.25661e+17
0.231	4.14908e+17
0.232	4.04421e+17
0.233	3.94195e+17
0.234	3.84222e+17
0.235	3.74498e+17
0.236	3.65016e+17
0.237	3.55771e+17
0.238	3.46756e+17
0.239	3.37968e+17
0.24	3.29399e+17
0.241	3.21045e+17
0.242	3.129e+17
0.243	3.04961e+17
0.244	2.97221e+17
0.245	2.89676e+17
0.246	2.8232e+17
0.247	2.75151e+17
0.248	2.68162e+17
0.249	2.6135e+17
0.25	2.5471e+17
0.251	2.48239e+17
0.252	2.41931e+17
0.253	2.35783e+17
0.254	2.29791e+17
0.255	2.23951e+17
0.256	2.18259e+17
0.257	2.12712e+17
0.258	2.07306e+17
0.259	2.02037e+17
0.26	1.96903e+17
0.261	1.91899e+17
0.262	1.87023e+17
0.263	1.82271e+17
0.264	1.7764e+17
0.265	1.73128e+17
0.266	1.6873e+17
0.267	1.64445e+17
0.268	1.6027e+17
0.269	1.56201e+17
0.27	1.52236e+17
0.271	1.48373e+17
0.272	1.44608e+17
0.273	1.4094e+17
0.274	1.37365e+17
0.275	1.33882e+17
0.276	1.30488e+17
0.277	1.27181e+17
0.278	1.23959e+17
0.279	1.20819e+17
0.28	1.1776e+17
0.281	1.14779e+17
0.282	1.11875e+17
0.283	1.09045e+17
0.284	1.06287e+17
0.285	1.036e+17
0.286	1.00982e+17
0.287	9.84313e+16
0.288	9.59457e+16
0.289	9.35239e+16
0.29	9.11641e+16
0.291	8.88648e+16
0.292	8.66244e+16
0.293	8.44415e+16
0.294	8.23144e+16
0.295	8.02419e+16
0.296	7.82225e+16
0.297	7.62547e+16
0.298	7.43374e+16
0.299	7.24692e+16
0.3	7.06488e+16
0.301	6.8875e+16
0.302	6.71466e+16
0.303	6.54624e+16
0.304	6.38213e+16
0.305	6.22222e+16
0.306	6.0664e+16
0.307	5.91456e+16
0.308	5.76661e+16
0.309	5.62243e+16
0.31	5.48194e+16
0.311	5.34503e+16
0.312	5.21162e+16
0.313	5.08162e+16
0.314	4.95493e+16
0.315	4.83147e+16
0.316	4.71116e+16
0.317	4.59392e+16
0.318	4.47967e+16
0.319	4.36832e+16
0.32	4.25981e+16
0.321	4.15406e+16
0.322	4.05101e+16
0.323	3.95057e+16
0.324	3.85269e+16
0.325	3.75729e+16
0.326	3.66432e+16
0.327	3.57371e+16
0.328	3.48539e+16
0.329	3.39932e+16
0.33	3.31543e+16
0.331	3.23366e+16
0.332	3.15397e+16
0.333	3.0763e+16
0.334	3.00059e+16
0.335	2.92679e+16
0.336	2.85486e+16
0.337	2.78475e+16
0.338	2.71641e+16
0.339	2.64979e+16
0.34	2.58486e+16
0.341	2.52156e+16
0.342	2.45986e+16
0.343	2.39971e+16
0.344	2.34108e+16
0.345	2.28392e+16
0.346	2.2282e+16
0.347	2.17388e+16
0.348	2.12092e+16
0.349	2.06929e+16
0.35	2.01896e+16
0.351	1.96989e+16
0.352	1.92205e+16
0.353	1.87541e+16
0.354	1.82993e+16
0.355	1.7856e+16
0.356	1.74237e+16
0.357	1.70022e+16
0.358	1.65912e+16
0.359	1.61905e+16
0.36	1.57997e+16
0.361	1.54188e+16
0.362	1.50473e+16
0.363	1.4685e+16
0.364	1.43317e+16
0.365	1.39873e+16
0.366	1.36513e+16
0.367	1.33238e+16
0.368	1.30043e+16
0.369	1.26928e+16
0.37	1.23889e+16
0.371	1.20926e+16
0.372	1.18037e+16
0.373	1.15218e+16
0.374	1.1247e+16
0.375	1.09789e+16
0.376	1.07174e+16
0.377	1.04624e+16
0.378	1.02136e+16
0.379	9.97097e+15
0.38	9.73431e+15
0.381	9.50346e+15
0.382	9.27828e+15
0.383	9.05862e+15
0.384	8.84435e+15
0.385	8.63533e+15
0.386	8.43143e+15
0.387	8.23252e+15
0.388	8.03846e+15
0.389	7.84915e+15
0.39	7.66446e+15
0.391	7.48428e+15
0.392	7.30848e+15
0.393	7.13697e+15
0.394	6.96963e+15
0.395	6.80635e+15
0.396	6.64705e+15
0.397	6.49161e+15
0.398	6.33994e+15
0.399	6.19195e+15
0.4	6.04754e+15
0.401	5.90663e+15
0.402	5.76913e+15
0.403	5.63494e+15
0.404	5.504e+15
0.405	5.37622e+15
0.406	5.25151e+15
0.407	5.12981e+15
0.408	5.01104e+15
0.409	4.89512e+15
0.41	4.78199e+15
0.411	4.67157e+15
0.412	4.5638e+15
0.413	4.45862e+15
0.414	4.35595e+15
0.415	4.25574e+15
0.416	4.15792e+15
0.417	4.06244e+15
0.418	3.96924e+15
0.419	3.87827e+15
0.42	3.78946e+15
0.421	3.70276e+15
0.422	3.61813e+15
0.423	3.53551e+15
0.424	3.45485e+15
0.425	3.3761e+15
0.426	3.29922e+15
0.427	3.22416e+15
0.428	3.15088e+15
0.429	3.07933e+15
0.43	3.00947e+15
0.431	2.94126e+15
0.432	2.87466e+15
0.433	2.80962e+15
0.434	2.74612e+15
0.435	2.68411e+15
0.436	2.62356e+15
0.437	2.56444e+15
0.438	2.50669e+15
0.439	2.45031e+15
0.44	2.39524e+15
0.441	2.34146e+15
0.442	2.28894e+15
0.443	2.23764e+15
0.444	2.18755e+15
0.445	2.13862e+15
0.446	2.09083e+15
0.447	2.04415e+15
0.448	1.99856e+15
0.449	1.95403e+15
0.45	1.91053e+15
0.451	1.86804e+15
0.452	1.82654e+15
0.453	1.78599e+15
0.454	1.74639e+15
0.455	1.7077e+15
0.456	1.6699e+15
0.457	1.63298e+15
0.458	1.5969e+15
0.459	1.56166e+15
0.46	1.52723e+15
0.461	1.49359e+15
0.462	1.46072e+15
0.463	1.42861e+15
0.464	1.39723e+15
0.465	1.36657e+15
0.466	1.33661e+15
0.467	1.30734e+15
0.468	1.27874e+15
0.469	1.25079e+15
0.47	1.22347e+15
0.471	1.19678e+15
0.472	1.1707e+15
0.473	1.14521e+15
0.474	1.1203e+15
0.475	1.09595e+15
0.476	1.07216e+15
0.477	1.0489e+15
0.478	1.02618e+15
0.479	1.00396e+15
0.48	9.82249e+14
0.481	9.61027e+14
0.482	9.40283e+14
0.483	9.20007e+14
0.484	9.00188e+14
0.485	8.80814e+14
0.486	8.61876e+14
0.487	8.43362e+14
0.488	8.25264e+14
0.489	8.07572e+14
0.49	7.90275e+14
0.491	7.73366e+14
0.492	7.56834e+14
0.493	7.40672e+14
0.494	7.2487e+14
0.495	7.0942e+14
0.496	6.94314e+14
0.497	6.79545e+14
0.498	6.65103e+14
0.499	6.50982e+14
0.5	6.37174e+14
0.501	6.23673e+14
0.502	6.1047e+14
0.503	5.9756e+14
0.504	5.84934e+14
0.505	5.72588e+14
0.506	5.60514e+14
0.507	5.48705e+14
0.508	5.37157e+14
0.509	5.25863e+14
0.51	5.14818e+14
0.511	5.04014e+14
0.512	4.93448e+14
0.513	4.83113e+14
0.514	4.73005e+14
0.515	4.63118e+14
0.516	4.53446e+14
0.517	4.43986e+14
0.518	4.34733e+14
0.519	4.25681e+14
0.52	4.16826e+14
0.521	4.08164e+14
0.522	3.9969e+14
0.523	3.914e+14
0.524	3.8329e+14
0.525	3.75355e+14
0.526	3.67593e+14
0.527	3.59998e+14
0.528	3.52568e+14
0.529	3.45297e+14
0.53	3.38184e+14
0.531	3.31224e+14
0.532	3.24414e+14
0.533	3.17751e+14
0.534	3.1123e+14
0.535	3.0485e+14
0.536	2.98606e+14
0.537	2.92497e+14
0.538	2.86518e+14
0.539	2.80667e+14
0.54	2.74941e+14
0.541	2.69337e+14
0.542	2.63853e+14
0.543	2.58486e+14
0.544	2.53233e+14
0.545	2.48092e+14
0.546	2.4306e+14
0.547	2.38134e+14
0.548	2.33314e+14
0.549	2.28595e+14
0.55	2.23977e+14
0.551	2.19456e+14
0.552	2.1503e+14
0.553	2.10698e+14
0.554	2.06458e+14
0.555	2.02307e+14
0.556	1.98243e+14
0.557	1.94264e+14
0.558	1.9037e+14
0.559	1.86557e+14
0.56	1.82824e+14
0.561	1.79169e+14
0.562	1.75591e+14
0.563	1.72087e+14
0.564	1.68657e+14
0.565	1.65299e+14
0.566	1.6201e+14
0.567	1.5879e+14
0.568	1.55637e+14
0.569	1.5255e+14
0.57	1.49527e+14
0.571	1.46566e+14
0.572	1.43667e+14
0.573	1.40828e+14
0.574	1.38048e+14
0.575	1.35325e+14
0.576	1.32659e+14
0.577	1.30048e+14
0.578	1.2749e+14
0.579	1.24985e+14
0.58	1.22532e+14
0.581	1.20129e+14
0.582	1.17776e+14
0.583	1.15471e+14
0.584	1.13213e+14
0.585	1.11002e+14
0.586	1.08835e+14
0.587	1.06713e+14
0.588	1.04635e+14
0.589	1.02599e+14
0.59	1.00604e+14
0.591	9.86499e+13
0.592	9.67357e+13
0.593	9.48605e+13
0.594	9.30233e+13
0.595	9.12235e+13
0.596	8.94601e+13
0.597	8.77325e+13
0.598	8.60399e+13
0.599	8.43815e+13
0.6	8.27566e+13
0.601	8.11645e+13
0.602	7.96045e+13
0.603	7.8076e+13
0.604	7.65782e+13
0.605	7.51106e+13
0.606	7.36725e+13
0.607	7.22632e+13
0.608	7.08822e+13
0.609	6.95289e+13
0.61	6.82027e+13
0.611	6.6903e+13
0.612	6.56293e+13
0.613	6.4381e+13
0.614	6.31576e+13
0.615	6.19586e+13
0.616	6.07835e+13
0.617	5.96317e+13
0.618	5.85028e+13
0.619	5.73964e+13
0.62	5.63119e+13
0.621	5.52489e+13
0.622	5.42069e+13
0.623	5.31856e+13
0.624	5.21844e+13
0.625	5.12031e+13
0.626	5.0241e+13
0.627	4.9298e+13
0.628	4.83735e+13
0.629	4.74672e+13
0.63	4.65787e+13
0.631	4.57077e+13
0.632	4.48537e+13
0.633	4.40165e+13
0.634	4.31957e+13
0.635	4.2391e+13
0.636	4.16019e+13
0.637	4.08283e+13
0.638	4.00698e+13
0.639	3.93261e+13
0.64	3.85969e+13
0.641	3.78818e+13
0.642	3.71807e+13
0.643	3.64931e+13
0.644	3.5819e+13
0.645	3.51578e+13
0.646	3.45095e+13
0.647	3.38738e+13
0.648	3.32503e+13
0.649	3.26389e+13
0.65	3.20393e+13
0.651	3.14512e+13
0.652	3.08745e+13
0.653	3.03088e+13
0.654	2.97541e+13
0.655	2.921e+13
0.656	2.86763e+13
0.657	2.81529e+13
0.658	2.76395e+13
0.659	2.7136e+13
0.66	2.6642e+13
0.661	2.61575e+13
0.662	2.56823e+13
0.663	2.52161e+13
0.664	2.47588e+13
0.665	2.43103e+13
0.666	2.38702e+13
0.667	2.34385e+13
0.668	2.3015e+13
0.669	2.25996e+13
0.67	2.2192e+13
0.671	2.17921e+13
0.672	2.13998e+13
0.673	2.10149e+13
0.674	2.06373e+13
0.675	2.02668e+13
0.676	1.99033e+13
0.677	1.95467e+13
0.678	1.91967e+13
0.679	1.88533e+13
0.68	1.85164e+13
0.681	1.81858e+13
0.682	1.78614e+13
0.683	1.75431e+13
0.684	1.72307e+13
0.685	1.69242e+13
0.686	1.66234e+13
0.687	1.63282e+13
0.688	1.60386e+13
0.689	1.57543e+13
0.69	1.54753e+13
0.691	1.52015e+13
0.692	1.49328e+13
0.693	1.46691e+13
0.694	1.44103e+13
0.695	1.41562e+13
0.696	1.39069e+13
0.697	1.36622e+13
0.698	1.3422e+13
0.699	1.31862e+13
0.7	1.29548e+13
0.701	1.27277e+13
0.702	1.25048e+13
0.703	1.22859e+13
0.704	1.20711e+13
0.705	1.18602e+13
0.706	1.16532e+13
0.707	1.145e+13
0.708	1.12505e+13
0.709	1.10546e+13
0.71	1.08624e+13
0.711	1.06736e+13
0.712	1.04883e+13
0.713	1.03064e+13
0.714	1.01278e+13
0.715	9.95246e+12
0.716	9.7803e+12
0.717	9.61127e+12
0.718	9.44531e+12
0.719	9.28236e+12
0.72	9.12236e+12
0.721	8.96526e+12
0.722	8.811e+12
0.723	8.65954e+12
0.724	8.51081e+12
0.725	8.36476e+12
0.726	8.22135e+12
0.727	8.08052e+12
0.728	7.94222e+12
0.729	7.80642e+12
0.73	7.67305e+12
0.731	7.54208e+12
0.732	7.41346e+12
0.733	7.28714e+12
0.734	7.16309e+12
0.735	7.04125e+12
0.736	6.9216e+12
0.737	6.80408e+12
0.738	6.68865e+12
0.739	6.57529e+12
0.74	6.46394e+12
0.741	6.35458e+12
0.742	6.24716e+12
0.743	6.14165e+12
0.744	6.03802e+12
0.745	5.93622e+12
0.746	5.83622e+12
0.747	5.738e+12
0.748	5.64151e+12
0.749	5.54673e+12
0.75	5.45363e+12
0.751	5.36216e+12
0.752	5.27231e+12
0.753	5.18404e+12
0.754	5.09733e+12
0.755	5.01214e+12
0.756	4.92845e+12
0.757	4.84622e+12
0.758	4.76544e+12
0.759	4.68607e+12
0.76	4.6081e+12
0.761	4.53148e+12
0.762	4.45621e+12
0.763	4.38225e+12
0.764	4.30958e+12
0.765	4.23818e+12
0.766	4.16803e+12
0.767	4.09909e+12
0.768	4.03135e+12
0.769	3.96479e+12
0.77	3.89939e+12
0.771	3.83512e+12
0.772	3.77196e+12
0.773	3.7099e+12
0.774	3.64891e+12
0.775	3.58897e+12
0.776	3.53007e+12
0.777	3.47219e+12
0.778	3.4153e+12
0.779	3.3594e+12
0.78	3.30446e+12
0.781	3.25046e+12
0.782	3.19739e+12
0.783	3.14523e+12
0.784	3.09396e+12
0.785	3.04358e+12
0.786	2.99406e+12
0.787	2.94538e+12
0.788	2.89754e+12
0.789	2.85051e+12
0.79	2.80429e+12
0.791	2.75885e+12
0.792	2.71419e+12
0.793	2.67029e+12
0.794	2.62714e+12
0.795	2.58472e+12
0.796	2.54302e+12
0.797	2.50203e+12
0.798	2.46173e+12
0.799	2.42212e+12
0.8	2.38317e+12
0.801	2.34489e+12
0.802	2.30725e+12
0.803	2.27025e+12
0.804	2.23387e+12
0.805	2.1981e+12
0.806	2.16294e+12
0.807	2.12837e+12
0.808	2.09438e+12
0.809	2.06096e+12
0.81	2.0281e+12
0.811	1.99579e+12
0.812	1.96403e+12
0.813	1.93279e+12
0.814	1.90208e+12
0.815	1.87188e+12
0.816	1.84219e+12
0.817	1.81299e+12
0.818	1.78428e+12
0.819	1.75604e+12
0.82	1.72828e+12
0.821	1.70098e+12
0.822	1.67413e+12
0.823	1.64773e+12
0.824	1.62177e+12
0.825	1.59623e+12
0.826	1.57112e+12
0.827	1.54643e+12
0.828	1.52214e+12
0.829	1.49825e+12
0.83	1.47476e+12
0.831	1.45166e+12
0.832	1.42894e+12
0.833	1.40659e+12
0.834	1.38461e+12
0.835	1.36299e+12
0.836	1.34172e+12
0.837	1.32081e+12
0.838	1.30024e+12
0.839	1.28e+12
0.84	1.2601e+12
0.841	1.24052e+12
0.842	1.22126e+12
0.843	1.20232e+12
0.844	1.18368e+12
0.845	1.16535e+12
0.846	1.14732e+12
0.847	1.12958e+12
0.848	1.11213e+12
0.849	1.09497e+12
0.85	1.07808e+12
0.851	1.06147e+12
0.852	1.04513e+12
0.853	1.02905e+12
0.854	1.01323e+12
0.855	9.97665e+11
0.856	9.82354e+11
0.857	9.6729e+11
0.858	9.5247e+11
0.859	9.37888e+11
0.86	9.23541e+11
0.861	9.09425e+11
0.862	8.95536e+11
0.863	8.81871e+11
0.864	8.68425e+11
0.865	8.55194e+11
0.866	8.42176e+11
0.867	8.29366e+11
0.868	8.16762e+11
0.869	8.04358e+11
0.87	7.92154e+11
0.871	7.80144e+11
0.872	7.68325e+11
0.873	7.56696e+11
0.874	7.45251e+11
0.875	7.33989e+11
0.876	7.22905e+11
0.877	7.11998e+11
0.878	7.01264e+11
0.879	6.90701e+11
0.88	6.80304e+11
0.881	6.70073e+11
0.882	6.60003e+11
0.883	6.50093e+11
0.884	6.4034e+11
0.885	6.3074e+11
0.886	6.21292e+11
0.887	6.11993e+11
0.888	6.0284e+11
0.889	5.93832e+11
0.89	5.84965e+11
0.891	5.76237e+11
0.892	5.67647e+11
0.893	5.59191e+11
0.894	5.50868e+11
0.895	5.42676e+11
0.896	5.34611e+11
0.897	5.26673e+11
0.898	5.18859e+11
0.899	5.11167e+11
0.9	5.03595e+11
0.901	4.96141e+11
0.902	4.88803e+11
0.903	4.81579e+11
0.904	4.74468e+11
0.905	4.67467e+11
0.906	4.60575e+11
0.907	4.5379e+11
0.908	4.47111e+11
0.909	4.40534e+11
0.91	4.3406e+11
0.911	4.27686e+11
0.912	4.2141e+11
0.913	4.15231e+11
0.914	4.09148e+11
0.915	4.03158e+11
0.916	3.97261e+11
0.917	3.91454e+11
0.918	3.85737e+11
0.919	3.80108e+11
0.92	3.74565e+11
0.921	3.69108e+11
0.922	3.63734e+11
0.923	3.58442e+11
0.924	3.53232e+11
0.925	3.48101e+11
0.926	3.43049e+11
0.927	3.38074e+11
0.928	3.33175e+11
0.929	3.2835e+11
0.93	3.236e+11
0.931	3.18921e+11
0.932	3.14314e+11
0.933	3.09777e+11
0.934	3.05309e+11
0.935	3.00908e+11
0.936	2.96575e+11
0.937	2.92307e+11
0.938	2.88104e+11
0.939	2.83964e+11
0.94	2.79887e+11
0.941	2.75872e+11
0.942	2.71917e+11
0.943	2.68023e+11
0.944	2.64186e+11
0.945	2.60408e+11
0.946	2.56687e+11
0.947	2.53021e+11
0.948	2.49411e+11
0.949	2.45855e+11
0.95	2.42352e+11
0.951	2.38902e+11
0.952	2.35503e+11
0.953	2.32156e+11
0.954	2.28858e+11
0.955	2.2561e+11
0.956	2.22411e+11
0.957	2.19259e+11
0.958	2.16154e+11
0.959	2.13096e+11
0.96	2.10083e+11
0.961	2.07115e+11
0.962	2.04191e+11
0.963	2.0131e+11
0.964	1.98473e+11
0.965	1.95677e+11
0.966	1.92923e+11
0.967	1.9021e+11
0.968	1.87537e+11
0.969	1.84904e+11
0.97	1.82309e+11
0.971	1.79753e+11
0.972	1.77234e+11
0.973	1.74753e+11
0.974	1.72308e+11
0.975	1.699e+11
0.976	1.67527e+11
0.977	1.65188e+11
0.978	1.62884e+11
0.979	1.60614e+11
0.98	1.58377e+11
0.981	1.56174e+11
0.982	1.54002e+11
0.983	1.51862e+11
0.984	1.49753e+11
0.985	1.47676e+11
0.986	1.45628e+11
0.987	1.43611e+11
0.988	1.41623e+11
0.989	1.39664e+11
0.99	1.37733e+11
0.991	1.35831e+11
0.992	1.33956e+11
0.993	1.32109e+11
0.994	1.30288e+11
0.995	1.28494e+11
0.996	1.26726e+11
0.997	1.24983e+11
0.998	1.23266e+11
0.999	1.21574e+11
1	1.19906e+11
