0	0
0	1.74087e+19
0.001	1.85629e+19
0.002	1.97813e+19
0.003	2.10661e+19
0.004	2.24197e+19
0.005	2.38443e+19
0.006	2.53419e+19
0.007	2.69146e+19
0.008	2.85642e+19
0.009	3.02924e+19
0.01	3.21008e+19
0.011	3.39907e+19
0.012	3.59633e+19
0.013	3.80193e+19
0.014	4.01595e+19
0.015	4.2384e+19
0.016	4.46927e+19
0.017	4.70852e+19
0.018	4.95605e+19
0.019	5.21174e+19
0.02	5.47541e+19
0.021	5.74682e+19
0.022	6.02569e+19
0.023	6.31168e+19
0.024	6.60439e+19
0.025	6.90337e+19
0.026	7.2081e+19
0.027	7.51799e+19
0.028	7.83239e+19
0.029	8.1506e+19
0.03	8.47184e+19
0.031	8.79526e+19
0.032	9.11997e+19
0.033	9.44501e+19
0.034	9.76935e+19
0.035	1.00919e+20
0.036	1.04116e+20
0.037	1.07272e+20
0.038	1.10376e+20
0.039	1.13414e+20
0.04	1.16375e+20
0.041	1.19245e+20
0.042	1.22012e+20
0.043	1.24663e+20
0.044	1.27184e+20
0.045	1.29564e+20
0.046	1.3179e+20
0.047	1.3385e+20
0.048	1.35733e+20
0.049	1.37428e+20
0.05	1.38925e+20
0.051	1.40215e+20
0.052	1.41289e+20
0.053	1.42141e+20
0.054	1.42764e+20
0.055	1.43153e+20
0.056	1.43305e+20
0.057	1.43217e+20
0.058	1.42888e+20
0.059	1.42318e+20
0.06	1.4151e+20
0.061	1.40465e+20
0.062	1.39189e+20
0.063	1.37687e+20
0.064	1.35966e+20
0.065	1.34035e+20
0.066	1.31903e+20
0.067	1.29581e+20
0.068	1.2708e+20
0.069	1.24413e+20
0.07	1.21594e+20
0.071	1.18636e+20
0.072	1.15554e+20
0.073	1.12362e+20
0.074	1.09077e+20
0.075	1.05714e+20
0.076	1.02288e+20
0.077	9.88141e+19
0.078	9.53081e+19
0.079	9.17845e+19
0.08	8.82579e+19
0.081	8.47418e+19
0.082	8.12495e+19
0.083	7.77935e+19
0.084	7.43852e+19
0.085	7.10356e+19
0.086	6.77543e+19
0.087	6.45504e+19
0.088	6.14318e+19
0.089	5.84054e+19
0.09	5.54771e+19
0.091	5.26521e+19
0.092	4.99343e+19
0.093	4.7327e+19
0.094	4.48323e+19
0.095	4.24517e+19
0.096	4.01858e+19
0.097	3.80346e+19
0.098	3.59971e+19
0.099	3.4072e+19
0.1	3.22574e+19
0.101	3.05507e+19
0.102	2.8949e+19
0.103	2.74492e+19
0.104	2.60476e+19
0.105	2.47403e+19
0.106	2.35234e+19
0.107	2.23926e+19
0.108	2.13437e+19
0.109	2.03724e+19
0.11	1.94742e+19
0.111	1.86448e+19
0.112	1.78799e+19
0.113	1.71754e+19
0.114	1.65271e+19
0.115	1.59311e+19
0.116	1.53834e+19
0.117	1.48805e+19
0.118	1.44189e+19
0.119	1.39951e+19
0.12	1.3606e+19
0.121	1.32486e+19
0.122	1.29201e+19
0.123	1.2618e+19
0.124	1.23397e+19
0.125	1.2083e+19
0.126	1.18457e+19
0.127	1.1626e+19
0.128	1.14219e+19
0.129	1.1232e+19
0.13	1.10547e+19
0.131	1.08886e+19
0.132	1.07325e+19
0.133	1.05852e+19
0.134	1.04458e+19
0.135	1.03132e+19
0.136	1.01868e+19
0.137	1.00656e+19
0.138	9.94918e+18
0.139	9.8368e+18
0.14	9.72797e+18
0.141	9.62223e+18
0.142	9.51917e+18
0.143	9.41843e+18
0.144	9.31969e+18
0.145	9.22268e+18
0.146	9.12715e+18
0.147	9.03289e+18
0.148	8.93974e+18
0.149	8.84753e+18
0.15	8.75613e+18
0.151	8.66543e+18
0.152	8.57535e+18
0.153	8.48581e+18
0.154	8.39673e+18
0.155	8.30808e+18
0.156	8.21981e+18
0.157	8.13189e+18
0.158	8.04431e+18
0.159	7.95703e+18
0.16	7.87006e+18
0.161	7.78339e+18
0.162	7.69702e+18
0.163	7.61096e+18
0.164	7.5252e+18
0.165	7.43975e+18
0.166	7.35464e+18
0.167	7.26987e+18
0.168	7.18545e+18
0.169	7.1014e+18
0.17	7.01774e+18
0.171	6.93447e+18
0.172	6.85162e+18
0.173	6.76921e+18
0.174	6.68724e+18
0.175	6.60574e+18
0.176	6.52472e+18
0.177	6.44419e+18
0.178	6.36418e+18
0.179	6.28469e+18
0.18	6.20574e+18
0.181	6.12735e+18
0.182	6.04952e+18
0.183	5.97227e+18
0.184	5.89561e+18
0.185	5.81955e+18
0.186	5.7441e+18
0.187	5.66928e+18
0.188	5.59508e+18
0.189	5.52153e+18
0.19	5.44862e+18
0.191	5.37637e+18
0.192	5.30478e+18
0.193	5.23386e+18
0.194	5.16361e+18
0.195	5.09403e+18
0.196	5.02515e+18
0.197	4.95694e+18
0.198	4.88943e+18
0.199	4.82261e+18
0.2	4.75649e+18
0.201	4.69106e+18
0.202	4.62633e+18
0.203	4.5623e+18
0.204	4.49897e+18
0.205	4.43635e+18
0.206	4.37442e+18
0.207	4.3132e+18
0.208	4.25267e+18
0.209	4.19284e+18
0.21	4.13371e+18
0.211	4.07528e+18
0.212	4.01753e+18
0.213	3.96048e+18
0.214	3.90412e+18
0.215	3.84844e+18
0.216	3.79345e+18
0.217	3.73913e+18
0.218	3.68549e+18
0.219	3.63252e+18
0.22	3.58022e+18
0.221	3.52858e+18
0.222	3.47761e+18
0.223	3.42729e+18
0.224	3.37761e+18
0.225	3.32859e+18
0.226	3.2802e+18
0.227	3.23246e+18
0.228	3.18534e+18
0.229	3.13885e+18
0.23	3.09298e+18
0.231	3.04772e+18
0.232	3.00308e+18
0.233	2.95904e+18
0.234	2.91559e+18
0.235	2.87274e+18
0.236	2.83048e+18
0.237	2.7888e+18
0.238	2.7477e+18
0.239	2.70716e+18
0.24	2.66719e+18
0.241	2.62778e+18
0.242	2.58892e+18
0.243	2.55061e+18
0.244	2.51284e+18
0.245	2.4756e+18
0.246	2.43889e+18
0.247	2.40271e+18
0.248	2.36704e+18
0.249	2.33188e+18
0.25	2.29722e+18
0.251	2.26306e+18
0.252	2.2294e+18
0.253	2.19623e+18
0.254	2.16353e+18
0.255	2.13131e+18
0.256	2.09956e+18
0.257	2.06827e+18
0.258	2.03744e+18
0.259	2.00706e+18
0.26	1.97713e+18
0.261	1.94763e+18
0.262	1.91858e+18
0.263	1.88995e+18
0.264	1.86174e+18
0.265	1.83395e+18
0.266	1.80658e+18
0.267	1.77961e+18
0.268	1.75304e+18
0.269	1.72687e+18
0.27	1.70109e+18
0.271	1.67569e+18
0.272	1.65068e+18
0.273	1.62603e+18
0.274	1.60176e+18
0.275	1.57786e+18
0.276	1.55431e+18
0.277	1.53111e+18
0.278	1.50827e+18
0.279	1.48577e+18
0.28	1.46361e+18
0.281	1.44178e+18
0.282	1.42029e+18
0.283	1.39912e+18
0.284	1.37827e+18
0.285	1.35774e+18
0.286	1.33751e+18
0.287	1.3176e+18
0.288	1.29799e+18
0.289	1.27867e+18
0.29	1.25965e+18
0.291	1.24092e+18
0.292	1.22248e+18
0.293	1.20431e+18
0.294	1.18642e+18
0.295	1.16881e+18
0.296	1.15146e+18
0.297	1.13438e+18
0.298	1.11756e+18
0.299	1.10099e+18
0.3	1.08468e+18
0.301	1.06862e+18
0.302	1.0528e+18
0.303	1.03723e+18
0.304	1.02189e+18
0.305	1.00679e+18
0.306	9.91921e+17
0.307	9.77278e+17
0.308	9.6286e+17
0.309	9.48661e+17
0.31	9.34681e+17
0.311	9.20914e+17
0.312	9.07358e+17
0.313	8.94009e+17
0.314	8.80865e+17
0.315	8.67923e+17
0.316	8.55178e+17
0.317	8.42629e+17
0.318	8.30271e+17
0.319	8.18103e+17
0.32	8.06121e+17
0.321	7.94323e+17
0.322	7.82705e+17
0.323	7.71265e+17
0.324	7.6e+17
0.325	7.48907e+17
0.326	7.37984e+17
0.327	7.27228e+17
0.328	7.16637e+17
0.329	7.06207e+17
0.33	6.95937e+17
0.331	6.85823e+17
0.332	6.75864e+17
0.333	6.66057e+17
0.334	6.564e+17
0.335	6.4689e+17
0.336	6.37526e+17
0.337	6.28304e+17
0.338	6.19223e+17
0.339	6.1028e+17
0.34	6.01473e+17
0.341	5.928e+17
0.342	5.8426e+17
0.343	5.75849e+17
0.344	5.67567e+17
0.345	5.5941e+17
0.346	5.51377e+17
0.347	5.43466e+17
0.348	5.35676e+17
0.349	5.28003e+17
0.35	5.20447e+17
0.351	5.13006e+17
0.352	5.05677e+17
0.353	4.98459e+17
0.354	4.91351e+17
0.355	4.8435e+17
0.356	4.77454e+17
0.357	4.70664e+17
0.358	4.63975e+17
0.359	4.57388e+17
0.36	4.509e+17
0.361	4.4451e+17
0.362	4.38216e+17
0.363	4.32017e+17
0.364	4.25912e+17
0.365	4.19898e+17
0.366	4.13974e+17
0.367	4.0814e+17
0.368	4.02393e+17
0.369	3.96732e+17
0.37	3.91157e+17
0.371	3.85665e+17
0.372	3.80255e+17
0.373	3.74926e+17
0.374	3.69676e+17
0.375	3.64506e+17
0.376	3.59412e+17
0.377	3.54395e+17
0.378	3.49452e+17
0.379	3.44583e+17
0.38	3.39786e+17
0.381	3.35061e+17
0.382	3.30406e+17
0.383	3.25821e+17
0.384	3.21303e+17
0.385	3.16853e+17
0.386	3.12468e+17
0.387	3.08149e+17
0.388	3.03893e+17
0.389	2.997e+17
0.39	2.9557e+17
0.391	2.915e+17
0.392	2.8749e+17
0.393	2.8354e+17
0.394	2.79648e+17
0.395	2.75813e+17
0.396	2.72034e+17
0.397	2.68312e+17
0.398	2.64643e+17
0.399	2.61029e+17
0.4	2.57468e+17
0.401	2.53958e+17
0.402	2.50501e+17
0.403	2.47093e+17
0.404	2.43736e+17
0.405	2.40428e+17
0.406	2.37167e+17
0.407	2.33955e+17
0.408	2.30789e+17
0.409	2.2767e+17
0.41	2.24595e+17
0.411	2.21566e+17
0.412	2.1858e+17
0.413	2.15638e+17
0.414	2.12738e+17
0.415	2.0988e+17
0.416	2.07064e+17
0.417	2.04289e+17
0.418	2.01553e+17
0.419	1.98857e+17
0.42	1.962e+17
0.421	1.93581e+17
0.422	1.91e+17
0.423	1.88456e+17
0.424	1.85948e+17
0.425	1.83477e+17
0.426	1.81041e+17
0.427	1.7864e+17
0.428	1.76273e+17
0.429	1.7394e+17
0.43	1.7164e+17
0.431	1.69373e+17
0.432	1.67139e+17
0.433	1.64936e+17
0.434	1.62765e+17
0.435	1.60625e+17
0.436	1.58515e+17
0.437	1.56435e+17
0.438	1.54384e+17
0.439	1.52363e+17
0.44	1.5037e+17
0.441	1.48405e+17
0.442	1.46469e+17
0.443	1.44559e+17
0.444	1.42676e+17
0.445	1.4082e+17
0.446	1.3899e+17
0.447	1.37186e+17
0.448	1.35407e+17
0.449	1.33654e+17
0.45	1.31924e+17
0.451	1.30219e+17
0.452	1.28538e+17
0.453	1.2688e+17
0.454	1.25246e+17
0.455	1.23634e+17
0.456	1.22045e+17
0.457	1.20478e+17
0.458	1.18932e+17
0.459	1.17409e+17
0.46	1.15906e+17
0.461	1.14424e+17
0.462	1.12963e+17
0.463	1.11522e+17
0.464	1.10101e+17
0.465	1.08699e+17
0.466	1.07317e+17
0.467	1.05954e+17
0.468	1.0461e+17
0.469	1.03284e+17
0.47	1.01977e+17
0.471	1.00687e+17
0.472	9.94154e+16
0.473	9.8161e+16
0.474	9.69238e+16
0.475	9.57035e+16
0.476	9.44999e+16
0.477	9.33127e+16
0.478	9.21417e+16
0.479	9.09867e+16
0.48	8.98475e+16
0.481	8.87237e+16
0.482	8.76152e+16
0.483	8.65217e+16
0.484	8.54431e+16
0.485	8.43791e+16
0.486	8.33295e+16
0.487	8.22941e+16
0.488	8.12727e+16
0.489	8.02651e+16
0.49	7.9271e+16
0.491	7.82903e+16
0.492	7.73229e+16
0.493	7.63684e+16
0.494	7.54267e+16
0.495	7.44977e+16
0.496	7.35812e+16
0.497	7.26769e+16
0.498	7.17846e+16
0.499	7.09044e+16
0.5	7.00358e+16
0.501	6.91789e+16
0.502	6.83333e+16
0.503	6.7499e+16
0.504	6.66758e+16
0.505	6.58635e+16
0.506	6.50621e+16
0.507	6.42712e+16
0.508	6.34908e+16
0.509	6.27207e+16
0.51	6.19608e+16
0.511	6.12109e+16
0.512	6.04709e+16
0.513	5.97406e+16
0.514	5.902e+16
0.515	5.83088e+16
0.516	5.7607e+16
0.517	5.69144e+16
0.518	5.62308e+16
0.519	5.55562e+16
0.52	5.48905e+16
0.521	5.42334e+16
0.522	5.35849e+16
0.523	5.29448e+16
0.524	5.23131e+16
0.525	5.16896e+16
0.526	5.10742e+16
0.527	5.04668e+16
0.528	4.98673e+16
0.529	4.92755e+16
0.53	4.86915e+16
0.531	4.81149e+16
0.532	4.75458e+16
0.533	4.69841e+16
0.534	4.64296e+16
0.535	4.58822e+16
0.536	4.53419e+16
0.537	4.48085e+16
0.538	4.4282e+16
0.539	4.37622e+16
0.54	4.32491e+16
0.541	4.27425e+16
0.542	4.22424e+16
0.543	4.17487e+16
0.544	4.12614e+16
0.545	4.07802e+16
0.546	4.03051e+16
0.547	3.98361e+16
0.548	3.93731e+16
0.549	3.89159e+16
0.55	3.84645e+16
0.551	3.80189e+16
0.552	3.75789e+16
0.553	3.71444e+16
0.554	3.67155e+16
0.555	3.62919e+16
0.556	3.58737e+16
0.557	3.54608e+16
0.558	3.5053e+16
0.559	3.46504e+16
0.56	3.42528e+16
0.561	3.38602e+16
0.562	3.34726e+16
0.563	3.30897e+16
0.564	3.27117e+16
0.565	3.23384e+16
0.566	3.19697e+16
0.567	3.16057e+16
0.568	3.12461e+16
0.569	3.08911e+16
0.57	3.05404e+16
0.571	3.01942e+16
0.572	2.98522e+16
0.573	2.95144e+16
0.574	2.91808e+16
0.575	2.88513e+16
0.576	2.8526e+16
0.577	2.82046e+16
0.578	2.78872e+16
0.579	2.75737e+16
0.58	2.7264e+16
0.581	2.69581e+16
0.582	2.66561e+16
0.583	2.63577e+16
0.584	2.60629e+16
0.585	2.57718e+16
0.586	2.54842e+16
0.587	2.52002e+16
0.588	2.49196e+16
0.589	2.46424e+16
0.59	2.43686e+16
0.591	2.40981e+16
0.592	2.38309e+16
0.593	2.3567e+16
0.594	2.33062e+16
0.595	2.30487e+16
0.596	2.27942e+16
0.597	2.25428e+16
0.598	2.22944e+16
0.599	2.20491e+16
0.6	2.18067e+16
0.601	2.15672e+16
0.602	2.13306e+16
0.603	2.10968e+16
0.604	2.08659e+16
0.605	2.06377e+16
0.606	2.04122e+16
0.607	2.01894e+16
0.608	1.99693e+16
0.609	1.97519e+16
0.61	1.9537e+16
0.611	1.93247e+16
0.612	1.91149e+16
0.613	1.89076e+16
0.614	1.87028e+16
0.615	1.85004e+16
0.616	1.83004e+16
0.617	1.81028e+16
0.618	1.79075e+16
0.619	1.77145e+16
0.62	1.75238e+16
0.621	1.73353e+16
0.622	1.71491e+16
0.623	1.69651e+16
0.624	1.67832e+16
0.625	1.66035e+16
0.626	1.64258e+16
0.627	1.62503e+16
0.628	1.60768e+16
0.629	1.59053e+16
0.63	1.57359e+16
0.631	1.55684e+16
0.632	1.54029e+16
0.633	1.52393e+16
0.634	1.50776e+16
0.635	1.49178e+16
0.636	1.47599e+16
0.637	1.46038e+16
0.638	1.44495e+16
0.639	1.42969e+16
0.64	1.41462e+16
0.641	1.39972e+16
0.642	1.38499e+16
0.643	1.37043e+16
0.644	1.35604e+16
0.645	1.34182e+16
0.646	1.32775e+16
0.647	1.31385e+16
0.648	1.30011e+16
0.649	1.28653e+16
0.65	1.27311e+16
0.651	1.25983e+16
0.652	1.24671e+16
0.653	1.23374e+16
0.654	1.22092e+16
0.655	1.20824e+16
0.656	1.19571e+16
0.657	1.18332e+16
0.658	1.17107e+16
0.659	1.15896e+16
0.66	1.14698e+16
0.661	1.13515e+16
0.662	1.12345e+16
0.663	1.11187e+16
0.664	1.10044e+16
0.665	1.08912e+16
0.666	1.07794e+16
0.667	1.06689e+16
0.668	1.05595e+16
0.669	1.04514e+16
0.67	1.03446e+16
0.671	1.02389e+16
0.672	1.01344e+16
0.673	1.00311e+16
0.674	9.92889e+15
0.675	9.82786e+15
0.676	9.72797e+15
0.677	9.62919e+15
0.678	9.53151e+15
0.679	9.43491e+15
0.68	9.33939e+15
0.681	9.24494e+15
0.682	9.15153e+15
0.683	9.05916e+15
0.684	8.96781e+15
0.685	8.87748e+15
0.686	8.78814e+15
0.687	8.69979e+15
0.688	8.61242e+15
0.689	8.52601e+15
0.69	8.44055e+15
0.691	8.35603e+15
0.692	8.27245e+15
0.693	8.18978e+15
0.694	8.10801e+15
0.695	8.02715e+15
0.696	7.94717e+15
0.697	7.86807e+15
0.698	7.78983e+15
0.699	7.71244e+15
0.7	7.6359e+15
0.701	7.5602e+15
0.702	7.48532e+15
0.703	7.41125e+15
0.704	7.33799e+15
0.705	7.26552e+15
0.706	7.19384e+15
0.707	7.12294e+15
0.708	7.05281e+15
0.709	6.98343e+15
0.71	6.9148e+15
0.711	6.84692e+15
0.712	6.77977e+15
0.713	6.71334e+15
0.714	6.64763e+15
0.715	6.58262e+15
0.716	6.51831e+15
0.717	6.45469e+15
0.718	6.39176e+15
0.719	6.3295e+15
0.72	6.2679e+15
0.721	6.20697e+15
0.722	6.14668e+15
0.723	6.08704e+15
0.724	6.02804e+15
0.725	5.96966e+15
0.726	5.91191e+15
0.727	5.85476e+15
0.728	5.79823e+15
0.729	5.7423e+15
0.73	5.68696e+15
0.731	5.6322e+15
0.732	5.57803e+15
0.733	5.52443e+15
0.734	5.47139e+15
0.735	5.41892e+15
0.736	5.36699e+15
0.737	5.31562e+15
0.738	5.26478e+15
0.739	5.21448e+15
0.74	5.16471e+15
0.741	5.11546e+15
0.742	5.06673e+15
0.743	5.01851e+15
0.744	4.97079e+15
0.745	4.92357e+15
0.746	4.87685e+15
0.747	4.83061e+15
0.748	4.78485e+15
0.749	4.73957e+15
0.75	4.69476e+15
0.751	4.65042e+15
0.752	4.60654e+15
0.753	4.56311e+15
0.754	4.52014e+15
0.755	4.47761e+15
0.756	4.43552e+15
0.757	4.39386e+15
0.758	4.35264e+15
0.759	4.31184e+15
0.76	4.27146e+15
0.761	4.23149e+15
0.762	4.19194e+15
0.763	4.1528e+15
0.764	4.11405e+15
0.765	4.07571e+15
0.766	4.03776e+15
0.767	4.00019e+15
0.768	3.96301e+15
0.769	3.92621e+15
0.77	3.88979e+15
0.771	3.85374e+15
0.772	3.81806e+15
0.773	3.78274e+15
0.774	3.74777e+15
0.775	3.71317e+15
0.776	3.67892e+15
0.777	3.64501e+15
0.778	3.61145e+15
0.779	3.57823e+15
0.78	3.54534e+15
0.781	3.51279e+15
0.782	3.48056e+15
0.783	3.44866e+15
0.784	3.41709e+15
0.785	3.38583e+15
0.786	3.35488e+15
0.787	3.32425e+15
0.788	3.29392e+15
0.789	3.2639e+15
0.79	3.23418e+15
0.791	3.20476e+15
0.792	3.17563e+15
0.793	3.1468e+15
0.794	3.11825e+15
0.795	3.08998e+15
0.796	3.062e+15
0.797	3.0343e+15
0.798	3.00688e+15
0.799	2.97972e+15
0.8	2.95284e+15
0.801	2.92622e+15
0.802	2.89987e+15
0.803	2.87378e+15
0.804	2.84795e+15
0.805	2.82237e+15
0.806	2.79704e+15
0.807	2.77197e+15
0.808	2.74714e+15
0.809	2.72256e+15
0.81	2.69822e+15
0.811	2.67412e+15
0.812	2.65026e+15
0.813	2.62663e+15
0.814	2.60323e+15
0.815	2.58006e+15
0.816	2.55712e+15
0.817	2.53441e+15
0.818	2.51191e+15
0.819	2.48964e+15
0.82	2.46758e+15
0.821	2.44574e+15
0.822	2.42411e+15
0.823	2.4027e+15
0.824	2.38149e+15
0.825	2.36048e+15
0.826	2.33968e+15
0.827	2.31909e+15
0.828	2.29869e+15
0.829	2.27849e+15
0.83	2.25848e+15
0.831	2.23867e+15
0.832	2.21905e+15
0.833	2.19962e+15
0.834	2.18038e+15
0.835	2.16132e+15
0.836	2.14244e+15
0.837	2.12375e+15
0.838	2.10524e+15
0.839	2.0869e+15
0.84	2.06874e+15
0.841	2.05076e+15
0.842	2.03294e+15
0.843	2.0153e+15
0.844	1.99783e+15
0.845	1.98052e+15
0.846	1.96338e+15
0.847	1.9464e+15
0.848	1.92958e+15
0.849	1.91292e+15
0.85	1.89642e+15
0.851	1.88008e+15
0.852	1.86389e+15
0.853	1.84786e+15
0.854	1.83198e+15
0.855	1.81625e+15
0.856	1.80067e+15
0.857	1.78523e+15
0.858	1.76994e+15
0.859	1.7548e+15
0.86	1.73979e+15
0.861	1.72493e+15
0.862	1.71021e+15
0.863	1.69563e+15
0.864	1.68118e+15
0.865	1.66687e+15
0.866	1.6527e+15
0.867	1.63865e+15
0.868	1.62474e+15
0.869	1.61096e+15
0.87	1.59731e+15
0.871	1.58378e+15
0.872	1.57038e+15
0.873	1.55711e+15
0.874	1.54396e+15
0.875	1.53093e+15
0.876	1.51802e+15
0.877	1.50523e+15
0.878	1.49257e+15
0.879	1.48001e+15
0.88	1.46758e+15
0.881	1.45526e+15
0.882	1.44305e+15
0.883	1.43096e+15
0.884	1.41898e+15
0.885	1.40711e+15
0.886	1.39535e+15
0.887	1.3837e+15
0.888	1.37215e+15
0.889	1.36071e+15
0.89	1.34938e+15
0.891	1.33815e+15
0.892	1.32702e+15
0.893	1.31599e+15
0.894	1.30507e+15
0.895	1.29424e+15
0.896	1.28352e+15
0.897	1.27289e+15
0.898	1.26236e+15
0.899	1.25193e+15
0.9	1.24159e+15
0.901	1.23134e+15
0.902	1.22119e+15
0.903	1.21113e+15
0.904	1.20116e+15
0.905	1.19128e+15
0.906	1.18149e+15
0.907	1.17179e+15
0.908	1.16218e+15
0.909	1.15265e+15
0.91	1.14321e+15
0.911	1.13386e+15
0.912	1.12459e+15
0.913	1.1154e+15
0.914	1.1063e+15
0.915	1.09728e+15
0.916	1.08834e+15
0.917	1.07948e+15
0.918	1.0707e+15
0.919	1.062e+15
0.92	1.05337e+15
0.921	1.04483e+15
0.922	1.03636e+15
0.923	1.02796e+15
0.924	1.01964e+15
0.925	1.0114e+15
0.926	1.00322e+15
0.927	9.95124e+14
0.928	9.87097e+14
0.929	9.79141e+14
0.93	9.71256e+14
0.931	9.63441e+14
0.932	9.55695e+14
0.933	9.48018e+14
0.934	9.40409e+14
0.935	9.32868e+14
0.936	9.25392e+14
0.937	9.17983e+14
0.938	9.1064e+14
0.939	9.03361e+14
0.94	8.96146e+14
0.941	8.88995e+14
0.942	8.81907e+14
0.943	8.74881e+14
0.944	8.67917e+14
0.945	8.61014e+14
0.946	8.54171e+14
0.947	8.47388e+14
0.948	8.40665e+14
0.949	8.34001e+14
0.95	8.27395e+14
0.951	8.20846e+14
0.952	8.14355e+14
0.953	8.0792e+14
0.954	8.01542e+14
0.955	7.95219e+14
0.956	7.8895e+14
0.957	7.82737e+14
0.958	7.76577e+14
0.959	7.70471e+14
0.96	7.64418e+14
0.961	7.58417e+14
0.962	7.52468e+14
0.963	7.46571e+14
0.964	7.40724e+14
0.965	7.34928e+14
0.966	7.29182e+14
0.967	7.23486e+14
0.968	7.17839e+14
0.969	7.1224e+14
0.97	7.0669e+14
0.971	7.01187e+14
0.972	6.95731e+14
0.973	6.90322e+14
0.974	6.8496e+14
0.975	6.79643e+14
0.976	6.74373e+14
0.977	6.69147e+14
0.978	6.63965e+14
0.979	6.58829e+14
0.98	6.53735e+14
0.981	6.48686e+14
0.982	6.43679e+14
0.983	6.38715e+14
0.984	6.33793e+14
0.985	6.28913e+14
0.986	6.24075e+14
0.987	6.19277e+14
0.988	6.1452e+14
0.989	6.09804e+14
0.99	6.05127e+14
0.991	6.0049e+14
0.992	5.95892e+14
0.993	5.91333e+14
0.994	5.86813e+14
0.995	5.82331e+14
0.996	5.77886e+14
0.997	5.73479e+14
0.998	5.69109e+14
0.999	5.64775e+14
1	5.60478e+14
