0	100000
0	2.14788e+19
0.001	2.14838e+19
0.002	2.14883e+19
0.003	2.14924e+19
0.004	2.14959e+19
0.005	2.1499e+19
0.006	2.15017e+19
0.007	2.15039e+19
0.008	2.15056e+19
0.009	2.15069e+19
0.01	2.15078e+19
0.011	2.15082e+19
0.012	2.15081e+19
0.013	2.15076e+19
0.014	2.15066e+19
0.015	2.15052e+19
0.016	2.15034e+19
0.017	2.15011e+19
0.018	2.14984e+19
0.019	2.14952e+19
0.02	2.14916e+19
0.021	2.14876e+19
0.022	2.14831e+19
0.023	2.14782e+19
0.024	2.14729e+19
0.025	2.14671e+19
0.026	2.14609e+19
0.027	2.14543e+19
0.028	2.14473e+19
0.029	2.14399e+19
0.03	2.14321e+19
0.031	2.14238e+19
0.032	2.14152e+19
0.033	2.14062e+19
0.034	2.13967e+19
0.035	2.13869e+19
0.036	2.13767e+19
0.037	2.13661e+19
0.038	2.13552e+19
0.039	2.13438e+19
0.04	2.13321e+19
0.041	2.132e+19
0.042	2.13076e+19
0.043	2.12948e+19
0.044	2.12817e+19
0.045	2.12682e+19
0.046	2.12544e+19
0.047	2.12402e+19
0.048	2.12257e+19
0.049	2.12109e+19
0.05	2.11958e+19
0.051	2.11803e+19
0.052	2.11645e+19
0.053	2.11485e+19
0.054	2.11321e+19
0.055	2.11154e+19
0.056	2.10984e+19
0.057	2.10812e+19
0.058	2.10637e+19
0.059	2.10459e+19
0.06	2.10278e+19
0.061	2.10095e+19
0.062	2.09909e+19
0.063	2.0972e+19
0.064	2.09529e+19
0.065	2.09336e+19
0.066	2.0914e+19
0.067	2.08942e+19
0.068	2.08742e+19
0.069	2.08539e+19
0.07	2.08334e+19
0.071	2.08128e+19
0.072	2.07919e+19
0.073	2.07708e+19
0.074	2.07495e+19
0.075	2.0728e+19
0.076	2.07063e+19
0.077	2.06844e+19
0.078	2.06624e+19
0.079	2.06402e+19
0.08	2.06178e+19
0.081	2.05952e+19
0.082	2.05725e+19
0.083	2.05496e+19
0.084	2.05266e+19
0.085	2.05034e+19
0.086	2.04801e+19
0.087	2.04566e+19
0.088	2.0433e+19
0.089	2.04093e+19
0.09	2.03854e+19
0.091	2.03614e+19
0.092	2.03373e+19
0.093	2.0313e+19
0.094	2.02886e+19
0.095	2.02642e+19
0.096	2.02396e+19
0.097	2.02149e+19
0.098	2.01901e+19
0.099	2.01652e+19
0.1	2.01401e+19
0.101	2.0115e+19
0.102	2.00898e+19
0.103	2.00645e+19
0.104	2.00391e+19
0.105	2.00137e+19
0.106	1.99881e+19
0.107	1.99625e+19
0.108	1.99367e+19
0.109	1.99109e+19
0.11	1.9885e+19
0.111	1.98591e+19
0.112	1.9833e+19
0.113	1.98069e+19
0.114	1.97808e+19
0.115	1.97545e+19
0.116	1.97282e+19
0.117	1.97018e+19
0.118	1.96754e+19
0.119	1.96489e+19
0.12	1.96223e+19
0.121	1.95957e+19
0.122	1.95691e+19
0.123	1.95423e+19
0.124	1.95155e+19
0.125	1.94887e+19
0.126	1.94618e+19
0.127	1.94349e+19
0.128	1.94079e+19
0.129	1.93809e+19
0.13	1.93538e+19
0.131	1.93267e+19
0.132	1.92996e+19
0.133	1.92724e+19
0.134	1.92452e+19
0.135	1.92179e+19
0.136	1.91907e+19
0.137	1.91633e+19
0.138	1.9136e+19
0.139	1.91086e+19
0.14	1.90812e+19
0.141	1.90538e+19
0.142	1.90263e+19
0.143	1.89989e+19
0.144	1.89714e+19
0.145	1.89439e+19
0.146	1.89164e+19
0.147	1.88888e+19
0.148	1.88613e+19
0.149	1.88337e+19
0.15	1.88062e+19
0.151	1.87786e+19
0.152	1.87511e+19
0.153	1.87235e+19
0.154	1.8696e+19
0.155	1.86685e+19
0.156	1.86409e+19
0.157	1.86134e+19
0.158	1.85859e+19
0.159	1.85584e+19
0.16	1.85309e+19
0.161	1.85035e+19
0.162	1.84761e+19
0.163	1.84487e+19
0.164	1.84213e+19
0.165	1.8394e+19
0.166	1.83667e+19
0.167	1.83394e+19
0.168	1.83122e+19
0.169	1.8285e+19
0.17	1.82579e+19
0.171	1.82309e+19
0.172	1.82038e+19
0.173	1.81769e+19
0.174	1.815e+19
0.175	1.81231e+19
0.176	1.80964e+19
0.177	1.80697e+19
0.178	1.80431e+19
0.179	1.80165e+19
0.18	1.799e+19
0.181	1.79636e+19
0.182	1.79373e+19
0.183	1.79111e+19
0.184	1.7885e+19
0.185	1.7859e+19
0.186	1.78331e+19
0.187	1.78072e+19
0.188	1.77815e+19
0.189	1.77559e+19
0.19	1.77304e+19
0.191	1.7705e+19
0.192	1.76798e+19
0.193	1.76546e+19
0.194	1.76296e+19
0.195	1.76047e+19
0.196	1.758e+19
0.197	1.75553e+19
0.198	1.75309e+19
0.199	1.75065e+19
0.2	1.74823e+19
0.201	1.74583e+19
0.202	1.74344e+19
0.203	1.74106e+19
0.204	1.7387e+19
0.205	1.73636e+19
0.206	1.73403e+19
0.207	1.73172e+19
0.208	1.72943e+19
0.209	1.72715e+19
0.21	1.72489e+19
0.211	1.72265e+19
0.212	1.72043e+19
0.213	1.71822e+19
0.214	1.71603e+19
0.215	1.71387e+19
0.216	1.71172e+19
0.217	1.70959e+19
0.218	1.70748e+19
0.219	1.70539e+19
0.22	1.70332e+19
0.221	1.70127e+19
0.222	1.69924e+19
0.223	1.69723e+19
0.224	1.69524e+19
0.225	1.69327e+19
0.226	1.69133e+19
0.227	1.6894e+19
0.228	1.6875e+19
0.229	1.68562e+19
0.23	1.68376e+19
0.231	1.68192e+19
0.232	1.68011e+19
0.233	1.67832e+19
0.234	1.67655e+19
0.235	1.6748e+19
0.236	1.67308e+19
0.237	1.67138e+19
0.238	1.6697e+19
0.239	1.66805e+19
0.24	1.66642e+19
0.241	1.66481e+19
0.242	1.66323e+19
0.243	1.66167e+19
0.244	1.66013e+19
0.245	1.65862e+19
0.246	1.65713e+19
0.247	1.65567e+19
0.248	1.65423e+19
0.249	1.65281e+19
0.25	1.65142e+19
0.251	1.65005e+19
0.252	1.64871e+19
0.253	1.64739e+19
0.254	1.64609e+19
0.255	1.64482e+19
0.256	1.64357e+19
0.257	1.64234e+19
0.258	1.64114e+19
0.259	1.63996e+19
0.26	1.63881e+19
0.261	1.63768e+19
0.262	1.63657e+19
0.263	1.63548e+19
0.264	1.63442e+19
0.265	1.63338e+19
0.266	1.63237e+19
0.267	1.63137e+19
0.268	1.6304e+19
0.269	1.62945e+19
0.27	1.62852e+19
0.271	1.62761e+19
0.272	1.62673e+19
0.273	1.62587e+19
0.274	1.62502e+19
0.275	1.6242e+19
0.276	1.6234e+19
0.277	1.62261e+19
0.278	1.62185e+19
0.279	1.62111e+19
0.28	1.62038e+19
0.281	1.61968e+19
0.282	1.61899e+19
0.283	1.61832e+19
0.284	1.61767e+19
0.285	1.61703e+19
0.286	1.61641e+19
0.287	1.61581e+19
0.288	1.61522e+19
0.289	1.61465e+19
0.29	1.61409e+19
0.291	1.61355e+19
0.292	1.61302e+19
0.293	1.6125e+19
0.294	1.612e+19
0.295	1.61151e+19
0.296	1.61103e+19
0.297	1.61056e+19
0.298	1.6101e+19
0.299	1.60965e+19
0.3	1.6092e+19
0.301	1.60877e+19
0.302	1.60835e+19
0.303	1.60793e+19
0.304	1.60751e+19
0.305	1.60711e+19
0.306	1.6067e+19
0.307	1.60631e+19
0.308	1.60591e+19
0.309	1.60552e+19
0.31	1.60513e+19
0.311	1.60474e+19
0.312	1.60435e+19
0.313	1.60396e+19
0.314	1.60357e+19
0.315	1.60317e+19
0.316	1.60278e+19
0.317	1.60238e+19
0.318	1.60197e+19
0.319	1.60156e+19
0.32	1.60114e+19
0.321	1.60072e+19
0.322	1.60028e+19
0.323	1.59984e+19
0.324	1.59939e+19
0.325	1.59892e+19
0.326	1.59844e+19
0.327	1.59795e+19
0.328	1.59745e+19
0.329	1.59693e+19
0.33	1.5964e+19
0.331	1.59585e+19
0.332	1.59528e+19
0.333	1.59469e+19
0.334	1.59409e+19
0.335	1.59346e+19
0.336	1.59281e+19
0.337	1.59214e+19
0.338	1.59145e+19
0.339	1.59073e+19
0.34	1.58999e+19
0.341	1.58922e+19
0.342	1.58842e+19
0.343	1.5876e+19
0.344	1.58675e+19
0.345	1.58587e+19
0.346	1.58496e+19
0.347	1.58401e+19
0.348	1.58304e+19
0.349	1.58203e+19
0.35	1.58099e+19
0.351	1.57991e+19
0.352	1.5788e+19
0.353	1.57766e+19
0.354	1.57647e+19
0.355	1.57525e+19
0.356	1.57399e+19
0.357	1.57269e+19
0.358	1.57136e+19
0.359	1.56998e+19
0.36	1.56856e+19
0.361	1.5671e+19
0.362	1.5656e+19
0.363	1.56405e+19
0.364	1.56247e+19
0.365	1.56084e+19
0.366	1.55916e+19
0.367	1.55744e+19
0.368	1.55568e+19
0.369	1.55387e+19
0.37	1.55202e+19
0.371	1.55012e+19
0.372	1.54817e+19
0.373	1.54618e+19
0.374	1.54414e+19
0.375	1.54205e+19
0.376	1.53992e+19
0.377	1.53774e+19
0.378	1.53551e+19
0.379	1.53323e+19
0.38	1.53091e+19
0.381	1.52854e+19
0.382	1.52612e+19
0.383	1.52366e+19
0.384	1.52114e+19
0.385	1.51858e+19
0.386	1.51597e+19
0.387	1.51332e+19
0.388	1.51062e+19
0.389	1.50787e+19
0.39	1.50507e+19
0.391	1.50223e+19
0.392	1.49934e+19
0.393	1.49641e+19
0.394	1.49343e+19
0.395	1.4904e+19
0.396	1.48733e+19
0.397	1.48422e+19
0.398	1.48106e+19
0.399	1.47786e+19
0.4	1.47461e+19
0.401	1.47133e+19
0.402	1.468e+19
0.403	1.46462e+19
0.404	1.46121e+19
0.405	1.45776e+19
0.406	1.45426e+19
0.407	1.45073e+19
0.408	1.44715e+19
0.409	1.44354e+19
0.41	1.43989e+19
0.411	1.43621e+19
0.412	1.43248e+19
0.413	1.42872e+19
0.414	1.42493e+19
0.415	1.4211e+19
0.416	1.41723e+19
0.417	1.41334e+19
0.418	1.40941e+19
0.419	1.40544e+19
0.42	1.40145e+19
0.421	1.39742e+19
0.422	1.39337e+19
0.423	1.38928e+19
0.424	1.38517e+19
0.425	1.38103e+19
0.426	1.37686e+19
0.427	1.37266e+19
0.428	1.36844e+19
0.429	1.36419e+19
0.43	1.35992e+19
0.431	1.35563e+19
0.432	1.35131e+19
0.433	1.34696e+19
0.434	1.3426e+19
0.435	1.33821e+19
0.436	1.33381e+19
0.437	1.32938e+19
0.438	1.32493e+19
0.439	1.32047e+19
0.44	1.31598e+19
0.441	1.31148e+19
0.442	1.30696e+19
0.443	1.30243e+19
0.444	1.29788e+19
0.445	1.29331e+19
0.446	1.28873e+19
0.447	1.28414e+19
0.448	1.27953e+19
0.449	1.27491e+19
0.45	1.27028e+19
0.451	1.26563e+19
0.452	1.26098e+19
0.453	1.25631e+19
0.454	1.25163e+19
0.455	1.24695e+19
0.456	1.24225e+19
0.457	1.23755e+19
0.458	1.23283e+19
0.459	1.22811e+19
0.46	1.22338e+19
0.461	1.21865e+19
0.462	1.21391e+19
0.463	1.20916e+19
0.464	1.20441e+19
0.465	1.19965e+19
0.466	1.19489e+19
0.467	1.19012e+19
0.468	1.18535e+19
0.469	1.18057e+19
0.47	1.17579e+19
0.471	1.17101e+19
0.472	1.16623e+19
0.473	1.16144e+19
0.474	1.15665e+19
0.475	1.15187e+19
0.476	1.14707e+19
0.477	1.14228e+19
0.478	1.13749e+19
0.479	1.1327e+19
0.48	1.12791e+19
0.481	1.12312e+19
0.482	1.11832e+19
0.483	1.11353e+19
0.484	1.10874e+19
0.485	1.10396e+19
0.486	1.09917e+19
0.487	1.09439e+19
0.488	1.0896e+19
0.489	1.08482e+19
0.49	1.08005e+19
0.491	1.07527e+19
0.492	1.0705e+19
0.493	1.06573e+19
0.494	1.06097e+19
0.495	1.05621e+19
0.496	1.05145e+19
0.497	1.0467e+19
0.498	1.04195e+19
0.499	1.0372e+19
0.5	1.03246e+19
0.501	1.02773e+19
0.502	1.023e+19
0.503	1.01827e+19
0.504	1.01355e+19
0.505	1.00884e+19
0.506	1.00413e+19
0.507	9.99423e+18
0.508	9.94725e+18
0.509	9.90033e+18
0.51	9.85347e+18
0.511	9.80667e+18
0.512	9.75994e+18
0.513	9.71327e+18
0.514	9.66666e+18
0.515	9.62012e+18
0.516	9.57365e+18
0.517	9.52725e+18
0.518	9.48092e+18
0.519	9.43466e+18
0.52	9.38847e+18
0.521	9.34236e+18
0.522	9.29632e+18
0.523	9.25035e+18
0.524	9.20446e+18
0.525	9.15865e+18
0.526	9.11292e+18
0.527	9.06727e+18
0.528	9.02169e+18
0.529	8.9762e+18
0.53	8.93079e+18
0.531	8.88546e+18
0.532	8.84021e+18
0.533	8.79505e+18
0.534	8.74998e+18
0.535	8.70499e+18
0.536	8.66009e+18
0.537	8.61527e+18
0.538	8.57054e+18
0.539	8.5259e+18
0.54	8.48135e+18
0.541	8.4369e+18
0.542	8.39253e+18
0.543	8.34825e+18
0.544	8.30407e+18
0.545	8.25998e+18
0.546	8.21598e+18
0.547	8.17208e+18
0.548	8.12827e+18
0.549	8.08456e+18
0.55	8.04094e+18
0.551	7.99742e+18
0.552	7.954e+18
0.553	7.91068e+18
0.554	7.86745e+18
0.555	7.82433e+18
0.556	7.7813e+18
0.557	7.73838e+18
0.558	7.69556e+18
0.559	7.65283e+18
0.56	7.61022e+18
0.561	7.5677e+18
0.562	7.52529e+18
0.563	7.48298e+18
0.564	7.44077e+18
0.565	7.39867e+18
0.566	7.35668e+18
0.567	7.31479e+18
0.568	7.27301e+18
0.569	7.23134e+18
0.57	7.18977e+18
0.571	7.14831e+18
0.572	7.10696e+18
0.573	7.06572e+18
0.574	7.02459e+18
0.575	6.98358e+18
0.576	6.94267e+18
0.577	6.90187e+18
0.578	6.86119e+18
0.579	6.82061e+18
0.58	6.78015e+18
0.581	6.73981e+18
0.582	6.69957e+18
0.583	6.65946e+18
0.584	6.61945e+18
0.585	6.57957e+18
0.586	6.53979e+18
0.587	6.50014e+18
0.588	6.4606e+18
0.589	6.42118e+18
0.59	6.38187e+18
0.591	6.34269e+18
0.592	6.30362e+18
0.593	6.26468e+18
0.594	6.22585e+18
0.595	6.18714e+18
0.596	6.14855e+18
0.597	6.11008e+18
0.598	6.07174e+18
0.599	6.03352e+18
0.6	5.99542e+18
0.601	5.95744e+18
0.602	5.91958e+18
0.603	5.88185e+18
0.604	5.84424e+18
0.605	5.80676e+18
0.606	5.7694e+18
0.607	5.73217e+18
0.608	5.69506e+18
0.609	5.65808e+18
0.61	5.62123e+18
0.611	5.5845e+18
0.612	5.5479e+18
0.613	5.51142e+18
0.614	5.47508e+18
0.615	5.43886e+18
0.616	5.40278e+18
0.617	5.36682e+18
0.618	5.33099e+18
0.619	5.29529e+18
0.62	5.25972e+18
0.621	5.22428e+18
0.622	5.18898e+18
0.623	5.1538e+18
0.624	5.11876e+18
0.625	5.08385e+18
0.626	5.04907e+18
0.627	5.01443e+18
0.628	4.97991e+18
0.629	4.94553e+18
0.63	4.91129e+18
0.631	4.87718e+18
0.632	4.8432e+18
0.633	4.80936e+18
0.634	4.77565e+18
0.635	4.74208e+18
0.636	4.70865e+18
0.637	4.67535e+18
0.638	4.64218e+18
0.639	4.60916e+18
0.64	4.57627e+18
0.641	4.54351e+18
0.642	4.5109e+18
0.643	4.47842e+18
0.644	4.44608e+18
0.645	4.41388e+18
0.646	4.38182e+18
0.647	4.34989e+18
0.648	4.31811e+18
0.649	4.28646e+18
0.65	4.25495e+18
0.651	4.22358e+18
0.652	4.19235e+18
0.653	4.16127e+18
0.654	4.13032e+18
0.655	4.09951e+18
0.656	4.06884e+18
0.657	4.03831e+18
0.658	4.00793e+18
0.659	3.97768e+18
0.66	3.94758e+18
0.661	3.91762e+18
0.662	3.8878e+18
0.663	3.85812e+18
0.664	3.82858e+18
0.665	3.79919e+18
0.666	3.76993e+18
0.667	3.74082e+18
0.668	3.71185e+18
0.669	3.68302e+18
0.67	3.65434e+18
0.671	3.6258e+18
0.672	3.5974e+18
0.673	3.56914e+18
0.674	3.54103e+18
0.675	3.51306e+18
0.676	3.48523e+18
0.677	3.45755e+18
0.678	3.43001e+18
0.679	3.40261e+18
0.68	3.37535e+18
0.681	3.34824e+18
0.682	3.32127e+18
0.683	3.29445e+18
0.684	3.26776e+18
0.685	3.24123e+18
0.686	3.21483e+18
0.687	3.18858e+18
0.688	3.16247e+18
0.689	3.1365e+18
0.69	3.11068e+18
0.691	3.085e+18
0.692	3.05946e+18
0.693	3.03406e+18
0.694	3.00881e+18
0.695	2.9837e+18
0.696	2.95874e+18
0.697	2.93391e+18
0.698	2.90923e+18
0.699	2.88469e+18
0.7	2.8603e+18
0.701	2.83604e+18
0.702	2.81193e+18
0.703	2.78796e+18
0.704	2.76414e+18
0.705	2.74045e+18
0.706	2.71691e+18
0.707	2.6935e+18
0.708	2.67024e+18
0.709	2.64712e+18
0.71	2.62414e+18
0.711	2.6013e+18
0.712	2.5786e+18
0.713	2.55605e+18
0.714	2.53363e+18
0.715	2.51135e+18
0.716	2.48921e+18
0.717	2.46722e+18
0.718	2.44536e+18
0.719	2.42364e+18
0.72	2.40206e+18
0.721	2.38062e+18
0.722	2.35931e+18
0.723	2.33815e+18
0.724	2.31712e+18
0.725	2.29623e+18
0.726	2.27548e+18
0.727	2.25486e+18
0.728	2.23439e+18
0.729	2.21404e+18
0.73	2.19384e+18
0.731	2.17377e+18
0.732	2.15383e+18
0.733	2.13404e+18
0.734	2.11437e+18
0.735	2.09484e+18
0.736	2.07545e+18
0.737	2.05619e+18
0.738	2.03706e+18
0.739	2.01807e+18
0.74	1.99921e+18
0.741	1.98048e+18
0.742	1.96188e+18
0.743	1.94342e+18
0.744	1.92508e+18
0.745	1.90688e+18
0.746	1.88881e+18
0.747	1.87087e+18
0.748	1.85306e+18
0.749	1.83538e+18
0.75	1.81783e+18
0.751	1.8004e+18
0.752	1.78311e+18
0.753	1.76594e+18
0.754	1.7489e+18
0.755	1.73199e+18
0.756	1.7152e+18
0.757	1.69854e+18
0.758	1.68201e+18
0.759	1.6656e+18
0.76	1.64931e+18
0.761	1.63315e+18
0.762	1.61712e+18
0.763	1.6012e+18
0.764	1.58542e+18
0.765	1.56975e+18
0.766	1.5542e+18
0.767	1.53878e+18
0.768	1.52348e+18
0.769	1.50829e+18
0.77	1.49323e+18
0.771	1.47829e+18
0.772	1.46347e+18
0.773	1.44876e+18
0.774	1.43418e+18
0.775	1.41971e+18
0.776	1.40536e+18
0.777	1.39112e+18
0.778	1.377e+18
0.779	1.363e+18
0.78	1.34911e+18
0.781	1.33534e+18
0.782	1.32168e+18
0.783	1.30813e+18
0.784	1.2947e+18
0.785	1.28138e+18
0.786	1.26817e+18
0.787	1.25507e+18
0.788	1.24208e+18
0.789	1.22921e+18
0.79	1.21644e+18
0.791	1.20378e+18
0.792	1.19124e+18
0.793	1.17879e+18
0.794	1.16646e+18
0.795	1.15424e+18
0.796	1.14212e+18
0.797	1.1301e+18
0.798	1.11819e+18
0.799	1.10639e+18
0.8	1.09469e+18
0.801	1.08309e+18
0.802	1.0716e+18
0.803	1.06021e+18
0.804	1.04892e+18
0.805	1.03774e+18
0.806	1.02665e+18
0.807	1.01567e+18
0.808	1.00478e+18
0.809	9.93995e+17
0.81	9.83307e+17
0.811	9.72718e+17
0.812	9.62226e+17
0.813	9.5183e+17
0.814	9.41532e+17
0.815	9.31329e+17
0.816	9.21221e+17
0.817	9.11208e+17
0.818	9.01289e+17
0.819	8.91464e+17
0.82	8.81732e+17
0.821	8.72092e+17
0.822	8.62544e+17
0.823	8.53087e+17
0.824	8.43721e+17
0.825	8.34446e+17
0.826	8.2526e+17
0.827	8.16162e+17
0.828	8.07154e+17
0.829	7.98233e+17
0.83	7.894e+17
0.831	7.80654e+17
0.832	7.71993e+17
0.833	7.63419e+17
0.834	7.5493e+17
0.835	7.46525e+17
0.836	7.38204e+17
0.837	7.29967e+17
0.838	7.21813e+17
0.839	7.13741e+17
0.84	7.05751e+17
0.841	6.97842e+17
0.842	6.90014e+17
0.843	6.82266e+17
0.844	6.74598e+17
0.845	6.67009e+17
0.846	6.59499e+17
0.847	6.52067e+17
0.848	6.44712e+17
0.849	6.37434e+17
0.85	6.30233e+17
0.851	6.23107e+17
0.852	6.16057e+17
0.853	6.09082e+17
0.854	6.02182e+17
0.855	5.95355e+17
0.856	5.88601e+17
0.857	5.8192e+17
0.858	5.75312e+17
0.859	5.68775e+17
0.86	5.62309e+17
0.861	5.55915e+17
0.862	5.4959e+17
0.863	5.43335e+17
0.864	5.3715e+17
0.865	5.31033e+17
0.866	5.24985e+17
0.867	5.19004e+17
0.868	5.13091e+17
0.869	5.07244e+17
0.87	5.01464e+17
0.871	4.95749e+17
0.872	4.901e+17
0.873	4.84516e+17
0.874	4.78996e+17
0.875	4.7354e+17
0.876	4.68147e+17
0.877	4.62818e+17
0.878	4.57551e+17
0.879	4.52346e+17
0.88	4.47202e+17
0.881	4.4212e+17
0.882	4.37099e+17
0.883	4.32138e+17
0.884	4.27236e+17
0.885	4.22394e+17
0.886	4.17611e+17
0.887	4.12887e+17
0.888	4.0822e+17
0.889	4.03612e+17
0.89	3.9906e+17
0.891	3.94565e+17
0.892	3.90127e+17
0.893	3.85745e+17
0.894	3.81418e+17
0.895	3.77146e+17
0.896	3.7293e+17
0.897	3.68767e+17
0.898	3.64659e+17
0.899	3.60604e+17
0.9	3.56602e+17
0.901	3.52653e+17
0.902	3.48756e+17
0.903	3.44912e+17
0.904	3.41119e+17
0.905	3.37377e+17
0.906	3.33686e+17
0.907	3.30046e+17
0.908	3.26456e+17
0.909	3.22916e+17
0.91	3.19425e+17
0.911	3.15984e+17
0.912	3.12591e+17
0.913	3.09246e+17
0.914	3.0595e+17
0.915	3.02701e+17
0.916	2.995e+17
0.917	2.96346e+17
0.918	2.93239e+17
0.919	2.90178e+17
0.92	2.87163e+17
0.921	2.84194e+17
0.922	2.8127e+17
0.923	2.78392e+17
0.924	2.75558e+17
0.925	2.7277e+17
0.926	2.70025e+17
0.927	2.67324e+17
0.928	2.64667e+17
0.929	2.62054e+17
0.93	2.59483e+17
0.931	2.56956e+17
0.932	2.54471e+17
0.933	2.52028e+17
0.934	2.49628e+17
0.935	2.47269e+17
0.936	2.44952e+17
0.937	2.42676e+17
0.938	2.40441e+17
0.939	2.38246e+17
0.94	2.36093e+17
0.941	2.33979e+17
0.942	2.31906e+17
0.943	2.29873e+17
0.944	2.27879e+17
0.945	2.25924e+17
0.946	2.24009e+17
0.947	2.22133e+17
0.948	2.20295e+17
0.949	2.18496e+17
0.95	2.16736e+17
0.951	2.15013e+17
0.952	2.13328e+17
0.953	2.11681e+17
0.954	2.10072e+17
0.955	2.085e+17
0.956	2.06965e+17
0.957	2.05467e+17
0.958	2.04006e+17
0.959	2.02582e+17
0.96	2.01194e+17
0.961	1.99843e+17
0.962	1.98528e+17
0.963	1.97249e+17
0.964	1.96005e+17
0.965	1.94798e+17
0.966	1.93626e+17
0.967	1.9249e+17
0.968	1.91388e+17
0.969	1.90323e+17
0.97	1.89292e+17
0.971	1.88296e+17
0.972	1.87335e+17
0.973	1.86409e+17
0.974	1.85517e+17
0.975	1.8466e+17
0.976	1.83837e+17
0.977	1.83049e+17
0.978	1.82295e+17
0.979	1.81575e+17
0.98	1.80889e+17
0.981	1.80237e+17
0.982	1.79619e+17
0.983	1.79035e+17
0.984	1.78484e+17
0.985	1.77967e+17
0.986	1.77484e+17
0.987	1.77035e+17
0.988	1.76618e+17
0.989	1.76236e+17
0.99	1.75887e+17
0.991	1.75571e+17
0.992	1.75288e+17
0.993	1.75039e+17
0.994	1.74823e+17
0.995	1.74641e+17
0.996	1.74491e+17
0.997	1.74375e+17
0.998	1.74292e+17
0.999	1.74243e+17
1	1.74226e+17
