0	100000
0	3.18912e+19
0.001	3.18953e+19
0.002	3.18997e+19
0.003	3.19047e+19
0.004	3.19102e+19
0.005	3.19163e+19
0.006	3.19229e+19
0.007	3.193e+19
0.008	3.19376e+19
0.009	3.19457e+19
0.01	3.19543e+19
0.011	3.19633e+19
0.012	3.19729e+19
0.013	3.19828e+19
0.014	3.19933e+19
0.015	3.20041e+19
0.016	3.20153e+19
0.017	3.20269e+19
0.018	3.20389e+19
0.019	3.20512e+19
0.02	3.20638e+19
0.021	3.20767e+19
0.022	3.20899e+19
0.023	3.21033e+19
0.024	3.21169e+19
0.025	3.21307e+19
0.026	3.21446e+19
0.027	3.21586e+19
0.028	3.21728e+19
0.029	3.21869e+19
0.03	3.22011e+19
0.031	3.22153e+19
0.032	3.22294e+19
0.033	3.22435e+19
0.034	3.22574e+19
0.035	3.22712e+19
0.036	3.22847e+19
0.037	3.2298e+19
0.038	3.23111e+19
0.039	3.23238e+19
0.04	3.23361e+19
0.041	3.23481e+19
0.042	3.23596e+19
0.043	3.23706e+19
0.044	3.23811e+19
0.045	3.2391e+19
0.046	3.24003e+19
0.047	3.24089e+19
0.048	3.24168e+19
0.049	3.2424e+19
0.05	3.24303e+19
0.051	3.24359e+19
0.052	3.24405e+19
0.053	3.24442e+19
0.054	3.2447e+19
0.055	3.24487e+19
0.056	3.24494e+19
0.057	3.2449e+19
0.058	3.24474e+19
0.059	3.24446e+19
0.06	3.24406e+19
0.061	3.24354e+19
0.062	3.24288e+19
0.063	3.24209e+19
0.064	3.24115e+19
0.065	3.24008e+19
0.066	3.23886e+19
0.067	3.23748e+19
0.068	3.23596e+19
0.069	3.23427e+19
0.07	3.23243e+19
0.071	3.23042e+19
0.072	3.22824e+19
0.073	3.22589e+19
0.074	3.22336e+19
0.075	3.22066e+19
0.076	3.21778e+19
0.077	3.21472e+19
0.078	3.21147e+19
0.079	3.20804e+19
0.08	3.20441e+19
0.081	3.2006e+19
0.082	3.19659e+19
0.083	3.19238e+19
0.084	3.18798e+19
0.085	3.18338e+19
0.086	3.17858e+19
0.087	3.17358e+19
0.088	3.16838e+19
0.089	3.16297e+19
0.09	3.15736e+19
0.091	3.15155e+19
0.092	3.14553e+19
0.093	3.13931e+19
0.094	3.13288e+19
0.095	3.12625e+19
0.096	3.11941e+19
0.097	3.11237e+19
0.098	3.10513e+19
0.099	3.09768e+19
0.1	3.09003e+19
0.101	3.08217e+19
0.102	3.07412e+19
0.103	3.06587e+19
0.104	3.05742e+19
0.105	3.04877e+19
0.106	3.03993e+19
0.107	3.03089e+19
0.108	3.02167e+19
0.109	3.01225e+19
0.11	3.00265e+19
0.111	2.99286e+19
0.112	2.98289e+19
0.113	2.97274e+19
0.114	2.96241e+19
0.115	2.95191e+19
0.116	2.94123e+19
0.117	2.93038e+19
0.118	2.91937e+19
0.119	2.90819e+19
0.12	2.89686e+19
0.121	2.88536e+19
0.122	2.87371e+19
0.123	2.86191e+19
0.124	2.84996e+19
0.125	2.83786e+19
0.126	2.82563e+19
0.127	2.81325e+19
0.128	2.80074e+19
0.129	2.7881e+19
0.13	2.77533e+19
0.131	2.76244e+19
0.132	2.74942e+19
0.133	2.73629e+19
0.134	2.72304e+19
0.135	2.70968e+19
0.136	2.69622e+19
0.137	2.68265e+19
0.138	2.66899e+19
0.139	2.65523e+19
0.14	2.64137e+19
0.141	2.62743e+19
0.142	2.6134e+19
0.143	2.59929e+19
0.144	2.58509e+19
0.145	2.57083e+19
0.146	2.55649e+19
0.147	2.54209e+19
0.148	2.52762e+19
0.149	2.51309e+19
0.15	2.4985e+19
0.151	2.48385e+19
0.152	2.46915e+19
0.153	2.45441e+19
0.154	2.43962e+19
0.155	2.42479e+19
0.156	2.40991e+19
0.157	2.395e+19
0.158	2.38006e+19
0.159	2.36509e+19
0.16	2.35009e+19
0.161	2.33507e+19
0.162	2.32002e+19
0.163	2.30495e+19
0.164	2.28987e+19
0.165	2.27478e+19
0.166	2.25967e+19
0.167	2.24455e+19
0.168	2.22943e+19
0.169	2.2143e+19
0.17	2.19918e+19
0.171	2.18405e+19
0.172	2.16893e+19
0.173	2.15381e+19
0.174	2.1387e+19
0.175	2.12359e+19
0.176	2.1085e+19
0.177	2.09343e+19
0.178	2.07836e+19
0.179	2.06332e+19
0.18	2.04829e+19
0.181	2.03329e+19
0.182	2.01831e+19
0.183	2.00335e+19
0.184	1.98842e+19
0.185	1.97352e+19
0.186	1.95864e+19
0.187	1.9438e+19
0.188	1.92898e+19
0.189	1.91421e+19
0.19	1.89946e+19
0.191	1.88475e+19
0.192	1.87008e+19
0.193	1.85545e+19
0.194	1.84086e+19
0.195	1.82631e+19
0.196	1.8118e+19
0.197	1.79733e+19
0.198	1.78291e+19
0.199	1.76853e+19
0.2	1.7542e+19
0.201	1.73991e+19
0.202	1.72568e+19
0.203	1.71149e+19
0.204	1.69735e+19
0.205	1.68326e+19
0.206	1.66922e+19
0.207	1.65523e+19
0.208	1.6413e+19
0.209	1.62741e+19
0.21	1.61359e+19
0.211	1.59981e+19
0.212	1.58609e+19
0.213	1.57242e+19
0.214	1.55881e+19
0.215	1.54526e+19
0.216	1.53176e+19
0.217	1.51832e+19
0.218	1.50493e+19
0.219	1.4916e+19
0.22	1.47833e+19
0.221	1.46512e+19
0.222	1.45196e+19
0.223	1.43887e+19
0.224	1.42583e+19
0.225	1.41285e+19
0.226	1.39993e+19
0.227	1.38708e+19
0.228	1.37427e+19
0.229	1.36153e+19
0.23	1.34885e+19
0.231	1.33623e+19
0.232	1.32367e+19
0.233	1.31117e+19
0.234	1.29873e+19
0.235	1.28635e+19
0.236	1.27403e+19
0.237	1.26177e+19
0.238	1.24957e+19
0.239	1.23743e+19
0.24	1.22535e+19
0.241	1.21333e+19
0.242	1.20137e+19
0.243	1.18947e+19
0.244	1.17763e+19
0.245	1.16585e+19
0.246	1.15413e+19
0.247	1.14248e+19
0.248	1.13088e+19
0.249	1.11934e+19
0.25	1.10786e+19
0.251	1.09644e+19
0.252	1.08508e+19
0.253	1.07378e+19
0.254	1.06254e+19
0.255	1.05136e+19
0.256	1.04023e+19
0.257	1.02917e+19
0.258	1.01817e+19
0.259	1.00722e+19
0.26	9.96334e+18
0.261	9.85506e+18
0.262	9.74737e+18
0.263	9.64026e+18
0.264	9.53373e+18
0.265	9.42779e+18
0.266	9.32243e+18
0.267	9.21766e+18
0.268	9.11346e+18
0.269	9.00984e+18
0.27	8.9068e+18
0.271	8.80434e+18
0.272	8.70245e+18
0.273	8.60114e+18
0.274	8.50041e+18
0.275	8.40025e+18
0.276	8.30067e+18
0.277	8.20166e+18
0.278	8.10322e+18
0.279	8.00535e+18
0.28	7.90806e+18
0.281	7.81134e+18
0.282	7.71519e+18
0.283	7.61962e+18
0.284	7.52461e+18
0.285	7.43018e+18
0.286	7.33632e+18
0.287	7.24303e+18
0.288	7.15031e+18
0.289	7.05816e+18
0.29	6.96659e+18
0.291	6.87559e+18
0.292	6.78516e+18
0.293	6.69531e+18
0.294	6.60603e+18
0.295	6.51733e+18
0.296	6.42921e+18
0.297	6.34166e+18
0.298	6.25469e+18
0.299	6.1683e+18
0.3	6.08249e+18
0.301	5.99726e+18
0.302	5.91262e+18
0.303	5.82855e+18
0.304	5.74508e+18
0.305	5.66219e+18
0.306	5.5799e+18
0.307	5.49819e+18
0.308	5.41707e+18
0.309	5.33655e+18
0.31	5.25663e+18
0.311	5.17731e+18
0.312	5.09858e+18
0.313	5.02046e+18
0.314	4.94294e+18
0.315	4.86603e+18
0.316	4.78973e+18
0.317	4.71404e+18
0.318	4.63897e+18
0.319	4.56451e+18
0.32	4.49066e+18
0.321	4.41744e+18
0.322	4.34485e+18
0.323	4.27288e+18
0.324	4.20154e+18
0.325	4.13083e+18
0.326	4.06075e+18
0.327	3.99131e+18
0.328	3.92251e+18
0.329	3.85435e+18
0.33	3.78683e+18
0.331	3.71997e+18
0.332	3.65375e+18
0.333	3.58818e+18
0.334	3.52326e+18
0.335	3.45901e+18
0.336	3.39541e+18
0.337	3.33247e+18
0.338	3.2702e+18
0.339	3.20859e+18
0.34	3.14765e+18
0.341	3.08738e+18
0.342	3.02778e+18
0.343	2.96886e+18
0.344	2.91061e+18
0.345	2.85304e+18
0.346	2.79615e+18
0.347	2.73994e+18
0.348	2.68441e+18
0.349	2.62957e+18
0.35	2.57541e+18
0.351	2.52193e+18
0.352	2.46914e+18
0.353	2.41704e+18
0.354	2.36563e+18
0.355	2.3149e+18
0.356	2.26487e+18
0.357	2.21552e+18
0.358	2.16686e+18
0.359	2.11889e+18
0.36	2.07161e+18
0.361	2.02502e+18
0.362	1.97911e+18
0.363	1.93389e+18
0.364	1.88936e+18
0.365	1.84551e+18
0.366	1.80234e+18
0.367	1.75985e+18
0.368	1.71804e+18
0.369	1.67691e+18
0.37	1.63646e+18
0.371	1.59668e+18
0.372	1.55756e+18
0.373	1.51912e+18
0.374	1.48134e+18
0.375	1.44422e+18
0.376	1.40776e+18
0.377	1.37195e+18
0.378	1.33679e+18
0.379	1.30228e+18
0.38	1.26842e+18
0.381	1.23519e+18
0.382	1.20259e+18
0.383	1.17063e+18
0.384	1.13929e+18
0.385	1.10856e+18
0.386	1.07846e+18
0.387	1.04896e+18
0.388	1.02007e+18
0.389	9.9177e+17
0.39	9.64066e+17
0.391	9.36949e+17
0.392	9.10412e+17
0.393	8.8445e+17
0.394	8.59055e+17
0.395	8.34222e+17
0.396	8.09944e+17
0.397	7.86214e+17
0.398	7.63025e+17
0.399	7.40371e+17
0.4	7.18245e+17
0.401	6.96639e+17
0.402	6.75547e+17
0.403	6.54961e+17
0.404	6.34874e+17
0.405	6.15279e+17
0.406	5.96168e+17
0.407	5.77534e+17
0.408	5.5937e+17
0.409	5.41667e+17
0.41	5.24418e+17
0.411	5.07616e+17
0.412	4.91254e+17
0.413	4.75322e+17
0.414	4.59814e+17
0.415	4.44723e+17
0.416	4.3004e+17
0.417	4.15758e+17
0.418	4.01869e+17
0.419	3.88366e+17
0.42	3.75241e+17
0.421	3.62487e+17
0.422	3.50096e+17
0.423	3.3806e+17
0.424	3.26373e+17
0.425	3.15026e+17
0.426	3.04013e+17
0.427	2.93326e+17
0.428	2.82958e+17
0.429	2.72902e+17
0.43	2.6315e+17
0.431	2.53697e+17
0.432	2.44534e+17
0.433	2.35655e+17
0.434	2.27053e+17
0.435	2.18721e+17
0.436	2.10653e+17
0.437	2.02842e+17
0.438	1.95283e+17
0.439	1.87967e+17
0.44	1.8089e+17
0.441	1.74044e+17
0.442	1.67425e+17
0.443	1.61025e+17
0.444	1.54839e+17
0.445	1.48861e+17
0.446	1.43086e+17
0.447	1.37508e+17
0.448	1.32121e+17
0.449	1.2692e+17
0.45	1.219e+17
0.451	1.17055e+17
0.452	1.1238e+17
0.453	1.07871e+17
0.454	1.03523e+17
0.455	9.93302e+16
0.456	9.52886e+16
0.457	9.13934e+16
0.458	8.76403e+16
0.459	8.40248e+16
0.46	8.05426e+16
0.461	7.71897e+16
0.462	7.39618e+16
0.463	7.0855e+16
0.464	6.78654e+16
0.465	6.49892e+16
0.466	6.22227e+16
0.467	5.95624e+16
0.468	5.70046e+16
0.469	5.4546e+16
0.47	5.21833e+16
0.471	4.99132e+16
0.472	4.77325e+16
0.473	4.56381e+16
0.474	4.36272e+16
0.475	4.16967e+16
0.476	3.98438e+16
0.477	3.80659e+16
0.478	3.63602e+16
0.479	3.47242e+16
0.48	3.31554e+16
0.481	3.16512e+16
0.482	3.02095e+16
0.483	2.88277e+16
0.484	2.75039e+16
0.485	2.62357e+16
0.486	2.50211e+16
0.487	2.38581e+16
0.488	2.27448e+16
0.489	2.16792e+16
0.49	2.06595e+16
0.491	1.96839e+16
0.492	1.87508e+16
0.493	1.78584e+16
0.494	1.70052e+16
0.495	1.61897e+16
0.496	1.54102e+16
0.497	1.46655e+16
0.498	1.3954e+16
0.499	1.32745e+16
0.5	1.26256e+16
0.501	1.20061e+16
0.502	1.14148e+16
0.503	1.08505e+16
0.504	1.03121e+16
0.505	9.79853e+15
0.506	9.30874e+15
0.507	8.84173e+15
0.508	8.39652e+15
0.509	7.97219e+15
0.51	7.56784e+15
0.511	7.18262e+15
0.512	6.81569e+15
0.513	6.46626e+15
0.514	6.13356e+15
0.515	5.81686e+15
0.516	5.51545e+15
0.517	5.22865e+15
0.518	4.95581e+15
0.519	4.69631e+15
0.52	4.44954e+15
0.521	4.21493e+15
0.522	3.99192e+15
0.523	3.77998e+15
0.524	3.57862e+15
0.525	3.38733e+15
0.526	3.20565e+15
0.527	3.03314e+15
0.528	2.86936e+15
0.529	2.71391e+15
0.53	2.56639e+15
0.531	2.42643e+15
0.532	2.29366e+15
0.533	2.16774e+15
0.534	2.04835e+15
0.535	1.93517e+15
0.536	1.82789e+15
0.537	1.72623e+15
0.538	1.62992e+15
0.539	1.53869e+15
0.54	1.45229e+15
0.541	1.37049e+15
0.542	1.29304e+15
0.543	1.21975e+15
0.544	1.15039e+15
0.545	1.08477e+15
0.546	1.02271e+15
0.547	9.64011e+14
0.548	9.08513e+14
0.549	8.5605e+14
0.55	8.06466e+14
0.551	7.59612e+14
0.552	7.15346e+14
0.553	6.73535e+14
0.554	6.3405e+14
0.555	5.96769e+14
0.556	5.61576e+14
0.557	5.2836e+14
0.558	4.97018e+14
0.559	4.67448e+14
0.56	4.39557e+14
0.561	4.13253e+14
0.562	3.88453e+14
0.563	3.65074e+14
0.564	3.43039e+14
0.565	3.22275e+14
0.566	3.02713e+14
0.567	2.84286e+14
0.568	2.66933e+14
0.569	2.50593e+14
0.57	2.35211e+14
0.571	2.20734e+14
0.572	2.0711e+14
0.573	1.94292e+14
0.574	1.82234e+14
0.575	1.70894e+14
0.576	1.60231e+14
0.577	1.50207e+14
0.578	1.40785e+14
0.579	1.3193e+14
0.58	1.2361e+14
0.581	1.15795e+14
0.582	1.08454e+14
0.583	1.01561e+14
0.584	9.50892e+13
0.585	8.90143e+13
0.586	8.33129e+13
0.587	7.7963e+13
0.588	7.2944e+13
0.589	6.82362e+13
0.59	6.38213e+13
0.591	5.96816e+13
0.592	5.58009e+13
0.593	5.21635e+13
0.594	4.87549e+13
0.595	4.55613e+13
0.596	4.25696e+13
0.597	3.97676e+13
0.598	3.71437e+13
0.599	3.46871e+13
0.6	3.23875e+13
0.601	3.02353e+13
0.602	2.82214e+13
0.603	2.63373e+13
0.604	2.45749e+13
0.605	2.29266e+13
0.606	2.13853e+13
0.607	1.99444e+13
0.608	1.85976e+13
0.609	1.73388e+13
0.61	1.61627e+13
0.611	1.50639e+13
0.612	1.40375e+13
0.613	1.3079e+13
0.614	1.2184e+13
0.615	1.13484e+13
0.616	1.05685e+13
0.617	9.84063e+12
0.618	9.16147e+12
0.619	8.52786e+12
0.62	7.93685e+12
0.621	7.38567e+12
0.622	6.87172e+12
0.623	6.39257e+12
0.624	5.94594e+12
0.625	5.5297e+12
0.626	5.14184e+12
0.627	4.78049e+12
0.628	4.44388e+12
0.629	4.13039e+12
0.63	3.83847e+12
0.631	3.56669e+12
0.632	3.31369e+12
0.633	3.07821e+12
0.634	2.85909e+12
0.635	2.65521e+12
0.636	2.46554e+12
0.637	2.28914e+12
0.638	2.12508e+12
0.639	1.97255e+12
0.64	1.83074e+12
0.641	1.69892e+12
0.642	1.57642e+12
0.643	1.46259e+12
0.644	1.35683e+12
0.645	1.25859e+12
0.646	1.16734e+12
0.647	1.08261e+12
0.648	1.00394e+12
0.649	9.30907e+11
0.65	8.63116e+11
0.651	8.00204e+11
0.652	7.41826e+11
0.653	6.87666e+11
0.654	6.37426e+11
0.655	5.90828e+11
0.656	5.47617e+11
0.657	5.07551e+11
0.658	4.70408e+11
0.659	4.35979e+11
0.66	4.04071e+11
0.661	3.74503e+11
0.662	3.47109e+11
0.663	3.21731e+11
0.664	2.98226e+11
0.665	2.76457e+11
0.666	2.563e+11
0.667	2.37639e+11
0.668	2.20364e+11
0.669	2.04374e+11
0.67	1.89577e+11
0.671	1.75886e+11
0.672	1.63219e+11
0.673	1.51501e+11
0.674	1.40664e+11
0.675	1.30642e+11
0.676	1.21375e+11
0.677	1.12807e+11
0.678	1.04887e+11
0.679	9.75675e+10
0.68	9.08029e+10
0.681	8.45523e+10
0.682	7.87774e+10
0.683	7.34429e+10
0.684	6.85157e+10
0.685	6.39653e+10
0.686	5.97636e+10
0.687	5.58843e+10
0.688	5.23031e+10
0.689	4.89975e+10
0.69	4.59468e+10
0.691	4.31316e+10
0.692	4.05342e+10
0.693	3.81379e+10
0.694	3.59274e+10
0.695	3.38887e+10
0.696	3.20086e+10
0.697	3.0275e+10
0.698	2.86766e+10
0.699	2.72031e+10
0.7	2.5845e+10
0.701	2.45932e+10
0.702	2.34397e+10
0.703	2.23768e+10
0.704	2.13976e+10
0.705	2.04956e+10
0.706	1.96647e+10
0.707	1.88994e+10
0.708	1.81947e+10
0.709	1.75459e+10
0.71	1.69485e+10
0.711	1.63985e+10
0.712	1.58923e+10
0.713	1.54264e+10
0.714	1.49976e+10
0.715	1.46031e+10
0.716	1.42401e+10
0.717	1.39061e+10
0.718	1.35989e+10
0.719	1.33163e+10
0.72	1.30564e+10
0.721	1.28173e+10
0.722	1.25975e+10
0.723	1.23954e+10
0.724	1.22096e+10
0.725	1.20388e+10
0.726	1.18817e+10
0.727	1.17374e+10
0.728	1.16047e+10
0.729	1.14828e+10
0.73	1.13708e+10
0.731	1.12678e+10
0.732	1.11732e+10
0.733	1.10862e+10
0.734	1.10064e+10
0.735	1.0933e+10
0.736	1.08655e+10
0.737	1.08036e+10
0.738	1.07467e+10
0.739	1.06944e+10
0.74	1.06464e+10
0.741	1.06023e+10
0.742	1.05617e+10
0.743	1.05245e+10
0.744	1.04903e+10
0.745	1.04588e+10
0.746	1.043e+10
0.747	1.04034e+10
0.748	1.0379e+10
0.749	1.03566e+10
0.75	1.0336e+10
0.751	1.03171e+10
0.752	1.02997e+10
0.753	1.02837e+10
0.754	1.02689e+10
0.755	1.02554e+10
0.756	1.02429e+10
0.757	1.02315e+10
0.758	1.02209e+10
0.759	1.02112e+10
0.76	1.02022e+10
0.761	1.01939e+10
0.762	1.01863e+10
0.763	1.01793e+10
0.764	1.01728e+10
0.765	1.01668e+10
0.766	1.01613e+10
0.767	1.01562e+10
0.768	1.01514e+10
0.769	1.01471e+10
0.77	1.0143e+10
0.771	1.01392e+10
0.772	1.01357e+10
0.773	1.01325e+10
0.774	1.01295e+10
0.775	1.01267e+10
0.776	1.0124e+10
0.777	1.01216e+10
0.778	1.01193e+10
0.779	1.01172e+10
0.78	1.01152e+10
0.781	1.01133e+10
0.782	1.01115e+10
0.783	1.01099e+10
0.784	1.01083e+10
0.785	1.01068e+10
0.786	1.01055e+10
0.787	1.01041e+10
0.788	1.01029e+10
0.789	1.01017e+10
0.79	1.01006e+10
0.791	1.00995e+10
0.792	1.00985e+10
0.793	1.00975e+10
0.794	1.00966e+10
0.795	1.00957e+10
0.796	1.00948e+10
0.797	1.0094e+10
0.798	1.00932e+10
0.799	1.00924e+10
0.8	1.00916e+10
0.801	1.00909e+10
0.802	1.00902e+10
0.803	1.00895e+10
0.804	1.00889e+10
0.805	1.00882e+10
0.806	1.00876e+10
0.807	1.0087e+10
0.808	1.00864e+10
0.809	1.00858e+10
0.81	1.00852e+10
0.811	1.00847e+10
0.812	1.00841e+10
0.813	1.00836e+10
0.814	1.00831e+10
0.815	1.00825e+10
0.816	1.0082e+10
0.817	1.00815e+10
0.818	1.0081e+10
0.819	1.00805e+10
0.82	1.00801e+10
0.821	1.00796e+10
0.822	1.00791e+10
0.823	1.00787e+10
0.824	1.00782e+10
0.825	1.00778e+10
0.826	1.00773e+10
0.827	1.00769e+10
0.828	1.00765e+10
0.829	1.00761e+10
0.83	1.00756e+10
0.831	1.00752e+10
0.832	1.00748e+10
0.833	1.00744e+10
0.834	1.0074e+10
0.835	1.00736e+10
0.836	1.00732e+10
0.837	1.00728e+10
0.838	1.00725e+10
0.839	1.00721e+10
0.84	1.00717e+10
0.841	1.00713e+10
0.842	1.0071e+10
0.843	1.00706e+10
0.844	1.00702e+10
0.845	1.00699e+10
0.846	1.00695e+10
0.847	1.00692e+10
0.848	1.00688e+10
0.849	1.00685e+10
0.85	1.00682e+10
0.851	1.00678e+10
0.852	1.00675e+10
0.853	1.00672e+10
0.854	1.00669e+10
0.855	1.00665e+10
0.856	1.00662e+10
0.857	1.00659e+10
0.858	1.00656e+10
0.859	1.00653e+10
0.86	1.0065e+10
0.861	1.00647e+10
0.862	1.00644e+10
0.863	1.00641e+10
0.864	1.00638e+10
0.865	1.00635e+10
0.866	1.00632e+10
0.867	1.00629e+10
0.868	1.00627e+10
0.869	1.00624e+10
0.87	1.00621e+10
0.871	1.00619e+10
0.872	1.00616e+10
0.873	1.00613e+10
0.874	1.00611e+10
0.875	1.00608e+10
0.876	1.00605e+10
0.877	1.00603e+10
0.878	1.006e+10
0.879	1.00598e+10
0.88	1.00596e+10
0.881	1.00593e+10
0.882	1.00591e+10
0.883	1.00588e+10
0.884	1.00586e+10
0.885	1.00584e+10
0.886	1.00581e+10
0.887	1.00579e+10
0.888	1.00577e+10
0.889	1.00575e+10
0.89	1.00573e+10
0.891	1.0057e+10
0.892	1.00568e+10
0.893	1.00566e+10
0.894	1.00564e+10
0.895	1.00562e+10
0.896	1.0056e+10
0.897	1.00558e+10
0.898	1.00556e+10
0.899	1.00554e+10
0.9	1.00552e+10
0.901	1.0055e+10
0.902	1.00549e+10
0.903	1.00547e+10
0.904	1.00545e+10
0.905	1.00543e+10
0.906	1.00541e+10
0.907	1.0054e+10
0.908	1.00538e+10
0.909	1.00536e+10
0.91	1.00534e+10
0.911	1.00533e+10
0.912	1.00531e+10
0.913	1.00529e+10
0.914	1.00528e+10
0.915	1.00526e+10
0.916	1.00525e+10
0.917	1.00523e+10
0.918	1.00522e+10
0.919	1.0052e+10
0.92	1.00519e+10
0.921	1.00517e+10
0.922	1.00516e+10
0.923	1.00515e+10
0.924	1.00513e+10
0.925	1.00512e+10
0.926	1.0051e+10
0.927	1.00509e+10
0.928	1.00508e+10
0.929	1.00507e+10
0.93	1.00505e+10
0.931	1.00504e+10
0.932	1.00503e+10
0.933	1.00502e+10
0.934	1.00501e+10
0.935	1.00499e+10
0.936	1.00498e+10
0.937	1.00497e+10
0.938	1.00496e+10
0.939	1.00495e+10
0.94	1.00494e+10
0.941	1.00493e+10
0.942	1.00492e+10
0.943	1.00491e+10
0.944	1.0049e+10
0.945	1.00489e+10
0.946	1.00488e+10
0.947	1.00487e+10
0.948	1.00486e+10
0.949	1.00485e+10
0.95	1.00485e+10
0.951	1.00484e+10
0.952	1.00483e+10
0.953	1.00482e+10
0.954	1.00481e+10
0.955	1.0048e+10
0.956	1.0048e+10
0.957	1.00479e+10
0.958	1.00478e+10
0.959	1.00478e+10
0.96	1.00477e+10
0.961	1.00476e+10
0.962	1.00476e+10
0.963	1.00475e+10
0.964	1.00474e+10
0.965	1.00474e+10
0.966	1.00473e+10
0.967	1.00473e+10
0.968	1.00472e+10
0.969	1.00472e+10
0.97	1.00471e+10
0.971	1.00471e+10
0.972	1.0047e+10
0.973	1.0047e+10
0.974	1.00469e+10
0.975	1.00469e+10
0.976	1.00468e+10
0.977	1.00468e+10
0.978	1.00468e+10
0.979	1.00467e+10
0.98	1.00467e+10
0.981	1.00467e+10
0.982	1.00466e+10
0.983	1.00466e+10
0.984	1.00466e+10
0.985	1.00466e+10
0.986	1.00465e+10
0.987	1.00465e+10
0.988	1.00465e+10
0.989	1.00465e+10
0.99	1.00464e+10
0.991	1.00464e+10
0.992	1.00464e+10
0.993	1.00464e+10
0.994	1.00464e+10
0.995	1.00464e+10
0.996	1.00464e+10
0.997	1.00464e+10
0.998	1.00464e+10
0.999	1.00464e+10
1	1.00464e+10
