0	100000
0	5.20919e+19
0.001	5.21061e+19
0.002	5.21192e+19
0.003	5.21311e+19
0.004	5.21417e+19
0.005	5.21511e+19
0.006	5.21593e+19
0.007	5.21661e+19
0.008	5.21717e+19
0.009	5.2176e+19
0.01	5.2179e+19
0.011	5.21807e+19
0.012	5.21811e+19
0.013	5.21802e+19
0.014	5.21779e+19
0.015	5.21743e+19
0.016	5.21694e+19
0.017	5.21631e+19
0.018	5.21554e+19
0.019	5.21463e+19
0.02	5.21358e+19
0.021	5.2124e+19
0.022	5.21107e+19
0.023	5.20959e+19
0.024	5.20797e+19
0.025	5.2062e+19
0.026	5.20428e+19
0.027	5.20221e+19
0.028	5.19999e+19
0.029	5.19761e+19
0.03	5.19508e+19
0.031	5.19239e+19
0.032	5.18954e+19
0.033	5.18652e+19
0.034	5.18334e+19
0.035	5.18e+19
0.036	5.17649e+19
0.037	5.17281e+19
0.038	5.16895e+19
0.039	5.16492e+19
0.04	5.16072e+19
0.041	5.15633e+19
0.042	5.15177e+19
0.043	5.14702e+19
0.044	5.14209e+19
0.045	5.13697e+19
0.046	5.13166e+19
0.047	5.12616e+19
0.048	5.12046e+19
0.049	5.11457e+19
0.05	5.10848e+19
0.051	5.10219e+19
0.052	5.0957e+19
0.053	5.089e+19
0.054	5.0821e+19
0.055	5.07498e+19
0.056	5.06766e+19
0.057	5.06012e+19
0.058	5.05237e+19
0.059	5.0444e+19
0.06	5.03622e+19
0.061	5.02781e+19
0.062	5.01918e+19
0.063	5.01033e+19
0.064	5.00125e+19
0.065	4.99194e+19
0.066	4.98241e+19
0.067	4.97264e+19
0.068	4.96264e+19
0.069	4.95241e+19
0.07	4.94195e+19
0.071	4.93125e+19
0.072	4.92031e+19
0.073	4.90913e+19
0.074	4.89772e+19
0.075	4.88606e+19
0.076	4.87417e+19
0.077	4.86203e+19
0.078	4.84965e+19
0.079	4.83703e+19
0.08	4.82416e+19
0.081	4.81105e+19
0.082	4.7977e+19
0.083	4.78411e+19
0.084	4.77027e+19
0.085	4.75618e+19
0.086	4.74185e+19
0.087	4.72728e+19
0.088	4.71247e+19
0.089	4.69741e+19
0.09	4.68211e+19
0.091	4.66657e+19
0.092	4.65078e+19
0.093	4.63476e+19
0.094	4.6185e+19
0.095	4.602e+19
0.096	4.58526e+19
0.097	4.56829e+19
0.098	4.55109e+19
0.099	4.53365e+19
0.1	4.51598e+19
0.101	4.49808e+19
0.102	4.47996e+19
0.103	4.46161e+19
0.104	4.44303e+19
0.105	4.42424e+19
0.106	4.40522e+19
0.107	4.38599e+19
0.108	4.36654e+19
0.109	4.34688e+19
0.11	4.32701e+19
0.111	4.30694e+19
0.112	4.28666e+19
0.113	4.26618e+19
0.114	4.2455e+19
0.115	4.22462e+19
0.116	4.20355e+19
0.117	4.18229e+19
0.118	4.16085e+19
0.119	4.13922e+19
0.12	4.11741e+19
0.121	4.09543e+19
0.122	4.07327e+19
0.123	4.05094e+19
0.124	4.02845e+19
0.125	4.00579e+19
0.126	3.98297e+19
0.127	3.96e+19
0.128	3.93688e+19
0.129	3.91361e+19
0.13	3.89019e+19
0.131	3.86664e+19
0.132	3.84295e+19
0.133	3.81912e+19
0.134	3.79517e+19
0.135	3.77109e+19
0.136	3.74689e+19
0.137	3.72257e+19
0.138	3.69814e+19
0.139	3.67361e+19
0.14	3.64896e+19
0.141	3.62422e+19
0.142	3.59938e+19
0.143	3.57445e+19
0.144	3.54943e+19
0.145	3.52432e+19
0.146	3.49914e+19
0.147	3.47388e+19
0.148	3.44854e+19
0.149	3.42314e+19
0.15	3.39767e+19
0.151	3.37215e+19
0.152	3.34657e+19
0.153	3.32093e+19
0.154	3.29525e+19
0.155	3.26953e+19
0.156	3.24376e+19
0.157	3.21796e+19
0.158	3.19213e+19
0.159	3.16627e+19
0.16	3.14039e+19
0.161	3.11449e+19
0.162	3.08857e+19
0.163	3.06264e+19
0.164	3.03671e+19
0.165	3.01076e+19
0.166	2.98482e+19
0.167	2.95888e+19
0.168	2.93295e+19
0.169	2.90703e+19
0.17	2.88113e+19
0.171	2.85524e+19
0.172	2.82938e+19
0.173	2.80354e+19
0.174	2.77773e+19
0.175	2.75195e+19
0.176	2.72621e+19
0.177	2.70051e+19
0.178	2.67485e+19
0.179	2.64924e+19
0.18	2.62368e+19
0.181	2.59818e+19
0.182	2.57272e+19
0.183	2.54733e+19
0.184	2.52201e+19
0.185	2.49674e+19
0.186	2.47155e+19
0.187	2.44643e+19
0.188	2.42139e+19
0.189	2.39642e+19
0.19	2.37154e+19
0.191	2.34674e+19
0.192	2.32203e+19
0.193	2.29741e+19
0.194	2.27288e+19
0.195	2.24844e+19
0.196	2.22411e+19
0.197	2.19987e+19
0.198	2.17574e+19
0.199	2.15171e+19
0.2	2.1278e+19
0.201	2.10399e+19
0.202	2.0803e+19
0.203	2.05672e+19
0.204	2.03326e+19
0.205	2.00992e+19
0.206	1.9867e+19
0.207	1.96361e+19
0.208	1.94064e+19
0.209	1.91781e+19
0.21	1.8951e+19
0.211	1.87253e+19
0.212	1.85009e+19
0.213	1.82778e+19
0.214	1.80562e+19
0.215	1.78359e+19
0.216	1.76171e+19
0.217	1.73997e+19
0.218	1.71837e+19
0.219	1.69692e+19
0.22	1.67562e+19
0.221	1.65447e+19
0.222	1.63346e+19
0.223	1.61261e+19
0.224	1.59192e+19
0.225	1.57137e+19
0.226	1.55099e+19
0.227	1.53076e+19
0.228	1.51068e+19
0.229	1.49077e+19
0.23	1.47102e+19
0.231	1.45142e+19
0.232	1.43199e+19
0.233	1.41272e+19
0.234	1.39362e+19
0.235	1.37468e+19
0.236	1.3559e+19
0.237	1.33729e+19
0.238	1.31885e+19
0.239	1.30057e+19
0.24	1.28246e+19
0.241	1.26451e+19
0.242	1.24674e+19
0.243	1.22913e+19
0.244	1.21169e+19
0.245	1.19442e+19
0.246	1.17732e+19
0.247	1.16039e+19
0.248	1.14363e+19
0.249	1.12703e+19
0.25	1.11061e+19
0.251	1.09436e+19
0.252	1.07828e+19
0.253	1.06236e+19
0.254	1.04662e+19
0.255	1.03104e+19
0.256	1.01564e+19
0.257	1.0004e+19
0.258	9.85332e+18
0.259	9.70432e+18
0.26	9.55701e+18
0.261	9.41136e+18
0.262	9.26739e+18
0.263	9.12509e+18
0.264	8.98446e+18
0.265	8.84547e+18
0.266	8.70815e+18
0.267	8.57247e+18
0.268	8.43843e+18
0.269	8.30602e+18
0.27	8.17524e+18
0.271	8.04609e+18
0.272	7.91854e+18
0.273	7.79261e+18
0.274	7.66827e+18
0.275	7.54552e+18
0.276	7.42435e+18
0.277	7.30475e+18
0.278	7.18672e+18
0.279	7.07024e+18
0.28	6.95531e+18
0.281	6.84191e+18
0.282	6.73004e+18
0.283	6.61969e+18
0.284	6.51084e+18
0.285	6.40349e+18
0.286	6.29762e+18
0.287	6.19322e+18
0.288	6.09029e+18
0.289	5.98881e+18
0.29	5.88877e+18
0.291	5.79015e+18
0.292	5.69296e+18
0.293	5.59717e+18
0.294	5.50277e+18
0.295	5.40976e+18
0.296	5.31811e+18
0.297	5.22782e+18
0.298	5.13887e+18
0.299	5.05126e+18
0.3	4.96496e+18
0.301	4.87997e+18
0.302	4.79628e+18
0.303	4.71386e+18
0.304	4.63272e+18
0.305	4.55283e+18
0.306	4.47417e+18
0.307	4.39675e+18
0.308	4.32055e+18
0.309	4.24554e+18
0.31	4.17173e+18
0.311	4.09908e+18
0.312	4.02761e+18
0.313	3.95728e+18
0.314	3.88808e+18
0.315	3.82001e+18
0.316	3.75305e+18
0.317	3.68718e+18
0.318	3.62239e+18
0.319	3.55868e+18
0.32	3.49601e+18
0.321	3.43439e+18
0.322	3.3738e+18
0.323	3.31422e+18
0.324	3.25565e+18
0.325	3.19806e+18
0.326	3.14145e+18
0.327	3.08581e+18
0.328	3.03111e+18
0.329	2.97735e+18
0.33	2.92451e+18
0.331	2.87258e+18
0.332	2.82155e+18
0.333	2.7714e+18
0.334	2.72213e+18
0.335	2.67371e+18
0.336	2.62615e+18
0.337	2.57941e+18
0.338	2.5335e+18
0.339	2.4884e+18
0.34	2.4441e+18
0.341	2.40058e+18
0.342	2.35783e+18
0.343	2.31585e+18
0.344	2.27461e+18
0.345	2.23412e+18
0.346	2.19434e+18
0.347	2.15529e+18
0.348	2.11693e+18
0.349	2.07927e+18
0.35	2.04229e+18
0.351	2.00597e+18
0.352	1.97032e+18
0.353	1.93531e+18
0.354	1.90094e+18
0.355	1.86719e+18
0.356	1.83406e+18
0.357	1.80153e+18
0.358	1.7696e+18
0.359	1.73825e+18
0.36	1.70748e+18
0.361	1.67727e+18
0.362	1.64761e+18
0.363	1.6185e+18
0.364	1.58992e+18
0.365	1.56187e+18
0.366	1.53433e+18
0.367	1.50731e+18
0.368	1.48077e+18
0.369	1.45473e+18
0.37	1.42917e+18
0.371	1.40408e+18
0.372	1.37945e+18
0.373	1.35527e+18
0.374	1.33154e+18
0.375	1.30825e+18
0.376	1.28539e+18
0.377	1.26295e+18
0.378	1.24092e+18
0.379	1.2193e+18
0.38	1.19808e+18
0.381	1.17724e+18
0.382	1.15679e+18
0.383	1.13672e+18
0.384	1.11701e+18
0.385	1.09767e+18
0.386	1.07868e+18
0.387	1.06004e+18
0.388	1.04174e+18
0.389	1.02378e+18
0.39	1.00614e+18
0.391	9.88831e+17
0.392	9.71834e+17
0.393	9.55147e+17
0.394	9.38764e+17
0.395	9.22679e+17
0.396	9.06886e+17
0.397	8.91379e+17
0.398	8.76154e+17
0.399	8.61204e+17
0.4	8.46525e+17
0.401	8.32111e+17
0.402	8.17956e+17
0.403	8.04056e+17
0.404	7.90406e+17
0.405	7.77002e+17
0.406	7.63837e+17
0.407	7.50908e+17
0.408	7.3821e+17
0.409	7.25739e+17
0.41	7.1349e+17
0.411	7.01458e+17
0.412	6.89641e+17
0.413	6.78033e+17
0.414	6.6663e+17
0.415	6.55429e+17
0.416	6.44425e+17
0.417	6.33616e+17
0.418	6.22996e+17
0.419	6.12563e+17
0.42	6.02313e+17
0.421	5.92242e+17
0.422	5.82347e+17
0.423	5.72625e+17
0.424	5.63072e+17
0.425	5.53685e+17
0.426	5.44461e+17
0.427	5.35397e+17
0.428	5.2649e+17
0.429	5.17737e+17
0.43	5.09135e+17
0.431	5.00681e+17
0.432	4.92372e+17
0.433	4.84206e+17
0.434	4.7618e+17
0.435	4.68292e+17
0.436	4.60538e+17
0.437	4.52917e+17
0.438	4.45426e+17
0.439	4.38063e+17
0.44	4.30824e+17
0.441	4.23709e+17
0.442	4.16714e+17
0.443	4.09838e+17
0.444	4.03078e+17
0.445	3.96433e+17
0.446	3.89899e+17
0.447	3.83476e+17
0.448	3.77161e+17
0.449	3.70952e+17
0.45	3.64847e+17
0.451	3.58845e+17
0.452	3.52944e+17
0.453	3.47141e+17
0.454	3.41436e+17
0.455	3.35826e+17
0.456	3.30309e+17
0.457	3.24885e+17
0.458	3.19551e+17
0.459	3.14306e+17
0.46	3.09149e+17
0.461	3.04077e+17
0.462	2.99089e+17
0.463	2.94185e+17
0.464	2.89361e+17
0.465	2.84618e+17
0.466	2.79954e+17
0.467	2.75366e+17
0.468	2.70855e+17
0.469	2.66418e+17
0.47	2.62055e+17
0.471	2.57764e+17
0.472	2.53544e+17
0.473	2.49393e+17
0.474	2.45311e+17
0.475	2.41296e+17
0.476	2.37348e+17
0.477	2.33465e+17
0.478	2.29646e+17
0.479	2.25889e+17
0.48	2.22195e+17
0.481	2.18561e+17
0.482	2.14987e+17
0.483	2.11472e+17
0.484	2.08015e+17
0.485	2.04615e+17
0.486	2.01271e+17
0.487	1.97981e+17
0.488	1.94746e+17
0.489	1.91564e+17
0.49	1.88434e+17
0.491	1.85356e+17
0.492	1.82329e+17
0.493	1.79351e+17
0.494	1.76422e+17
0.495	1.73541e+17
0.496	1.70707e+17
0.497	1.6792e+17
0.498	1.65179e+17
0.499	1.62483e+17
0.5	1.59831e+17
0.501	1.57223e+17
0.502	1.54657e+17
0.503	1.52134e+17
0.504	1.49652e+17
0.505	1.47211e+17
0.506	1.4481e+17
0.507	1.42449e+17
0.508	1.40126e+17
0.509	1.37842e+17
0.51	1.35594e+17
0.511	1.33384e+17
0.512	1.31211e+17
0.513	1.29073e+17
0.514	1.2697e+17
0.515	1.24901e+17
0.516	1.22867e+17
0.517	1.20866e+17
0.518	1.18898e+17
0.519	1.16962e+17
0.52	1.15059e+17
0.521	1.13186e+17
0.522	1.11344e+17
0.523	1.09533e+17
0.524	1.07751e+17
0.525	1.05999e+17
0.526	1.04276e+17
0.527	1.0258e+17
0.528	1.00913e+17
0.529	9.92733e+16
0.53	9.76605e+16
0.531	9.60742e+16
0.532	9.4514e+16
0.533	9.29795e+16
0.534	9.14702e+16
0.535	8.99858e+16
0.536	8.85259e+16
0.537	8.70899e+16
0.538	8.56776e+16
0.539	8.42886e+16
0.54	8.29224e+16
0.541	8.15788e+16
0.542	8.02572e+16
0.543	7.89574e+16
0.544	7.76791e+16
0.545	7.64217e+16
0.546	7.51851e+16
0.547	7.39689e+16
0.548	7.27727e+16
0.549	7.15961e+16
0.55	7.0439e+16
0.551	6.93009e+16
0.552	6.81816e+16
0.553	6.70807e+16
0.554	6.59979e+16
0.555	6.49329e+16
0.556	6.38855e+16
0.557	6.28554e+16
0.558	6.18422e+16
0.559	6.08457e+16
0.56	5.98655e+16
0.561	5.89016e+16
0.562	5.79535e+16
0.563	5.7021e+16
0.564	5.61038e+16
0.565	5.52018e+16
0.566	5.43146e+16
0.567	5.3442e+16
0.568	5.25837e+16
0.569	5.17396e+16
0.57	5.09094e+16
0.571	5.00928e+16
0.572	4.92897e+16
0.573	4.84997e+16
0.574	4.77228e+16
0.575	4.69586e+16
0.576	4.6207e+16
0.577	4.54677e+16
0.578	4.47406e+16
0.579	4.40254e+16
0.58	4.3322e+16
0.581	4.26301e+16
0.582	4.19496e+16
0.583	4.12803e+16
0.584	4.06219e+16
0.585	3.99744e+16
0.586	3.93375e+16
0.587	3.8711e+16
0.588	3.80948e+16
0.589	3.74887e+16
0.59	3.68925e+16
0.591	3.63062e+16
0.592	3.57294e+16
0.593	3.5162e+16
0.594	3.4604e+16
0.595	3.40551e+16
0.596	3.35152e+16
0.597	3.29841e+16
0.598	3.24617e+16
0.599	3.19478e+16
0.6	3.14424e+16
0.601	3.09452e+16
0.602	3.04561e+16
0.603	2.9975e+16
0.604	2.95018e+16
0.605	2.90363e+16
0.606	2.85784e+16
0.607	2.81279e+16
0.608	2.76848e+16
0.609	2.7249e+16
0.61	2.68202e+16
0.611	2.63984e+16
0.612	2.59835e+16
0.613	2.55753e+16
0.614	2.51738e+16
0.615	2.47788e+16
0.616	2.43903e+16
0.617	2.4008e+16
0.618	2.3632e+16
0.619	2.3262e+16
0.62	2.28981e+16
0.621	2.254e+16
0.622	2.21878e+16
0.623	2.18413e+16
0.624	2.15004e+16
0.625	2.1165e+16
0.626	2.08351e+16
0.627	2.05105e+16
0.628	2.01911e+16
0.629	1.98769e+16
0.63	1.95678e+16
0.631	1.92637e+16
0.632	1.89645e+16
0.633	1.86701e+16
0.634	1.83805e+16
0.635	1.80955e+16
0.636	1.78152e+16
0.637	1.75393e+16
0.638	1.72679e+16
0.639	1.70009e+16
0.64	1.67381e+16
0.641	1.64796e+16
0.642	1.62252e+16
0.643	1.59749e+16
0.644	1.57287e+16
0.645	1.54863e+16
0.646	1.52479e+16
0.647	1.50133e+16
0.648	1.47824e+16
0.649	1.45553e+16
0.65	1.43318e+16
0.651	1.41118e+16
0.652	1.38954e+16
0.653	1.36824e+16
0.654	1.34728e+16
0.655	1.32666e+16
0.656	1.30637e+16
0.657	1.28639e+16
0.658	1.26674e+16
0.659	1.2474e+16
0.66	1.22837e+16
0.661	1.20964e+16
0.662	1.19121e+16
0.663	1.17307e+16
0.664	1.15522e+16
0.665	1.13765e+16
0.666	1.12036e+16
0.667	1.10335e+16
0.668	1.0866e+16
0.669	1.07012e+16
0.67	1.0539e+16
0.671	1.03794e+16
0.672	1.02222e+16
0.673	1.00676e+16
0.674	9.91541e+15
0.675	9.76562e+15
0.676	9.61818e+15
0.677	9.47307e+15
0.678	9.33025e+15
0.679	9.18967e+15
0.68	9.0513e+15
0.681	8.9151e+15
0.682	8.78104e+15
0.683	8.64909e+15
0.684	8.51921e+15
0.685	8.39136e+15
0.686	8.26552e+15
0.687	8.14164e+15
0.688	8.0197e+15
0.689	7.89967e+15
0.69	7.78152e+15
0.691	7.6652e+15
0.692	7.55071e+15
0.693	7.438e+15
0.694	7.32704e+15
0.695	7.21782e+15
0.696	7.11029e+15
0.697	7.00444e+15
0.698	6.90023e+15
0.699	6.79764e+15
0.7	6.69665e+15
0.701	6.59722e+15
0.702	6.49933e+15
0.703	6.40296e+15
0.704	6.30808e+15
0.705	6.21467e+15
0.706	6.1227e+15
0.707	6.03216e+15
0.708	5.94302e+15
0.709	5.85525e+15
0.71	5.76883e+15
0.711	5.68375e+15
0.712	5.59998e+15
0.713	5.51749e+15
0.714	5.43628e+15
0.715	5.35632e+15
0.716	5.27758e+15
0.717	5.20006e+15
0.718	5.12372e+15
0.719	5.04855e+15
0.72	4.97454e+15
0.721	4.90166e+15
0.722	4.8299e+15
0.723	4.75924e+15
0.724	4.68965e+15
0.725	4.62113e+15
0.726	4.55366e+15
0.727	4.48721e+15
0.728	4.42178e+15
0.729	4.35735e+15
0.73	4.2939e+15
0.731	4.23141e+15
0.732	4.16988e+15
0.733	4.10928e+15
0.734	4.0496e+15
0.735	3.99083e+15
0.736	3.93295e+15
0.737	3.87595e+15
0.738	3.81981e+15
0.739	3.76453e+15
0.74	3.71008e+15
0.741	3.65646e+15
0.742	3.60364e+15
0.743	3.55163e+15
0.744	3.5004e+15
0.745	3.44995e+15
0.746	3.40025e+15
0.747	3.35131e+15
0.748	3.3031e+15
0.749	3.25563e+15
0.75	3.20886e+15
0.751	3.1628e+15
0.752	3.11744e+15
0.753	3.07275e+15
0.754	3.02874e+15
0.755	2.98539e+15
0.756	2.94269e+15
0.757	2.90063e+15
0.758	2.8592e+15
0.759	2.81839e+15
0.76	2.77819e+15
0.761	2.7386e+15
0.762	2.69959e+15
0.763	2.66118e+15
0.764	2.62333e+15
0.765	2.58605e+15
0.766	2.54933e+15
0.767	2.51316e+15
0.768	2.47753e+15
0.769	2.44243e+15
0.77	2.40785e+15
0.771	2.37379e+15
0.772	2.34023e+15
0.773	2.30718e+15
0.774	2.27461e+15
0.775	2.24253e+15
0.776	2.21093e+15
0.777	2.1798e+15
0.778	2.14913e+15
0.779	2.11892e+15
0.78	2.08916e+15
0.781	2.05984e+15
0.782	2.03095e+15
0.783	2.00249e+15
0.784	1.97445e+15
0.785	1.94683e+15
0.786	1.91962e+15
0.787	1.89282e+15
0.788	1.86641e+15
0.789	1.84039e+15
0.79	1.81475e+15
0.791	1.7895e+15
0.792	1.76461e+15
0.793	1.7401e+15
0.794	1.71595e+15
0.795	1.69216e+15
0.796	1.66871e+15
0.797	1.64562e+15
0.798	1.62286e+15
0.799	1.60044e+15
0.8	1.57836e+15
0.801	1.5566e+15
0.802	1.53516e+15
0.803	1.51403e+15
0.804	1.49322e+15
0.805	1.47271e+15
0.806	1.45251e+15
0.807	1.43261e+15
0.808	1.413e+15
0.809	1.39367e+15
0.81	1.37464e+15
0.811	1.35588e+15
0.812	1.3374e+15
0.813	1.31919e+15
0.814	1.30126e+15
0.815	1.28358e+15
0.816	1.26617e+15
0.817	1.24901e+15
0.818	1.2321e+15
0.819	1.21545e+15
0.82	1.19904e+15
0.821	1.18287e+15
0.822	1.16694e+15
0.823	1.15125e+15
0.824	1.13578e+15
0.825	1.12055e+15
0.826	1.10554e+15
0.827	1.09075e+15
0.828	1.07617e+15
0.829	1.06182e+15
0.83	1.04767e+15
0.831	1.03374e+15
0.832	1.02001e+15
0.833	1.00648e+15
0.834	9.93152e+14
0.835	9.80021e+14
0.836	9.67084e+14
0.837	9.54339e+14
0.838	9.41782e+14
0.839	9.2941e+14
0.84	9.17221e+14
0.841	9.05213e+14
0.842	8.93383e+14
0.843	8.81728e+14
0.844	8.70245e+14
0.845	8.58933e+14
0.846	8.47789e+14
0.847	8.3681e+14
0.848	8.25994e+14
0.849	8.15338e+14
0.85	8.04841e+14
0.851	7.94501e+14
0.852	7.84314e+14
0.853	7.74278e+14
0.854	7.64393e+14
0.855	7.54654e+14
0.856	7.45061e+14
0.857	7.35612e+14
0.858	7.26303e+14
0.859	7.17134e+14
0.86	7.08102e+14
0.861	6.99206e+14
0.862	6.90443e+14
0.863	6.81811e+14
0.864	6.73309e+14
0.865	6.64935e+14
0.866	6.56687e+14
0.867	6.48564e+14
0.868	6.40563e+14
0.869	6.32683e+14
0.87	6.24922e+14
0.871	6.17279e+14
0.872	6.09752e+14
0.873	6.02339e+14
0.874	5.95038e+14
0.875	5.87849e+14
0.876	5.8077e+14
0.877	5.73799e+14
0.878	5.66934e+14
0.879	5.60175e+14
0.88	5.53519e+14
0.881	5.46966e+14
0.882	5.40513e+14
0.883	5.3416e+14
0.884	5.27906e+14
0.885	5.21748e+14
0.886	5.15686e+14
0.887	5.09718e+14
0.888	5.03843e+14
0.889	4.9806e+14
0.89	4.92367e+14
0.891	4.86764e+14
0.892	4.81248e+14
0.893	4.7582e+14
0.894	4.70478e+14
0.895	4.6522e+14
0.896	4.60046e+14
0.897	4.54954e+14
0.898	4.49944e+14
0.899	4.45013e+14
0.9	4.40163e+14
0.901	4.3539e+14
0.902	4.30695e+14
0.903	4.26075e+14
0.904	4.21531e+14
0.905	4.17062e+14
0.906	4.12665e+14
0.907	4.08341e+14
0.908	4.04089e+14
0.909	3.99907e+14
0.91	3.95794e+14
0.911	3.91751e+14
0.912	3.87775e+14
0.913	3.83867e+14
0.914	3.80024e+14
0.915	3.76248e+14
0.916	3.72535e+14
0.917	3.68887e+14
0.918	3.65302e+14
0.919	3.61779e+14
0.92	3.58317e+14
0.921	3.54917e+14
0.922	3.51576e+14
0.923	3.48295e+14
0.924	3.45073e+14
0.925	3.41909e+14
0.926	3.38802e+14
0.927	3.35751e+14
0.928	3.32757e+14
0.929	3.29818e+14
0.93	3.26934e+14
0.931	3.24104e+14
0.932	3.21327e+14
0.933	3.18604e+14
0.934	3.15932e+14
0.935	3.13313e+14
0.936	3.10745e+14
0.937	3.08227e+14
0.938	3.0576e+14
0.939	3.03342e+14
0.94	3.00974e+14
0.941	2.98654e+14
0.942	2.96382e+14
0.943	2.94158e+14
0.944	2.91981e+14
0.945	2.89851e+14
0.946	2.87767e+14
0.947	2.85728e+14
0.948	2.83735e+14
0.949	2.81787e+14
0.95	2.79884e+14
0.951	2.78025e+14
0.952	2.76209e+14
0.953	2.74437e+14
0.954	2.72707e+14
0.955	2.71021e+14
0.956	2.69376e+14
0.957	2.67773e+14
0.958	2.66212e+14
0.959	2.64692e+14
0.96	2.63213e+14
0.961	2.61774e+14
0.962	2.60376e+14
0.963	2.59018e+14
0.964	2.57699e+14
0.965	2.56419e+14
0.966	2.55179e+14
0.967	2.53978e+14
0.968	2.52815e+14
0.969	2.5169e+14
0.97	2.50604e+14
0.971	2.49555e+14
0.972	2.48544e+14
0.973	2.4757e+14
0.974	2.46634e+14
0.975	2.45734e+14
0.976	2.44872e+14
0.977	2.44046e+14
0.978	2.43256e+14
0.979	2.42503e+14
0.98	2.41786e+14
0.981	2.41104e+14
0.982	2.40459e+14
0.983	2.39849e+14
0.984	2.39275e+14
0.985	2.38736e+14
0.986	2.38233e+14
0.987	2.37764e+14
0.988	2.37331e+14
0.989	2.36933e+14
0.99	2.3657e+14
0.991	2.36241e+14
0.992	2.35947e+14
0.993	2.35688e+14
0.994	2.35464e+14
0.995	2.35274e+14
0.996	2.35119e+14
0.997	2.34998e+14
0.998	2.34912e+14
0.999	2.3486e+14
1	2.34843e+14
