0	100000
0	4.47676e+19
0.001	4.4774e+19
0.002	4.47791e+19
0.003	4.47827e+19
0.004	4.47851e+19
0.005	4.47862e+19
0.006	4.47859e+19
0.007	4.47844e+19
0.008	4.47815e+19
0.009	4.47774e+19
0.01	4.47719e+19
0.011	4.47652e+19
0.012	4.47571e+19
0.013	4.47478e+19
0.014	4.47371e+19
0.015	4.47252e+19
0.016	4.4712e+19
0.017	4.46974e+19
0.018	4.46816e+19
0.019	4.46646e+19
0.02	4.46462e+19
0.021	4.46265e+19
0.022	4.46056e+19
0.023	4.45834e+19
0.024	4.456e+19
0.025	4.45353e+19
0.026	4.45093e+19
0.027	4.44821e+19
0.028	4.44536e+19
0.029	4.44239e+19
0.03	4.4393e+19
0.031	4.43608e+19
0.032	4.43274e+19
0.033	4.42928e+19
0.034	4.4257e+19
0.035	4.422e+19
0.036	4.41817e+19
0.037	4.41423e+19
0.038	4.41017e+19
0.039	4.40599e+19
0.04	4.40169e+19
0.041	4.39728e+19
0.042	4.39275e+19
0.043	4.38811e+19
0.044	4.38335e+19
0.045	4.37847e+19
0.046	4.37349e+19
0.047	4.36839e+19
0.048	4.36318e+19
0.049	4.35786e+19
0.05	4.35243e+19
0.051	4.34689e+19
0.052	4.34124e+19
0.053	4.33549e+19
0.054	4.32962e+19
0.055	4.32366e+19
0.056	4.31758e+19
0.057	4.3114e+19
0.058	4.30512e+19
0.059	4.29874e+19
0.06	4.29225e+19
0.061	4.28566e+19
0.062	4.27898e+19
0.063	4.27219e+19
0.064	4.2653e+19
0.065	4.25832e+19
0.066	4.25123e+19
0.067	4.24406e+19
0.068	4.23678e+19
0.069	4.22941e+19
0.07	4.22195e+19
0.071	4.21439e+19
0.072	4.20674e+19
0.073	4.19899e+19
0.074	4.19116e+19
0.075	4.18323e+19
0.076	4.17521e+19
0.077	4.16711e+19
0.078	4.15891e+19
0.079	4.15063e+19
0.08	4.14225e+19
0.081	4.13379e+19
0.082	4.12525e+19
0.083	4.11661e+19
0.084	4.10789e+19
0.085	4.09909e+19
0.086	4.0902e+19
0.087	4.08123e+19
0.088	4.07217e+19
0.089	4.06303e+19
0.09	4.0538e+19
0.091	4.04449e+19
0.092	4.0351e+19
0.093	4.02563e+19
0.094	4.01608e+19
0.095	4.00644e+19
0.096	3.99673e+19
0.097	3.98693e+19
0.098	3.97705e+19
0.099	3.9671e+19
0.1	3.95706e+19
0.101	3.94694e+19
0.102	3.93675e+19
0.103	3.92647e+19
0.104	3.91612e+19
0.105	3.90569e+19
0.106	3.89517e+19
0.107	3.88458e+19
0.108	3.87392e+19
0.109	3.86317e+19
0.11	3.85235e+19
0.111	3.84145e+19
0.112	3.83047e+19
0.113	3.81941e+19
0.114	3.80828e+19
0.115	3.79707e+19
0.116	3.78578e+19
0.117	3.77442e+19
0.118	3.76298e+19
0.119	3.75146e+19
0.12	3.73987e+19
0.121	3.7282e+19
0.122	3.71646e+19
0.123	3.70464e+19
0.124	3.69274e+19
0.125	3.68077e+19
0.126	3.66872e+19
0.127	3.6566e+19
0.128	3.64441e+19
0.129	3.63214e+19
0.13	3.6198e+19
0.131	3.60738e+19
0.132	3.59489e+19
0.133	3.58233e+19
0.134	3.56969e+19
0.135	3.55698e+19
0.136	3.5442e+19
0.137	3.53135e+19
0.138	3.51842e+19
0.139	3.50543e+19
0.14	3.49236e+19
0.141	3.47922e+19
0.142	3.46601e+19
0.143	3.45274e+19
0.144	3.43939e+19
0.145	3.42598e+19
0.146	3.41249e+19
0.147	3.39894e+19
0.148	3.38533e+19
0.149	3.37164e+19
0.15	3.35789e+19
0.151	3.34408e+19
0.152	3.33019e+19
0.153	3.31625e+19
0.154	3.30224e+19
0.155	3.28817e+19
0.156	3.27404e+19
0.157	3.25984e+19
0.158	3.24559e+19
0.159	3.23127e+19
0.16	3.21689e+19
0.161	3.20246e+19
0.162	3.18797e+19
0.163	3.17342e+19
0.164	3.15881e+19
0.165	3.14415e+19
0.166	3.12944e+19
0.167	3.11467e+19
0.168	3.09984e+19
0.169	3.08497e+19
0.17	3.07004e+19
0.171	3.05506e+19
0.172	3.04004e+19
0.173	3.02496e+19
0.174	3.00984e+19
0.175	2.99467e+19
0.176	2.97946e+19
0.177	2.9642e+19
0.178	2.94889e+19
0.179	2.93354e+19
0.18	2.91815e+19
0.181	2.90272e+19
0.182	2.88725e+19
0.183	2.87175e+19
0.184	2.8562e+19
0.185	2.84061e+19
0.186	2.82499e+19
0.187	2.80934e+19
0.188	2.79365e+19
0.189	2.77793e+19
0.19	2.76217e+19
0.191	2.74639e+19
0.192	2.73058e+19
0.193	2.71473e+19
0.194	2.69886e+19
0.195	2.68296e+19
0.196	2.66704e+19
0.197	2.65109e+19
0.198	2.63512e+19
0.199	2.61913e+19
0.2	2.60311e+19
0.201	2.58707e+19
0.202	2.57102e+19
0.203	2.55494e+19
0.204	2.53885e+19
0.205	2.52274e+19
0.206	2.50662e+19
0.207	2.49048e+19
0.208	2.47433e+19
0.209	2.45817e+19
0.21	2.44199e+19
0.211	2.42581e+19
0.212	2.40961e+19
0.213	2.39341e+19
0.214	2.3772e+19
0.215	2.36098e+19
0.216	2.34476e+19
0.217	2.32853e+19
0.218	2.3123e+19
0.219	2.29607e+19
0.22	2.27984e+19
0.221	2.2636e+19
0.222	2.24737e+19
0.223	2.23114e+19
0.224	2.2149e+19
0.225	2.19868e+19
0.226	2.18245e+19
0.227	2.16623e+19
0.228	2.15002e+19
0.229	2.13381e+19
0.23	2.11762e+19
0.231	2.10143e+19
0.232	2.08524e+19
0.233	2.06907e+19
0.234	2.05291e+19
0.235	2.03677e+19
0.236	2.02063e+19
0.237	2.00451e+19
0.238	1.9884e+19
0.239	1.97231e+19
0.24	1.95624e+19
0.241	1.94018e+19
0.242	1.92414e+19
0.243	1.90811e+19
0.244	1.89211e+19
0.245	1.87613e+19
0.246	1.86017e+19
0.247	1.84423e+19
0.248	1.82831e+19
0.249	1.81242e+19
0.25	1.79655e+19
0.251	1.7807e+19
0.252	1.76488e+19
0.253	1.74909e+19
0.254	1.73332e+19
0.255	1.71759e+19
0.256	1.70188e+19
0.257	1.6862e+19
0.258	1.67055e+19
0.259	1.65493e+19
0.26	1.63934e+19
0.261	1.62379e+19
0.262	1.60827e+19
0.263	1.59278e+19
0.264	1.57733e+19
0.265	1.56192e+19
0.266	1.54654e+19
0.267	1.53119e+19
0.268	1.51589e+19
0.269	1.50062e+19
0.27	1.4854e+19
0.271	1.47021e+19
0.272	1.45506e+19
0.273	1.43996e+19
0.274	1.4249e+19
0.275	1.40988e+19
0.276	1.3949e+19
0.277	1.37998e+19
0.278	1.36509e+19
0.279	1.35025e+19
0.28	1.33546e+19
0.281	1.32072e+19
0.282	1.30603e+19
0.283	1.29138e+19
0.284	1.27679e+19
0.285	1.26225e+19
0.286	1.24776e+19
0.287	1.23332e+19
0.288	1.21894e+19
0.289	1.20461e+19
0.29	1.19033e+19
0.291	1.17612e+19
0.292	1.16196e+19
0.293	1.14785e+19
0.294	1.13381e+19
0.295	1.11983e+19
0.296	1.1059e+19
0.297	1.09204e+19
0.298	1.07824e+19
0.299	1.06451e+19
0.3	1.05083e+19
0.301	1.03723e+19
0.302	1.02368e+19
0.303	1.01021e+19
0.304	9.96804e+18
0.305	9.83466e+18
0.306	9.70197e+18
0.307	9.56999e+18
0.308	9.43873e+18
0.309	9.30819e+18
0.31	9.17839e+18
0.311	9.04932e+18
0.312	8.92101e+18
0.313	8.79346e+18
0.314	8.66668e+18
0.315	8.54068e+18
0.316	8.41547e+18
0.317	8.29106e+18
0.318	8.16746e+18
0.319	8.04468e+18
0.32	7.92272e+18
0.321	7.80161e+18
0.322	7.68133e+18
0.323	7.56192e+18
0.324	7.44336e+18
0.325	7.32568e+18
0.326	7.20889e+18
0.327	7.09298e+18
0.328	6.97798e+18
0.329	6.86388e+18
0.33	6.75071e+18
0.331	6.63846e+18
0.332	6.52715e+18
0.333	6.41678e+18
0.334	6.30736e+18
0.335	6.19891e+18
0.336	6.09142e+18
0.337	5.98491e+18
0.338	5.87938e+18
0.339	5.77485e+18
0.34	5.67131e+18
0.341	5.56878e+18
0.342	5.46727e+18
0.343	5.36677e+18
0.344	5.2673e+18
0.345	5.16887e+18
0.346	5.07147e+18
0.347	4.97512e+18
0.348	4.87982e+18
0.349	4.78558e+18
0.35	4.69239e+18
0.351	4.60028e+18
0.352	4.50923e+18
0.353	4.41926e+18
0.354	4.33037e+18
0.355	4.24256e+18
0.356	4.15584e+18
0.357	4.07021e+18
0.358	3.98567e+18
0.359	3.90222e+18
0.36	3.81987e+18
0.361	3.73862e+18
0.362	3.65847e+18
0.363	3.57942e+18
0.364	3.50147e+18
0.365	3.42463e+18
0.366	3.34889e+18
0.367	3.27424e+18
0.368	3.2007e+18
0.369	3.12826e+18
0.37	3.05692e+18
0.371	2.98668e+18
0.372	2.91753e+18
0.373	2.84948e+18
0.374	2.78251e+18
0.375	2.71663e+18
0.376	2.65184e+18
0.377	2.58812e+18
0.378	2.52548e+18
0.379	2.46391e+18
0.38	2.40341e+18
0.381	2.34396e+18
0.382	2.28558e+18
0.383	2.22824e+18
0.384	2.17194e+18
0.385	2.11668e+18
0.386	2.06244e+18
0.387	2.00923e+18
0.388	1.95704e+18
0.389	1.90585e+18
0.39	1.85566e+18
0.391	1.80646e+18
0.392	1.75824e+18
0.393	1.711e+18
0.394	1.66472e+18
0.395	1.61939e+18
0.396	1.57501e+18
0.397	1.53156e+18
0.398	1.48904e+18
0.399	1.44744e+18
0.4	1.40673e+18
0.401	1.36693e+18
0.402	1.328e+18
0.403	1.28995e+18
0.404	1.25275e+18
0.405	1.21641e+18
0.406	1.18091e+18
0.407	1.14623e+18
0.408	1.11236e+18
0.409	1.07931e+18
0.41	1.04704e+18
0.411	1.01555e+18
0.412	9.84829e+17
0.413	9.54864e+17
0.414	9.25643e+17
0.415	8.97154e+17
0.416	8.69383e+17
0.417	8.42321e+17
0.418	8.15953e+17
0.419	7.90268e+17
0.42	7.65253e+17
0.421	7.40897e+17
0.422	7.17188e+17
0.423	6.94113e+17
0.424	6.71659e+17
0.425	6.49816e+17
0.426	6.28571e+17
0.427	6.07913e+17
0.428	5.87828e+17
0.429	5.68306e+17
0.43	5.49335e+17
0.431	5.30903e+17
0.432	5.12999e+17
0.433	4.95611e+17
0.434	4.78728e+17
0.435	4.62339e+17
0.436	4.46432e+17
0.437	4.30997e+17
0.438	4.16023e+17
0.439	4.01498e+17
0.44	3.87413e+17
0.441	3.73757e+17
0.442	3.6052e+17
0.443	3.47691e+17
0.444	3.3526e+17
0.445	3.23218e+17
0.446	3.11554e+17
0.447	3.00259e+17
0.448	2.89324e+17
0.449	2.78739e+17
0.45	2.68495e+17
0.451	2.58584e+17
0.452	2.48995e+17
0.453	2.39721e+17
0.454	2.30753e+17
0.455	2.22082e+17
0.456	2.13701e+17
0.457	2.05601e+17
0.458	1.97774e+17
0.459	1.90213e+17
0.46	1.8291e+17
0.461	1.75857e+17
0.462	1.69048e+17
0.463	1.62475e+17
0.464	1.56131e+17
0.465	1.5001e+17
0.466	1.44104e+17
0.467	1.38408e+17
0.468	1.32914e+17
0.469	1.27617e+17
0.47	1.22511e+17
0.471	1.17589e+17
0.472	1.12846e+17
0.473	1.08276e+17
0.474	1.03874e+17
0.475	9.96341e+16
0.476	9.55515e+16
0.477	9.16209e+16
0.478	8.78374e+16
0.479	8.41961e+16
0.48	8.06924e+16
0.481	7.73216e+16
0.482	7.40794e+16
0.483	7.09613e+16
0.484	6.79633e+16
0.485	6.50812e+16
0.486	6.2311e+16
0.487	5.96488e+16
0.488	5.7091e+16
0.489	5.46339e+16
0.49	5.22739e+16
0.491	5.00076e+16
0.492	4.78318e+16
0.493	4.5743e+16
0.494	4.37384e+16
0.495	4.18147e+16
0.496	3.99691e+16
0.497	3.81986e+16
0.498	3.65007e+16
0.499	3.48725e+16
0.5	3.33115e+16
0.501	3.18152e+16
0.502	3.03811e+16
0.503	2.9007e+16
0.504	2.76905e+16
0.505	2.64295e+16
0.506	2.52218e+16
0.507	2.40653e+16
0.508	2.29582e+16
0.509	2.18984e+16
0.51	2.08842e+16
0.511	1.99138e+16
0.512	1.89853e+16
0.513	1.80973e+16
0.514	1.72479e+16
0.515	1.64358e+16
0.516	1.56594e+16
0.517	1.49173e+16
0.518	1.42081e+16
0.519	1.35304e+16
0.52	1.2883e+16
0.521	1.22645e+16
0.522	1.16739e+16
0.523	1.111e+16
0.524	1.05716e+16
0.525	1.00577e+16
0.526	9.56723e+15
0.527	9.09924e+15
0.528	8.65276e+15
0.529	8.22688e+15
0.53	7.82072e+15
0.531	7.43343e+15
0.532	7.0642e+15
0.533	6.71225e+15
0.534	6.37682e+15
0.535	6.05719e+15
0.536	5.75268e+15
0.537	5.46261e+15
0.538	5.18635e+15
0.539	4.92329e+15
0.54	4.67284e+15
0.541	4.43443e+15
0.542	4.20752e+15
0.543	3.9916e+15
0.544	3.78617e+15
0.545	3.59075e+15
0.546	3.40488e+15
0.547	3.22813e+15
0.548	3.06008e+15
0.549	2.90033e+15
0.55	2.74849e+15
0.551	2.6042e+15
0.552	2.4671e+15
0.553	2.33685e+15
0.554	2.21314e+15
0.555	2.09566e+15
0.556	1.98411e+15
0.557	1.8782e+15
0.558	1.77768e+15
0.559	1.68228e+15
0.56	1.59175e+15
0.561	1.50587e+15
0.562	1.4244e+15
0.563	1.34714e+15
0.564	1.27387e+15
0.565	1.2044e+15
0.566	1.13855e+15
0.567	1.07614e+15
0.568	1.017e+15
0.569	9.60958e+14
0.57	9.07871e+14
0.571	8.57587e+14
0.572	8.09967e+14
0.573	7.64877e+14
0.574	7.22189e+14
0.575	6.81782e+14
0.576	6.4354e+14
0.577	6.07352e+14
0.578	5.73115e+14
0.579	5.40728e+14
0.58	5.10095e+14
0.581	4.81127e+14
0.582	4.53738e+14
0.583	4.27844e+14
0.584	4.0337e+14
0.585	3.8024e+14
0.586	3.58384e+14
0.587	3.37735e+14
0.588	3.18229e+14
0.589	2.99807e+14
0.59	2.8241e+14
0.591	2.65985e+14
0.592	2.50478e+14
0.593	2.35842e+14
0.594	2.2203e+14
0.595	2.08996e+14
0.596	1.96699e+14
0.597	1.851e+14
0.598	1.7416e+14
0.599	1.63843e+14
0.6	1.54116e+14
0.601	1.44946e+14
0.602	1.36302e+14
0.603	1.28156e+14
0.604	1.20479e+14
0.605	1.13247e+14
0.606	1.06434e+14
0.607	1.00018e+14
0.608	9.39745e+13
0.609	8.82845e+13
0.61	8.29275e+13
0.611	7.7885e+13
0.612	7.3139e+13
0.613	6.86729e+13
0.614	6.44708e+13
0.615	6.05176e+13
0.616	5.67991e+13
0.617	5.33019e+13
0.618	5.00133e+13
0.619	4.69213e+13
0.62	4.40147e+13
0.621	4.12825e+13
0.622	3.87149e+13
0.623	3.63022e+13
0.624	3.40353e+13
0.625	3.19058e+13
0.626	2.99056e+13
0.627	2.80272e+13
0.628	2.62634e+13
0.629	2.46073e+13
0.63	2.30528e+13
0.631	2.15936e+13
0.632	2.02243e+13
0.633	1.89394e+13
0.634	1.77338e+13
0.635	1.66029e+13
0.636	1.55422e+13
0.637	1.45474e+13
0.638	1.36146e+13
0.639	1.27401e+13
0.64	1.19202e+13
0.641	1.11518e+13
0.642	1.04316e+13
0.643	9.75675e+12
0.644	9.12446e+12
0.645	8.53212e+12
0.646	7.9773e+12
0.647	7.45767e+12
0.648	6.97107e+12
0.649	6.51547e+12
0.65	6.08894e+12
0.651	5.68968e+12
0.652	5.316e+12
0.653	4.96631e+12
0.654	4.6391e+12
0.655	4.33297e+12
0.656	4.04661e+12
0.657	3.77876e+12
0.658	3.52827e+12
0.659	3.29403e+12
0.66	3.07503e+12
0.661	2.8703e+12
0.662	2.67893e+12
0.663	2.50007e+12
0.664	2.33292e+12
0.665	2.17675e+12
0.666	2.03084e+12
0.667	1.89454e+12
0.668	1.76723e+12
0.669	1.64833e+12
0.67	1.53731e+12
0.671	1.43364e+12
0.672	1.33687e+12
0.673	1.24653e+12
0.674	1.16221e+12
0.675	1.08353e+12
0.676	1.01011e+12
0.677	9.416e+11
0.678	8.77692e+11
0.679	8.1808e+11
0.68	7.62481e+11
0.681	7.10631e+11
0.682	6.62283e+11
0.683	6.17207e+11
0.684	5.75185e+11
0.685	5.36015e+11
0.686	4.99508e+11
0.687	4.65486e+11
0.688	4.33784e+11
0.689	4.04248e+11
0.69	3.76732e+11
0.691	3.51102e+11
0.692	3.2723e+11
0.693	3.04999e+11
0.694	2.84298e+11
0.695	2.65023e+11
0.696	2.4708e+11
0.697	2.30377e+11
0.698	2.1483e+11
0.699	2.00362e+11
0.7	1.86898e+11
0.701	1.74371e+11
0.702	1.62716e+11
0.703	1.51874e+11
0.704	1.41789e+11
0.705	1.3241e+11
0.706	1.23688e+11
0.707	1.15577e+11
0.708	1.08036e+11
0.709	1.01026e+11
0.71	9.45095e+10
0.711	8.84526e+10
0.712	8.28234e+10
0.713	7.75924e+10
0.714	7.27319e+10
0.715	6.8216e+10
0.716	6.40209e+10
0.717	6.0124e+10
0.718	5.65046e+10
0.719	5.31432e+10
0.72	5.00217e+10
0.721	4.71233e+10
0.722	4.44324e+10
0.723	4.19343e+10
0.724	3.96154e+10
0.725	3.74631e+10
0.726	3.54656e+10
0.727	3.3612e+10
0.728	3.1892e+10
0.729	3.02962e+10
0.73	2.88157e+10
0.731	2.74423e+10
0.732	2.61685e+10
0.733	2.4987e+10
0.734	2.38913e+10
0.735	2.28753e+10
0.736	2.19333e+10
0.737	2.10598e+10
0.738	2.02501e+10
0.739	1.94996e+10
0.74	1.88039e+10
0.741	1.81591e+10
0.742	1.75615e+10
0.743	1.70078e+10
0.744	1.64947e+10
0.745	1.60194e+10
0.746	1.5579e+10
0.747	1.5171e+10
0.748	1.47932e+10
0.749	1.44432e+10
0.75	1.4119e+10
0.751	1.38188e+10
0.752	1.35409e+10
0.753	1.32835e+10
0.754	1.30452e+10
0.755	1.28245e+10
0.756	1.26203e+10
0.757	1.24312e+10
0.758	1.22562e+10
0.759	1.20942e+10
0.76	1.19443e+10
0.761	1.18056e+10
0.762	1.16772e+10
0.763	1.15583e+10
0.764	1.14484e+10
0.765	1.13467e+10
0.766	1.12526e+10
0.767	1.11655e+10
0.768	1.10849e+10
0.769	1.10104e+10
0.77	1.09414e+10
0.771	1.08776e+10
0.772	1.08186e+10
0.773	1.0764e+10
0.774	1.07135e+10
0.775	1.06668e+10
0.776	1.06236e+10
0.777	1.05836e+10
0.778	1.05467e+10
0.779	1.05124e+10
0.78	1.04808e+10
0.781	1.04515e+10
0.782	1.04244e+10
0.783	1.03994e+10
0.784	1.03762e+10
0.785	1.03547e+10
0.786	1.03349e+10
0.787	1.03165e+10
0.788	1.02995e+10
0.789	1.02837e+10
0.79	1.02691e+10
0.791	1.02556e+10
0.792	1.02431e+10
0.793	1.02315e+10
0.794	1.02208e+10
0.795	1.02108e+10
0.796	1.02016e+10
0.797	1.01931e+10
0.798	1.01851e+10
0.799	1.01778e+10
0.8	1.01709e+10
0.801	1.01646e+10
0.802	1.01587e+10
0.803	1.01532e+10
0.804	1.01481e+10
0.805	1.01434e+10
0.806	1.0139e+10
0.807	1.01349e+10
0.808	1.01311e+10
0.809	1.01275e+10
0.81	1.01242e+10
0.811	1.01211e+10
0.812	1.01182e+10
0.813	1.01155e+10
0.814	1.0113e+10
0.815	1.01106e+10
0.816	1.01084e+10
0.817	1.01063e+10
0.818	1.01043e+10
0.819	1.01025e+10
0.82	1.01008e+10
0.821	1.00991e+10
0.822	1.00976e+10
0.823	1.00962e+10
0.824	1.00948e+10
0.825	1.00935e+10
0.826	1.00923e+10
0.827	1.00911e+10
0.828	1.009e+10
0.829	1.00889e+10
0.83	1.00879e+10
0.831	1.0087e+10
0.832	1.00861e+10
0.833	1.00852e+10
0.834	1.00844e+10
0.835	1.00836e+10
0.836	1.00828e+10
0.837	1.0082e+10
0.838	1.00813e+10
0.839	1.00806e+10
0.84	1.008e+10
0.841	1.00794e+10
0.842	1.00787e+10
0.843	1.00781e+10
0.844	1.00776e+10
0.845	1.0077e+10
0.846	1.00765e+10
0.847	1.00759e+10
0.848	1.00754e+10
0.849	1.00749e+10
0.85	1.00744e+10
0.851	1.00739e+10
0.852	1.00735e+10
0.853	1.0073e+10
0.854	1.00726e+10
0.855	1.00721e+10
0.856	1.00717e+10
0.857	1.00713e+10
0.858	1.00709e+10
0.859	1.00705e+10
0.86	1.00701e+10
0.861	1.00697e+10
0.862	1.00693e+10
0.863	1.00689e+10
0.864	1.00686e+10
0.865	1.00682e+10
0.866	1.00678e+10
0.867	1.00675e+10
0.868	1.00672e+10
0.869	1.00668e+10
0.87	1.00665e+10
0.871	1.00661e+10
0.872	1.00658e+10
0.873	1.00655e+10
0.874	1.00652e+10
0.875	1.00649e+10
0.876	1.00646e+10
0.877	1.00643e+10
0.878	1.0064e+10
0.879	1.00637e+10
0.88	1.00634e+10
0.881	1.00631e+10
0.882	1.00628e+10
0.883	1.00625e+10
0.884	1.00622e+10
0.885	1.0062e+10
0.886	1.00617e+10
0.887	1.00614e+10
0.888	1.00612e+10
0.889	1.00609e+10
0.89	1.00606e+10
0.891	1.00604e+10
0.892	1.00601e+10
0.893	1.00599e+10
0.894	1.00597e+10
0.895	1.00594e+10
0.896	1.00592e+10
0.897	1.00589e+10
0.898	1.00587e+10
0.899	1.00585e+10
0.9	1.00583e+10
0.901	1.0058e+10
0.902	1.00578e+10
0.903	1.00576e+10
0.904	1.00574e+10
0.905	1.00572e+10
0.906	1.0057e+10
0.907	1.00568e+10
0.908	1.00566e+10
0.909	1.00564e+10
0.91	1.00562e+10
0.911	1.0056e+10
0.912	1.00558e+10
0.913	1.00556e+10
0.914	1.00554e+10
0.915	1.00552e+10
0.916	1.0055e+10
0.917	1.00549e+10
0.918	1.00547e+10
0.919	1.00545e+10
0.92	1.00543e+10
0.921	1.00542e+10
0.922	1.0054e+10
0.923	1.00538e+10
0.924	1.00537e+10
0.925	1.00535e+10
0.926	1.00534e+10
0.927	1.00532e+10
0.928	1.00531e+10
0.929	1.00529e+10
0.93	1.00528e+10
0.931	1.00526e+10
0.932	1.00525e+10
0.933	1.00523e+10
0.934	1.00522e+10
0.935	1.00521e+10
0.936	1.00519e+10
0.937	1.00518e+10
0.938	1.00517e+10
0.939	1.00516e+10
0.94	1.00514e+10
0.941	1.00513e+10
0.942	1.00512e+10
0.943	1.00511e+10
0.944	1.0051e+10
0.945	1.00508e+10
0.946	1.00507e+10
0.947	1.00506e+10
0.948	1.00505e+10
0.949	1.00504e+10
0.95	1.00503e+10
0.951	1.00502e+10
0.952	1.00501e+10
0.953	1.005e+10
0.954	1.00499e+10
0.955	1.00499e+10
0.956	1.00498e+10
0.957	1.00497e+10
0.958	1.00496e+10
0.959	1.00495e+10
0.96	1.00494e+10
0.961	1.00494e+10
0.962	1.00493e+10
0.963	1.00492e+10
0.964	1.00491e+10
0.965	1.00491e+10
0.966	1.0049e+10
0.967	1.00489e+10
0.968	1.00489e+10
0.969	1.00488e+10
0.97	1.00488e+10
0.971	1.00487e+10
0.972	1.00486e+10
0.973	1.00486e+10
0.974	1.00485e+10
0.975	1.00485e+10
0.976	1.00484e+10
0.977	1.00484e+10
0.978	1.00483e+10
0.979	1.00483e+10
0.98	1.00483e+10
0.981	1.00482e+10
0.982	1.00482e+10
0.983	1.00482e+10
0.984	1.00481e+10
0.985	1.00481e+10
0.986	1.00481e+10
0.987	1.0048e+10
0.988	1.0048e+10
0.989	1.0048e+10
0.99	1.0048e+10
0.991	1.0048e+10
0.992	1.00479e+10
0.993	1.00479e+10
0.994	1.00479e+10
0.995	1.00479e+10
0.996	1.00479e+10
0.997	1.00479e+10
0.998	1.00479e+10
0.999	1.00479e+10
1	1.00479e+10
