0	100000
0	3.64878e+19
0.001	3.6492e+19
0.002	3.65037e+19
0.003	3.65229e+19
0.004	3.65495e+19
0.005	3.65837e+19
0.006	3.66253e+19
0.007	3.66743e+19
0.008	3.67305e+19
0.009	3.6794e+19
0.01	3.68646e+19
0.011	3.69422e+19
0.012	3.70267e+19
0.013	3.7118e+19
0.014	3.7216e+19
0.015	3.73206e+19
0.016	3.74315e+19
0.017	3.75488e+19
0.018	3.76722e+19
0.019	3.78016e+19
0.02	3.79369e+19
0.021	3.80778e+19
0.022	3.82243e+19
0.023	3.83762e+19
0.024	3.85332e+19
0.025	3.86953e+19
0.026	3.88623e+19
0.027	3.9034e+19
0.028	3.92102e+19
0.029	3.93908e+19
0.03	3.95756e+19
0.031	3.97644e+19
0.032	3.99571e+19
0.033	4.01535e+19
0.034	4.03533e+19
0.035	4.05565e+19
0.036	4.07629e+19
0.037	4.09723e+19
0.038	4.11845e+19
0.039	4.13994e+19
0.04	4.16168e+19
0.041	4.18365e+19
0.042	4.20585e+19
0.043	4.22825e+19
0.044	4.25083e+19
0.045	4.27359e+19
0.046	4.29651e+19
0.047	4.31957e+19
0.048	4.34276e+19
0.049	4.36607e+19
0.05	4.38947e+19
0.051	4.41297e+19
0.052	4.43654e+19
0.053	4.46017e+19
0.054	4.48385e+19
0.055	4.50756e+19
0.056	4.5313e+19
0.057	4.55505e+19
0.058	4.579e+19
0.059	4.60353e+19
0.06	4.62867e+19
0.061	4.65448e+19
0.062	4.68098e+19
0.063	4.70824e+19
0.064	4.73632e+19
0.065	4.7653e+19
0.066	4.79524e+19
0.067	4.82626e+19
0.068	4.85847e+19
0.069	4.89202e+19
0.07	4.92707e+19
0.071	4.96386e+19
0.072	5.00264e+19
0.073	5.04385e+19
0.074	5.08817e+19
0.075	5.13688e+19
0.076	5.19392e+19
0.077	5.28213e+19
0.078	5.46118e+19
0.079	1.05048e+20
0.08	1.23433e+20
0.081	1.28061e+20
0.082	1.30393e+20
0.083	1.31646e+20
0.084	1.32343e+20
0.085	1.32709e+20
0.086	1.32843e+20
0.087	1.32787e+20
0.088	1.32563e+20
0.089	1.32182e+20
0.09	1.31651e+20
0.091	1.30975e+20
0.092	1.30158e+20
0.093	1.29201e+20
0.094	1.28099e+20
0.095	1.26835e+20
0.096	1.25362e+20
0.097	1.23558e+20
0.098	1.21136e+20
0.099	1.17414e+20
0.1	1.10803e+20
0.101	7.03123e+19
0.102	5.37846e+19
0.103	5.23504e+19
0.104	5.15262e+19
0.105	5.09379e+19
0.106	5.04333e+19
0.107	4.9969e+19
0.108	4.95359e+19
0.109	4.91269e+19
0.11	4.87372e+19
0.111	4.8364e+19
0.112	4.8005e+19
0.113	4.76585e+19
0.114	4.73231e+19
0.115	4.69976e+19
0.116	4.6681e+19
0.117	4.63724e+19
0.118	4.60711e+19
0.119	4.57765e+19
0.12	4.54875e+19
0.121	4.51979e+19
0.122	4.49059e+19
0.123	4.46115e+19
0.124	4.43148e+19
0.125	4.40157e+19
0.126	4.37142e+19
0.127	4.34103e+19
0.128	4.31041e+19
0.129	4.27954e+19
0.13	4.24844e+19
0.131	4.21711e+19
0.132	4.18553e+19
0.133	4.15372e+19
0.134	4.12167e+19
0.135	4.08938e+19
0.136	4.05685e+19
0.137	4.02409e+19
0.138	3.99109e+19
0.139	3.95785e+19
0.14	3.92438e+19
0.141	3.89067e+19
0.142	3.85672e+19
0.143	3.82254e+19
0.144	3.78812e+19
0.145	3.75347e+19
0.146	3.71859e+19
0.147	3.68347e+19
0.148	3.64812e+19
0.149	3.61254e+19
0.15	3.57673e+19
0.151	3.5407e+19
0.152	3.50443e+19
0.153	3.46794e+19
0.154	3.43123e+19
0.155	3.3943e+19
0.156	3.35714e+19
0.157	3.31977e+19
0.158	3.28217e+19
0.159	3.24437e+19
0.16	3.20636e+19
0.161	3.16813e+19
0.162	3.1297e+19
0.163	3.09107e+19
0.164	3.05224e+19
0.165	3.01321e+19
0.166	2.97399e+19
0.167	2.93458e+19
0.168	2.89498e+19
0.169	2.85521e+19
0.17	2.81526e+19
0.171	2.77514e+19
0.172	2.73485e+19
0.173	2.6944e+19
0.174	2.6538e+19
0.175	2.61305e+19
0.176	2.57215e+19
0.177	2.53112e+19
0.178	2.48996e+19
0.179	2.44867e+19
0.18	2.40728e+19
0.181	2.36577e+19
0.182	2.32417e+19
0.183	2.28248e+19
0.184	2.24071e+19
0.185	2.19886e+19
0.186	2.15696e+19
0.187	2.11501e+19
0.188	2.07301e+19
0.189	2.03099e+19
0.19	1.98895e+19
0.191	1.94691e+19
0.192	1.90488e+19
0.193	1.86287e+19
0.194	1.82089e+19
0.195	1.77896e+19
0.196	1.7371e+19
0.197	1.69532e+19
0.198	1.65363e+19
0.199	1.61206e+19
0.2	1.57061e+19
0.201	1.52931e+19
0.202	1.48818e+19
0.203	1.44722e+19
0.204	1.40648e+19
0.205	1.36596e+19
0.206	1.32568e+19
0.207	1.28568e+19
0.208	1.24596e+19
0.209	1.20656e+19
0.21	1.16751e+19
0.211	1.12882e+19
0.212	1.09053e+19
0.213	1.05266e+19
0.214	1.01523e+19
0.215	9.7829e+18
0.216	9.41856e+18
0.217	9.0596e+18
0.218	8.70633e+18
0.219	8.35904e+18
0.22	8.01804e+18
0.221	7.68361e+18
0.222	7.35606e+18
0.223	7.03565e+18
0.224	6.72266e+18
0.225	6.41735e+18
0.226	6.11994e+18
0.227	5.83067e+18
0.228	5.54973e+18
0.229	5.27729e+18
0.23	5.01351e+18
0.231	4.75851e+18
0.232	4.51237e+18
0.233	4.27518e+18
0.234	4.04695e+18
0.235	3.82769e+18
0.236	3.61739e+18
0.237	3.41598e+18
0.238	3.22338e+18
0.239	3.03948e+18
0.24	2.86415e+18
0.241	2.69722e+18
0.242	2.53853e+18
0.243	2.38785e+18
0.244	2.24499e+18
0.245	2.1097e+18
0.246	1.98174e+18
0.247	1.86085e+18
0.248	1.74678e+18
0.249	1.63925e+18
0.25	1.53799e+18
0.251	1.44272e+18
0.252	1.35318e+18
0.253	1.26908e+18
0.254	1.19016e+18
0.255	1.11616e+18
0.256	1.04682e+18
0.257	9.81882e+17
0.258	9.21102e+17
0.259	8.64245e+17
0.26	8.11083e+17
0.261	7.61396e+17
0.262	7.14974e+17
0.263	6.71616e+17
0.264	6.31132e+17
0.265	5.93339e+17
0.266	5.58065e+17
0.267	5.25146e+17
0.268	4.94429e+17
0.269	4.65767e+17
0.27	4.39023e+17
0.271	4.14068e+17
0.272	3.90782e+17
0.273	3.6905e+17
0.274	3.48766e+17
0.275	3.2983e+17
0.276	3.1215e+17
0.277	2.95638e+17
0.278	2.80213e+17
0.279	2.65799e+17
0.28	2.52326e+17
0.281	2.39728e+17
0.282	2.27945e+17
0.283	2.16918e+17
0.284	2.06596e+17
0.285	1.96928e+17
0.286	1.8787e+17
0.287	1.79379e+17
0.288	1.71416e+17
0.289	1.63944e+17
0.29	1.56929e+17
0.291	1.50339e+17
0.292	1.44146e+17
0.293	1.38322e+17
0.294	1.32843e+17
0.295	1.27684e+17
0.296	1.22824e+17
0.297	1.18243e+17
0.298	1.13923e+17
0.299	1.09846e+17
0.3	1.05996e+17
0.301	1.02357e+17
0.302	9.89173e+16
0.303	9.56626e+16
0.304	9.25813e+16
0.305	8.96621e+16
0.306	8.68949e+16
0.307	8.42699e+16
0.308	8.17783e+16
0.309	7.94117e+16
0.31	7.71624e+16
0.311	7.50231e+16
0.312	7.29871e+16
0.313	7.10482e+16
0.314	6.92005e+16
0.315	6.74387e+16
0.316	6.57575e+16
0.317	6.41523e+16
0.318	6.26186e+16
0.319	6.11523e+16
0.32	5.97495e+16
0.321	5.84066e+16
0.322	5.71203e+16
0.323	5.58873e+16
0.324	5.47047e+16
0.325	5.35698e+16
0.326	5.24798e+16
0.327	5.14325e+16
0.328	5.04254e+16
0.329	4.94565e+16
0.33	4.85236e+16
0.331	4.76251e+16
0.332	4.6759e+16
0.333	4.59236e+16
0.334	4.51175e+16
0.335	4.43391e+16
0.336	4.35871e+16
0.337	4.28601e+16
0.338	4.21569e+16
0.339	4.14764e+16
0.34	4.08174e+16
0.341	4.01789e+16
0.342	3.956e+16
0.343	3.89597e+16
0.344	3.83771e+16
0.345	3.78115e+16
0.346	3.7262e+16
0.347	3.6728e+16
0.348	3.62087e+16
0.349	3.57035e+16
0.35	3.52118e+16
0.351	3.4733e+16
0.352	3.42665e+16
0.353	3.38118e+16
0.354	3.33684e+16
0.355	3.29359e+16
0.356	3.25138e+16
0.357	3.21016e+16
0.358	3.1699e+16
0.359	3.13056e+16
0.36	3.09211e+16
0.361	3.0545e+16
0.362	3.01771e+16
0.363	2.98171e+16
0.364	2.94646e+16
0.365	2.91194e+16
0.366	2.87812e+16
0.367	2.84498e+16
0.368	2.8125e+16
0.369	2.78064e+16
0.37	2.74939e+16
0.371	2.71873e+16
0.372	2.68864e+16
0.373	2.65909e+16
0.374	2.63008e+16
0.375	2.60158e+16
0.376	2.57358e+16
0.377	2.54606e+16
0.378	2.51901e+16
0.379	2.49241e+16
0.38	2.46625e+16
0.381	2.44051e+16
0.382	2.4152e+16
0.383	2.39028e+16
0.384	2.36575e+16
0.385	2.34161e+16
0.386	2.31783e+16
0.387	2.29442e+16
0.388	2.27135e+16
0.389	2.24862e+16
0.39	2.22623e+16
0.391	2.20416e+16
0.392	2.18241e+16
0.393	2.16097e+16
0.394	2.13982e+16
0.395	2.11897e+16
0.396	2.09841e+16
0.397	2.07812e+16
0.398	2.05811e+16
0.399	2.03837e+16
0.4	2.01888e+16
0.401	1.99966e+16
0.402	1.98068e+16
0.403	1.96195e+16
0.404	1.94346e+16
0.405	1.9252e+16
0.406	1.90718e+16
0.407	1.88938e+16
0.408	1.8718e+16
0.409	1.85443e+16
0.41	1.83728e+16
0.411	1.82034e+16
0.412	1.8036e+16
0.413	1.78707e+16
0.414	1.77073e+16
0.415	1.75458e+16
0.416	1.73863e+16
0.417	1.72286e+16
0.418	1.70728e+16
0.419	1.69187e+16
0.42	1.67665e+16
0.421	1.6616e+16
0.422	1.64672e+16
0.423	1.63201e+16
0.424	1.61746e+16
0.425	1.60308e+16
0.426	1.58886e+16
0.427	1.5748e+16
0.428	1.56089e+16
0.429	1.54714e+16
0.43	1.53354e+16
0.431	1.52009e+16
0.432	1.50678e+16
0.433	1.49362e+16
0.434	1.4806e+16
0.435	1.46772e+16
0.436	1.45498e+16
0.437	1.44238e+16
0.438	1.42991e+16
0.439	1.41757e+16
0.44	1.40536e+16
0.441	1.39329e+16
0.442	1.38133e+16
0.443	1.36951e+16
0.444	1.35781e+16
0.445	1.34623e+16
0.446	1.33477e+16
0.447	1.32343e+16
0.448	1.3122e+16
0.449	1.30109e+16
0.45	1.2901e+16
0.451	1.27922e+16
0.452	1.26845e+16
0.453	1.25779e+16
0.454	1.24723e+16
0.455	1.23679e+16
0.456	1.22645e+16
0.457	1.21621e+16
0.458	1.20608e+16
0.459	1.19605e+16
0.46	1.18612e+16
0.461	1.17629e+16
0.462	1.16655e+16
0.463	1.15692e+16
0.464	1.14738e+16
0.465	1.13793e+16
0.466	1.12858e+16
0.467	1.11932e+16
0.468	1.11015e+16
0.469	1.10107e+16
0.47	1.09208e+16
0.471	1.08317e+16
0.472	1.07436e+16
0.473	1.06563e+16
0.474	1.05698e+16
0.475	1.04842e+16
0.476	1.03994e+16
0.477	1.03155e+16
0.478	1.02323e+16
0.479	1.015e+16
0.48	1.00684e+16
0.481	9.98761e+15
0.482	9.9076e+15
0.483	9.82835e+15
0.484	9.74987e+15
0.485	9.67212e+15
0.486	9.59512e+15
0.487	9.51885e+15
0.488	9.4433e+15
0.489	9.36847e+15
0.49	9.29434e+15
0.491	9.22091e+15
0.492	9.14817e+15
0.493	9.07612e+15
0.494	9.00474e+15
0.495	8.93403e+15
0.496	8.86398e+15
0.497	8.79458e+15
0.498	8.72583e+15
0.499	8.65772e+15
0.5	8.59024e+15
0.501	8.52339e+15
0.502	8.45716e+15
0.503	8.39154e+15
0.504	8.32652e+15
0.505	8.2621e+15
0.506	8.19828e+15
0.507	8.13504e+15
0.508	8.07238e+15
0.509	8.0103e+15
0.51	7.94878e+15
0.511	7.88782e+15
0.512	7.82742e+15
0.513	7.76757e+15
0.514	7.70827e+15
0.515	7.6495e+15
0.516	7.59126e+15
0.517	7.53355e+15
0.518	7.47636e+15
0.519	7.41969e+15
0.52	7.36353e+15
0.521	7.30787e+15
0.522	7.25271e+15
0.523	7.19805e+15
0.524	7.14388e+15
0.525	7.09019e+15
0.526	7.03698e+15
0.527	6.98425e+15
0.528	6.93198e+15
0.529	6.88018e+15
0.53	6.82884e+15
0.531	6.77795e+15
0.532	6.72752e+15
0.533	6.67753e+15
0.534	6.62798e+15
0.535	6.57886e+15
0.536	6.53018e+15
0.537	6.48193e+15
0.538	6.4341e+15
0.539	6.38669e+15
0.54	6.3397e+15
0.541	6.29312e+15
0.542	6.24694e+15
0.543	6.20116e+15
0.544	6.15579e+15
0.545	6.11081e+15
0.546	6.06621e+15
0.547	6.02201e+15
0.548	5.97819e+15
0.549	5.93474e+15
0.55	5.89167e+15
0.551	5.84898e+15
0.552	5.80665e+15
0.553	5.76468e+15
0.554	5.72307e+15
0.555	5.68182e+15
0.556	5.64093e+15
0.557	5.60038e+15
0.558	5.56018e+15
0.559	5.52032e+15
0.56	5.48081e+15
0.561	5.44162e+15
0.562	5.40278e+15
0.563	5.36426e+15
0.564	5.32606e+15
0.565	5.28819e+15
0.566	5.25064e+15
0.567	5.21341e+15
0.568	5.17649e+15
0.569	5.13988e+15
0.57	5.10358e+15
0.571	5.06758e+15
0.572	5.03188e+15
0.573	4.99649e+15
0.574	4.96138e+15
0.575	4.92658e+15
0.576	4.89206e+15
0.577	4.85783e+15
0.578	4.82388e+15
0.579	4.79022e+15
0.58	4.75683e+15
0.581	4.72372e+15
0.582	4.69089e+15
0.583	4.65833e+15
0.584	4.62603e+15
0.585	4.594e+15
0.586	4.56224e+15
0.587	4.53073e+15
0.588	4.49949e+15
0.589	4.4685e+15
0.59	4.43776e+15
0.591	4.40728e+15
0.592	4.37704e+15
0.593	4.34705e+15
0.594	4.31731e+15
0.595	4.2878e+15
0.596	4.25854e+15
0.597	4.22951e+15
0.598	4.20072e+15
0.599	4.17216e+15
0.6	4.14384e+15
0.601	4.11574e+15
0.602	4.08787e+15
0.603	4.06022e+15
0.604	4.03279e+15
0.605	4.00559e+15
0.606	3.9786e+15
0.607	3.95183e+15
0.608	3.92527e+15
0.609	3.89893e+15
0.61	3.87279e+15
0.611	3.84687e+15
0.612	3.82115e+15
0.613	3.79563e+15
0.614	3.77032e+15
0.615	3.74521e+15
0.616	3.72029e+15
0.617	3.69558e+15
0.618	3.67106e+15
0.619	3.64673e+15
0.62	3.62259e+15
0.621	3.59865e+15
0.622	3.57489e+15
0.623	3.55132e+15
0.624	3.52793e+15
0.625	3.50473e+15
0.626	3.48171e+15
0.627	3.45887e+15
0.628	3.4362e+15
0.629	3.41372e+15
0.63	3.3914e+15
0.631	3.36927e+15
0.632	3.3473e+15
0.633	3.3255e+15
0.634	3.30387e+15
0.635	3.28241e+15
0.636	3.26112e+15
0.637	3.23999e+15
0.638	3.21902e+15
0.639	3.19822e+15
0.64	3.17757e+15
0.641	3.15708e+15
0.642	3.13675e+15
0.643	3.11658e+15
0.644	3.09656e+15
0.645	3.07669e+15
0.646	3.05698e+15
0.647	3.03741e+15
0.648	3.01799e+15
0.649	2.99873e+15
0.65	2.9796e+15
0.651	2.96063e+15
0.652	2.94179e+15
0.653	2.9231e+15
0.654	2.90455e+15
0.655	2.88614e+15
0.656	2.86787e+15
0.657	2.84974e+15
0.658	2.83174e+15
0.659	2.81388e+15
0.66	2.79615e+15
0.661	2.77856e+15
0.662	2.7611e+15
0.663	2.74376e+15
0.664	2.72656e+15
0.665	2.70949e+15
0.666	2.69254e+15
0.667	2.67572e+15
0.668	2.65902e+15
0.669	2.64245e+15
0.67	2.626e+15
0.671	2.60967e+15
0.672	2.59347e+15
0.673	2.57738e+15
0.674	2.56141e+15
0.675	2.54556e+15
0.676	2.52983e+15
0.677	2.51421e+15
0.678	2.49871e+15
0.679	2.48332e+15
0.68	2.46804e+15
0.681	2.45288e+15
0.682	2.43783e+15
0.683	2.42288e+15
0.684	2.40805e+15
0.685	2.39332e+15
0.686	2.3787e+15
0.687	2.36419e+15
0.688	2.34978e+15
0.689	2.33548e+15
0.69	2.32128e+15
0.691	2.30718e+15
0.692	2.29319e+15
0.693	2.27929e+15
0.694	2.2655e+15
0.695	2.25181e+15
0.696	2.23821e+15
0.697	2.22471e+15
0.698	2.21131e+15
0.699	2.19801e+15
0.7	2.1848e+15
0.701	2.17168e+15
0.702	2.15866e+15
0.703	2.14573e+15
0.704	2.1329e+15
0.705	2.12015e+15
0.706	2.1075e+15
0.707	2.09493e+15
0.708	2.08246e+15
0.709	2.07007e+15
0.71	2.05777e+15
0.711	2.04556e+15
0.712	2.03344e+15
0.713	2.0214e+15
0.714	2.00944e+15
0.715	1.99757e+15
0.716	1.98578e+15
0.717	1.97408e+15
0.718	1.96246e+15
0.719	1.95091e+15
0.72	1.93945e+15
0.721	1.92807e+15
0.722	1.91677e+15
0.723	1.90555e+15
0.724	1.89441e+15
0.725	1.88334e+15
0.726	1.87235e+15
0.727	1.86144e+15
0.728	1.85061e+15
0.729	1.83984e+15
0.73	1.82916e+15
0.731	1.81854e+15
0.732	1.808e+15
0.733	1.79754e+15
0.734	1.78714e+15
0.735	1.77682e+15
0.736	1.76657e+15
0.737	1.75639e+15
0.738	1.74627e+15
0.739	1.73623e+15
0.74	1.72626e+15
0.741	1.71635e+15
0.742	1.70651e+15
0.743	1.69674e+15
0.744	1.68704e+15
0.745	1.6774e+15
0.746	1.66783e+15
0.747	1.65832e+15
0.748	1.64888e+15
0.749	1.6395e+15
0.75	1.63019e+15
0.751	1.62093e+15
0.752	1.61174e+15
0.753	1.60262e+15
0.754	1.59355e+15
0.755	1.58455e+15
0.756	1.5756e+15
0.757	1.56672e+15
0.758	1.55789e+15
0.759	1.54913e+15
0.76	1.54042e+15
0.761	1.53178e+15
0.762	1.52318e+15
0.763	1.51465e+15
0.764	1.50618e+15
0.765	1.49776e+15
0.766	1.48939e+15
0.767	1.48109e+15
0.768	1.47283e+15
0.769	1.46464e+15
0.77	1.45649e+15
0.771	1.4484e+15
0.772	1.44037e+15
0.773	1.43238e+15
0.774	1.42445e+15
0.775	1.41658e+15
0.776	1.40875e+15
0.777	1.40098e+15
0.778	1.39325e+15
0.779	1.38558e+15
0.78	1.37796e+15
0.781	1.37039e+15
0.782	1.36286e+15
0.783	1.35539e+15
0.784	1.34797e+15
0.785	1.34059e+15
0.786	1.33326e+15
0.787	1.32598e+15
0.788	1.31875e+15
0.789	1.31156e+15
0.79	1.30442e+15
0.791	1.29733e+15
0.792	1.29028e+15
0.793	1.28328e+15
0.794	1.27633e+15
0.795	1.26942e+15
0.796	1.26255e+15
0.797	1.25573e+15
0.798	1.24895e+15
0.799	1.24221e+15
0.8	1.23552e+15
0.801	1.22887e+15
0.802	1.22227e+15
0.803	1.21571e+15
0.804	1.20918e+15
0.805	1.2027e+15
0.806	1.19627e+15
0.807	1.18987e+15
0.808	1.18351e+15
0.809	1.1772e+15
0.81	1.17092e+15
0.811	1.16468e+15
0.812	1.15849e+15
0.813	1.15233e+15
0.814	1.14621e+15
0.815	1.14013e+15
0.816	1.13409e+15
0.817	1.12809e+15
0.818	1.12212e+15
0.819	1.1162e+15
0.82	1.11031e+15
0.821	1.10445e+15
0.822	1.09864e+15
0.823	1.09286e+15
0.824	1.08711e+15
0.825	1.08141e+15
0.826	1.07573e+15
0.827	1.0701e+15
0.828	1.0645e+15
0.829	1.05893e+15
0.83	1.0534e+15
0.831	1.0479e+15
0.832	1.04244e+15
0.833	1.03701e+15
0.834	1.03161e+15
0.835	1.02625e+15
0.836	1.02092e+15
0.837	1.01563e+15
0.838	1.01037e+15
0.839	1.00513e+15
0.84	9.99937e+14
0.841	9.94771e+14
0.842	9.89637e+14
0.843	9.84534e+14
0.844	9.79463e+14
0.845	9.74423e+14
0.846	9.69414e+14
0.847	9.64435e+14
0.848	9.59487e+14
0.849	9.54569e+14
0.85	9.49682e+14
0.851	9.44824e+14
0.852	9.39996e+14
0.853	9.35197e+14
0.854	9.30427e+14
0.855	9.25687e+14
0.856	9.20975e+14
0.857	9.16292e+14
0.858	9.11637e+14
0.859	9.0701e+14
0.86	9.02412e+14
0.861	8.97841e+14
0.862	8.93298e+14
0.863	8.88782e+14
0.864	8.84293e+14
0.865	8.79832e+14
0.866	8.75397e+14
0.867	8.70989e+14
0.868	8.66608e+14
0.869	8.62253e+14
0.87	8.57923e+14
0.871	8.5362e+14
0.872	8.49343e+14
0.873	8.45091e+14
0.874	8.40865e+14
0.875	8.36664e+14
0.876	8.32487e+14
0.877	8.28336e+14
0.878	8.2421e+14
0.879	8.20108e+14
0.88	8.1603e+14
0.881	8.11977e+14
0.882	8.07948e+14
0.883	8.03942e+14
0.884	7.99961e+14
0.885	7.96003e+14
0.886	7.92069e+14
0.887	7.88157e+14
0.888	7.84269e+14
0.889	7.80404e+14
0.89	7.76562e+14
0.891	7.72743e+14
0.892	7.68946e+14
0.893	7.65172e+14
0.894	7.6142e+14
0.895	7.5769e+14
0.896	7.53982e+14
0.897	7.50296e+14
0.898	7.46632e+14
0.899	7.4299e+14
0.9	7.39369e+14
0.901	7.3577e+14
0.902	7.32192e+14
0.903	7.28636e+14
0.904	7.251e+14
0.905	7.21586e+14
0.906	7.18093e+14
0.907	7.14621e+14
0.908	7.11169e+14
0.909	7.07739e+14
0.91	7.04329e+14
0.911	7.0094e+14
0.912	6.97572e+14
0.913	6.94224e+14
0.914	6.90897e+14
0.915	6.8759e+14
0.916	6.84304e+14
0.917	6.81038e+14
0.918	6.77794e+14
0.919	6.74569e+14
0.92	6.71366e+14
0.921	6.68183e+14
0.922	6.65021e+14
0.923	6.61879e+14
0.924	6.58759e+14
0.925	6.55659e+14
0.926	6.52581e+14
0.927	6.49524e+14
0.928	6.46488e+14
0.929	6.43474e+14
0.93	6.40482e+14
0.931	6.37512e+14
0.932	6.34564e+14
0.933	6.31638e+14
0.934	6.28735e+14
0.935	6.25855e+14
0.936	6.22998e+14
0.937	6.20165e+14
0.938	6.17356e+14
0.939	6.14571e+14
0.94	6.1181e+14
0.941	6.09075e+14
0.942	6.06366e+14
0.943	6.03682e+14
0.944	6.01025e+14
0.945	5.98395e+14
0.946	5.95792e+14
0.947	5.93218e+14
0.948	5.90672e+14
0.949	5.88155e+14
0.95	5.85668e+14
0.951	5.83212e+14
0.952	5.80787e+14
0.953	5.78393e+14
0.954	5.76032e+14
0.955	5.73704e+14
0.956	5.71411e+14
0.957	5.69152e+14
0.958	5.66928e+14
0.959	5.64741e+14
0.96	5.62591e+14
0.961	5.60479e+14
0.962	5.58406e+14
0.963	5.56372e+14
0.964	5.54378e+14
0.965	5.52426e+14
0.966	5.50516e+14
0.967	5.48649e+14
0.968	5.46826e+14
0.969	5.45048e+14
0.97	5.43316e+14
0.971	5.4163e+14
0.972	5.39991e+14
0.973	5.38401e+14
0.974	5.3686e+14
0.975	5.35368e+14
0.976	5.33928e+14
0.977	5.32539e+14
0.978	5.31203e+14
0.979	5.2992e+14
0.98	5.28691e+14
0.981	5.27517e+14
0.982	5.26398e+14
0.983	5.25335e+14
0.984	5.2433e+14
0.985	5.23382e+14
0.986	5.22492e+14
0.987	5.2166e+14
0.988	5.20888e+14
0.989	5.20176e+14
0.99	5.19524e+14
0.991	5.18933e+14
0.992	5.18403e+14
0.993	5.17934e+14
0.994	5.17527e+14
0.995	5.17183e+14
0.996	5.169e+14
0.997	5.1668e+14
0.998	5.16523e+14
0.999	5.16429e+14
1	5.16397e+14
