0	100000
0	2.29283e+18
0.001	2.29494e+18
0.002	2.30129e+18
0.003	2.31185e+18
0.004	2.32661e+18
0.005	2.34552e+18
0.006	2.36854e+18
0.007	2.39563e+18
0.008	2.42672e+18
0.009	2.46173e+18
0.01	2.50059e+18
0.011	2.54321e+18
0.012	2.5895e+18
0.013	2.63936e+18
0.014	2.69268e+18
0.015	2.74934e+18
0.016	2.80923e+18
0.017	2.87222e+18
0.018	2.93818e+18
0.019	3.00699e+18
0.02	3.07851e+18
0.021	3.15259e+18
0.022	3.2291e+18
0.023	3.3079e+18
0.024	3.38884e+18
0.025	3.47177e+18
0.026	3.55656e+18
0.027	3.64306e+18
0.028	3.73111e+18
0.029	3.82058e+18
0.03	3.91133e+18
0.031	4.0032e+18
0.032	4.09607e+18
0.033	4.18979e+18
0.034	4.28422e+18
0.035	4.37923e+18
0.036	4.47469e+18
0.037	4.57046e+18
0.038	4.66643e+18
0.039	4.76246e+18
0.04	4.85844e+18
0.041	4.95425e+18
0.042	5.04977e+18
0.043	5.14489e+18
0.044	5.2395e+18
0.045	5.3335e+18
0.046	5.42678e+18
0.047	5.51925e+18
0.048	5.61081e+18
0.049	5.70136e+18
0.05	5.79083e+18
0.051	5.87911e+18
0.052	5.96614e+18
0.053	6.05183e+18
0.054	6.13609e+18
0.055	6.21887e+18
0.056	6.30009e+18
0.057	6.37967e+18
0.058	6.45757e+18
0.059	6.5337e+18
0.06	6.60802e+18
0.061	6.68047e+18
0.062	6.75098e+18
0.063	6.81953e+18
0.064	6.88604e+18
0.065	6.95048e+18
0.066	7.01279e+18
0.067	7.07295e+18
0.068	7.13091e+18
0.069	7.18663e+18
0.07	7.24008e+18
0.071	7.29123e+18
0.072	7.34003e+18
0.073	7.38647e+18
0.074	7.43052e+18
0.075	7.47216e+18
0.076	7.51135e+18
0.077	7.54809e+18
0.078	7.58234e+18
0.079	7.6141e+18
0.08	7.64335e+18
0.081	7.67007e+18
0.082	7.69425e+18
0.083	7.71588e+18
0.084	7.73496e+18
0.085	7.75148e+18
0.086	7.76542e+18
0.087	7.7768e+18
0.088	7.7856e+18
0.089	7.79182e+18
0.09	7.79547e+18
0.091	7.79655e+18
0.092	7.79507e+18
0.093	7.79102e+18
0.094	7.78442e+18
0.095	7.77528e+18
0.096	7.7636e+18
0.097	7.7494e+18
0.098	7.73269e+18
0.099	7.71348e+18
0.1	7.6918e+18
0.101	7.66766e+18
0.102	7.64107e+18
0.103	7.61206e+18
0.104	7.58066e+18
0.105	7.54688e+18
0.106	7.51075e+18
0.107	7.47229e+18
0.108	7.43154e+18
0.109	7.38853e+18
0.11	7.34327e+18
0.111	7.29582e+18
0.112	7.24619e+18
0.113	7.19444e+18
0.114	7.14058e+18
0.115	7.08467e+18
0.116	7.02674e+18
0.117	6.96683e+18
0.118	6.90499e+18
0.119	6.84125e+18
0.12	6.77567e+18
0.121	6.7083e+18
0.122	6.63917e+18
0.123	6.56835e+18
0.124	6.49588e+18
0.125	6.42181e+18
0.126	6.34621e+18
0.127	6.26912e+18
0.128	6.1906e+18
0.129	6.11072e+18
0.13	6.02952e+18
0.131	5.94708e+18
0.132	5.86346e+18
0.133	5.77871e+18
0.134	5.6929e+18
0.135	5.60611e+18
0.136	5.51839e+18
0.137	5.42981e+18
0.138	5.34045e+18
0.139	5.25037e+18
0.14	5.15965e+18
0.141	5.06834e+18
0.142	4.97654e+18
0.143	4.8843e+18
0.144	4.79171e+18
0.145	4.69883e+18
0.146	4.60575e+18
0.147	4.51252e+18
0.148	4.41923e+18
0.149	4.32595e+18
0.15	4.23276e+18
0.151	4.13973e+18
0.152	4.04692e+18
0.153	3.95442e+18
0.154	3.86229e+18
0.155	3.7706e+18
0.156	3.67943e+18
0.157	3.58884e+18
0.158	3.4989e+18
0.159	3.40968e+18
0.16	3.32123e+18
0.161	3.23362e+18
0.162	3.14691e+18
0.163	3.06117e+18
0.164	2.97643e+18
0.165	2.89277e+18
0.166	2.81023e+18
0.167	2.72885e+18
0.168	2.64869e+18
0.169	2.56979e+18
0.17	2.49219e+18
0.171	2.41592e+18
0.172	2.34103e+18
0.173	2.26754e+18
0.174	2.19549e+18
0.175	2.12489e+18
0.176	2.05577e+18
0.177	1.98816e+18
0.178	1.92206e+18
0.179	1.85749e+18
0.18	1.79446e+18
0.181	1.73298e+18
0.182	1.67306e+18
0.183	1.61469e+18
0.184	1.55787e+18
0.185	1.50261e+18
0.186	1.44889e+18
0.187	1.3967e+18
0.188	1.34604e+18
0.189	1.29689e+18
0.19	1.24924e+18
0.191	1.20307e+18
0.192	1.15836e+18
0.193	1.11509e+18
0.194	1.07323e+18
0.195	1.03277e+18
0.196	9.93677e+17
0.197	9.55926e+17
0.198	9.1949e+17
0.199	8.84341e+17
0.2	8.5045e+17
0.201	8.17787e+17
0.202	7.86322e+17
0.203	7.56025e+17
0.204	7.26864e+17
0.205	6.98809e+17
0.206	6.71829e+17
0.207	6.45891e+17
0.208	6.20965e+17
0.209	5.97021e+17
0.21	5.74026e+17
0.211	5.5195e+17
0.212	5.30763e+17
0.213	5.10436e+17
0.214	4.90938e+17
0.215	4.7224e+17
0.216	4.54315e+17
0.217	4.37134e+17
0.218	4.2067e+17
0.219	4.04896e+17
0.22	3.89785e+17
0.221	3.75314e+17
0.222	3.61456e+17
0.223	3.48188e+17
0.224	3.35486e+17
0.225	3.23327e+17
0.226	3.1169e+17
0.227	3.00553e+17
0.228	2.89896e+17
0.229	2.79697e+17
0.23	2.69939e+17
0.231	2.60603e+17
0.232	2.51669e+17
0.233	2.43122e+17
0.234	2.34945e+17
0.235	2.2712e+17
0.236	2.19634e+17
0.237	2.1247e+17
0.238	2.05616e+17
0.239	1.99056e+17
0.24	1.92778e+17
0.241	1.86769e+17
0.242	1.81017e+17
0.243	1.7551e+17
0.244	1.70238e+17
0.245	1.6519e+17
0.246	1.60355e+17
0.247	1.55723e+17
0.248	1.51286e+17
0.249	1.47034e+17
0.25	1.42959e+17
0.251	1.39053e+17
0.252	1.35307e+17
0.253	1.31715e+17
0.254	1.2827e+17
0.255	1.24964e+17
0.256	1.21791e+17
0.257	1.18745e+17
0.258	1.15819e+17
0.259	1.1301e+17
0.26	1.1031e+17
0.261	1.07715e+17
0.262	1.0522e+17
0.263	1.02821e+17
0.264	1.00513e+17
0.265	9.82911e+16
0.266	9.61522e+16
0.267	9.40923e+16
0.268	9.21076e+16
0.269	9.01948e+16
0.27	8.83505e+16
0.271	8.65716e+16
0.272	8.48551e+16
0.273	8.31981e+16
0.274	8.1598e+16
0.275	8.00521e+16
0.276	7.85581e+16
0.277	7.71135e+16
0.278	7.57162e+16
0.279	7.4364e+16
0.28	7.30549e+16
0.281	7.17871e+16
0.282	7.05587e+16
0.283	6.93679e+16
0.284	6.82131e+16
0.285	6.70928e+16
0.286	6.60055e+16
0.287	6.49497e+16
0.288	6.39241e+16
0.289	6.29274e+16
0.29	6.19584e+16
0.291	6.10159e+16
0.292	6.00989e+16
0.293	5.92062e+16
0.294	5.83369e+16
0.295	5.749e+16
0.296	5.66647e+16
0.297	5.586e+16
0.298	5.50751e+16
0.299	5.43092e+16
0.3	5.35617e+16
0.301	5.28317e+16
0.302	5.21187e+16
0.303	5.1422e+16
0.304	5.07409e+16
0.305	5.00749e+16
0.306	4.94234e+16
0.307	4.87859e+16
0.308	4.81619e+16
0.309	4.75509e+16
0.31	4.69525e+16
0.311	4.63662e+16
0.312	4.57916e+16
0.313	4.52283e+16
0.314	4.4676e+16
0.315	4.41342e+16
0.316	4.36026e+16
0.317	4.30809e+16
0.318	4.25687e+16
0.319	4.20659e+16
0.32	4.1572e+16
0.321	4.10868e+16
0.322	4.06101e+16
0.323	4.01415e+16
0.324	3.9681e+16
0.325	3.92281e+16
0.326	3.87828e+16
0.327	3.83447e+16
0.328	3.79137e+16
0.329	3.74897e+16
0.33	3.70723e+16
0.331	3.66615e+16
0.332	3.6257e+16
0.333	3.58588e+16
0.334	3.54666e+16
0.335	3.50802e+16
0.336	3.46997e+16
0.337	3.43247e+16
0.338	3.39552e+16
0.339	3.35911e+16
0.34	3.32322e+16
0.341	3.28783e+16
0.342	3.25295e+16
0.343	3.21856e+16
0.344	3.18464e+16
0.345	3.15119e+16
0.346	3.11819e+16
0.347	3.08565e+16
0.348	3.05354e+16
0.349	3.02186e+16
0.35	2.9906e+16
0.351	2.95975e+16
0.352	2.92931e+16
0.353	2.89926e+16
0.354	2.86961e+16
0.355	2.84033e+16
0.356	2.81143e+16
0.357	2.7829e+16
0.358	2.75472e+16
0.359	2.7269e+16
0.36	2.69943e+16
0.361	2.67231e+16
0.362	2.64551e+16
0.363	2.61905e+16
0.364	2.59291e+16
0.365	2.5671e+16
0.366	2.54159e+16
0.367	2.5164e+16
0.368	2.49151e+16
0.369	2.46691e+16
0.37	2.44262e+16
0.371	2.41861e+16
0.372	2.39488e+16
0.373	2.37144e+16
0.374	2.34827e+16
0.375	2.32538e+16
0.376	2.30275e+16
0.377	2.28039e+16
0.378	2.25829e+16
0.379	2.23644e+16
0.38	2.21485e+16
0.381	2.1935e+16
0.382	2.1724e+16
0.383	2.15154e+16
0.384	2.13092e+16
0.385	2.11054e+16
0.386	2.09039e+16
0.387	2.07046e+16
0.388	2.05076e+16
0.389	2.03128e+16
0.39	2.01202e+16
0.391	1.99298e+16
0.392	1.97415e+16
0.393	1.95553e+16
0.394	1.93711e+16
0.395	1.9189e+16
0.396	1.9009e+16
0.397	1.88309e+16
0.398	1.86548e+16
0.399	1.84806e+16
0.4	1.83083e+16
0.401	1.81379e+16
0.402	1.79694e+16
0.403	1.78028e+16
0.404	1.76379e+16
0.405	1.74748e+16
0.406	1.73136e+16
0.407	1.7154e+16
0.408	1.69962e+16
0.409	1.68401e+16
0.41	1.66856e+16
0.411	1.65329e+16
0.412	1.63817e+16
0.413	1.62322e+16
0.414	1.60843e+16
0.415	1.5938e+16
0.416	1.57932e+16
0.417	1.56499e+16
0.418	1.55082e+16
0.419	1.5368e+16
0.42	1.52293e+16
0.421	1.5092e+16
0.422	1.49562e+16
0.423	1.48218e+16
0.424	1.46889e+16
0.425	1.45573e+16
0.426	1.44271e+16
0.427	1.42983e+16
0.428	1.41708e+16
0.429	1.40446e+16
0.43	1.39198e+16
0.431	1.37962e+16
0.432	1.3674e+16
0.433	1.3553e+16
0.434	1.34333e+16
0.435	1.33148e+16
0.436	1.31975e+16
0.437	1.30814e+16
0.438	1.29665e+16
0.439	1.28528e+16
0.44	1.27403e+16
0.441	1.26289e+16
0.442	1.25187e+16
0.443	1.24096e+16
0.444	1.23016e+16
0.445	1.21947e+16
0.446	1.20889e+16
0.447	1.19842e+16
0.448	1.18805e+16
0.449	1.17779e+16
0.45	1.16763e+16
0.451	1.15757e+16
0.452	1.14762e+16
0.453	1.13776e+16
0.454	1.12801e+16
0.455	1.11835e+16
0.456	1.10879e+16
0.457	1.09932e+16
0.458	1.08995e+16
0.459	1.08068e+16
0.46	1.07149e+16
0.461	1.0624e+16
0.462	1.0534e+16
0.463	1.04449e+16
0.464	1.03566e+16
0.465	1.02692e+16
0.466	1.01827e+16
0.467	1.00971e+16
0.468	1.00123e+16
0.469	9.92829e+15
0.47	9.84514e+15
0.471	9.76281e+15
0.472	9.68128e+15
0.473	9.60055e+15
0.474	9.52061e+15
0.475	9.44145e+15
0.476	9.36307e+15
0.477	9.28544e+15
0.478	9.20858e+15
0.479	9.13245e+15
0.48	9.05707e+15
0.481	8.98242e+15
0.482	8.90849e+15
0.483	8.83527e+15
0.484	8.76276e+15
0.485	8.69094e+15
0.486	8.61982e+15
0.487	8.54938e+15
0.488	8.47962e+15
0.489	8.41052e+15
0.49	8.34209e+15
0.491	8.27431e+15
0.492	8.20717e+15
0.493	8.14068e+15
0.494	8.07481e+15
0.495	8.00958e+15
0.496	7.94496e+15
0.497	7.88096e+15
0.498	7.81756e+15
0.499	7.75476e+15
0.5	7.69255e+15
0.501	7.63093e+15
0.502	7.56989e+15
0.503	7.50942e+15
0.504	7.44952e+15
0.505	7.39018e+15
0.506	7.3314e+15
0.507	7.27317e+15
0.508	7.21548e+15
0.509	7.15833e+15
0.51	7.10171e+15
0.511	7.04562e+15
0.512	6.99005e+15
0.513	6.93499e+15
0.514	6.88044e+15
0.515	6.8264e+15
0.516	6.77286e+15
0.517	6.71981e+15
0.518	6.66725e+15
0.519	6.61518e+15
0.52	6.56358e+15
0.521	6.51246e+15
0.522	6.4618e+15
0.523	6.41161e+15
0.524	6.36188e+15
0.525	6.3126e+15
0.526	6.26377e+15
0.527	6.21539e+15
0.528	6.16744e+15
0.529	6.11993e+15
0.53	6.07286e+15
0.531	6.0262e+15
0.532	5.97997e+15
0.533	5.93416e+15
0.534	5.88876e+15
0.535	5.84377e+15
0.536	5.79919e+15
0.537	5.755e+15
0.538	5.71122e+15
0.539	5.66782e+15
0.54	5.62481e+15
0.541	5.58219e+15
0.542	5.53995e+15
0.543	5.49808e+15
0.544	5.45659e+15
0.545	5.41547e+15
0.546	5.37471e+15
0.547	5.33431e+15
0.548	5.29428e+15
0.549	5.25459e+15
0.55	5.21526e+15
0.551	5.17627e+15
0.552	5.13763e+15
0.553	5.09932e+15
0.554	5.06136e+15
0.555	5.02373e+15
0.556	4.98642e+15
0.557	4.94945e+15
0.558	4.91279e+15
0.559	4.87646e+15
0.56	4.84044e+15
0.561	4.80474e+15
0.562	4.76935e+15
0.563	4.73427e+15
0.564	4.69949e+15
0.565	4.66501e+15
0.566	4.63083e+15
0.567	4.59694e+15
0.568	4.56335e+15
0.569	4.53005e+15
0.57	4.49704e+15
0.571	4.4643e+15
0.572	4.43185e+15
0.573	4.39968e+15
0.574	4.36779e+15
0.575	4.33616e+15
0.576	4.30481e+15
0.577	4.27373e+15
0.578	4.2429e+15
0.579	4.21235e+15
0.58	4.18205e+15
0.581	4.15201e+15
0.582	4.12222e+15
0.583	4.09269e+15
0.584	4.0634e+15
0.585	4.03437e+15
0.586	4.00558e+15
0.587	3.97703e+15
0.588	3.94872e+15
0.589	3.92065e+15
0.59	3.89281e+15
0.591	3.86521e+15
0.592	3.83784e+15
0.593	3.8107e+15
0.594	3.78379e+15
0.595	3.7571e+15
0.596	3.73063e+15
0.597	3.70438e+15
0.598	3.67836e+15
0.599	3.65254e+15
0.6	3.62694e+15
0.601	3.60156e+15
0.602	3.57638e+15
0.603	3.55141e+15
0.604	3.52665e+15
0.605	3.50209e+15
0.606	3.47773e+15
0.607	3.45358e+15
0.608	3.42962e+15
0.609	3.40586e+15
0.61	3.38229e+15
0.611	3.35892e+15
0.612	3.33573e+15
0.613	3.31274e+15
0.614	3.28993e+15
0.615	3.26731e+15
0.616	3.24488e+15
0.617	3.22262e+15
0.618	3.20055e+15
0.619	3.17865e+15
0.62	3.15693e+15
0.621	3.13539e+15
0.622	3.11402e+15
0.623	3.09283e+15
0.624	3.0718e+15
0.625	3.05094e+15
0.626	3.03025e+15
0.627	3.00973e+15
0.628	2.98937e+15
0.629	2.96917e+15
0.63	2.94914e+15
0.631	2.92926e+15
0.632	2.90955e+15
0.633	2.88999e+15
0.634	2.87059e+15
0.635	2.85134e+15
0.636	2.83224e+15
0.637	2.81329e+15
0.638	2.7945e+15
0.639	2.77585e+15
0.64	2.75735e+15
0.641	2.739e+15
0.642	2.72079e+15
0.643	2.70272e+15
0.644	2.6848e+15
0.645	2.66701e+15
0.646	2.64937e+15
0.647	2.63187e+15
0.648	2.6145e+15
0.649	2.59726e+15
0.65	2.58016e+15
0.651	2.5632e+15
0.652	2.54637e+15
0.653	2.52966e+15
0.654	2.51309e+15
0.655	2.49665e+15
0.656	2.48033e+15
0.657	2.46414e+15
0.658	2.44807e+15
0.659	2.43213e+15
0.66	2.41631e+15
0.661	2.40062e+15
0.662	2.38504e+15
0.663	2.36959e+15
0.664	2.35425e+15
0.665	2.33903e+15
0.666	2.32393e+15
0.667	2.30894e+15
0.668	2.29406e+15
0.669	2.2793e+15
0.67	2.26466e+15
0.671	2.25012e+15
0.672	2.2357e+15
0.673	2.22138e+15
0.674	2.20717e+15
0.675	2.19307e+15
0.676	2.17908e+15
0.677	2.16519e+15
0.678	2.15141e+15
0.679	2.13773e+15
0.68	2.12416e+15
0.681	2.11068e+15
0.682	2.09731e+15
0.683	2.08404e+15
0.684	2.07087e+15
0.685	2.05779e+15
0.686	2.04482e+15
0.687	2.03194e+15
0.688	2.01916e+15
0.689	2.00647e+15
0.69	1.99388e+15
0.691	1.98138e+15
0.692	1.96897e+15
0.693	1.95666e+15
0.694	1.94443e+15
0.695	1.9323e+15
0.696	1.92026e+15
0.697	1.90831e+15
0.698	1.89644e+15
0.699	1.88466e+15
0.7	1.87297e+15
0.701	1.86136e+15
0.702	1.84984e+15
0.703	1.83841e+15
0.704	1.82706e+15
0.705	1.81579e+15
0.706	1.8046e+15
0.707	1.7935e+15
0.708	1.78247e+15
0.709	1.77153e+15
0.71	1.76067e+15
0.711	1.74988e+15
0.712	1.73918e+15
0.713	1.72855e+15
0.714	1.718e+15
0.715	1.70752e+15
0.716	1.69712e+15
0.717	1.6868e+15
0.718	1.67655e+15
0.719	1.66637e+15
0.72	1.65627e+15
0.721	1.64624e+15
0.722	1.63628e+15
0.723	1.62639e+15
0.724	1.61658e+15
0.725	1.60683e+15
0.726	1.59716e+15
0.727	1.58755e+15
0.728	1.57801e+15
0.729	1.56854e+15
0.73	1.55914e+15
0.731	1.5498e+15
0.732	1.54053e+15
0.733	1.53133e+15
0.734	1.52219e+15
0.735	1.51311e+15
0.736	1.5041e+15
0.737	1.49516e+15
0.738	1.48628e+15
0.739	1.47745e+15
0.74	1.4687e+15
0.741	1.46e+15
0.742	1.45136e+15
0.743	1.44279e+15
0.744	1.43427e+15
0.745	1.42582e+15
0.746	1.41742e+15
0.747	1.40908e+15
0.748	1.40081e+15
0.749	1.39258e+15
0.75	1.38442e+15
0.751	1.37631e+15
0.752	1.36826e+15
0.753	1.36026e+15
0.754	1.35233e+15
0.755	1.34444e+15
0.756	1.33661e+15
0.757	1.32883e+15
0.758	1.32111e+15
0.759	1.31344e+15
0.76	1.30583e+15
0.761	1.29826e+15
0.762	1.29075e+15
0.763	1.28329e+15
0.764	1.27588e+15
0.765	1.26852e+15
0.766	1.26121e+15
0.767	1.25395e+15
0.768	1.24675e+15
0.769	1.23959e+15
0.77	1.23248e+15
0.771	1.22541e+15
0.772	1.2184e+15
0.773	1.21143e+15
0.774	1.20451e+15
0.775	1.19764e+15
0.776	1.19082e+15
0.777	1.18404e+15
0.778	1.1773e+15
0.779	1.17061e+15
0.78	1.16397e+15
0.781	1.15737e+15
0.782	1.15082e+15
0.783	1.14431e+15
0.784	1.13784e+15
0.785	1.13142e+15
0.786	1.12504e+15
0.787	1.1187e+15
0.788	1.11241e+15
0.789	1.10616e+15
0.79	1.09994e+15
0.791	1.09378e+15
0.792	1.08765e+15
0.793	1.08156e+15
0.794	1.07551e+15
0.795	1.0695e+15
0.796	1.06354e+15
0.797	1.05761e+15
0.798	1.05172e+15
0.799	1.04587e+15
0.8	1.04006e+15
0.801	1.03429e+15
0.802	1.02855e+15
0.803	1.02286e+15
0.804	1.0172e+15
0.805	1.01158e+15
0.806	1.00599e+15
0.807	1.00044e+15
0.808	9.9493e+14
0.809	9.89454e+14
0.81	9.84014e+14
0.811	9.78609e+14
0.812	9.73239e+14
0.813	9.67905e+14
0.814	9.62605e+14
0.815	9.57339e+14
0.816	9.52108e+14
0.817	9.46911e+14
0.818	9.41748e+14
0.819	9.36618e+14
0.82	9.31521e+14
0.821	9.26457e+14
0.822	9.21426e+14
0.823	9.16427e+14
0.824	9.1146e+14
0.825	9.06526e+14
0.826	9.01623e+14
0.827	8.96752e+14
0.828	8.91911e+14
0.829	8.87102e+14
0.83	8.82324e+14
0.831	8.77577e+14
0.832	8.72859e+14
0.833	8.68172e+14
0.834	8.63515e+14
0.835	8.58887e+14
0.836	8.54289e+14
0.837	8.4972e+14
0.838	8.4518e+14
0.839	8.40669e+14
0.84	8.36187e+14
0.841	8.31733e+14
0.842	8.27307e+14
0.843	8.22909e+14
0.844	8.18539e+14
0.845	8.14197e+14
0.846	8.09881e+14
0.847	8.05593e+14
0.848	8.01332e+14
0.849	7.97098e+14
0.85	7.92891e+14
0.851	7.88709e+14
0.852	7.84554e+14
0.853	7.80425e+14
0.854	7.76322e+14
0.855	7.72245e+14
0.856	7.68193e+14
0.857	7.64166e+14
0.858	7.60164e+14
0.859	7.56187e+14
0.86	7.52235e+14
0.861	7.48308e+14
0.862	7.44405e+14
0.863	7.40526e+14
0.864	7.36671e+14
0.865	7.3284e+14
0.866	7.29032e+14
0.867	7.25248e+14
0.868	7.21488e+14
0.869	7.17751e+14
0.87	7.14036e+14
0.871	7.10345e+14
0.872	7.06676e+14
0.873	7.0303e+14
0.874	6.99406e+14
0.875	6.95804e+14
0.876	6.92225e+14
0.877	6.88667e+14
0.878	6.85132e+14
0.879	6.81617e+14
0.88	6.78125e+14
0.881	6.74653e+14
0.882	6.71203e+14
0.883	6.67774e+14
0.884	6.64366e+14
0.885	6.60978e+14
0.886	6.57611e+14
0.887	6.54265e+14
0.888	6.50938e+14
0.889	6.47633e+14
0.89	6.44347e+14
0.891	6.41081e+14
0.892	6.37835e+14
0.893	6.34609e+14
0.894	6.31402e+14
0.895	6.28215e+14
0.896	6.25047e+14
0.897	6.21898e+14
0.898	6.18768e+14
0.899	6.15658e+14
0.9	6.12566e+14
0.901	6.09494e+14
0.902	6.06439e+14
0.903	6.03404e+14
0.904	6.00387e+14
0.905	5.97389e+14
0.906	5.94409e+14
0.907	5.91447e+14
0.908	5.88504e+14
0.909	5.85578e+14
0.91	5.82671e+14
0.911	5.79782e+14
0.912	5.76911e+14
0.913	5.74058e+14
0.914	5.71223e+14
0.915	5.68405e+14
0.916	5.65606e+14
0.917	5.62825e+14
0.918	5.60061e+14
0.919	5.57316e+14
0.92	5.54588e+14
0.921	5.51878e+14
0.922	5.49187e+14
0.923	5.46513e+14
0.924	5.43858e+14
0.925	5.4122e+14
0.926	5.38602e+14
0.927	5.36001e+14
0.928	5.33419e+14
0.929	5.30856e+14
0.93	5.28311e+14
0.931	5.25785e+14
0.932	5.23279e+14
0.933	5.20792e+14
0.934	5.18324e+14
0.935	5.15876e+14
0.936	5.13448e+14
0.937	5.11041e+14
0.938	5.08654e+14
0.939	5.06288e+14
0.94	5.03943e+14
0.941	5.01619e+14
0.942	4.99318e+14
0.943	4.97038e+14
0.944	4.94781e+14
0.945	4.92548e+14
0.946	4.90338e+14
0.947	4.88152e+14
0.948	4.8599e+14
0.949	4.83853e+14
0.95	4.81741e+14
0.951	4.79656e+14
0.952	4.77597e+14
0.953	4.75565e+14
0.954	4.73561e+14
0.955	4.71585e+14
0.956	4.69638e+14
0.957	4.67721e+14
0.958	4.65834e+14
0.959	4.63977e+14
0.96	4.62152e+14
0.961	4.60359e+14
0.962	4.586e+14
0.963	4.56873e+14
0.964	4.55182e+14
0.965	4.53525e+14
0.966	4.51904e+14
0.967	4.50319e+14
0.968	4.48772e+14
0.969	4.47263e+14
0.97	4.45792e+14
0.971	4.44361e+14
0.972	4.4297e+14
0.973	4.41621e+14
0.974	4.40313e+14
0.975	4.39047e+14
0.976	4.37824e+14
0.977	4.36646e+14
0.978	4.35511e+14
0.979	4.34422e+14
0.98	4.33379e+14
0.981	4.32382e+14
0.982	4.31433e+14
0.983	4.30531e+14
0.984	4.29677e+14
0.985	4.28872e+14
0.986	4.28116e+14
0.987	4.27411e+14
0.988	4.26755e+14
0.989	4.26151e+14
0.99	4.25597e+14
0.991	4.25095e+14
0.992	4.24645e+14
0.993	4.24247e+14
0.994	4.23902e+14
0.995	4.23609e+14
0.996	4.23369e+14
0.997	4.23183e+14
0.998	4.23049e+14
0.999	4.22969e+14
1	4.22943e+14
