0	0
0	7.9634e+18
0.001	8.31457e+18
0.002	8.68014e+18
0.003	9.06058e+18
0.004	9.45638e+18
0.005	9.86802e+18
0.006	1.0296e+19
0.007	1.07408e+19
0.008	1.1203e+19
0.009	1.1683e+19
0.01	1.21814e+19
0.011	1.26987e+19
0.012	1.32353e+19
0.013	1.37918e+19
0.014	1.43688e+19
0.015	1.49666e+19
0.016	1.55858e+19
0.017	1.62269e+19
0.018	1.68903e+19
0.019	1.75766e+19
0.02	1.82862e+19
0.021	1.90195e+19
0.022	1.97769e+19
0.023	2.05589e+19
0.024	2.13658e+19
0.025	2.21979e+19
0.026	2.30558e+19
0.027	2.39395e+19
0.028	2.48494e+19
0.029	2.57857e+19
0.03	2.67486e+19
0.031	2.77384e+19
0.032	2.8755e+19
0.033	2.97985e+19
0.034	3.0869e+19
0.035	3.19664e+19
0.036	3.30907e+19
0.037	3.42416e+19
0.038	3.5419e+19
0.039	3.66226e+19
0.04	3.78519e+19
0.041	3.91067e+19
0.042	4.03863e+19
0.043	4.16903e+19
0.044	4.30179e+19
0.045	4.43684e+19
0.046	4.57409e+19
0.047	4.71346e+19
0.048	4.85485e+19
0.049	4.99813e+19
0.05	5.1432e+19
0.051	5.28992e+19
0.052	5.43815e+19
0.053	5.58775e+19
0.054	5.73855e+19
0.055	5.89038e+19
0.056	6.04306e+19
0.057	6.19641e+19
0.058	6.35023e+19
0.059	6.5043e+19
0.06	6.65841e+19
0.061	6.81233e+19
0.062	6.96582e+19
0.063	7.11864e+19
0.064	7.27054e+19
0.065	7.42125e+19
0.066	7.57051e+19
0.067	7.71804e+19
0.068	7.86357e+19
0.069	8.0068e+19
0.07	8.14745e+19
0.071	8.28522e+19
0.072	8.41983e+19
0.073	8.55096e+19
0.074	8.67832e+19
0.075	8.80161e+19
0.076	8.92054e+19
0.077	9.03481e+19
0.078	9.14413e+19
0.079	9.24821e+19
0.08	9.34677e+19
0.081	9.43954e+19
0.082	9.52625e+19
0.083	9.60664e+19
0.084	9.68048e+19
0.085	9.74753e+19
0.086	9.80757e+19
0.087	9.86039e+19
0.088	9.90581e+19
0.089	9.94365e+19
0.09	9.97376e+19
0.091	9.996e+19
0.092	1.00103e+20
0.093	1.00165e+20
0.094	1.00145e+20
0.095	1.00043e+20
0.096	9.98594e+19
0.097	9.95933e+19
0.098	9.9245e+19
0.099	9.88151e+19
0.1	9.83042e+19
0.101	9.77132e+19
0.102	9.70434e+19
0.103	9.62962e+19
0.104	9.54733e+19
0.105	9.45764e+19
0.106	9.36078e+19
0.107	9.25699e+19
0.108	9.1465e+19
0.109	9.02962e+19
0.11	8.90662e+19
0.111	8.77782e+19
0.112	8.64356e+19
0.113	8.50417e+19
0.114	8.36003e+19
0.115	8.21149e+19
0.116	8.05894e+19
0.117	7.90278e+19
0.118	7.7434e+19
0.119	7.5812e+19
0.12	7.41659e+19
0.121	7.24997e+19
0.122	7.08176e+19
0.123	6.91235e+19
0.124	6.74216e+19
0.125	6.57156e+19
0.126	6.40095e+19
0.127	6.2307e+19
0.128	6.06119e+19
0.129	5.89276e+19
0.13	5.72575e+19
0.131	5.5605e+19
0.132	5.3973e+19
0.133	5.23645e+19
0.134	5.07822e+19
0.135	4.92286e+19
0.136	4.77061e+19
0.137	4.62168e+19
0.138	4.47626e+19
0.139	4.33453e+19
0.14	4.19663e+19
0.141	4.06269e+19
0.142	3.93283e+19
0.143	3.80713e+19
0.144	3.68565e+19
0.145	3.56845e+19
0.146	3.45555e+19
0.147	3.34696e+19
0.148	3.24268e+19
0.149	3.14268e+19
0.15	3.04692e+19
0.151	2.95535e+19
0.152	2.8679e+19
0.153	2.78449e+19
0.154	2.70501e+19
0.155	2.62938e+19
0.156	2.55748e+19
0.157	2.48919e+19
0.158	2.42437e+19
0.159	2.3629e+19
0.16	2.30464e+19
0.161	2.24944e+19
0.162	2.19717e+19
0.163	2.14767e+19
0.164	2.10079e+19
0.165	2.05639e+19
0.166	2.01432e+19
0.167	1.97443e+19
0.168	1.93658e+19
0.169	1.90064e+19
0.17	1.86645e+19
0.171	1.83389e+19
0.172	1.80283e+19
0.173	1.77314e+19
0.174	1.7447e+19
0.175	1.7174e+19
0.176	1.69113e+19
0.177	1.66578e+19
0.178	1.64126e+19
0.179	1.61747e+19
0.18	1.59433e+19
0.181	1.57175e+19
0.182	1.54966e+19
0.183	1.52799e+19
0.184	1.50668e+19
0.185	1.48566e+19
0.186	1.46488e+19
0.187	1.44429e+19
0.188	1.42385e+19
0.189	1.40352e+19
0.19	1.38326e+19
0.191	1.36305e+19
0.192	1.34286e+19
0.193	1.32266e+19
0.194	1.30243e+19
0.195	1.28216e+19
0.196	1.26184e+19
0.197	1.24145e+19
0.198	1.221e+19
0.199	1.20046e+19
0.2	1.17985e+19
0.201	1.15917e+19
0.202	1.13841e+19
0.203	1.11757e+19
0.204	1.09668e+19
0.205	1.07572e+19
0.206	1.05471e+19
0.207	1.03366e+19
0.208	1.01258e+19
0.209	9.91478e+18
0.21	9.7037e+18
0.211	9.49267e+18
0.212	9.28182e+18
0.213	9.0713e+18
0.214	8.86123e+18
0.215	8.65178e+18
0.216	8.44307e+18
0.217	8.23526e+18
0.218	8.0285e+18
0.219	7.82292e+18
0.22	7.61868e+18
0.221	7.41591e+18
0.222	7.21476e+18
0.223	7.01537e+18
0.224	6.81786e+18
0.225	6.62237e+18
0.226	6.42903e+18
0.227	6.23796e+18
0.228	6.04927e+18
0.229	5.86309e+18
0.23	5.67951e+18
0.231	5.49864e+18
0.232	5.32057e+18
0.233	5.1454e+18
0.234	4.97321e+18
0.235	4.80407e+18
0.236	4.63807e+18
0.237	4.47527e+18
0.238	4.31572e+18
0.239	4.15948e+18
0.24	4.00661e+18
0.241	3.85713e+18
0.242	3.71108e+18
0.243	3.5685e+18
0.244	3.42941e+18
0.245	3.29382e+18
0.246	3.16175e+18
0.247	3.0332e+18
0.248	2.90816e+18
0.249	2.78665e+18
0.25	2.66864e+18
0.251	2.55412e+18
0.252	2.44307e+18
0.253	2.33547e+18
0.254	2.23128e+18
0.255	2.13048e+18
0.256	2.03302e+18
0.257	1.93887e+18
0.258	1.84797e+18
0.259	1.76029e+18
0.26	1.67577e+18
0.261	1.59436e+18
0.262	1.516e+18
0.263	1.44063e+18
0.264	1.36819e+18
0.265	1.29861e+18
0.266	1.23184e+18
0.267	1.16781e+18
0.268	1.10644e+18
0.269	1.04768e+18
0.27	9.91448e+17
0.271	9.37676e+17
0.272	8.86295e+17
0.273	8.37232e+17
0.274	7.90418e+17
0.275	7.4578e+17
0.276	7.03249e+17
0.277	6.62753e+17
0.278	6.24223e+17
0.279	5.87588e+17
0.28	5.5278e+17
0.281	5.19731e+17
0.282	4.88375e+17
0.283	4.58644e+17
0.284	4.30475e+17
0.285	4.03803e+17
0.286	3.78567e+17
0.287	3.54705e+17
0.288	3.32159e+17
0.289	3.10869e+17
0.29	2.9078e+17
0.291	2.71837e+17
0.292	2.53985e+17
0.293	2.37174e+17
0.294	2.21353e+17
0.295	2.06474e+17
0.296	1.92489e+17
0.297	1.79354e+17
0.298	1.67025e+17
0.299	1.5546e+17
0.3	1.44618e+17
0.301	1.34461e+17
0.302	1.24951e+17
0.303	1.16054e+17
0.304	1.07733e+17
0.305	9.99576e+16
0.306	9.26958e+16
0.307	8.59178e+16
0.308	7.95952e+16
0.309	7.3701e+16
0.31	6.82094e+16
0.311	6.3096e+16
0.312	5.83374e+16
0.313	5.39116e+16
0.314	4.97977e+16
0.315	4.59759e+16
0.316	4.24275e+16
0.317	3.91347e+16
0.318	3.60809e+16
0.319	3.32502e+16
0.32	3.06278e+16
0.321	2.81996e+16
0.322	2.59525e+16
0.323	2.38741e+16
0.324	2.19526e+16
0.325	2.01772e+16
0.326	1.85376e+16
0.327	1.70241e+16
0.328	1.56278e+16
0.329	1.43402e+16
0.33	1.31535e+16
0.331	1.20602e+16
0.332	1.10535e+16
0.333	1.01269e+16
0.334	9.27455e+15
0.335	8.49075e+15
0.336	7.77034e+15
0.337	7.10849e+15
0.338	6.50071e+15
0.339	5.94282e+15
0.34	5.43094e+15
0.341	4.96147e+15
0.342	4.53108e+15
0.343	4.13668e+15
0.344	3.77539e+15
0.345	3.44458e+15
0.346	3.14178e+15
0.347	2.86473e+15
0.348	2.61134e+15
0.349	2.37966e+15
0.35	2.16792e+15
0.351	1.97447e+15
0.352	1.79779e+15
0.353	1.63648e+15
0.354	1.48925e+15
0.355	1.35492e+15
0.356	1.2324e+15
0.357	1.12068e+15
0.358	1.01885e+15
0.359	9.26057e+14
0.36	8.41522e+14
0.361	7.64535e+14
0.362	6.94442e+14
0.363	6.30642e+14
0.364	5.72587e+14
0.365	5.19774e+14
0.366	4.71741e+14
0.367	4.28066e+14
0.368	3.88365e+14
0.369	3.52284e+14
0.37	3.19501e+14
0.371	2.89721e+14
0.372	2.62675e+14
0.373	2.38118e+14
0.374	2.15824e+14
0.375	1.9559e+14
0.376	1.77229e+14
0.377	1.6057e+14
0.378	1.45459e+14
0.379	1.31754e+14
0.38	1.19326e+14
0.381	1.08059e+14
0.382	9.78457e+13
0.383	8.85887e+13
0.384	8.02e+13
0.385	7.25991e+13
0.386	6.5713e+13
0.387	5.94754e+13
0.388	5.38259e+13
0.389	4.87097e+13
0.39	4.40769e+13
0.391	3.98824e+13
0.392	3.60851e+13
0.393	3.26477e+13
0.394	2.95364e+13
0.395	2.67205e+13
0.396	2.41722e+13
0.397	2.18663e+13
0.398	1.97798e+13
0.399	1.7892e+13
0.4	1.6184e+13
0.401	1.4639e+13
0.402	1.32413e+13
0.403	1.19769e+13
0.404	1.08333e+13
0.405	9.79898e+12
0.406	8.86344e+12
0.407	8.01731e+12
0.408	7.25206e+12
0.409	6.55999e+12
0.41	5.9341e+12
0.411	5.36807e+12
0.412	4.85619e+12
0.413	4.39327e+12
0.414	3.97463e+12
0.415	3.59604e+12
0.416	3.25366e+12
0.417	2.94402e+12
0.418	2.66398e+12
0.419	2.41073e+12
0.42	2.18167e+12
0.421	1.97451e+12
0.422	1.78713e+12
0.423	1.61765e+12
0.424	1.46435e+12
0.425	1.32568e+12
0.426	1.20023e+12
0.427	1.08674e+12
0.428	9.84072e+11
0.429	8.91178e+11
0.43	8.07127e+11
0.431	7.31071e+11
0.432	6.62245e+11
0.433	5.99959e+11
0.434	5.43586e+11
0.435	4.92561e+11
0.436	4.46374e+11
0.437	4.04562e+11
0.438	3.66707e+11
0.439	3.32433e+11
0.44	3.01397e+11
0.441	2.73291e+11
0.442	2.47837e+11
0.443	2.24781e+11
0.444	2.03895e+11
0.445	1.84974e+11
0.446	1.6783e+11
0.447	1.52296e+11
0.448	1.38218e+11
0.449	1.25458e+11
0.45	1.13893e+11
0.451	1.03407e+11
0.452	9.39009e+10
0.453	8.52806e+10
0.454	7.7463e+10
0.455	7.03724e+10
0.456	6.39403e+10
0.457	5.81049e+10
0.458	5.28101e+10
0.459	4.80052e+10
0.46	4.36443e+10
0.461	3.96858e+10
0.462	3.6092e+10
0.463	3.28289e+10
0.464	2.98656e+10
0.465	2.71743e+10
0.466	2.47295e+10
0.467	2.25084e+10
0.468	2.04902e+10
0.469	1.86561e+10
0.47	1.69891e+10
0.471	1.54736e+10
0.472	1.40957e+10
0.473	1.28428e+10
0.474	1.17032e+10
0.475	1.06667e+10
0.476	9.7236e+09
0.477	8.86549e+09
0.478	8.08454e+09
0.479	7.3737e+09
0.48	6.72656e+09
0.481	6.13733e+09
0.482	5.60072e+09
0.483	5.11196e+09
0.484	4.6667e+09
0.485	4.26101e+09
0.486	3.8913e+09
0.487	3.55433e+09
0.488	3.24713e+09
0.489	2.96704e+09
0.49	2.71162e+09
0.491	2.47865e+09
0.492	2.26611e+09
0.493	2.0722e+09
0.494	1.89523e+09
0.495	1.73371e+09
0.496	1.58625e+09
0.497	1.45161e+09
0.498	1.32865e+09
0.499	1.21634e+09
0.5	1.11373e+09
0.501	1.01998e+09
0.502	9.34299e+08
0.503	8.55979e+08
0.504	7.84375e+08
0.505	7.189e+08
0.506	6.59018e+08
0.507	6.04241e+08
0.508	5.54124e+08
0.509	5.08262e+08
0.51	4.66287e+08
0.511	4.27861e+08
0.512	3.92678e+08
0.513	3.60459e+08
0.514	3.30947e+08
0.515	3.03911e+08
0.516	2.79138e+08
0.517	2.56434e+08
0.518	2.35623e+08
0.519	2.16543e+08
0.52	1.99047e+08
0.521	1.83e+08
0.522	1.68279e+08
0.523	1.54773e+08
0.524	1.42379e+08
0.525	1.31003e+08
0.526	1.20559e+08
0.527	1.1097e+08
0.528	1.02163e+08
0.529	9.40732e+07
0.53	8.6641e+07
0.531	7.98116e+07
0.532	7.35347e+07
0.533	6.77647e+07
0.534	6.24595e+07
0.535	5.75809e+07
0.536	5.30935e+07
0.537	4.89654e+07
0.538	4.5167e+07
0.539	4.16713e+07
0.54	3.84535e+07
0.541	3.54911e+07
0.542	3.27632e+07
0.543	3.02508e+07
0.544	2.79364e+07
0.545	2.58041e+07
0.546	2.3839e+07
0.547	2.20278e+07
0.548	2.03582e+07
0.549	1.88186e+07
0.55	1.73988e+07
0.551	1.60892e+07
0.552	1.4881e+07
0.553	1.37661e+07
0.554	1.27372e+07
0.555	1.17874e+07
0.556	1.09104e+07
0.557	1.01007e+07
0.558	9.35274e+06
0.559	8.66183e+06
0.56	8.02345e+06
0.561	7.43352e+06
0.562	6.88824e+06
0.563	6.38415e+06
0.564	5.91805e+06
0.565	5.487e+06
0.566	5.08828e+06
0.567	4.71941e+06
0.568	4.37809e+06
0.569	4.06219e+06
0.57	3.76979e+06
0.571	3.49907e+06
0.572	3.24838e+06
0.573	3.01621e+06
0.574	2.80113e+06
0.575	2.60187e+06
0.576	2.41722e+06
0.577	2.24608e+06
0.578	2.08743e+06
0.579	1.94033e+06
0.58	1.80392e+06
0.581	1.67741e+06
0.582	1.56004e+06
0.583	1.45115e+06
0.584	1.35009e+06
0.585	1.25629e+06
0.586	1.16922e+06
0.587	1.08837e+06
0.588	1.0133e+06
0.589	943562
0.59	878780
0.591	818589
0.592	762652
0.593	710661
0.594	662329
0.595	617390
0.596	575599
0.597	536729
0.598	500569
0.599	466925
0.6	435616
0.601	406475
0.602	379348
0.603	354090
0.604	330570
0.605	308664
0.606	288258
0.607	269245
0.608	251528
0.609	235016
0.61	219624
0.611	205274
0.612	191893
0.613	179414
0.614	167773
0.615	156913
0.616	146780
0.617	137324
0.618	128497
0.619	120257
0.62	112564
0.621	105379
0.622	98668.7
0.623	92400.3
0.624	86543.9
0.625	81071.3
0.626	75956.8
0.627	71176
0.628	66706.6
0.629	62527.5
0.63	58619.4
0.631	54964
0.632	51544.4
0.633	48345.1
0.634	45351.3
0.635	42549.3
0.636	39926.5
0.637	37471.1
0.638	35172
0.639	33019
0.64	31002.3
0.641	29113.3
0.642	27343.4
0.643	25684.9
0.644	24130.5
0.645	22673.6
0.646	21307.8
0.647	20027.2
0.648	18826.3
0.649	17700
0.65	16643.5
0.651	15652.4
0.652	14722.3
0.653	13849.6
0.654	13030.4
0.655	12261.5
0.656	11539.5
0.657	10861.6
0.658	10225
0.659	9627.07
0.66	9065.36
0.661	8537.63
0.662	8041.74
0.663	7575.71
0.664	7137.67
0.665	6725.9
0.666	6338.75
0.667	5974.71
0.668	5632.35
0.669	5310.33
0.67	5007.4
0.671	4722.4
0.672	4454.21
0.673	4201.83
0.674	3964.28
0.675	3740.66
0.676	3530.13
0.677	3331.89
0.678	3145.19
0.679	2969.36
0.68	2803.72
0.681	2647.67
0.682	2500.64
0.683	2362.08
0.684	2231.49
0.685	2108.39
0.686	1992.34
0.687	1882.92
0.688	1779.74
0.689	1682.43
0.69	1590.65
0.691	1504.06
0.692	1422.37
0.693	1345.29
0.694	1272.55
0.695	1203.89
0.696	1139.08
0.697	1077.9
0.698	1020.13
0.699	965.574
0.7	914.053
0.701	865.389
0.702	819.418
0.703	775.985
0.704	734.946
0.705	696.163
0.706	659.509
0.707	624.861
0.708	592.107
0.709	561.139
0.71	531.856
0.711	504.162
0.712	477.97
0.713	453.193
0.714	429.754
0.715	407.576
0.716	386.591
0.717	366.73
0.718	347.932
0.719	330.138
0.72	313.293
0.721	297.343
0.722	282.239
0.723	267.935
0.724	254.388
0.725	241.554
0.726	229.397
0.727	217.877
0.728	206.962
0.729	196.618
0.73	186.813
0.731	177.519
0.732	168.709
0.733	160.355
0.734	152.434
0.735	144.923
0.736	137.798
0.737	131.041
0.738	124.63
0.739	118.548
0.74	112.777
0.741	107.3
0.742	102.103
0.743	97.1697
0.744	92.4868
0.745	88.0409
0.746	83.8198
0.747	79.8115
0.748	76.005
0.749	72.3897
0.75	68.9556
0.751	65.6933
0.752	62.5939
0.753	59.649
0.754	56.8505
0.755	54.1909
0.756	51.663
0.757	49.2601
0.758	46.9758
0.759	44.8039
0.76	42.7388
0.761	40.775
0.762	38.9073
0.763	37.1309
0.764	35.441
0.765	33.8334
0.766	32.3039
0.767	30.8485
0.768	29.4635
0.769	28.1454
0.77	26.8909
0.771	25.6966
0.772	24.5597
0.773	23.4773
0.774	22.4466
0.775	21.4651
0.776	20.5303
0.777	19.64
0.778	18.792
0.779	17.9841
0.78	17.2144
0.781	16.481
0.782	15.7821
0.783	15.1161
0.784	14.4813
0.785	13.8762
0.786	13.2994
0.787	12.7495
0.788	12.2252
0.789	11.7253
0.79	11.2485
0.791	10.7938
0.792	10.3601
0.793	9.94645
0.794	9.5518
0.795	9.17528
0.796	8.81602
0.797	8.4732
0.798	8.14604
0.799	7.8338
0.8	7.53577
0.801	7.25127
0.802	6.97967
0.803	6.72037
0.804	6.47277
0.805	6.23634
0.806	6.01054
0.807	5.79489
0.808	5.58891
0.809	5.39214
0.81	5.20416
0.811	5.02457
0.812	4.85296
0.813	4.68898
0.814	4.53227
0.815	4.3825
0.816	4.23934
0.817	4.1025
0.818	3.97167
0.819	3.8466
0.82	3.72701
0.821	3.61266
0.822	3.5033
0.823	3.39871
0.824	3.29868
0.825	3.20299
0.826	3.11145
0.827	3.02388
0.828	2.94009
0.829	2.85992
0.83	2.7832
0.831	2.70978
0.832	2.63951
0.833	2.57225
0.834	2.50787
0.835	2.44623
0.836	2.38722
0.837	2.33072
0.838	2.27662
0.839	2.22481
0.84	2.17519
0.841	2.12767
0.842	2.08215
0.843	2.03855
0.844	1.99678
0.845	1.95676
0.846	1.91841
0.847	1.88167
0.848	1.84646
0.849	1.81271
0.85	1.78037
0.851	1.74937
0.852	1.71966
0.853	1.69117
0.854	1.66386
0.855	1.63767
0.856	1.61256
0.857	1.58849
0.858	1.5654
0.859	1.54325
0.86	1.52201
0.861	1.50163
0.862	1.48209
0.863	1.46333
0.864	1.44534
0.865	1.42808
0.866	1.41152
0.867	1.39562
0.868	1.38037
0.869	1.36572
0.87	1.35167
0.871	1.33818
0.872	1.32523
0.873	1.31279
0.874	1.30086
0.875	1.28939
0.876	1.27839
0.877	1.26782
0.878	1.25766
0.879	1.24791
0.88	1.23855
0.881	1.22955
0.882	1.22091
0.883	1.21261
0.884	1.20463
0.885	1.19697
0.886	1.1896
0.887	1.18252
0.888	1.17572
0.889	1.16918
0.89	1.1629
0.891	1.15686
0.892	1.15105
0.893	1.14547
0.894	1.1401
0.895	1.13494
0.896	1.12998
0.897	1.12521
0.898	1.12062
0.899	1.1162
0.9	1.11196
0.901	1.10788
0.902	1.10395
0.903	1.10017
0.904	1.09654
0.905	1.09304
0.906	1.08967
0.907	1.08643
0.908	1.08332
0.909	1.08032
0.91	1.07743
0.911	1.07466
0.912	1.07198
0.913	1.06941
0.914	1.06693
0.915	1.06454
0.916	1.06225
0.917	1.06004
0.918	1.05791
0.919	1.05586
0.92	1.05388
0.921	1.05198
0.922	1.05015
0.923	1.04838
0.924	1.04668
0.925	1.04505
0.926	1.04347
0.927	1.04195
0.928	1.04049
0.929	1.03907
0.93	1.03771
0.931	1.0364
0.932	1.03514
0.933	1.03393
0.934	1.03275
0.935	1.03162
0.936	1.03053
0.937	1.02948
0.938	1.02847
0.939	1.02749
0.94	1.02655
0.941	1.02564
0.942	1.02477
0.943	1.02392
0.944	1.02311
0.945	1.02232
0.946	1.02157
0.947	1.02084
0.948	1.02013
0.949	1.01945
0.95	1.0188
0.951	1.01816
0.952	1.01755
0.953	1.01696
0.954	1.01639
0.955	1.01585
0.956	1.01532
0.957	1.01481
0.958	1.01431
0.959	1.01384
0.96	1.01338
0.961	1.01293
0.962	1.01251
0.963	1.01209
0.964	1.01169
0.965	1.01131
0.966	1.01094
0.967	1.01058
0.968	1.01023
0.969	1.0099
0.97	1.00957
0.971	1.00926
0.972	1.00896
0.973	1.00867
0.974	1.00838
0.975	1.00811
0.976	1.00785
0.977	1.00759
0.978	1.00735
0.979	1.00711
0.98	1.00688
0.981	1.00666
0.982	1.00645
0.983	1.00624
0.984	1.00604
0.985	1.00585
0.986	1.00566
0.987	1.00548
0.988	1.00531
0.989	1.00514
0.99	1.00497
0.991	1.00482
0.992	1.00466
0.993	1.00452
0.994	1.00437
0.995	1.00424
0.996	1.0041
0.997	1.00397
0.998	1.00385
0.999	1.00373
1	1.00361
