0	0
0	9.70337e+18
0.001	1.01954e+19
0.002	1.07125e+19
0.003	1.12555e+19
0.004	1.18256e+19
0.005	1.24236e+19
0.006	1.30506e+19
0.007	1.37076e+19
0.008	1.43956e+19
0.009	1.51156e+19
0.01	1.58686e+19
0.011	1.66556e+19
0.012	1.74776e+19
0.013	1.83354e+19
0.014	1.92301e+19
0.015	2.01626e+19
0.016	2.11336e+19
0.017	2.21441e+19
0.018	2.31947e+19
0.019	2.42863e+19
0.02	2.54194e+19
0.021	2.65947e+19
0.022	2.78126e+19
0.023	2.90737e+19
0.024	3.03783e+19
0.025	3.17266e+19
0.026	3.31187e+19
0.027	3.45548e+19
0.028	3.60348e+19
0.029	3.75584e+19
0.03	3.91253e+19
0.031	4.0735e+19
0.032	4.2387e+19
0.033	4.40805e+19
0.034	4.58145e+19
0.035	4.75879e+19
0.036	4.93995e+19
0.037	5.12478e+19
0.038	5.31312e+19
0.039	5.50479e+19
0.04	5.69959e+19
0.041	5.89729e+19
0.042	6.09767e+19
0.043	6.30047e+19
0.044	6.5054e+19
0.045	6.71218e+19
0.046	6.92048e+19
0.047	7.12998e+19
0.048	7.34032e+19
0.049	7.55114e+19
0.05	7.76205e+19
0.051	7.97264e+19
0.052	8.18251e+19
0.053	8.39122e+19
0.054	8.59834e+19
0.055	8.8034e+19
0.056	9.00594e+19
0.057	9.20549e+19
0.058	9.40157e+19
0.059	9.59371e+19
0.06	9.7814e+19
0.061	9.96417e+19
0.062	1.01415e+20
0.063	1.0313e+20
0.064	1.04781e+20
0.065	1.06363e+20
0.066	1.07872e+20
0.067	1.09304e+20
0.068	1.10654e+20
0.069	1.11918e+20
0.07	1.13092e+20
0.071	1.14171e+20
0.072	1.15154e+20
0.073	1.16036e+20
0.074	1.16813e+20
0.075	1.17485e+20
0.076	1.18047e+20
0.077	1.18499e+20
0.078	1.18837e+20
0.079	1.19061e+20
0.08	1.19169e+20
0.081	1.19162e+20
0.082	1.19037e+20
0.083	1.18796e+20
0.084	1.18439e+20
0.085	1.17966e+20
0.086	1.17379e+20
0.087	1.16678e+20
0.088	1.15867e+20
0.089	1.14947e+20
0.09	1.1392e+20
0.091	1.1279e+20
0.092	1.1156e+20
0.093	1.10232e+20
0.094	1.08812e+20
0.095	1.07303e+20
0.096	1.05709e+20
0.097	1.04034e+20
0.098	1.02285e+20
0.099	1.00464e+20
0.1	9.85779e+19
0.101	9.66311e+19
0.102	9.4629e+19
0.103	9.2577e+19
0.104	9.04804e+19
0.105	8.83445e+19
0.106	8.61748e+19
0.107	8.39766e+19
0.108	8.17553e+19
0.109	7.95161e+19
0.11	7.72642e+19
0.111	7.50045e+19
0.112	7.27421e+19
0.113	7.04817e+19
0.114	6.82278e+19
0.115	6.5985e+19
0.116	6.37575e+19
0.117	6.15492e+19
0.118	5.9364e+19
0.119	5.72055e+19
0.12	5.5077e+19
0.121	5.29817e+19
0.122	5.09225e+19
0.123	4.8902e+19
0.124	4.69227e+19
0.125	4.49866e+19
0.126	4.30958e+19
0.127	4.12518e+19
0.128	3.94563e+19
0.129	3.77104e+19
0.13	3.60151e+19
0.131	3.43713e+19
0.132	3.27796e+19
0.133	3.12403e+19
0.134	2.97538e+19
0.135	2.83199e+19
0.136	2.69388e+19
0.137	2.56099e+19
0.138	2.4333e+19
0.139	2.31076e+19
0.14	2.19328e+19
0.141	2.08079e+19
0.142	1.97321e+19
0.143	1.87044e+19
0.144	1.77237e+19
0.145	1.67888e+19
0.146	1.58987e+19
0.147	1.50519e+19
0.148	1.42473e+19
0.149	1.34835e+19
0.15	1.27592e+19
0.151	1.2073e+19
0.152	1.14235e+19
0.153	1.08093e+19
0.154	1.0229e+19
0.155	9.68128e+18
0.156	9.16471e+18
0.157	8.67795e+18
0.158	8.21966e+18
0.159	7.78851e+18
0.16	7.38322e+18
0.161	7.00252e+18
0.162	6.64519e+18
0.163	6.31003e+18
0.164	5.99588e+18
0.165	5.70161e+18
0.166	5.42613e+18
0.167	5.16841e+18
0.168	4.92744e+18
0.169	4.70224e+18
0.17	4.49189e+18
0.171	4.29551e+18
0.172	4.11224e+18
0.173	3.94127e+18
0.174	3.78184e+18
0.175	3.63321e+18
0.176	3.49468e+18
0.177	3.3656e+18
0.178	3.24534e+18
0.179	3.13331e+18
0.18	3.02895e+18
0.181	2.93173e+18
0.182	2.84116e+18
0.183	2.75677e+18
0.184	2.67812e+18
0.185	2.6048e+18
0.186	2.53642e+18
0.187	2.47261e+18
0.188	2.41305e+18
0.189	2.35742e+18
0.19	2.30541e+18
0.191	2.25675e+18
0.192	2.21118e+18
0.193	2.16847e+18
0.194	2.12839e+18
0.195	2.09073e+18
0.196	2.05531e+18
0.197	2.02193e+18
0.198	1.99044e+18
0.199	1.96069e+18
0.2	1.93252e+18
0.201	1.90581e+18
0.202	1.88044e+18
0.203	1.85629e+18
0.204	1.83326e+18
0.205	1.81126e+18
0.206	1.7902e+18
0.207	1.76999e+18
0.208	1.75057e+18
0.209	1.73185e+18
0.21	1.71379e+18
0.211	1.69632e+18
0.212	1.6794e+18
0.213	1.66296e+18
0.214	1.64697e+18
0.215	1.63138e+18
0.216	1.61617e+18
0.217	1.60129e+18
0.218	1.58671e+18
0.219	1.57241e+18
0.22	1.55836e+18
0.221	1.54454e+18
0.222	1.53092e+18
0.223	1.51749e+18
0.224	1.50423e+18
0.225	1.49112e+18
0.226	1.47815e+18
0.227	1.46531e+18
0.228	1.45258e+18
0.229	1.43995e+18
0.23	1.42742e+18
0.231	1.41498e+18
0.232	1.40261e+18
0.233	1.39031e+18
0.234	1.37808e+18
0.235	1.36591e+18
0.236	1.35379e+18
0.237	1.34173e+18
0.238	1.32971e+18
0.239	1.31774e+18
0.24	1.30581e+18
0.241	1.29391e+18
0.242	1.28206e+18
0.243	1.27024e+18
0.244	1.25846e+18
0.245	1.24671e+18
0.246	1.23499e+18
0.247	1.2233e+18
0.248	1.21165e+18
0.249	1.20002e+18
0.25	1.18843e+18
0.251	1.17686e+18
0.252	1.16533e+18
0.253	1.15383e+18
0.254	1.14236e+18
0.255	1.13093e+18
0.256	1.11952e+18
0.257	1.10815e+18
0.258	1.09681e+18
0.259	1.08551e+18
0.26	1.07425e+18
0.261	1.06301e+18
0.262	1.05182e+18
0.263	1.04066e+18
0.264	1.02955e+18
0.265	1.01847e+18
0.266	1.00743e+18
0.267	9.96439e+17
0.268	9.85487e+17
0.269	9.74579e+17
0.27	9.63715e+17
0.271	9.52897e+17
0.272	9.42125e+17
0.273	9.31401e+17
0.274	9.20726e+17
0.275	9.101e+17
0.276	8.99525e+17
0.277	8.89001e+17
0.278	8.7853e+17
0.279	8.68112e+17
0.28	8.57749e+17
0.281	8.47441e+17
0.282	8.37189e+17
0.283	8.26994e+17
0.284	8.16856e+17
0.285	8.06778e+17
0.286	7.96759e+17
0.287	7.86801e+17
0.288	7.76904e+17
0.289	7.67068e+17
0.29	7.57296e+17
0.291	7.47587e+17
0.292	7.37942e+17
0.293	7.28362e+17
0.294	7.18848e+17
0.295	7.09399e+17
0.296	7.00018e+17
0.297	6.90704e+17
0.298	6.81458e+17
0.299	6.72281e+17
0.3	6.63173e+17
0.301	6.54135e+17
0.302	6.45167e+17
0.303	6.36269e+17
0.304	6.27443e+17
0.305	6.18688e+17
0.306	6.10006e+17
0.307	6.01395e+17
0.308	5.92858e+17
0.309	5.84394e+17
0.31	5.76003e+17
0.311	5.67686e+17
0.312	5.59443e+17
0.313	5.51274e+17
0.314	5.4318e+17
0.315	5.35161e+17
0.316	5.27216e+17
0.317	5.19347e+17
0.318	5.11554e+17
0.319	5.03835e+17
0.32	4.96193e+17
0.321	4.88626e+17
0.322	4.81135e+17
0.323	4.7372e+17
0.324	4.66381e+17
0.325	4.59118e+17
0.326	4.5193e+17
0.327	4.44819e+17
0.328	4.37784e+17
0.329	4.30825e+17
0.33	4.23941e+17
0.331	4.17133e+17
0.332	4.10401e+17
0.333	4.03745e+17
0.334	3.97164e+17
0.335	3.90658e+17
0.336	3.84227e+17
0.337	3.77871e+17
0.338	3.7159e+17
0.339	3.65384e+17
0.34	3.59251e+17
0.341	3.53193e+17
0.342	3.47209e+17
0.343	3.41298e+17
0.344	3.35461e+17
0.345	3.29696e+17
0.346	3.24004e+17
0.347	3.18385e+17
0.348	3.12838e+17
0.349	3.07362e+17
0.35	3.01958e+17
0.351	2.96624e+17
0.352	2.91361e+17
0.353	2.86169e+17
0.354	2.81046e+17
0.355	2.75992e+17
0.356	2.71008e+17
0.357	2.66092e+17
0.358	2.61244e+17
0.359	2.56464e+17
0.36	2.51751e+17
0.361	2.47105e+17
0.362	2.42525e+17
0.363	2.38011e+17
0.364	2.33562e+17
0.365	2.29178e+17
0.366	2.24858e+17
0.367	2.20603e+17
0.368	2.1641e+17
0.369	2.1228e+17
0.37	2.08212e+17
0.371	2.04207e+17
0.372	2.00262e+17
0.373	1.96378e+17
0.374	1.92554e+17
0.375	1.88789e+17
0.376	1.85084e+17
0.377	1.81437e+17
0.378	1.77847e+17
0.379	1.74315e+17
0.38	1.7084e+17
0.381	1.67421e+17
0.382	1.64058e+17
0.383	1.60749e+17
0.384	1.57495e+17
0.385	1.54295e+17
0.386	1.51148e+17
0.387	1.48053e+17
0.388	1.45011e+17
0.389	1.42021e+17
0.39	1.39081e+17
0.391	1.36191e+17
0.392	1.33352e+17
0.393	1.30561e+17
0.394	1.27819e+17
0.395	1.25125e+17
0.396	1.22479e+17
0.397	1.19879e+17
0.398	1.17325e+17
0.399	1.14817e+17
0.4	1.12355e+17
0.401	1.09936e+17
0.402	1.07562e+17
0.403	1.05231e+17
0.404	1.02942e+17
0.405	1.00696e+17
0.406	9.84917e+16
0.407	9.63282e+16
0.408	9.42052e+16
0.409	9.21221e+16
0.41	9.00784e+16
0.411	8.80734e+16
0.412	8.61067e+16
0.413	8.41777e+16
0.414	8.22858e+16
0.415	8.04305e+16
0.416	7.86113e+16
0.417	7.68275e+16
0.418	7.50788e+16
0.419	7.33645e+16
0.42	7.16841e+16
0.421	7.00371e+16
0.422	6.8423e+16
0.423	6.68413e+16
0.424	6.52914e+16
0.425	6.37729e+16
0.426	6.22852e+16
0.427	6.08279e+16
0.428	5.94004e+16
0.429	5.80023e+16
0.43	5.66331e+16
0.431	5.52923e+16
0.432	5.39794e+16
0.433	5.2694e+16
0.434	5.14355e+16
0.435	5.02036e+16
0.436	4.89978e+16
0.437	4.78176e+16
0.438	4.66626e+16
0.439	4.55324e+16
0.44	4.44264e+16
0.441	4.33444e+16
0.442	4.22857e+16
0.443	4.12501e+16
0.444	4.02372e+16
0.445	3.92464e+16
0.446	3.82774e+16
0.447	3.73298e+16
0.448	3.64032e+16
0.449	3.54973e+16
0.45	3.46115e+16
0.451	3.37456e+16
0.452	3.28992e+16
0.453	3.20719e+16
0.454	3.12633e+16
0.455	3.04731e+16
0.456	2.97009e+16
0.457	2.89463e+16
0.458	2.82091e+16
0.459	2.74889e+16
0.46	2.67854e+16
0.461	2.60981e+16
0.462	2.54269e+16
0.463	2.47713e+16
0.464	2.41311e+16
0.465	2.35059e+16
0.466	2.28955e+16
0.467	2.22995e+16
0.468	2.17176e+16
0.469	2.11497e+16
0.47	2.05952e+16
0.471	2.00541e+16
0.472	1.95259e+16
0.473	1.90105e+16
0.474	1.85076e+16
0.475	1.80169e+16
0.476	1.7538e+16
0.477	1.70709e+16
0.478	1.66152e+16
0.479	1.61707e+16
0.48	1.57372e+16
0.481	1.53143e+16
0.482	1.49019e+16
0.483	1.44998e+16
0.484	1.41077e+16
0.485	1.37253e+16
0.486	1.33526e+16
0.487	1.29892e+16
0.488	1.2635e+16
0.489	1.22897e+16
0.49	1.19531e+16
0.491	1.16251e+16
0.492	1.13055e+16
0.493	1.0994e+16
0.494	1.06905e+16
0.495	1.03948e+16
0.496	1.01066e+16
0.497	9.82597e+15
0.498	9.55256e+15
0.499	9.28624e+15
0.5	9.02684e+15
0.501	8.77421e+15
0.502	8.52818e+15
0.503	8.2886e+15
0.504	8.05531e+15
0.505	7.82817e+15
0.506	7.60702e+15
0.507	7.39172e+15
0.508	7.18213e+15
0.509	6.97812e+15
0.51	6.77954e+15
0.511	6.58627e+15
0.512	6.39818e+15
0.513	6.21513e+15
0.514	6.03701e+15
0.515	5.8637e+15
0.516	5.69506e+15
0.517	5.531e+15
0.518	5.37139e+15
0.519	5.21612e+15
0.52	5.06509e+15
0.521	4.91818e+15
0.522	4.7753e+15
0.523	4.63634e+15
0.524	4.50121e+15
0.525	4.3698e+15
0.526	4.24202e+15
0.527	4.11778e+15
0.528	3.99698e+15
0.529	3.87955e+15
0.53	3.76538e+15
0.531	3.65441e+15
0.532	3.54653e+15
0.533	3.44168e+15
0.534	3.33978e+15
0.535	3.24074e+15
0.536	3.1445e+15
0.537	3.05097e+15
0.538	2.9601e+15
0.539	2.8718e+15
0.54	2.78601e+15
0.541	2.70266e+15
0.542	2.62169e+15
0.543	2.54303e+15
0.544	2.46663e+15
0.545	2.39242e+15
0.546	2.32034e+15
0.547	2.25033e+15
0.548	2.18235e+15
0.549	2.11633e+15
0.55	2.05222e+15
0.551	1.98997e+15
0.552	1.92952e+15
0.553	1.87084e+15
0.554	1.81387e+15
0.555	1.75855e+15
0.556	1.70486e+15
0.557	1.65274e+15
0.558	1.60215e+15
0.559	1.55305e+15
0.56	1.50539e+15
0.561	1.45914e+15
0.562	1.41425e+15
0.563	1.37069e+15
0.564	1.32843e+15
0.565	1.28741e+15
0.566	1.24762e+15
0.567	1.20901e+15
0.568	1.17155e+15
0.569	1.13521e+15
0.57	1.09996e+15
0.571	1.06576e+15
0.572	1.03259e+15
0.573	1.00042e+15
0.574	9.69212e+14
0.575	9.38946e+14
0.576	9.09593e+14
0.577	8.81127e+14
0.578	8.53523e+14
0.579	8.26755e+14
0.58	8.00799e+14
0.581	7.75632e+14
0.582	7.51231e+14
0.583	7.27573e+14
0.584	7.04637e+14
0.585	6.82402e+14
0.586	6.60847e+14
0.587	6.39952e+14
0.588	6.19698e+14
0.589	6.00067e+14
0.59	5.81039e+14
0.591	5.62597e+14
0.592	5.44723e+14
0.593	5.27401e+14
0.594	5.10615e+14
0.595	4.94348e+14
0.596	4.78585e+14
0.597	4.6331e+14
0.598	4.48511e+14
0.599	4.34171e+14
0.6	4.20278e+14
0.601	4.06818e+14
0.602	3.93778e+14
0.603	3.81145e+14
0.604	3.68907e+14
0.605	3.57052e+14
0.606	3.45569e+14
0.607	3.34446e+14
0.608	3.23673e+14
0.609	3.13238e+14
0.61	3.03132e+14
0.611	2.93344e+14
0.612	2.83865e+14
0.613	2.74686e+14
0.614	2.65796e+14
0.615	2.57188e+14
0.616	2.48853e+14
0.617	2.40781e+14
0.618	2.32966e+14
0.619	2.25399e+14
0.62	2.18073e+14
0.621	2.1098e+14
0.622	2.04113e+14
0.623	1.97465e+14
0.624	1.9103e+14
0.625	1.84799e+14
0.626	1.78768e+14
0.627	1.7293e+14
0.628	1.6728e+14
0.629	1.6181e+14
0.63	1.56516e+14
0.631	1.51392e+14
0.632	1.46432e+14
0.633	1.41633e+14
0.634	1.36987e+14
0.635	1.32492e+14
0.636	1.28141e+14
0.637	1.23931e+14
0.638	1.19857e+14
0.639	1.15915e+14
0.64	1.121e+14
0.641	1.08409e+14
0.642	1.04837e+14
0.643	1.01382e+14
0.644	9.80382e+13
0.645	9.48032e+13
0.646	9.16734e+13
0.647	8.86454e+13
0.648	8.5716e+13
0.649	8.28821e+13
0.65	8.01405e+13
0.651	7.74883e+13
0.652	7.49227e+13
0.653	7.2441e+13
0.654	7.00403e+13
0.655	6.77182e+13
0.656	6.54721e+13
0.657	6.32996e+13
0.658	6.11982e+13
0.659	5.91658e+13
0.66	5.72001e+13
0.661	5.52989e+13
0.662	5.34601e+13
0.663	5.16818e+13
0.664	4.99621e+13
0.665	4.82989e+13
0.666	4.66905e+13
0.667	4.5135e+13
0.668	4.36309e+13
0.669	4.21764e+13
0.67	4.07698e+13
0.671	3.94098e+13
0.672	3.80946e+13
0.673	3.6823e+13
0.674	3.55934e+13
0.675	3.44045e+13
0.676	3.32549e+13
0.677	3.21434e+13
0.678	3.10688e+13
0.679	3.00298e+13
0.68	2.90252e+13
0.681	2.8054e+13
0.682	2.7115e+13
0.683	2.62073e+13
0.684	2.53296e+13
0.685	2.44812e+13
0.686	2.3661e+13
0.687	2.28681e+13
0.688	2.21015e+13
0.689	2.13605e+13
0.69	2.06442e+13
0.691	1.99518e+13
0.692	1.92824e+13
0.693	1.86354e+13
0.694	1.80099e+13
0.695	1.74053e+13
0.696	1.68209e+13
0.697	1.62561e+13
0.698	1.57101e+13
0.699	1.51823e+13
0.7	1.46722e+13
0.701	1.41792e+13
0.702	1.37026e+13
0.703	1.32421e+13
0.704	1.27969e+13
0.705	1.23666e+13
0.706	1.19507e+13
0.707	1.15488e+13
0.708	1.11604e+13
0.709	1.07849e+13
0.71	1.04221e+13
0.711	1.00714e+13
0.712	9.73253e+12
0.713	9.405e+12
0.714	9.08847e+12
0.715	8.78256e+12
0.716	8.48693e+12
0.717	8.20122e+12
0.718	7.92512e+12
0.719	7.6583e+12
0.72	7.40044e+12
0.721	7.15126e+12
0.722	6.91045e+12
0.723	6.67774e+12
0.724	6.45286e+12
0.725	6.23555e+12
0.726	6.02555e+12
0.727	5.82262e+12
0.728	5.62651e+12
0.729	5.43702e+12
0.73	5.2539e+12
0.731	5.07695e+12
0.732	4.90596e+12
0.733	4.74073e+12
0.734	4.58106e+12
0.735	4.42678e+12
0.736	4.27769e+12
0.737	4.13364e+12
0.738	3.99443e+12
0.739	3.85992e+12
0.74	3.72994e+12
0.741	3.60435e+12
0.742	3.48299e+12
0.743	3.36573e+12
0.744	3.25241e+12
0.745	3.14292e+12
0.746	3.03713e+12
0.747	2.9349e+12
0.748	2.83612e+12
0.749	2.74067e+12
0.75	2.64845e+12
0.751	2.55933e+12
0.752	2.47322e+12
0.753	2.39002e+12
0.754	2.30962e+12
0.755	2.23194e+12
0.756	2.15688e+12
0.757	2.08435e+12
0.758	2.01427e+12
0.759	1.94655e+12
0.76	1.88112e+12
0.761	1.8179e+12
0.762	1.7568e+12
0.763	1.69778e+12
0.764	1.64074e+12
0.765	1.58562e+12
0.766	1.53237e+12
0.767	1.48091e+12
0.768	1.43119e+12
0.769	1.38315e+12
0.77	1.33673e+12
0.771	1.29187e+12
0.772	1.24852e+12
0.773	1.20664e+12
0.774	1.16617e+12
0.775	1.12707e+12
0.776	1.08928e+12
0.777	1.05277e+12
0.778	1.01749e+12
0.779	9.83394e+11
0.78	9.50451e+11
0.781	9.18618e+11
0.782	8.87858e+11
0.783	8.58135e+11
0.784	8.29413e+11
0.785	8.01659e+11
0.786	7.74839e+11
0.787	7.48923e+11
0.788	7.2388e+11
0.789	6.9968e+11
0.79	6.76295e+11
0.791	6.53697e+11
0.792	6.3186e+11
0.793	6.10757e+11
0.794	5.90365e+11
0.795	5.70658e+11
0.796	5.51615e+11
0.797	5.33212e+11
0.798	5.15428e+11
0.799	4.98242e+11
0.8	4.81633e+11
0.801	4.65583e+11
0.802	4.50072e+11
0.803	4.35082e+11
0.804	4.20595e+11
0.805	4.06595e+11
0.806	3.93066e+11
0.807	3.7999e+11
0.808	3.67353e+11
0.809	3.5514e+11
0.81	3.43337e+11
0.811	3.3193e+11
0.812	3.20906e+11
0.813	3.10251e+11
0.814	2.99953e+11
0.815	2.9e+11
0.816	2.8038e+11
0.817	2.71083e+11
0.818	2.62098e+11
0.819	2.53413e+11
0.82	2.45018e+11
0.821	2.36905e+11
0.822	2.29063e+11
0.823	2.21483e+11
0.824	2.14157e+11
0.825	2.07075e+11
0.826	2.00231e+11
0.827	1.93614e+11
0.828	1.87219e+11
0.829	1.81038e+11
0.83	1.75062e+11
0.831	1.69287e+11
0.832	1.63703e+11
0.833	1.58307e+11
0.834	1.53089e+11
0.835	1.48046e+11
0.836	1.43171e+11
0.837	1.38459e+11
0.838	1.33903e+11
0.839	1.29499e+11
0.84	1.25241e+11
0.841	1.21125e+11
0.842	1.17146e+11
0.843	1.133e+11
0.844	1.09581e+11
0.845	1.05985e+11
0.846	1.0251e+11
0.847	9.91491e+10
0.848	9.59002e+10
0.849	9.27591e+10
0.85	8.97222e+10
0.851	8.67859e+10
0.852	8.3947e+10
0.853	8.12022e+10
0.854	7.85483e+10
0.855	7.59822e+10
0.856	7.35011e+10
0.857	7.11021e+10
0.858	6.87824e+10
0.859	6.65394e+10
0.86	6.43705e+10
0.861	6.22733e+10
0.862	6.02454e+10
0.863	5.82844e+10
0.864	5.63881e+10
0.865	5.45543e+10
0.866	5.27811e+10
0.867	5.10662e+10
0.868	4.94079e+10
0.869	4.78042e+10
0.87	4.62533e+10
0.871	4.47534e+10
0.872	4.33029e+10
0.873	4.19e+10
0.874	4.05433e+10
0.875	3.92311e+10
0.876	3.79621e+10
0.877	3.67347e+10
0.878	3.55475e+10
0.879	3.43993e+10
0.88	3.32888e+10
0.881	3.22146e+10
0.882	3.11756e+10
0.883	3.01707e+10
0.884	2.91986e+10
0.885	2.82584e+10
0.886	2.73488e+10
0.887	2.6469e+10
0.888	2.5618e+10
0.889	2.47947e+10
0.89	2.39983e+10
0.891	2.32279e+10
0.892	2.24827e+10
0.893	2.17617e+10
0.894	2.10642e+10
0.895	2.03894e+10
0.896	1.97366e+10
0.897	1.9105e+10
0.898	1.8494e+10
0.899	1.79028e+10
0.9	1.73308e+10
0.901	1.67774e+10
0.902	1.6242e+10
0.903	1.57239e+10
0.904	1.52227e+10
0.905	1.47377e+10
0.906	1.42684e+10
0.907	1.38143e+10
0.908	1.33749e+10
0.909	1.29497e+10
0.91	1.25382e+10
0.911	1.21401e+10
0.912	1.17548e+10
0.913	1.13819e+10
0.914	1.10211e+10
0.915	1.06719e+10
0.916	1.0334e+10
0.917	1.0007e+10
0.918	9.69047e+09
0.919	9.38416e+09
0.92	9.08769e+09
0.921	8.80076e+09
0.922	8.52305e+09
0.923	8.25426e+09
0.924	7.9941e+09
0.925	7.74228e+09
0.926	7.49854e+09
0.927	7.26262e+09
0.928	7.03425e+09
0.929	6.81319e+09
0.93	6.59921e+09
0.931	6.39207e+09
0.932	6.19155e+09
0.933	5.99744e+09
0.934	5.80953e+09
0.935	5.62762e+09
0.936	5.45151e+09
0.937	5.28101e+09
0.938	5.11594e+09
0.939	4.95614e+09
0.94	4.80141e+09
0.941	4.65161e+09
0.942	4.50658e+09
0.943	4.36615e+09
0.944	4.23018e+09
0.945	4.09852e+09
0.946	3.97105e+09
0.947	3.84761e+09
0.948	3.72809e+09
0.949	3.61235e+09
0.95	3.50027e+09
0.951	3.39174e+09
0.952	3.28664e+09
0.953	3.18486e+09
0.954	3.08629e+09
0.955	2.99084e+09
0.956	2.8984e+09
0.957	2.80887e+09
0.958	2.72216e+09
0.959	2.63818e+09
0.96	2.55684e+09
0.961	2.47806e+09
0.962	2.40176e+09
0.963	2.32786e+09
0.964	2.25627e+09
0.965	2.18693e+09
0.966	2.11977e+09
0.967	2.05471e+09
0.968	1.99168e+09
0.969	1.93064e+09
0.97	1.8715e+09
0.971	1.8142e+09
0.972	1.7587e+09
0.973	1.70494e+09
0.974	1.65285e+09
0.975	1.60238e+09
0.976	1.55349e+09
0.977	1.50612e+09
0.978	1.46023e+09
0.979	1.41576e+09
0.98	1.37268e+09
0.981	1.33093e+09
0.982	1.29048e+09
0.983	1.25129e+09
0.984	1.21331e+09
0.985	1.17651e+09
0.986	1.14085e+09
0.987	1.10629e+09
0.988	1.07281e+09
0.989	1.04036e+09
0.99	1.00891e+09
0.991	9.78429e+08
0.992	9.48892e+08
0.993	9.20267e+08
0.994	8.92523e+08
0.995	8.65634e+08
0.996	8.39573e+08
0.997	8.14314e+08
0.998	7.89831e+08
0.999	7.66101e+08
1	7.431e+08
