0	0
0	9.39007e+17
0.001	1.03779e+18
0.002	1.14763e+18
0.003	1.26959e+18
0.004	1.40481e+18
0.005	1.5545e+18
0.006	1.71994e+18
0.007	1.90249e+18
0.008	2.1036e+18
0.009	2.32475e+18
0.01	2.56752e+18
0.011	2.83356e+18
0.012	3.12457e+18
0.013	3.44231e+18
0.014	3.78858e+18
0.015	4.16527e+18
0.016	4.57427e+18
0.017	5.01751e+18
0.018	5.49695e+18
0.019	6.01457e+18
0.02	6.57233e+18
0.021	7.17221e+18
0.022	7.81614e+18
0.023	8.50604e+18
0.024	9.24377e+18
0.025	1.00311e+19
0.026	1.08698e+19
0.027	1.17615e+19
0.028	1.27077e+19
0.029	1.37098e+19
0.03	1.47691e+19
0.031	1.58867e+19
0.032	1.70635e+19
0.033	1.83003e+19
0.034	1.95977e+19
0.035	2.0956e+19
0.036	2.23754e+19
0.037	2.38558e+19
0.038	2.53968e+19
0.039	2.69978e+19
0.04	2.86581e+19
0.041	3.03765e+19
0.042	3.21515e+19
0.043	3.39817e+19
0.044	3.58649e+19
0.045	3.77992e+19
0.046	3.97818e+19
0.047	4.18103e+19
0.048	4.38814e+19
0.049	4.59921e+19
0.05	4.81388e+19
0.051	5.03177e+19
0.052	5.2525e+19
0.053	5.47566e+19
0.054	5.70079e+19
0.055	5.92747e+19
0.056	6.15522e+19
0.057	6.38356e+19
0.058	6.61201e+19
0.059	6.84006e+19
0.06	7.06721e+19
0.061	7.29294e+19
0.062	7.51676e+19
0.063	7.73813e+19
0.064	7.95656e+19
0.065	8.17153e+19
0.066	8.38255e+19
0.067	8.58913e+19
0.068	8.79078e+19
0.069	8.98704e+19
0.07	9.17746e+19
0.071	9.36161e+19
0.072	9.53907e+19
0.073	9.70945e+19
0.074	9.87237e+19
0.075	1.00275e+20
0.076	1.01745e+20
0.077	1.0313e+20
0.078	1.04429e+20
0.079	1.05638e+20
0.08	1.06755e+20
0.081	1.07779e+20
0.082	1.08708e+20
0.083	1.0954e+20
0.084	1.10275e+20
0.085	1.10912e+20
0.086	1.1145e+20
0.087	1.11889e+20
0.088	1.12229e+20
0.089	1.12471e+20
0.09	1.12616e+20
0.091	1.12664e+20
0.092	1.12616e+20
0.093	1.12474e+20
0.094	1.12239e+20
0.095	1.11913e+20
0.096	1.11498e+20
0.097	1.10997e+20
0.098	1.10412e+20
0.099	1.09744e+20
0.1	1.08998e+20
0.101	1.08175e+20
0.102	1.07278e+20
0.103	1.06312e+20
0.104	1.05278e+20
0.105	1.04179e+20
0.106	1.0302e+20
0.107	1.01804e+20
0.108	1.00533e+20
0.109	9.92109e+19
0.11	9.78415e+19
0.111	9.6428e+19
0.112	9.49736e+19
0.113	9.34818e+19
0.114	9.19558e+19
0.115	9.03989e+19
0.116	8.88143e+19
0.117	8.72052e+19
0.118	8.55748e+19
0.119	8.3926e+19
0.12	8.22618e+19
0.121	8.0585e+19
0.122	7.88986e+19
0.123	7.72051e+19
0.124	7.55073e+19
0.125	7.38075e+19
0.126	7.21082e+19
0.127	7.04118e+19
0.128	6.87204e+19
0.129	6.70362e+19
0.13	6.53611e+19
0.131	6.36969e+19
0.132	6.20456e+19
0.133	6.04088e+19
0.134	5.8788e+19
0.135	5.71847e+19
0.136	5.56003e+19
0.137	5.40361e+19
0.138	5.24931e+19
0.139	5.09725e+19
0.14	4.94753e+19
0.141	4.80023e+19
0.142	4.65544e+19
0.143	4.51322e+19
0.144	4.37363e+19
0.145	4.23674e+19
0.146	4.10258e+19
0.147	3.97119e+19
0.148	3.84262e+19
0.149	3.71688e+19
0.15	3.59399e+19
0.151	3.47396e+19
0.152	3.35681e+19
0.153	3.24253e+19
0.154	3.13112e+19
0.155	3.02258e+19
0.156	2.91688e+19
0.157	2.81401e+19
0.158	2.71395e+19
0.159	2.61668e+19
0.16	2.52217e+19
0.161	2.43038e+19
0.162	2.34128e+19
0.163	2.25484e+19
0.164	2.17101e+19
0.165	2.08975e+19
0.166	2.01103e+19
0.167	1.93479e+19
0.168	1.861e+19
0.169	1.78959e+19
0.17	1.72053e+19
0.171	1.65376e+19
0.172	1.58924e+19
0.173	1.52691e+19
0.174	1.46672e+19
0.175	1.40861e+19
0.176	1.35255e+19
0.177	1.29847e+19
0.178	1.24632e+19
0.179	1.19605e+19
0.18	1.14762e+19
0.181	1.10096e+19
0.182	1.05603e+19
0.183	1.01277e+19
0.184	9.71143e+18
0.185	9.31093e+18
0.186	8.92572e+18
0.187	8.55532e+18
0.188	8.19927e+18
0.189	7.8571e+18
0.19	7.52836e+18
0.191	7.21261e+18
0.192	6.9094e+18
0.193	6.61831e+18
0.194	6.33893e+18
0.195	6.07085e+18
0.196	5.81366e+18
0.197	5.56699e+18
0.198	5.33045e+18
0.199	5.10367e+18
0.2	4.88631e+18
0.201	4.678e+18
0.202	4.47841e+18
0.203	4.28722e+18
0.204	4.1041e+18
0.205	3.92874e+18
0.206	3.76085e+18
0.207	3.60013e+18
0.208	3.4463e+18
0.209	3.29909e+18
0.21	3.15824e+18
0.211	3.02349e+18
0.212	2.89459e+18
0.213	2.77131e+18
0.214	2.65343e+18
0.215	2.5407e+18
0.216	2.43294e+18
0.217	2.32992e+18
0.218	2.23145e+18
0.219	2.13734e+18
0.22	2.0474e+18
0.221	1.96146e+18
0.222	1.87935e+18
0.223	1.8009e+18
0.224	1.72595e+18
0.225	1.65436e+18
0.226	1.58598e+18
0.227	1.52067e+18
0.228	1.45829e+18
0.229	1.39872e+18
0.23	1.34183e+18
0.231	1.2875e+18
0.232	1.23562e+18
0.233	1.18608e+18
0.234	1.13878e+18
0.235	1.09361e+18
0.236	1.05048e+18
0.237	1.0093e+18
0.238	9.69982e+17
0.239	9.32436e+17
0.24	8.96584e+17
0.241	8.62349e+17
0.242	8.29657e+17
0.243	7.98438e+17
0.244	7.68623e+17
0.245	7.40149e+17
0.246	7.12953e+17
0.247	6.86977e+17
0.248	6.62164e+17
0.249	6.38459e+17
0.25	6.15813e+17
0.251	5.94175e+17
0.252	5.73498e+17
0.253	5.53738e+17
0.254	5.34852e+17
0.255	5.16799e+17
0.256	4.9954e+17
0.257	4.83038e+17
0.258	4.67258e+17
0.259	4.52165e+17
0.26	4.37727e+17
0.261	4.23914e+17
0.262	4.10697e+17
0.263	3.98046e+17
0.264	3.85937e+17
0.265	3.74342e+17
0.266	3.63238e+17
0.267	3.52603e+17
0.268	3.42413e+17
0.269	3.32648e+17
0.27	3.23289e+17
0.271	3.14315e+17
0.272	3.05709e+17
0.273	2.97454e+17
0.274	2.89533e+17
0.275	2.81931e+17
0.276	2.74632e+17
0.277	2.67623e+17
0.278	2.6089e+17
0.279	2.5442e+17
0.28	2.48201e+17
0.281	2.42221e+17
0.282	2.36469e+17
0.283	2.30935e+17
0.284	2.25609e+17
0.285	2.20481e+17
0.286	2.15542e+17
0.287	2.10783e+17
0.288	2.06196e+17
0.289	2.01773e+17
0.29	1.97507e+17
0.291	1.93391e+17
0.292	1.89417e+17
0.293	1.8558e+17
0.294	1.81874e+17
0.295	1.78292e+17
0.296	1.74829e+17
0.297	1.71479e+17
0.298	1.68239e+17
0.299	1.65102e+17
0.3	1.62065e+17
0.301	1.59123e+17
0.302	1.56272e+17
0.303	1.53508e+17
0.304	1.50827e+17
0.305	1.48226e+17
0.306	1.45701e+17
0.307	1.4325e+17
0.308	1.40869e+17
0.309	1.38555e+17
0.31	1.36305e+17
0.311	1.34117e+17
0.312	1.31989e+17
0.313	1.29917e+17
0.314	1.279e+17
0.315	1.25936e+17
0.316	1.24021e+17
0.317	1.22156e+17
0.318	1.20336e+17
0.319	1.18562e+17
0.32	1.1683e+17
0.321	1.1514e+17
0.322	1.1349e+17
0.323	1.11878e+17
0.324	1.10303e+17
0.325	1.08763e+17
0.326	1.07258e+17
0.327	1.05786e+17
0.328	1.04346e+17
0.329	1.02936e+17
0.33	1.01557e+17
0.331	1.00206e+17
0.332	9.88828e+16
0.333	9.75865e+16
0.334	9.63162e+16
0.335	9.50709e+16
0.336	9.38499e+16
0.337	9.26524e+16
0.338	9.14777e+16
0.339	9.0325e+16
0.34	8.91937e+16
0.341	8.80831e+16
0.342	8.69927e+16
0.343	8.59217e+16
0.344	8.48697e+16
0.345	8.38361e+16
0.346	8.28203e+16
0.347	8.18219e+16
0.348	8.08404e+16
0.349	7.98753e+16
0.35	7.89263e+16
0.351	7.79927e+16
0.352	7.70743e+16
0.353	7.61707e+16
0.354	7.52815e+16
0.355	7.44062e+16
0.356	7.35447e+16
0.357	7.26964e+16
0.358	7.18612e+16
0.359	7.10387e+16
0.36	7.02285e+16
0.361	6.94305e+16
0.362	6.86443e+16
0.363	6.78697e+16
0.364	6.71063e+16
0.365	6.63541e+16
0.366	6.56126e+16
0.367	6.48817e+16
0.368	6.41612e+16
0.369	6.34508e+16
0.37	6.27504e+16
0.371	6.20597e+16
0.372	6.13785e+16
0.373	6.07066e+16
0.374	6.00439e+16
0.375	5.93902e+16
0.376	5.87453e+16
0.377	5.8109e+16
0.378	5.74812e+16
0.379	5.68617e+16
0.38	5.62504e+16
0.381	5.56471e+16
0.382	5.50517e+16
0.383	5.44639e+16
0.384	5.38838e+16
0.385	5.33112e+16
0.386	5.27459e+16
0.387	5.21877e+16
0.388	5.16367e+16
0.389	5.10926e+16
0.39	5.05554e+16
0.391	5.00249e+16
0.392	4.95011e+16
0.393	4.89837e+16
0.394	4.84728e+16
0.395	4.79682e+16
0.396	4.74698e+16
0.397	4.69775e+16
0.398	4.64913e+16
0.399	4.60109e+16
0.4	4.55364e+16
0.401	4.50676e+16
0.402	4.46045e+16
0.403	4.4147e+16
0.404	4.3695e+16
0.405	4.32483e+16
0.406	4.2807e+16
0.407	4.2371e+16
0.408	4.19401e+16
0.409	4.15143e+16
0.41	4.10936e+16
0.411	4.06778e+16
0.412	4.02669e+16
0.413	3.98608e+16
0.414	3.94595e+16
0.415	3.90628e+16
0.416	3.86708e+16
0.417	3.82833e+16
0.418	3.79003e+16
0.419	3.75217e+16
0.42	3.71475e+16
0.421	3.67776e+16
0.422	3.6412e+16
0.423	3.60505e+16
0.424	3.56932e+16
0.425	3.534e+16
0.426	3.49908e+16
0.427	3.46455e+16
0.428	3.43042e+16
0.429	3.39668e+16
0.43	3.36331e+16
0.431	3.33033e+16
0.432	3.29771e+16
0.433	3.26547e+16
0.434	3.23358e+16
0.435	3.20205e+16
0.436	3.17088e+16
0.437	3.14005e+16
0.438	3.10957e+16
0.439	3.07943e+16
0.44	3.04962e+16
0.441	3.02014e+16
0.442	2.99099e+16
0.443	2.96217e+16
0.444	2.93366e+16
0.445	2.90546e+16
0.446	2.87758e+16
0.447	2.85e+16
0.448	2.82273e+16
0.449	2.79575e+16
0.45	2.76907e+16
0.451	2.74269e+16
0.452	2.71659e+16
0.453	2.69077e+16
0.454	2.66524e+16
0.455	2.63998e+16
0.456	2.615e+16
0.457	2.59029e+16
0.458	2.56584e+16
0.459	2.54166e+16
0.46	2.51774e+16
0.461	2.49408e+16
0.462	2.47068e+16
0.463	2.44752e+16
0.464	2.42462e+16
0.465	2.40195e+16
0.466	2.37954e+16
0.467	2.35736e+16
0.468	2.33542e+16
0.469	2.31371e+16
0.47	2.29223e+16
0.471	2.27098e+16
0.472	2.24996e+16
0.473	2.22916e+16
0.474	2.20858e+16
0.475	2.18822e+16
0.476	2.16807e+16
0.477	2.14814e+16
0.478	2.12841e+16
0.479	2.1089e+16
0.48	2.08959e+16
0.481	2.07048e+16
0.482	2.05157e+16
0.483	2.03286e+16
0.484	2.01434e+16
0.485	1.99602e+16
0.486	1.97789e+16
0.487	1.95995e+16
0.488	1.94219e+16
0.489	1.92462e+16
0.49	1.90723e+16
0.491	1.89002e+16
0.492	1.87299e+16
0.493	1.85614e+16
0.494	1.83946e+16
0.495	1.82295e+16
0.496	1.80661e+16
0.497	1.79044e+16
0.498	1.77444e+16
0.499	1.7586e+16
0.5	1.74292e+16
0.501	1.7274e+16
0.502	1.71204e+16
0.503	1.69684e+16
0.504	1.68179e+16
0.505	1.6669e+16
0.506	1.65216e+16
0.507	1.63756e+16
0.508	1.62312e+16
0.509	1.60882e+16
0.51	1.59467e+16
0.511	1.58066e+16
0.512	1.56679e+16
0.513	1.55306e+16
0.514	1.53947e+16
0.515	1.52601e+16
0.516	1.51269e+16
0.517	1.49951e+16
0.518	1.48645e+16
0.519	1.47353e+16
0.52	1.46073e+16
0.521	1.44807e+16
0.522	1.43553e+16
0.523	1.42311e+16
0.524	1.41082e+16
0.525	1.39865e+16
0.526	1.3866e+16
0.527	1.37467e+16
0.528	1.36286e+16
0.529	1.35117e+16
0.53	1.33959e+16
0.531	1.32812e+16
0.532	1.31677e+16
0.533	1.30553e+16
0.534	1.2944e+16
0.535	1.28338e+16
0.536	1.27246e+16
0.537	1.26166e+16
0.538	1.25096e+16
0.539	1.24036e+16
0.54	1.22987e+16
0.541	1.21948e+16
0.542	1.20919e+16
0.543	1.199e+16
0.544	1.18891e+16
0.545	1.17892e+16
0.546	1.16902e+16
0.547	1.15922e+16
0.548	1.14952e+16
0.549	1.1399e+16
0.55	1.13038e+16
0.551	1.12096e+16
0.552	1.11162e+16
0.553	1.10237e+16
0.554	1.09321e+16
0.555	1.08414e+16
0.556	1.07516e+16
0.557	1.06626e+16
0.558	1.05745e+16
0.559	1.04872e+16
0.56	1.04007e+16
0.561	1.03151e+16
0.562	1.02302e+16
0.563	1.01462e+16
0.564	1.0063e+16
0.565	9.98054e+15
0.566	9.89888e+15
0.567	9.81799e+15
0.568	9.73786e+15
0.569	9.65849e+15
0.57	9.57986e+15
0.571	9.50197e+15
0.572	9.42482e+15
0.573	9.34839e+15
0.574	9.27267e+15
0.575	9.19766e+15
0.576	9.12335e+15
0.577	9.04973e+15
0.578	8.9768e+15
0.579	8.90455e+15
0.58	8.83297e+15
0.581	8.76206e+15
0.582	8.6918e+15
0.583	8.62219e+15
0.584	8.55323e+15
0.585	8.4849e+15
0.586	8.41721e+15
0.587	8.35014e+15
0.588	8.28368e+15
0.589	8.21784e+15
0.59	8.1526e+15
0.591	8.08796e+15
0.592	8.02392e+15
0.593	7.96046e+15
0.594	7.89757e+15
0.595	7.83527e+15
0.596	7.77353e+15
0.597	7.71235e+15
0.598	7.65174e+15
0.599	7.59167e+15
0.6	7.53214e+15
0.601	7.47316e+15
0.602	7.41471e+15
0.603	7.35679e+15
0.604	7.29939e+15
0.605	7.24252e+15
0.606	7.18615e+15
0.607	7.13029e+15
0.608	7.07493e+15
0.609	7.02007e+15
0.61	6.96571e+15
0.611	6.91183e+15
0.612	6.85843e+15
0.613	6.80551e+15
0.614	6.75306e+15
0.615	6.70108e+15
0.616	6.64956e+15
0.617	6.5985e+15
0.618	6.5479e+15
0.619	6.49774e+15
0.62	6.44803e+15
0.621	6.39876e+15
0.622	6.34993e+15
0.623	6.30153e+15
0.624	6.25355e+15
0.625	6.206e+15
0.626	6.15886e+15
0.627	6.11214e+15
0.628	6.06583e+15
0.629	6.01993e+15
0.63	5.97443e+15
0.631	5.92933e+15
0.632	5.88462e+15
0.633	5.8403e+15
0.634	5.79637e+15
0.635	5.75283e+15
0.636	5.70966e+15
0.637	5.66686e+15
0.638	5.62444e+15
0.639	5.58239e+15
0.64	5.5407e+15
0.641	5.49937e+15
0.642	5.4584e+15
0.643	5.41778e+15
0.644	5.37752e+15
0.645	5.3376e+15
0.646	5.29802e+15
0.647	5.25878e+15
0.648	5.21988e+15
0.649	5.18132e+15
0.65	5.14308e+15
0.651	5.10517e+15
0.652	5.06759e+15
0.653	5.03033e+15
0.654	4.99338e+15
0.655	4.95675e+15
0.656	4.92043e+15
0.657	4.88442e+15
0.658	4.84871e+15
0.659	4.81331e+15
0.66	4.77821e+15
0.661	4.7434e+15
0.662	4.70889e+15
0.663	4.67467e+15
0.664	4.64074e+15
0.665	4.60709e+15
0.666	4.57373e+15
0.667	4.54065e+15
0.668	4.50784e+15
0.669	4.47531e+15
0.67	4.44306e+15
0.671	4.41107e+15
0.672	4.37935e+15
0.673	4.34789e+15
0.674	4.3167e+15
0.675	4.28577e+15
0.676	4.25509e+15
0.677	4.22467e+15
0.678	4.1945e+15
0.679	4.16458e+15
0.68	4.13491e+15
0.681	4.10548e+15
0.682	4.0763e+15
0.683	4.04736e+15
0.684	4.01866e+15
0.685	3.99019e+15
0.686	3.96196e+15
0.687	3.93396e+15
0.688	3.90618e+15
0.689	3.87864e+15
0.69	3.85132e+15
0.691	3.82423e+15
0.692	3.79736e+15
0.693	3.7707e+15
0.694	3.74427e+15
0.695	3.71805e+15
0.696	3.69204e+15
0.697	3.66624e+15
0.698	3.64066e+15
0.699	3.61528e+15
0.7	3.5901e+15
0.701	3.56513e+15
0.702	3.54036e+15
0.703	3.5158e+15
0.704	3.49143e+15
0.705	3.46725e+15
0.706	3.44327e+15
0.707	3.41948e+15
0.708	3.39589e+15
0.709	3.37248e+15
0.71	3.34926e+15
0.711	3.32623e+15
0.712	3.30338e+15
0.713	3.28071e+15
0.714	3.25823e+15
0.715	3.23592e+15
0.716	3.21379e+15
0.717	3.19184e+15
0.718	3.17006e+15
0.719	3.14845e+15
0.72	3.12702e+15
0.721	3.10575e+15
0.722	3.08466e+15
0.723	3.06372e+15
0.724	3.04296e+15
0.725	3.02236e+15
0.726	3.00192e+15
0.727	2.98164e+15
0.728	2.96152e+15
0.729	2.94156e+15
0.73	2.92175e+15
0.731	2.9021e+15
0.732	2.88261e+15
0.733	2.86326e+15
0.734	2.84407e+15
0.735	2.82502e+15
0.736	2.80613e+15
0.737	2.78738e+15
0.738	2.76878e+15
0.739	2.75032e+15
0.74	2.73201e+15
0.741	2.71383e+15
0.742	2.6958e+15
0.743	2.67791e+15
0.744	2.66015e+15
0.745	2.64254e+15
0.746	2.62505e+15
0.747	2.60771e+15
0.748	2.59049e+15
0.749	2.57341e+15
0.75	2.55646e+15
0.751	2.53964e+15
0.752	2.52295e+15
0.753	2.50638e+15
0.754	2.48995e+15
0.755	2.47363e+15
0.756	2.45744e+15
0.757	2.44138e+15
0.758	2.42544e+15
0.759	2.40962e+15
0.76	2.39392e+15
0.761	2.37833e+15
0.762	2.36287e+15
0.763	2.34752e+15
0.764	2.33229e+15
0.765	2.31718e+15
0.766	2.30217e+15
0.767	2.28729e+15
0.768	2.27251e+15
0.769	2.25784e+15
0.77	2.24329e+15
0.771	2.22884e+15
0.772	2.21451e+15
0.773	2.20027e+15
0.774	2.18615e+15
0.775	2.17213e+15
0.776	2.15822e+15
0.777	2.14441e+15
0.778	2.1307e+15
0.779	2.1171e+15
0.78	2.10359e+15
0.781	2.09019e+15
0.782	2.07689e+15
0.783	2.06368e+15
0.784	2.05057e+15
0.785	2.03756e+15
0.786	2.02465e+15
0.787	2.01183e+15
0.788	1.99911e+15
0.789	1.98648e+15
0.79	1.97394e+15
0.791	1.96149e+15
0.792	1.94914e+15
0.793	1.93688e+15
0.794	1.9247e+15
0.795	1.91262e+15
0.796	1.90062e+15
0.797	1.88871e+15
0.798	1.87689e+15
0.799	1.86516e+15
0.8	1.85351e+15
0.801	1.84194e+15
0.802	1.83046e+15
0.803	1.81906e+15
0.804	1.80775e+15
0.805	1.79652e+15
0.806	1.78536e+15
0.807	1.77429e+15
0.808	1.7633e+15
0.809	1.75239e+15
0.81	1.74156e+15
0.811	1.7308e+15
0.812	1.72013e+15
0.813	1.70953e+15
0.814	1.699e+15
0.815	1.68855e+15
0.816	1.67818e+15
0.817	1.66788e+15
0.818	1.65765e+15
0.819	1.6475e+15
0.82	1.63742e+15
0.821	1.62741e+15
0.822	1.61748e+15
0.823	1.60761e+15
0.824	1.59781e+15
0.825	1.58809e+15
0.826	1.57843e+15
0.827	1.56884e+15
0.828	1.55932e+15
0.829	1.54986e+15
0.83	1.54048e+15
0.831	1.53116e+15
0.832	1.5219e+15
0.833	1.51271e+15
0.834	1.50359e+15
0.835	1.49453e+15
0.836	1.48553e+15
0.837	1.47659e+15
0.838	1.46772e+15
0.839	1.45891e+15
0.84	1.45017e+15
0.841	1.44148e+15
0.842	1.43285e+15
0.843	1.42429e+15
0.844	1.41578e+15
0.845	1.40734e+15
0.846	1.39895e+15
0.847	1.39062e+15
0.848	1.38235e+15
0.849	1.37413e+15
0.85	1.36598e+15
0.851	1.35788e+15
0.852	1.34983e+15
0.853	1.34184e+15
0.854	1.33391e+15
0.855	1.32603e+15
0.856	1.3182e+15
0.857	1.31043e+15
0.858	1.30271e+15
0.859	1.29505e+15
0.86	1.28744e+15
0.861	1.27988e+15
0.862	1.27237e+15
0.863	1.26491e+15
0.864	1.25751e+15
0.865	1.25015e+15
0.866	1.24285e+15
0.867	1.23559e+15
0.868	1.22839e+15
0.869	1.22123e+15
0.87	1.21412e+15
0.871	1.20706e+15
0.872	1.20005e+15
0.873	1.19309e+15
0.874	1.18617e+15
0.875	1.1793e+15
0.876	1.17247e+15
0.877	1.1657e+15
0.878	1.15896e+15
0.879	1.15228e+15
0.88	1.14564e+15
0.881	1.13904e+15
0.882	1.13249e+15
0.883	1.12598e+15
0.884	1.11951e+15
0.885	1.11309e+15
0.886	1.10671e+15
0.887	1.10038e+15
0.888	1.09408e+15
0.889	1.08783e+15
0.89	1.08162e+15
0.891	1.07545e+15
0.892	1.06932e+15
0.893	1.06324e+15
0.894	1.05719e+15
0.895	1.05119e+15
0.896	1.04522e+15
0.897	1.03929e+15
0.898	1.0334e+15
0.899	1.02756e+15
0.9	1.02175e+15
0.901	1.01597e+15
0.902	1.01024e+15
0.903	1.00454e+15
0.904	9.98886e+14
0.905	9.93265e+14
0.906	9.87681e+14
0.907	9.82133e+14
0.908	9.76622e+14
0.909	9.71147e+14
0.91	9.65708e+14
0.911	9.60304e+14
0.912	9.54936e+14
0.913	9.49602e+14
0.914	9.44304e+14
0.915	9.3904e+14
0.916	9.3381e+14
0.917	9.28614e+14
0.918	9.23453e+14
0.919	9.18324e+14
0.92	9.13229e+14
0.921	9.08167e+14
0.922	9.03137e+14
0.923	8.9814e+14
0.924	8.93176e+14
0.925	8.88243e+14
0.926	8.83343e+14
0.927	8.78473e+14
0.928	8.73636e+14
0.929	8.68829e+14
0.93	8.64053e+14
0.931	8.59308e+14
0.932	8.54593e+14
0.933	8.49909e+14
0.934	8.45254e+14
0.935	8.40629e+14
0.936	8.36034e+14
0.937	8.31468e+14
0.938	8.26932e+14
0.939	8.22424e+14
0.94	8.17945e+14
0.941	8.13494e+14
0.942	8.09072e+14
0.943	8.04678e+14
0.944	8.00311e+14
0.945	7.95973e+14
0.946	7.91662e+14
0.947	7.87378e+14
0.948	7.83121e+14
0.949	7.78891e+14
0.95	7.74688e+14
0.951	7.70511e+14
0.952	7.66361e+14
0.953	7.62236e+14
0.954	7.58138e+14
0.955	7.54065e+14
0.956	7.50018e+14
0.957	7.45996e+14
0.958	7.42e+14
0.959	7.38028e+14
0.96	7.34082e+14
0.961	7.3016e+14
0.962	7.26262e+14
0.963	7.22389e+14
0.964	7.1854e+14
0.965	7.14715e+14
0.966	7.10914e+14
0.967	7.07136e+14
0.968	7.03382e+14
0.969	6.99651e+14
0.97	6.95943e+14
0.971	6.92258e+14
0.972	6.88596e+14
0.973	6.84957e+14
0.974	6.8134e+14
0.975	6.77745e+14
0.976	6.74173e+14
0.977	6.70622e+14
0.978	6.67094e+14
0.979	6.63587e+14
0.98	6.60102e+14
0.981	6.56638e+14
0.982	6.53195e+14
0.983	6.49773e+14
0.984	6.46373e+14
0.985	6.42993e+14
0.986	6.39634e+14
0.987	6.36295e+14
0.988	6.32977e+14
0.989	6.29678e+14
0.99	6.264e+14
0.991	6.23142e+14
0.992	6.19904e+14
0.993	6.16686e+14
0.994	6.13487e+14
0.995	6.10307e+14
0.996	6.07147e+14
0.997	6.04005e+14
0.998	6.00883e+14
0.999	5.9778e+14
1	5.94695e+14
