0	0
0	1.01952e+17
0.001	1.25115e+17
0.002	1.52763e+17
0.003	1.85617e+17
0.004	2.24494e+17
0.005	2.70318e+17
0.006	3.24128e+17
0.007	3.87093e+17
0.008	4.60525e+17
0.009	5.45885e+17
0.01	6.44798e+17
0.011	7.59066e+17
0.012	8.90671e+17
0.013	1.04179e+18
0.014	1.21481e+18
0.015	1.41231e+18
0.016	1.63708e+18
0.017	1.89214e+18
0.018	2.1807e+18
0.019	2.50617e+18
0.02	2.87218e+18
0.021	3.28252e+18
0.022	3.74117e+18
0.023	4.25224e+18
0.024	4.81997e+18
0.025	5.4487e+18
0.026	6.14284e+18
0.027	6.90681e+18
0.028	7.74505e+18
0.029	8.66191e+18
0.03	9.66168e+18
0.031	1.07485e+19
0.032	1.19262e+19
0.033	1.31986e+19
0.034	1.45689e+19
0.035	1.60404e+19
0.036	1.76154e+19
0.037	1.92963e+19
0.038	2.10846e+19
0.039	2.29815e+19
0.04	2.49875e+19
0.041	2.71025e+19
0.042	2.93257e+19
0.043	3.16557e+19
0.044	3.40903e+19
0.045	3.66267e+19
0.046	3.92612e+19
0.047	4.19895e+19
0.048	4.48065e+19
0.049	4.77066e+19
0.05	5.06832e+19
0.051	5.37293e+19
0.052	5.68372e+19
0.053	5.99986e+19
0.054	6.32047e+19
0.055	6.64462e+19
0.056	6.97135e+19
0.057	7.29965e+19
0.058	7.62848e+19
0.059	7.95681e+19
0.06	8.28354e+19
0.061	8.60762e+19
0.062	8.92797e+19
0.063	9.24351e+19
0.064	9.55319e+19
0.065	9.85599e+19
0.066	1.01509e+20
0.067	1.04369e+20
0.068	1.07131e+20
0.069	1.09787e+20
0.07	1.12327e+20
0.071	1.14744e+20
0.072	1.17031e+20
0.073	1.19181e+20
0.074	1.21188e+20
0.075	1.23047e+20
0.076	1.24753e+20
0.077	1.26303e+20
0.078	1.27692e+20
0.079	1.2892e+20
0.08	1.29983e+20
0.081	1.30882e+20
0.082	1.31614e+20
0.083	1.32182e+20
0.084	1.32585e+20
0.085	1.32825e+20
0.086	1.32904e+20
0.087	1.32826e+20
0.088	1.32592e+20
0.089	1.32208e+20
0.09	1.31676e+20
0.091	1.31001e+20
0.092	1.30189e+20
0.093	1.29245e+20
0.094	1.28174e+20
0.095	1.26981e+20
0.096	1.25674e+20
0.097	1.24257e+20
0.098	1.22738e+20
0.099	1.21123e+20
0.1	1.19418e+20
0.101	1.17629e+20
0.102	1.15764e+20
0.103	1.13829e+20
0.104	1.1183e+20
0.105	1.09774e+20
0.106	1.07666e+20
0.107	1.05513e+20
0.108	1.03322e+20
0.109	1.01097e+20
0.11	9.88449e+19
0.111	9.65706e+19
0.112	9.42796e+19
0.113	9.1977e+19
0.114	8.96675e+19
0.115	8.73558e+19
0.116	8.50462e+19
0.117	8.2743e+19
0.118	8.045e+19
0.119	7.81709e+19
0.12	7.59092e+19
0.121	7.36681e+19
0.122	7.14505e+19
0.123	6.92593e+19
0.124	6.70969e+19
0.125	6.49656e+19
0.126	6.28676e+19
0.127	6.08048e+19
0.128	5.87788e+19
0.129	5.67911e+19
0.13	5.4843e+19
0.131	5.29357e+19
0.132	5.10702e+19
0.133	4.92472e+19
0.134	4.74675e+19
0.135	4.57315e+19
0.136	4.40395e+19
0.137	4.23919e+19
0.138	4.07888e+19
0.139	3.92302e+19
0.14	3.7716e+19
0.141	3.62459e+19
0.142	3.48198e+19
0.143	3.34373e+19
0.144	3.20979e+19
0.145	3.08012e+19
0.146	2.95465e+19
0.147	2.83333e+19
0.148	2.71609e+19
0.149	2.60285e+19
0.15	2.49355e+19
0.151	2.3881e+19
0.152	2.28642e+19
0.153	2.18844e+19
0.154	2.09405e+19
0.155	2.00318e+19
0.156	1.91573e+19
0.157	1.83162e+19
0.158	1.75076e+19
0.159	1.67305e+19
0.16	1.5984e+19
0.161	1.52673e+19
0.162	1.45794e+19
0.163	1.39194e+19
0.164	1.32864e+19
0.165	1.26796e+19
0.166	1.20981e+19
0.167	1.1541e+19
0.168	1.10075e+19
0.169	1.04968e+19
0.17	1.0008e+19
0.171	9.54035e+18
0.172	9.0931e+18
0.173	8.66547e+18
0.174	8.25673e+18
0.175	7.86614e+18
0.176	7.493e+18
0.177	7.13664e+18
0.178	6.79638e+18
0.179	6.47159e+18
0.18	6.16163e+18
0.181	5.8659e+18
0.182	5.58381e+18
0.183	5.31479e+18
0.184	5.05829e+18
0.185	4.81379e+18
0.186	4.58077e+18
0.187	4.35873e+18
0.188	4.1472e+18
0.189	3.94572e+18
0.19	3.75385e+18
0.191	3.57116e+18
0.192	3.39724e+18
0.193	3.23169e+18
0.194	3.07414e+18
0.195	2.92423e+18
0.196	2.78161e+18
0.197	2.64593e+18
0.198	2.51688e+18
0.199	2.39416e+18
0.2	2.27746e+18
0.201	2.16651e+18
0.202	2.06103e+18
0.203	1.96077e+18
0.204	1.86547e+18
0.205	1.7749e+18
0.206	1.68883e+18
0.207	1.60705e+18
0.208	1.52935e+18
0.209	1.45553e+18
0.21	1.38541e+18
0.211	1.3188e+18
0.212	1.25553e+18
0.213	1.19543e+18
0.214	1.13836e+18
0.215	1.08416e+18
0.216	1.03268e+18
0.217	9.83806e+17
0.218	9.37392e+17
0.219	8.9332e+17
0.22	8.51472e+17
0.221	8.11738e+17
0.222	7.7401e+17
0.223	7.38189e+17
0.224	7.04177e+17
0.225	6.71884e+17
0.226	6.41222e+17
0.227	6.12109e+17
0.228	5.84465e+17
0.229	5.58217e+17
0.23	5.33293e+17
0.231	5.09625e+17
0.232	4.8715e+17
0.233	4.65805e+17
0.234	4.45535e+17
0.235	4.26282e+17
0.236	4.07996e+17
0.237	3.90626e+17
0.238	3.74125e+17
0.239	3.58448e+17
0.24	3.43554e+17
0.241	3.29402e+17
0.242	3.15953e+17
0.243	3.03171e+17
0.244	2.91022e+17
0.245	2.79473e+17
0.246	2.68493e+17
0.247	2.58052e+17
0.248	2.48124e+17
0.249	2.38681e+17
0.25	2.29698e+17
0.251	2.21151e+17
0.252	2.13018e+17
0.253	2.05278e+17
0.254	1.9791e+17
0.255	1.90895e+17
0.256	1.84215e+17
0.257	1.77852e+17
0.258	1.71791e+17
0.259	1.66015e+17
0.26	1.6051e+17
0.261	1.55262e+17
0.262	1.50258e+17
0.263	1.45485e+17
0.264	1.40931e+17
0.265	1.36585e+17
0.266	1.32437e+17
0.267	1.28476e+17
0.268	1.24693e+17
0.269	1.21079e+17
0.27	1.17625e+17
0.271	1.14323e+17
0.272	1.11165e+17
0.273	1.08145e+17
0.274	1.05254e+17
0.275	1.02487e+17
0.276	9.98369e+16
0.277	9.72984e+16
0.278	9.48657e+16
0.279	9.25336e+16
0.28	9.0297e+16
0.281	8.81512e+16
0.282	8.60916e+16
0.283	8.4114e+16
0.284	8.22145e+16
0.285	8.0389e+16
0.286	7.86341e+16
0.287	7.69462e+16
0.288	7.53222e+16
0.289	7.37588e+16
0.29	7.22533e+16
0.291	7.08027e+16
0.292	6.94046e+16
0.293	6.80563e+16
0.294	6.67556e+16
0.295	6.55001e+16
0.296	6.42878e+16
0.297	6.31166e+16
0.298	6.19846e+16
0.299	6.08901e+16
0.3	5.98312e+16
0.301	5.88063e+16
0.302	5.7814e+16
0.303	5.68527e+16
0.304	5.5921e+16
0.305	5.50177e+16
0.306	5.41414e+16
0.307	5.32909e+16
0.308	5.24652e+16
0.309	5.16632e+16
0.31	5.08838e+16
0.311	5.0126e+16
0.312	4.9389e+16
0.313	4.86719e+16
0.314	4.79738e+16
0.315	4.7294e+16
0.316	4.66316e+16
0.317	4.59861e+16
0.318	4.53567e+16
0.319	4.47427e+16
0.32	4.41436e+16
0.321	4.35588e+16
0.322	4.29877e+16
0.323	4.24298e+16
0.324	4.18845e+16
0.325	4.13515e+16
0.326	4.08302e+16
0.327	4.03203e+16
0.328	3.98212e+16
0.329	3.93327e+16
0.33	3.88543e+16
0.331	3.83857e+16
0.332	3.79265e+16
0.333	3.74765e+16
0.334	3.70352e+16
0.335	3.66025e+16
0.336	3.6178e+16
0.337	3.57614e+16
0.338	3.53526e+16
0.339	3.49512e+16
0.34	3.4557e+16
0.341	3.41699e+16
0.342	3.37895e+16
0.343	3.34157e+16
0.344	3.30482e+16
0.345	3.2687e+16
0.346	3.23318e+16
0.347	3.19824e+16
0.348	3.16387e+16
0.349	3.13006e+16
0.35	3.09677e+16
0.351	3.06402e+16
0.352	3.03177e+16
0.353	3.00001e+16
0.354	2.96874e+16
0.355	2.93793e+16
0.356	2.90759e+16
0.357	2.87769e+16
0.358	2.84823e+16
0.359	2.81919e+16
0.36	2.79056e+16
0.361	2.76235e+16
0.362	2.73453e+16
0.363	2.70709e+16
0.364	2.68003e+16
0.365	2.65335e+16
0.366	2.62702e+16
0.367	2.60105e+16
0.368	2.57543e+16
0.369	2.55014e+16
0.37	2.52519e+16
0.371	2.50056e+16
0.372	2.47625e+16
0.373	2.45225e+16
0.374	2.42856e+16
0.375	2.40517e+16
0.376	2.38207e+16
0.377	2.35927e+16
0.378	2.33674e+16
0.379	2.3145e+16
0.38	2.29252e+16
0.381	2.27082e+16
0.382	2.24938e+16
0.383	2.2282e+16
0.384	2.20727e+16
0.385	2.18659e+16
0.386	2.16616e+16
0.387	2.14597e+16
0.388	2.12602e+16
0.389	2.1063e+16
0.39	2.08681e+16
0.391	2.06755e+16
0.392	2.0485e+16
0.393	2.02968e+16
0.394	2.01108e+16
0.395	1.99268e+16
0.396	1.9745e+16
0.397	1.95651e+16
0.398	1.93874e+16
0.399	1.92116e+16
0.4	1.90378e+16
0.401	1.88659e+16
0.402	1.86959e+16
0.403	1.85278e+16
0.404	1.83615e+16
0.405	1.81971e+16
0.406	1.80345e+16
0.407	1.78736e+16
0.408	1.77145e+16
0.409	1.75571e+16
0.41	1.74015e+16
0.411	1.72475e+16
0.412	1.70951e+16
0.413	1.69444e+16
0.414	1.67953e+16
0.415	1.66478e+16
0.416	1.65018e+16
0.417	1.63574e+16
0.418	1.62145e+16
0.419	1.60731e+16
0.42	1.59332e+16
0.421	1.57948e+16
0.422	1.56578e+16
0.423	1.55223e+16
0.424	1.53881e+16
0.425	1.52554e+16
0.426	1.5124e+16
0.427	1.4994e+16
0.428	1.48653e+16
0.429	1.47379e+16
0.43	1.46119e+16
0.431	1.44871e+16
0.432	1.43636e+16
0.433	1.42414e+16
0.434	1.41204e+16
0.435	1.40006e+16
0.436	1.38821e+16
0.437	1.37647e+16
0.438	1.36486e+16
0.439	1.35336e+16
0.44	1.34197e+16
0.441	1.3307e+16
0.442	1.31955e+16
0.443	1.3085e+16
0.444	1.29757e+16
0.445	1.28674e+16
0.446	1.27602e+16
0.447	1.26541e+16
0.448	1.2549e+16
0.449	1.24449e+16
0.45	1.23419e+16
0.451	1.22399e+16
0.452	1.21389e+16
0.453	1.20389e+16
0.454	1.19399e+16
0.455	1.18418e+16
0.456	1.17447e+16
0.457	1.16485e+16
0.458	1.15533e+16
0.459	1.1459e+16
0.46	1.13656e+16
0.461	1.12731e+16
0.462	1.11815e+16
0.463	1.10908e+16
0.464	1.1001e+16
0.465	1.0912e+16
0.466	1.08239e+16
0.467	1.07366e+16
0.468	1.06502e+16
0.469	1.05645e+16
0.47	1.04797e+16
0.471	1.03957e+16
0.472	1.03126e+16
0.473	1.02301e+16
0.474	1.01485e+16
0.475	1.00677e+16
0.476	9.98757e+15
0.477	9.90824e+15
0.478	9.82965e+15
0.479	9.7518e+15
0.48	9.67468e+15
0.481	9.59828e+15
0.482	9.5226e+15
0.483	9.44762e+15
0.484	9.37334e+15
0.485	9.29976e+15
0.486	9.22686e+15
0.487	9.15464e+15
0.488	9.08308e+15
0.489	9.01219e+15
0.49	8.94196e+15
0.491	8.87237e+15
0.492	8.80342e+15
0.493	8.73511e+15
0.494	8.66743e+15
0.495	8.60037e+15
0.496	8.53392e+15
0.497	8.46808e+15
0.498	8.40284e+15
0.499	8.3382e+15
0.5	8.27415e+15
0.501	8.21068e+15
0.502	8.14778e+15
0.503	8.08546e+15
0.504	8.0237e+15
0.505	7.9625e+15
0.506	7.90185e+15
0.507	7.84175e+15
0.508	7.7822e+15
0.509	7.72317e+15
0.51	7.66468e+15
0.511	7.60671e+15
0.512	7.54926e+15
0.513	7.49233e+15
0.514	7.4359e+15
0.515	7.37998e+15
0.516	7.32456e+15
0.517	7.26963e+15
0.518	7.21518e+15
0.519	7.16122e+15
0.52	7.10774e+15
0.521	7.05473e+15
0.522	7.00219e+15
0.523	6.95011e+15
0.524	6.89849e+15
0.525	6.84733e+15
0.526	6.79662e+15
0.527	6.74635e+15
0.528	6.69652e+15
0.529	6.64712e+15
0.53	6.59816e+15
0.531	6.54963e+15
0.532	6.50152e+15
0.533	6.45383e+15
0.534	6.40655e+15
0.535	6.35968e+15
0.536	6.31322e+15
0.537	6.26716e+15
0.538	6.2215e+15
0.539	6.17623e+15
0.54	6.13136e+15
0.541	6.08687e+15
0.542	6.04276e+15
0.543	5.99903e+15
0.544	5.95568e+15
0.545	5.9127e+15
0.546	5.87008e+15
0.547	5.82783e+15
0.548	5.78594e+15
0.549	5.74441e+15
0.55	5.70323e+15
0.551	5.6624e+15
0.552	5.62192e+15
0.553	5.58178e+15
0.554	5.54198e+15
0.555	5.50252e+15
0.556	5.46339e+15
0.557	5.42458e+15
0.558	5.38611e+15
0.559	5.34796e+15
0.56	5.31013e+15
0.561	5.27262e+15
0.562	5.23542e+15
0.563	5.19853e+15
0.564	5.16195e+15
0.565	5.12568e+15
0.566	5.08971e+15
0.567	5.05403e+15
0.568	5.01866e+15
0.569	4.98358e+15
0.57	4.94879e+15
0.571	4.91428e+15
0.572	4.88006e+15
0.573	4.84613e+15
0.574	4.81247e+15
0.575	4.7791e+15
0.576	4.74599e+15
0.577	4.71316e+15
0.578	4.6806e+15
0.579	4.6483e+15
0.58	4.61627e+15
0.581	4.5845e+15
0.582	4.55299e+15
0.583	4.52174e+15
0.584	4.49074e+15
0.585	4.45999e+15
0.586	4.4295e+15
0.587	4.39925e+15
0.588	4.36925e+15
0.589	4.33948e+15
0.59	4.30996e+15
0.591	4.28068e+15
0.592	4.25163e+15
0.593	4.22282e+15
0.594	4.19424e+15
0.595	4.16589e+15
0.596	4.13777e+15
0.597	4.10987e+15
0.598	4.08219e+15
0.599	4.05474e+15
0.6	4.0275e+15
0.601	4.00049e+15
0.602	3.97368e+15
0.603	3.94709e+15
0.604	3.92071e+15
0.605	3.89455e+15
0.606	3.86858e+15
0.607	3.84283e+15
0.608	3.81727e+15
0.609	3.79192e+15
0.61	3.76677e+15
0.611	3.74182e+15
0.612	3.71706e+15
0.613	3.6925e+15
0.614	3.66813e+15
0.615	3.64395e+15
0.616	3.61996e+15
0.617	3.59616e+15
0.618	3.57254e+15
0.619	3.54911e+15
0.62	3.52586e+15
0.621	3.50279e+15
0.622	3.4799e+15
0.623	3.45719e+15
0.624	3.43465e+15
0.625	3.41229e+15
0.626	3.3901e+15
0.627	3.36808e+15
0.628	3.34624e+15
0.629	3.32456e+15
0.63	3.30304e+15
0.631	3.2817e+15
0.632	3.26051e+15
0.633	3.23949e+15
0.634	3.21863e+15
0.635	3.19793e+15
0.636	3.17739e+15
0.637	3.157e+15
0.638	3.13677e+15
0.639	3.1167e+15
0.64	3.09677e+15
0.641	3.077e+15
0.642	3.05738e+15
0.643	3.0379e+15
0.644	3.01858e+15
0.645	2.9994e+15
0.646	2.98036e+15
0.647	2.96147e+15
0.648	2.94272e+15
0.649	2.92411e+15
0.65	2.90564e+15
0.651	2.88731e+15
0.652	2.86912e+15
0.653	2.85106e+15
0.654	2.83314e+15
0.655	2.81535e+15
0.656	2.7977e+15
0.657	2.78017e+15
0.658	2.76278e+15
0.659	2.74552e+15
0.66	2.72838e+15
0.661	2.71137e+15
0.662	2.69449e+15
0.663	2.67773e+15
0.664	2.6611e+15
0.665	2.64459e+15
0.666	2.6282e+15
0.667	2.61193e+15
0.668	2.59578e+15
0.669	2.57975e+15
0.67	2.56384e+15
0.671	2.54804e+15
0.672	2.53236e+15
0.673	2.51679e+15
0.674	2.50134e+15
0.675	2.486e+15
0.676	2.47077e+15
0.677	2.45566e+15
0.678	2.44065e+15
0.679	2.42575e+15
0.68	2.41096e+15
0.681	2.39628e+15
0.682	2.38171e+15
0.683	2.36723e+15
0.684	2.35287e+15
0.685	2.33861e+15
0.686	2.32445e+15
0.687	2.31039e+15
0.688	2.29643e+15
0.689	2.28257e+15
0.69	2.26882e+15
0.691	2.25516e+15
0.692	2.2416e+15
0.693	2.22813e+15
0.694	2.21477e+15
0.695	2.20149e+15
0.696	2.18832e+15
0.697	2.17523e+15
0.698	2.16224e+15
0.699	2.14934e+15
0.7	2.13654e+15
0.701	2.12382e+15
0.702	2.11119e+15
0.703	2.09865e+15
0.704	2.08621e+15
0.705	2.07384e+15
0.706	2.06157e+15
0.707	2.04938e+15
0.708	2.03728e+15
0.709	2.02526e+15
0.71	2.01333e+15
0.711	2.00148e+15
0.712	1.98972e+15
0.713	1.97803e+15
0.714	1.96643e+15
0.715	1.95491e+15
0.716	1.94347e+15
0.717	1.93211e+15
0.718	1.92083e+15
0.719	1.90962e+15
0.72	1.8985e+15
0.721	1.88745e+15
0.722	1.87647e+15
0.723	1.86558e+15
0.724	1.85476e+15
0.725	1.84401e+15
0.726	1.83334e+15
0.727	1.82274e+15
0.728	1.81221e+15
0.729	1.80176e+15
0.73	1.79137e+15
0.731	1.78106e+15
0.732	1.77082e+15
0.733	1.76065e+15
0.734	1.75055e+15
0.735	1.74052e+15
0.736	1.73055e+15
0.737	1.72066e+15
0.738	1.71083e+15
0.739	1.70107e+15
0.74	1.69137e+15
0.741	1.68174e+15
0.742	1.67218e+15
0.743	1.66268e+15
0.744	1.65324e+15
0.745	1.64387e+15
0.746	1.63456e+15
0.747	1.62532e+15
0.748	1.61613e+15
0.749	1.60701e+15
0.75	1.59795e+15
0.751	1.58895e+15
0.752	1.58001e+15
0.753	1.57113e+15
0.754	1.56231e+15
0.755	1.55355e+15
0.756	1.54485e+15
0.757	1.5362e+15
0.758	1.52761e+15
0.759	1.51908e+15
0.76	1.51061e+15
0.761	1.50219e+15
0.762	1.49383e+15
0.763	1.48552e+15
0.764	1.47727e+15
0.765	1.46908e+15
0.766	1.46093e+15
0.767	1.45284e+15
0.768	1.44481e+15
0.769	1.43683e+15
0.77	1.4289e+15
0.771	1.42102e+15
0.772	1.41319e+15
0.773	1.40542e+15
0.774	1.39769e+15
0.775	1.39002e+15
0.776	1.38239e+15
0.777	1.37482e+15
0.778	1.3673e+15
0.779	1.35982e+15
0.78	1.35239e+15
0.781	1.34502e+15
0.782	1.33769e+15
0.783	1.3304e+15
0.784	1.32317e+15
0.785	1.31598e+15
0.786	1.30884e+15
0.787	1.30174e+15
0.788	1.29469e+15
0.789	1.28768e+15
0.79	1.28072e+15
0.791	1.27381e+15
0.792	1.26694e+15
0.793	1.26011e+15
0.794	1.25333e+15
0.795	1.24659e+15
0.796	1.23989e+15
0.797	1.23324e+15
0.798	1.22663e+15
0.799	1.22006e+15
0.8	1.21353e+15
0.801	1.20705e+15
0.802	1.2006e+15
0.803	1.1942e+15
0.804	1.18784e+15
0.805	1.18152e+15
0.806	1.17523e+15
0.807	1.16899e+15
0.808	1.16279e+15
0.809	1.15663e+15
0.81	1.1505e+15
0.811	1.14441e+15
0.812	1.13837e+15
0.813	1.13236e+15
0.814	1.12639e+15
0.815	1.12045e+15
0.816	1.11455e+15
0.817	1.10869e+15
0.818	1.10287e+15
0.819	1.09708e+15
0.82	1.09133e+15
0.821	1.08562e+15
0.822	1.07994e+15
0.823	1.07429e+15
0.824	1.06868e+15
0.825	1.06311e+15
0.826	1.05757e+15
0.827	1.05207e+15
0.828	1.0466e+15
0.829	1.04116e+15
0.83	1.03575e+15
0.831	1.03038e+15
0.832	1.02505e+15
0.833	1.01974e+15
0.834	1.01447e+15
0.835	1.00923e+15
0.836	1.00403e+15
0.837	9.98852e+14
0.838	9.9371e+14
0.839	9.88598e+14
0.84	9.83518e+14
0.841	9.78469e+14
0.842	9.73451e+14
0.843	9.68464e+14
0.844	9.63507e+14
0.845	9.5858e+14
0.846	9.53683e+14
0.847	9.48816e+14
0.848	9.43979e+14
0.849	9.39171e+14
0.85	9.34392e+14
0.851	9.29642e+14
0.852	9.24921e+14
0.853	9.20228e+14
0.854	9.15564e+14
0.855	9.10928e+14
0.856	9.0632e+14
0.857	9.0174e+14
0.858	8.97187e+14
0.859	8.92662e+14
0.86	8.88163e+14
0.861	8.83692e+14
0.862	8.79248e+14
0.863	8.7483e+14
0.864	8.70439e+14
0.865	8.66074e+14
0.866	8.61735e+14
0.867	8.57421e+14
0.868	8.53134e+14
0.869	8.48872e+14
0.87	8.44636e+14
0.871	8.40424e+14
0.872	8.36238e+14
0.873	8.32077e+14
0.874	8.2794e+14
0.875	8.23828e+14
0.876	8.1974e+14
0.877	8.15676e+14
0.878	8.11636e+14
0.879	8.0762e+14
0.88	8.03628e+14
0.881	7.99659e+14
0.882	7.95714e+14
0.883	7.91791e+14
0.884	7.87892e+14
0.885	7.84016e+14
0.886	7.80162e+14
0.887	7.76331e+14
0.888	7.72523e+14
0.889	7.68736e+14
0.89	7.64972e+14
0.891	7.6123e+14
0.892	7.57509e+14
0.893	7.5381e+14
0.894	7.50133e+14
0.895	7.46477e+14
0.896	7.42842e+14
0.897	7.39229e+14
0.898	7.35636e+14
0.899	7.32064e+14
0.9	7.28513e+14
0.901	7.24982e+14
0.902	7.21472e+14
0.903	7.17982e+14
0.904	7.14512e+14
0.905	7.11062e+14
0.906	7.07632e+14
0.907	7.04221e+14
0.908	7.00831e+14
0.909	6.97459e+14
0.91	6.94107e+14
0.911	6.90774e+14
0.912	6.87461e+14
0.913	6.84166e+14
0.914	6.8089e+14
0.915	6.77633e+14
0.916	6.74394e+14
0.917	6.71173e+14
0.918	6.67971e+14
0.919	6.64788e+14
0.92	6.61622e+14
0.921	6.58474e+14
0.922	6.55344e+14
0.923	6.52232e+14
0.924	6.49138e+14
0.925	6.46061e+14
0.926	6.43001e+14
0.927	6.39959e+14
0.928	6.36933e+14
0.929	6.33925e+14
0.93	6.30934e+14
0.931	6.27959e+14
0.932	6.25002e+14
0.933	6.2206e+14
0.934	6.19136e+14
0.935	6.16228e+14
0.936	6.13336e+14
0.937	6.1046e+14
0.938	6.076e+14
0.939	6.04756e+14
0.94	6.01928e+14
0.941	5.99116e+14
0.942	5.9632e+14
0.943	5.93539e+14
0.944	5.90773e+14
0.945	5.88023e+14
0.946	5.85288e+14
0.947	5.82569e+14
0.948	5.79864e+14
0.949	5.77174e+14
0.95	5.74499e+14
0.951	5.71839e+14
0.952	5.69194e+14
0.953	5.66563e+14
0.954	5.63947e+14
0.955	5.61345e+14
0.956	5.58757e+14
0.957	5.56184e+14
0.958	5.53625e+14
0.959	5.5108e+14
0.96	5.48548e+14
0.961	5.46031e+14
0.962	5.43527e+14
0.963	5.41037e+14
0.964	5.38561e+14
0.965	5.36098e+14
0.966	5.33649e+14
0.967	5.31213e+14
0.968	5.2879e+14
0.969	5.2638e+14
0.97	5.23984e+14
0.971	5.216e+14
0.972	5.1923e+14
0.973	5.16872e+14
0.974	5.14527e+14
0.975	5.12194e+14
0.976	5.09875e+14
0.977	5.07567e+14
0.978	5.05273e+14
0.979	5.0299e+14
0.98	5.0072e+14
0.981	4.98462e+14
0.982	4.96217e+14
0.983	4.93983e+14
0.984	4.91761e+14
0.985	4.89551e+14
0.986	4.87353e+14
0.987	4.85167e+14
0.988	4.82993e+14
0.989	4.8083e+14
0.99	4.78678e+14
0.991	4.76538e+14
0.992	4.7441e+14
0.993	4.72293e+14
0.994	4.70187e+14
0.995	4.68092e+14
0.996	4.66009e+14
0.997	4.63936e+14
0.998	4.61875e+14
0.999	4.59824e+14
1	4.57784e+14
