-0.399999	0
-0.399999	4.52767e+17
-0.3995	4.61398e+17
-0.399	4.70203e+17
-0.398	4.88302e+17
-0.397	5.07075e+17
-0.396	5.26546e+17
-0.395	5.46739e+17
-0.394	5.67678e+17
-0.393	5.89392e+17
-0.392	6.11906e+17
-0.391	6.35248e+17
-0.39	6.59447e+17
-0.389	6.84534e+17
-0.388	7.10537e+17
-0.387	7.3749e+17
-0.386	7.65424e+17
-0.385	7.94372e+17
-0.384	8.24371e+17
-0.383	8.55454e+17
-0.382	8.8766e+17
-0.381	9.21025e+17
-0.38	9.55588e+17
-0.379	9.9139e+17
-0.378	1.02847e+18
-0.377	1.06688e+18
-0.376	1.10665e+18
-0.375	1.14783e+18
-0.374	1.19047e+18
-0.373	1.23461e+18
-0.372	1.28031e+18
-0.371	1.32761e+18
-0.37	1.37656e+18
-0.369	1.42723e+18
-0.368	1.47966e+18
-0.367	1.53391e+18
-0.366	1.59004e+18
-0.365	1.6481e+18
-0.364	1.70816e+18
-0.363	1.77028e+18
-0.362	1.83453e+18
-0.361	1.90096e+18
-0.36	1.96965e+18
-0.359	2.04066e+18
-0.358	2.11407e+18
-0.357	2.18995e+18
-0.356	2.26837e+18
-0.355	2.34941e+18
-0.354	2.43315e+18
-0.353	2.51966e+18
-0.352	2.60903e+18
-0.351	2.70134e+18
-0.35	2.79667e+18
-0.349	2.89512e+18
-0.348	2.99677e+18
-0.347	3.10171e+18
-0.346	3.21004e+18
-0.345	3.32184e+18
-0.344	3.43723e+18
-0.343	3.55628e+18
-0.342	3.67912e+18
-0.341	3.80583e+18
-0.34	3.93652e+18
-0.339	4.0713e+18
-0.338	4.21027e+18
-0.337	4.35356e+18
-0.336	4.50126e+18
-0.335	4.65349e+18
-0.334	4.81037e+18
-0.333	4.97202e+18
-0.332	5.13855e+18
-0.331	5.31008e+18
-0.33	5.48674e+18
-0.329	5.66865e+18
-0.328	5.85594e+18
-0.327	6.04874e+18
-0.326	6.24716e+18
-0.325	6.45135e+18
-0.324	6.66144e+18
-0.323	6.87755e+18
-0.322	7.09982e+18
-0.321	7.32839e+18
-0.32	7.5634e+18
-0.319	7.80497e+18
-0.318	8.05325e+18
-0.317	8.30838e+18
-0.316	8.57049e+18
-0.315	8.83972e+18
-0.314	9.11622e+18
-0.313	9.40013e+18
-0.312	9.69158e+18
-0.311	9.99071e+18
-0.31	1.02977e+19
-0.309	1.06126e+19
-0.308	1.09356e+19
-0.307	1.12668e+19
-0.306	1.16065e+19
-0.305	1.19546e+19
-0.304	1.23114e+19
-0.303	1.26769e+19
-0.302	1.30514e+19
-0.301	1.34349e+19
-0.3	1.38275e+19
-0.299	1.42295e+19
-0.298	1.46408e+19
-0.297	1.50616e+19
-0.296	1.54921e+19
-0.295	1.59323e+19
-0.294	1.63823e+19
-0.293	1.68423e+19
-0.292	1.73123e+19
-0.291	1.77925e+19
-0.29	1.82828e+19
-0.289	1.87835e+19
-0.288	1.92945e+19
-0.287	1.98159e+19
-0.286	2.03478e+19
-0.285	2.08903e+19
-0.284	2.14433e+19
-0.283	2.2007e+19
-0.282	2.25813e+19
-0.281	2.31662e+19
-0.28	2.37618e+19
-0.279	2.43681e+19
-0.278	2.49851e+19
-0.277	2.56127e+19
-0.276	2.62509e+19
-0.275	2.68996e+19
-0.274	2.75589e+19
-0.273	2.82286e+19
-0.272	2.89086e+19
-0.271	2.95989e+19
-0.27	3.02994e+19
-0.269	3.10099e+19
-0.268	3.17302e+19
-0.267	3.24604e+19
-0.266	3.32e+19
-0.265	3.39491e+19
-0.264	3.47074e+19
-0.263	3.54747e+19
-0.262	3.62507e+19
-0.261	3.70352e+19
-0.26	3.78279e+19
-0.259	3.86286e+19
-0.258	3.9437e+19
-0.257	4.02527e+19
-0.256	4.10754e+19
-0.255	4.19047e+19
-0.254	4.27403e+19
-0.253	4.35818e+19
-0.252	4.44287e+19
-0.251	4.52806e+19
-0.25	4.61371e+19
-0.249	4.69978e+19
-0.248	4.7862e+19
-0.247	4.87293e+19
-0.246	4.95992e+19
-0.245	5.04712e+19
-0.244	5.13446e+19
-0.243	5.22188e+19
-0.242	5.30933e+19
-0.241	5.39675e+19
-0.24	5.48406e+19
-0.239	5.57121e+19
-0.238	5.65813e+19
-0.237	5.74474e+19
-0.236	5.83098e+19
-0.235	5.91677e+19
-0.234	6.00204e+19
-0.233	6.08671e+19
-0.232	6.17071e+19
-0.231	6.25396e+19
-0.23	6.33637e+19
-0.229	6.41788e+19
-0.228	6.49839e+19
-0.227	6.57782e+19
-0.226	6.6561e+19
-0.225	6.73313e+19
-0.224	6.80883e+19
-0.223	6.88312e+19
-0.222	6.95591e+19
-0.221	7.02712e+19
-0.22	7.09665e+19
-0.219	7.16443e+19
-0.218	7.23037e+19
-0.217	7.29437e+19
-0.216	7.35637e+19
-0.215	7.41627e+19
-0.214	7.47399e+19
-0.213	7.52945e+19
-0.212	7.58256e+19
-0.211	7.63325e+19
-0.21	7.68144e+19
-0.209	7.72705e+19
-0.208	7.77e+19
-0.207	7.81023e+19
-0.206	7.84766e+19
-0.205	7.88222e+19
-0.204	7.91386e+19
-0.203	7.94249e+19
-0.202	7.96807e+19
-0.201	7.99053e+19
-0.2	8.00983e+19
-0.199	8.0259e+19
-0.198	8.03871e+19
-0.197	8.04821e+19
-0.196	8.05435e+19
-0.195	8.05711e+19
-0.194	8.05645e+19
-0.193	8.05234e+19
-0.192	8.04475e+19
-0.191	8.03368e+19
-0.19	8.0191e+19
-0.189	8.00101e+19
-0.188	7.97939e+19
-0.187	7.95425e+19
-0.186	7.9256e+19
-0.185	7.89344e+19
-0.184	7.85778e+19
-0.183	7.81865e+19
-0.182	7.77607e+19
-0.181	7.73007e+19
-0.18	7.68068e+19
-0.179	7.62794e+19
-0.178	7.5719e+19
-0.177	7.51261e+19
-0.176	7.45012e+19
-0.175	7.38449e+19
-0.174	7.31578e+19
-0.173	7.24407e+19
-0.172	7.16942e+19
-0.171	7.09192e+19
-0.17	7.01164e+19
-0.169	6.92867e+19
-0.168	6.84311e+19
-0.167	6.75504e+19
-0.166	6.66457e+19
-0.165	6.57179e+19
-0.164	6.47681e+19
-0.163	6.37974e+19
-0.162	6.28069e+19
-0.161	6.17977e+19
-0.16	6.0771e+19
-0.159	5.97279e+19
-0.158	5.86697e+19
-0.157	5.75975e+19
-0.156	5.65127e+19
-0.155	5.54164e+19
-0.154	5.43099e+19
-0.153	5.31944e+19
-0.152	5.20712e+19
-0.151	5.09416e+19
-0.15	4.98068e+19
-0.149	4.86681e+19
-0.148	4.75267e+19
-0.147	4.63838e+19
-0.146	4.52407e+19
-0.145	4.40986e+19
-0.144	4.29587e+19
-0.143	4.18221e+19
-0.142	4.06899e+19
-0.141	3.95634e+19
-0.14	3.84436e+19
-0.139	3.73315e+19
-0.138	3.62282e+19
-0.137	3.51347e+19
-0.136	3.4052e+19
-0.135	3.29809e+19
-0.134	3.19224e+19
-0.133	3.08773e+19
-0.132	2.98464e+19
-0.131	2.88306e+19
-0.13	2.78304e+19
-0.129	2.68466e+19
-0.128	2.58798e+19
-0.127	2.49307e+19
-0.126	2.39997e+19
-0.125	2.30873e+19
-0.124	2.21941e+19
-0.123	2.13204e+19
-0.122	2.04665e+19
-0.121	1.96328e+19
-0.12	1.88196e+19
-0.119	1.80271e+19
-0.118	1.72554e+19
-0.117	1.65047e+19
-0.116	1.57751e+19
-0.115	1.50667e+19
-0.114	1.43794e+19
-0.113	1.37133e+19
-0.112	1.30682e+19
-0.111	1.24441e+19
-0.11	1.18409e+19
-0.109	1.12584e+19
-0.108	1.06964e+19
-0.107	1.01547e+19
-0.106	9.633e+18
-0.105	9.13103e+18
-0.104	8.64851e+18
-0.103	8.1851e+18
-0.102	7.74046e+18
-0.101	7.31422e+18
-0.1	6.90599e+18
-0.099	6.51539e+18
-0.098	6.14198e+18
-0.097	5.78534e+18
-0.096	5.44505e+18
-0.095	5.12064e+18
-0.094	4.81167e+18
-0.093	4.51767e+18
-0.092	4.23818e+18
-0.091	3.97274e+18
-0.09	3.72086e+18
-0.089	3.48209e+18
-0.088	3.25595e+18
-0.087	3.04198e+18
-0.086	2.8397e+18
-0.085	2.64867e+18
-0.084	2.46842e+18
-0.083	2.29851e+18
-0.082	2.1385e+18
-0.081	1.98795e+18
-0.08	1.84643e+18
-0.079	1.71354e+18
-0.078	1.58886e+18
-0.077	1.472e+18
-0.076	1.36256e+18
-0.075	1.26019e+18
-0.074	1.1645e+18
-0.073	1.07516e+18
-0.072	9.91816e+17
-0.071	9.14143e+17
-0.07	8.41825e+17
-0.069	7.74557e+17
-0.068	7.12046e+17
-0.067	6.54011e+17
-0.066	6.00183e+17
-0.065	5.50306e+17
-0.064	5.04134e+17
-0.063	4.61432e+17
-0.062	4.21978e+17
-0.061	3.85559e+17
-0.06	3.51975e+17
-0.059	3.21035e+17
-0.058	2.92557e+17
-0.057	2.66372e+17
-0.056	2.42317e+17
-0.055	2.20241e+17
-0.054	2e+17
-0.053	1.81459e+17
-0.052	1.64492e+17
-0.051	1.48981e+17
-0.05	1.34814e+17
-0.049	1.21887e+17
-0.048	1.10102e+17
-0.047	9.93693e+16
-0.046	8.96041e+16
-0.045	8.07276e+16
-0.044	7.26667e+16
-0.043	6.53534e+16
-0.042	5.87246e+16
-0.041	5.2722e+16
-0.04	4.72916e+16
-0.039	4.23836e+16
-0.038	3.79518e+16
-0.037	3.39538e+16
-0.036	3.03507e+16
-0.035	2.71063e+16
-0.034	2.41878e+16
-0.033	2.15649e+16
-0.032	1.92099e+16
-0.031	1.70973e+16
-0.03	1.52039e+16
-0.029	1.35087e+16
-0.028	1.19923e+16
-0.027	1.0637e+16
-0.026	9.42682e+15
-0.025	8.34728e+15
-0.024	7.38512e+15
-0.023	6.52837e+15
-0.022	5.76618e+15
-0.021	5.08871e+15
-0.02	4.4871e+15
-0.019	3.95333e+15
-0.018	3.48017e+15
-0.017	3.06112e+15
-0.016	2.69033e+15
-0.015	2.36251e+15
-0.014	2.07296e+15
-0.013	1.81742e+15
-0.012	1.5921e+15
-0.011	1.39359e+15
-0.01	1.21886e+15
-0.009	1.06519e+15
-0.008	9.30165e+14
-0.007	8.11615e+14
-0.006	7.07621e+14
-0.005	6.16473e+14
-0.004	5.36651e+14
-0.003	4.66805e+14
-0.002	4.05741e+14
-0.001	3.52397e+14
-0.0005	3.28322e+14
0	0
0	7.28758e+13
0	3.05835e+14
0.0005	7.13425e+13
0.001	6.98402e+13
0.002	6.69267e+13
0.003	6.41312e+13
0.004	6.14497e+13
0.005	5.88784e+13
0.006	5.64133e+13
0.007	5.40509e+13
0.008	5.17873e+13
0.009	4.96191e+13
0.01	4.75428e+13
0.011	4.55549e+13
0.012	4.36522e+13
0.013	4.18315e+13
0.014	4.00897e+13
0.015	3.84236e+13
0.016	3.68304e+13
0.017	3.53071e+13
0.018	3.38511e+13
0.019	3.24596e+13
0.02	3.11299e+13
0.021	2.98597e+13
0.022	2.86463e+13
0.023	2.74876e+13
0.024	2.6381e+13
0.025	2.53246e+13
0.026	2.43161e+13
0.027	2.33534e+13
0.028	2.24347e+13
0.029	2.15579e+13
0.03	2.07213e+13
0.031	1.9923e+13
0.032	1.91614e+13
0.033	1.84349e+13
0.034	1.77417e+13
0.035	1.70805e+13
0.036	1.64498e+13
0.037	1.58482e+13
0.038	1.52743e+13
0.039	1.47268e+13
0.04	1.42046e+13
0.041	1.37064e+13
0.042	1.32311e+13
0.043	1.27777e+13
0.044	1.23451e+13
0.045	1.19322e+13
0.046	1.15382e+13
0.047	1.11622e+13
0.048	1.08033e+13
0.049	1.04606e+13
0.05	1.01333e+13
0.051	9.82082e+12
0.052	9.52231e+12
0.053	9.23711e+12
0.054	8.96456e+12
0.055	8.70405e+12
0.056	8.45497e+12
0.057	8.21677e+12
0.058	7.98891e+12
0.059	7.77086e+12
0.06	7.56216e+12
0.061	7.36232e+12
0.062	7.17091e+12
0.063	6.9875e+12
0.064	6.81171e+12
0.065	6.64314e+12
0.066	6.48144e+12
0.067	6.32627e+12
0.068	6.17729e+12
0.069	6.03421e+12
0.07	5.89672e+12
0.071	5.76455e+12
0.072	5.63743e+12
0.073	5.51512e+12
0.074	5.39737e+12
0.075	5.28396e+12
0.076	5.17468e+12
0.077	5.06931e+12
0.078	4.96768e+12
0.079	4.86959e+12
0.08	4.77488e+12
0.081	4.68338e+12
0.082	4.59493e+12
0.083	4.50939e+12
0.084	4.42661e+12
0.085	4.34648e+12
0.086	4.26885e+12
0.087	4.19362e+12
0.088	4.12067e+12
0.089	4.04989e+12
0.09	3.98119e+12
0.091	3.91447e+12
0.092	3.84963e+12
0.093	3.7866e+12
0.094	3.72529e+12
0.095	3.66562e+12
0.096	3.60753e+12
0.097	3.55094e+12
0.098	3.4958e+12
0.099	3.44203e+12
0.1	3.38958e+12
0.101	3.33839e+12
0.102	3.28842e+12
0.103	3.23961e+12
0.104	3.19191e+12
0.105	3.14529e+12
0.106	3.0997e+12
0.107	3.05509e+12
0.108	3.01144e+12
0.109	2.9687e+12
0.11	2.92684e+12
0.111	2.88583e+12
0.112	2.84564e+12
0.113	2.80624e+12
0.114	2.76761e+12
0.115	2.7297e+12
0.116	2.69251e+12
0.117	2.65601e+12
0.118	2.62017e+12
0.119	2.58497e+12
0.12	2.55039e+12
0.121	2.51643e+12
0.122	2.48304e+12
0.123	2.45022e+12
0.124	2.41796e+12
0.125	2.38623e+12
0.126	2.35502e+12
0.127	2.32432e+12
0.128	2.29411e+12
0.129	2.26437e+12
0.13	2.23511e+12
0.131	2.2063e+12
0.132	2.17793e+12
0.133	2.14999e+12
0.134	2.12248e+12
0.135	2.09538e+12
0.136	2.06868e+12
0.137	2.04237e+12
0.138	2.01645e+12
0.139	1.9909e+12
0.14	1.96572e+12
0.141	1.9409e+12
0.142	1.91643e+12
0.143	1.89231e+12
0.144	1.86852e+12
0.145	1.84507e+12
0.146	1.82194e+12
0.147	1.79913e+12
0.148	1.77663e+12
0.149	1.75444e+12
0.15	1.73255e+12
0.151	1.71096e+12
0.152	1.68965e+12
0.153	1.66863e+12
0.154	1.6479e+12
0.155	1.62743e+12
0.156	1.60724e+12
0.157	1.58732e+12
0.158	1.56765e+12
0.159	1.54825e+12
0.16	1.5291e+12
0.161	1.51019e+12
0.162	1.49154e+12
0.163	1.47313e+12
0.164	1.45495e+12
0.165	1.43701e+12
0.166	1.4193e+12
0.167	1.40182e+12
0.168	1.38456e+12
0.169	1.36753e+12
0.17	1.35071e+12
0.171	1.33411e+12
0.172	1.31771e+12
0.173	1.30153e+12
0.174	1.28555e+12
0.175	1.26978e+12
0.176	1.25421e+12
0.177	1.23883e+12
0.178	1.22365e+12
0.179	1.20866e+12
0.18	1.19386e+12
0.181	1.17924e+12
0.182	1.16481e+12
0.183	1.15056e+12
0.184	1.1365e+12
0.185	1.1226e+12
0.186	1.10889e+12
0.187	1.09534e+12
0.188	1.08197e+12
0.189	1.06876e+12
0.19	1.05572e+12
0.191	1.04284e+12
0.192	1.03013e+12
0.193	1.01757e+12
0.194	1.00517e+12
0.195	9.92924e+11
0.196	9.80832e+11
0.197	9.68892e+11
0.198	9.57101e+11
0.199	9.45457e+11
0.2	9.33959e+11
0.201	9.22604e+11
0.202	9.11391e+11
0.203	9.00318e+11
0.204	8.89384e+11
0.205	8.78586e+11
0.206	8.67922e+11
0.207	8.57392e+11
0.208	8.46992e+11
0.209	8.36723e+11
0.21	8.26581e+11
0.211	8.16566e+11
0.212	8.06676e+11
0.213	7.96909e+11
0.214	7.87264e+11
0.215	7.77739e+11
0.216	7.68332e+11
0.217	7.59043e+11
0.218	7.49869e+11
0.219	7.4081e+11
0.22	7.31863e+11
0.221	7.23028e+11
0.222	7.14303e+11
0.223	7.05686e+11
0.224	6.97177e+11
0.225	6.88773e+11
0.226	6.80474e+11
0.227	6.72279e+11
0.228	6.64185e+11
0.229	6.56192e+11
0.23	6.48298e+11
0.231	6.40503e+11
0.232	6.32804e+11
0.233	6.25201e+11
0.234	6.17693e+11
0.235	6.10278e+11
0.236	6.02955e+11
0.237	5.95723e+11
0.238	5.88581e+11
0.239	5.81528e+11
0.24	5.74562e+11
0.241	5.67683e+11
0.242	5.60889e+11
0.243	5.54179e+11
0.244	5.47553e+11
0.245	5.41009e+11
0.246	5.34547e+11
0.247	5.28164e+11
0.248	5.21861e+11
0.249	5.15636e+11
0.25	5.09488e+11
0.251	5.03416e+11
0.252	4.9742e+11
0.253	4.91498e+11
0.254	4.85649e+11
0.255	4.79873e+11
0.256	4.74168e+11
0.257	4.68534e+11
0.258	4.6297e+11
0.259	4.57474e+11
0.26	4.52047e+11
0.261	4.46687e+11
0.262	4.41393e+11
0.263	4.36165e+11
0.264	4.31001e+11
0.265	4.25901e+11
0.266	4.20864e+11
0.267	4.1589e+11
0.268	4.10977e+11
0.269	4.06124e+11
0.27	4.01332e+11
0.271	3.96598e+11
0.272	3.91923e+11
0.273	3.87306e+11
0.274	3.82746e+11
0.275	3.78242e+11
0.276	3.73793e+11
0.277	3.694e+11
0.278	3.6506e+11
0.279	3.60774e+11
0.28	3.56541e+11
0.281	3.52359e+11
0.282	3.4823e+11
0.283	3.44151e+11
0.284	3.40122e+11
0.285	3.36143e+11
0.286	3.32212e+11
0.287	3.2833e+11
0.288	3.24496e+11
0.289	3.20709e+11
0.29	3.16968e+11
0.291	3.13273e+11
0.292	3.09623e+11
0.293	3.06018e+11
0.294	3.02458e+11
0.295	2.98941e+11
0.296	2.95467e+11
0.297	2.92035e+11
0.298	2.88646e+11
0.299	2.85298e+11
0.3	2.81991e+11
0.301	2.78724e+11
0.302	2.75497e+11
0.303	2.7231e+11
0.304	2.69162e+11
0.305	2.66052e+11
0.306	2.6298e+11
0.307	2.59945e+11
0.308	2.56947e+11
0.309	2.53986e+11
0.31	2.51061e+11
0.311	2.48172e+11
0.312	2.45318e+11
0.313	2.42498e+11
0.314	2.39713e+11
0.315	2.36962e+11
0.316	2.34244e+11
0.317	2.31559e+11
0.318	2.28906e+11
0.319	2.26286e+11
0.32	2.23698e+11
0.321	2.21141e+11
0.322	2.18614e+11
0.323	2.16119e+11
0.324	2.13654e+11
0.325	2.11218e+11
0.326	2.08812e+11
0.327	2.06435e+11
0.328	2.04087e+11
0.329	2.01767e+11
0.33	1.99475e+11
0.331	1.97211e+11
0.332	1.94974e+11
0.333	1.92764e+11
0.334	1.9058e+11
0.335	1.88423e+11
0.336	1.86292e+11
0.337	1.84186e+11
0.338	1.82106e+11
0.339	1.80051e+11
0.34	1.7802e+11
0.341	1.76014e+11
0.342	1.74031e+11
0.343	1.72073e+11
0.344	1.70138e+11
0.345	1.68226e+11
0.346	1.66337e+11
0.347	1.64471e+11
0.348	1.62627e+11
0.349	1.60805e+11
0.35	1.59004e+11
0.351	1.57226e+11
0.352	1.55468e+11
0.353	1.53731e+11
0.354	1.52015e+11
0.355	1.5032e+11
0.356	1.48645e+11
0.357	1.46989e+11
0.358	1.45353e+11
0.359	1.43737e+11
0.36	1.4214e+11
0.361	1.40562e+11
0.362	1.39002e+11
0.363	1.37461e+11
0.364	1.35939e+11
0.365	1.34434e+11
0.366	1.32947e+11
0.367	1.31478e+11
0.368	1.30026e+11
0.369	1.28591e+11
0.37	1.27173e+11
0.371	1.25772e+11
0.372	1.24387e+11
0.373	1.23019e+11
0.374	1.21666e+11
0.375	1.2033e+11
0.376	1.19009e+11
0.377	1.17704e+11
0.378	1.16415e+11
0.379	1.1514e+11
0.38	1.1388e+11
0.381	1.12635e+11
0.382	1.11405e+11
0.383	1.10189e+11
0.384	1.08987e+11
0.385	1.07799e+11
0.386	1.06626e+11
0.387	1.05466e+11
0.388	1.04319e+11
0.389	1.03186e+11
0.39	1.02066e+11
0.391	1.00959e+11
0.392	9.98648e+10
0.393	9.87834e+10
0.394	9.77146e+10
0.395	9.66583e+10
0.396	9.56142e+10
0.397	9.45822e+10
0.398	9.35621e+10
0.399	9.25539e+10
0.4	9.15574e+10
0.401	9.05724e+10
0.402	8.95987e+10
0.403	8.86364e+10
0.404	8.76851e+10
0.405	8.67448e+10
0.406	8.58153e+10
0.407	8.48966e+10
0.408	8.39884e+10
0.409	8.30907e+10
0.41	8.22033e+10
0.411	8.13261e+10
0.412	8.0459e+10
0.413	7.96018e+10
0.414	7.87545e+10
0.415	7.79168e+10
0.416	7.70888e+10
0.417	7.62702e+10
0.418	7.5461e+10
0.419	7.4661e+10
0.42	7.38702e+10
0.421	7.30884e+10
0.422	7.23155e+10
0.423	7.15514e+10
0.424	7.07961e+10
0.425	7.00493e+10
0.426	6.9311e+10
0.427	6.85811e+10
0.428	6.78594e+10
0.429	6.7146e+10
0.43	6.64407e+10
0.431	6.57433e+10
0.432	6.50539e+10
0.433	6.43722e+10
0.434	6.36983e+10
0.435	6.30319e+10
0.436	6.23731e+10
0.437	6.17217e+10
0.438	6.10777e+10
0.439	6.04409e+10
0.44	5.98113e+10
0.441	5.91888e+10
0.442	5.85733e+10
0.443	5.79646e+10
0.444	5.73629e+10
0.445	5.67678e+10
0.446	5.61795e+10
0.447	5.55977e+10
0.448	5.50224e+10
0.449	5.44536e+10
0.45	5.38911e+10
0.451	5.33349e+10
0.452	5.27849e+10
0.453	5.22411e+10
0.454	5.17033e+10
0.455	5.11715e+10
0.456	5.06456e+10
0.457	5.01255e+10
0.458	4.96113e+10
0.459	4.91027e+10
0.46	4.85998e+10
0.461	4.81025e+10
0.462	4.76106e+10
0.463	4.71242e+10
0.464	4.66432e+10
0.465	4.61675e+10
0.466	4.56971e+10
0.467	4.52318e+10
0.468	4.47717e+10
0.469	4.43167e+10
0.47	4.38666e+10
0.471	4.34215e+10
0.472	4.29813e+10
0.473	4.2546e+10
0.474	4.21154e+10
0.475	4.16895e+10
0.476	4.12683e+10
0.477	4.08518e+10
0.478	4.04397e+10
0.479	4.00322e+10
0.48	3.96292e+10
0.481	3.92305e+10
0.482	3.88362e+10
0.483	3.84462e+10
0.484	3.80604e+10
0.485	3.76788e+10
0.486	3.73014e+10
0.487	3.69281e+10
0.488	3.65588e+10
0.489	3.61936e+10
0.49	3.58323e+10
0.491	3.54749e+10
0.492	3.51214e+10
0.493	3.47717e+10
0.494	3.44258e+10
0.495	3.40836e+10
0.496	3.37452e+10
0.497	3.34103e+10
0.498	3.30791e+10
0.499	3.27515e+10
0.5	3.24273e+10
0.501	3.21067e+10
0.502	3.17895e+10
0.503	3.14757e+10
0.504	3.11653e+10
0.505	3.08582e+10
0.506	3.05544e+10
0.507	3.02538e+10
0.508	2.99565e+10
0.509	2.96623e+10
0.51	2.93713e+10
0.511	2.90834e+10
0.512	2.87985e+10
0.513	2.85167e+10
0.514	2.82379e+10
0.515	2.7962e+10
0.516	2.76891e+10
0.517	2.7419e+10
0.518	2.71519e+10
0.519	2.68876e+10
0.52	2.6626e+10
0.521	2.63673e+10
0.522	2.61112e+10
0.523	2.58579e+10
0.524	2.56073e+10
0.525	2.53593e+10
0.526	2.51139e+10
0.527	2.48711e+10
0.528	2.46308e+10
0.529	2.43931e+10
0.53	2.41579e+10
0.531	2.39251e+10
0.532	2.36948e+10
0.533	2.34669e+10
0.534	2.32414e+10
0.535	2.30183e+10
0.536	2.27975e+10
0.537	2.2579e+10
0.538	2.23628e+10
0.539	2.21488e+10
0.54	2.19371e+10
0.541	2.17275e+10
0.542	2.15202e+10
0.543	2.1315e+10
0.544	2.11119e+10
0.545	2.0911e+10
0.546	2.07121e+10
0.547	2.05153e+10
0.548	2.03205e+10
0.549	2.01278e+10
0.55	1.9937e+10
0.551	1.97483e+10
0.552	1.95614e+10
0.553	1.93765e+10
0.554	1.91935e+10
0.555	1.90124e+10
0.556	1.88332e+10
0.557	1.86558e+10
0.558	1.84802e+10
0.559	1.83064e+10
0.56	1.81344e+10
0.561	1.79642e+10
0.562	1.77957e+10
0.563	1.76289e+10
0.564	1.74639e+10
0.565	1.73005e+10
0.566	1.71388e+10
0.567	1.69788e+10
0.568	1.68203e+10
0.569	1.66635e+10
0.57	1.65083e+10
0.571	1.63547e+10
0.572	1.62026e+10
0.573	1.60521e+10
0.574	1.59031e+10
0.575	1.57556e+10
0.576	1.56096e+10
0.577	1.54651e+10
0.578	1.53221e+10
0.579	1.51804e+10
0.58	1.50403e+10
0.581	1.49015e+10
0.582	1.47641e+10
0.583	1.46282e+10
0.584	1.44936e+10
0.585	1.43603e+10
0.586	1.42284e+10
0.587	1.40978e+10
0.588	1.39685e+10
0.589	1.38405e+10
0.59	1.37138e+10
0.591	1.35884e+10
0.592	1.34642e+10
0.593	1.33413e+10
0.594	1.32195e+10
0.595	1.3099e+10
0.596	1.29797e+10
0.597	1.28616e+10
0.598	1.27447e+10
0.599	1.26289e+10
0.6	1.25143e+10
0.601	1.24008e+10
0.602	1.22885e+10
0.603	1.21772e+10
0.604	1.20671e+10
0.605	1.1958e+10
0.606	1.18501e+10
0.607	1.17432e+10
0.608	1.16373e+10
0.609	1.15325e+10
0.61	1.14287e+10
0.611	1.1326e+10
0.612	1.12242e+10
0.613	1.11235e+10
0.614	1.10238e+10
0.615	1.0925e+10
0.616	1.08272e+10
0.617	1.07304e+10
0.618	1.06345e+10
0.619	1.05395e+10
0.62	1.04455e+10
0.621	1.03524e+10
0.622	1.02602e+10
0.623	1.01689e+10
0.624	1.00785e+10
0.625	9.98894e+09
0.626	9.90028e+09
0.627	9.81249e+09
0.628	9.72555e+09
0.629	9.63945e+09
0.63	9.55419e+09
0.631	9.46975e+09
0.632	9.38613e+09
0.633	9.30332e+09
0.634	9.22131e+09
0.635	9.1401e+09
0.636	9.05967e+09
0.637	8.98001e+09
0.638	8.90112e+09
0.639	8.82299e+09
0.64	8.74561e+09
0.641	8.66898e+09
0.642	8.59308e+09
0.643	8.51792e+09
0.644	8.44347e+09
0.645	8.36974e+09
0.646	8.29671e+09
0.647	8.22438e+09
0.648	8.15274e+09
0.649	8.08179e+09
0.65	8.01151e+09
0.651	7.94191e+09
0.652	7.87297e+09
0.653	7.80468e+09
0.654	7.73704e+09
0.655	7.67005e+09
0.656	7.60369e+09
0.657	7.53797e+09
0.658	7.47287e+09
0.659	7.40838e+09
0.66	7.3445e+09
0.661	7.28123e+09
0.662	7.21856e+09
0.663	7.15648e+09
0.664	7.09498e+09
0.665	7.03407e+09
0.666	6.97373e+09
0.667	6.91396e+09
0.668	6.85475e+09
0.669	6.79609e+09
0.67	6.73799e+09
0.671	6.68043e+09
0.672	6.62341e+09
0.673	6.56693e+09
0.674	6.51098e+09
0.675	6.45555e+09
0.676	6.40063e+09
0.677	6.34623e+09
0.678	6.29234e+09
0.679	6.23895e+09
0.68	6.18606e+09
0.681	6.13366e+09
0.682	6.08175e+09
0.683	6.03032e+09
0.684	5.97937e+09
0.685	5.92889e+09
0.686	5.87888e+09
0.687	5.82934e+09
0.688	5.78025e+09
0.689	5.73161e+09
0.69	5.68343e+09
0.691	5.63569e+09
0.692	5.58839e+09
0.693	5.54153e+09
0.694	5.4951e+09
0.695	5.4491e+09
0.696	5.40352e+09
0.697	5.35836e+09
0.698	5.31361e+09
0.699	5.26928e+09
0.7	5.22535e+09
0.701	5.18182e+09
0.702	5.1387e+09
0.703	5.09596e+09
0.704	5.05362e+09
0.705	5.01167e+09
0.706	4.97009e+09
0.707	4.9289e+09
0.708	4.88808e+09
0.709	4.84764e+09
0.71	4.80756e+09
0.711	4.76785e+09
0.712	4.72849e+09
0.713	4.6895e+09
0.714	4.65086e+09
0.715	4.61256e+09
0.716	4.57462e+09
0.717	4.53702e+09
0.718	4.49976e+09
0.719	4.46283e+09
0.72	4.42624e+09
0.721	4.38998e+09
0.722	4.35404e+09
0.723	4.31843e+09
0.724	4.28314e+09
0.725	4.24817e+09
0.726	4.21351e+09
0.727	4.17916e+09
0.728	4.14512e+09
0.729	4.11139e+09
0.73	4.07795e+09
0.731	4.04482e+09
0.732	4.01198e+09
0.733	3.97944e+09
0.734	3.94719e+09
0.735	3.91522e+09
0.736	3.88354e+09
0.737	3.85214e+09
0.738	3.82102e+09
0.739	3.79018e+09
0.74	3.75961e+09
0.741	3.72932e+09
0.742	3.69929e+09
0.743	3.66953e+09
0.744	3.64003e+09
0.745	3.61079e+09
0.746	3.58181e+09
0.747	3.55309e+09
0.748	3.52462e+09
0.749	3.49641e+09
0.75	3.46844e+09
0.751	3.44071e+09
0.752	3.41324e+09
0.753	3.386e+09
0.754	3.359e+09
0.755	3.33224e+09
0.756	3.30572e+09
0.757	3.27942e+09
0.758	3.25336e+09
0.759	3.22753e+09
0.76	3.20192e+09
0.761	3.17653e+09
0.762	3.15137e+09
0.763	3.12643e+09
0.764	3.1017e+09
0.765	3.07719e+09
0.766	3.0529e+09
0.767	3.02881e+09
0.768	3.00493e+09
0.769	2.98127e+09
0.77	2.9578e+09
0.771	2.93454e+09
0.772	2.91148e+09
0.773	2.88863e+09
0.774	2.86597e+09
0.775	2.8435e+09
0.776	2.82123e+09
0.777	2.79915e+09
0.778	2.77726e+09
0.779	2.75556e+09
0.78	2.73405e+09
0.781	2.71273e+09
0.782	2.69158e+09
0.783	2.67062e+09
0.784	2.64984e+09
0.785	2.62923e+09
0.786	2.60881e+09
0.787	2.58855e+09
0.788	2.56847e+09
0.789	2.54857e+09
0.79	2.52883e+09
0.791	2.50926e+09
0.792	2.48986e+09
0.793	2.47062e+09
0.794	2.45155e+09
0.795	2.43264e+09
0.796	2.41389e+09
0.797	2.3953e+09
0.798	2.37687e+09
0.799	2.3586e+09
0.8	2.34048e+09
0.801	2.32251e+09
0.802	2.30469e+09
0.803	2.28703e+09
0.804	2.26952e+09
0.805	2.25215e+09
0.806	2.23493e+09
0.807	2.21785e+09
0.808	2.20092e+09
0.809	2.18414e+09
0.81	2.16749e+09
0.811	2.15098e+09
0.812	2.13461e+09
0.813	2.11838e+09
0.814	2.10229e+09
0.815	2.08633e+09
0.816	2.0705e+09
0.817	2.05481e+09
0.818	2.03925e+09
0.819	2.02381e+09
0.82	2.00851e+09
0.821	1.99333e+09
0.822	1.97829e+09
0.823	1.96336e+09
0.824	1.94856e+09
0.825	1.93389e+09
0.826	1.91933e+09
0.827	1.9049e+09
0.828	1.89058e+09
0.829	1.87639e+09
0.83	1.86231e+09
0.831	1.84835e+09
0.832	1.83451e+09
0.833	1.82078e+09
0.834	1.80716e+09
0.835	1.79365e+09
0.836	1.78026e+09
0.837	1.76698e+09
0.838	1.7538e+09
0.839	1.74074e+09
0.84	1.72778e+09
0.841	1.71493e+09
0.842	1.70219e+09
0.843	1.68954e+09
0.844	1.67701e+09
0.845	1.66457e+09
0.846	1.65224e+09
0.847	1.64001e+09
0.848	1.62788e+09
0.849	1.61584e+09
0.85	1.60391e+09
0.851	1.59207e+09
0.852	1.58033e+09
0.853	1.56869e+09
0.854	1.55714e+09
0.855	1.54568e+09
0.856	1.53432e+09
0.857	1.52305e+09
0.858	1.51187e+09
0.859	1.50078e+09
0.86	1.48978e+09
0.861	1.47887e+09
0.862	1.46805e+09
0.863	1.45731e+09
0.864	1.44667e+09
0.865	1.43611e+09
0.866	1.42563e+09
0.867	1.41524e+09
0.868	1.40493e+09
0.869	1.3947e+09
0.87	1.38456e+09
0.871	1.3745e+09
0.872	1.36452e+09
0.873	1.35462e+09
0.874	1.3448e+09
0.875	1.33505e+09
0.876	1.32539e+09
0.877	1.3158e+09
0.878	1.30629e+09
0.879	1.29686e+09
0.88	1.2875e+09
0.881	1.27821e+09
0.882	1.269e+09
0.883	1.25987e+09
0.884	1.2508e+09
0.885	1.24181e+09
0.886	1.23289e+09
0.887	1.22404e+09
0.888	1.21526e+09
0.889	1.20655e+09
0.89	1.19791e+09
0.891	1.18933e+09
0.892	1.18083e+09
0.893	1.17239e+09
0.894	1.16402e+09
0.895	1.15572e+09
0.896	1.14748e+09
0.897	1.1393e+09
0.898	1.13119e+09
0.899	1.12315e+09
0.9	1.11516e+09
0.901	1.10724e+09
0.902	1.09938e+09
0.903	1.09159e+09
0.904	1.08385e+09
0.905	1.07618e+09
0.906	1.06856e+09
0.907	1.06101e+09
0.908	1.05351e+09
0.909	1.04608e+09
0.91	1.0387e+09
0.911	1.03137e+09
0.912	1.02411e+09
0.913	1.0169e+09
0.914	1.00975e+09
0.915	1.00265e+09
0.916	9.95612e+08
0.917	9.88626e+08
0.918	9.81694e+08
0.919	9.74815e+08
0.92	9.6799e+08
0.921	9.61218e+08
0.922	9.54498e+08
0.923	9.4783e+08
0.924	9.41214e+08
0.925	9.34649e+08
0.926	9.28134e+08
0.927	9.2167e+08
0.928	9.15255e+08
0.929	9.0889e+08
0.93	9.02574e+08
0.931	8.96307e+08
0.932	8.90087e+08
0.933	8.83915e+08
0.934	8.77791e+08
0.935	8.71714e+08
0.936	8.65683e+08
0.937	8.59698e+08
0.938	8.5376e+08
0.939	8.47866e+08
0.94	8.42018e+08
0.941	8.36214e+08
0.942	8.30454e+08
0.943	8.24739e+08
0.944	8.19067e+08
0.945	8.13438e+08
0.946	8.07852e+08
0.947	8.02308e+08
0.948	7.96807e+08
0.949	7.91347e+08
0.95	7.85928e+08
0.951	7.80551e+08
0.952	7.75215e+08
0.953	7.69918e+08
0.954	7.64662e+08
0.955	7.59446e+08
0.956	7.54269e+08
0.957	7.49131e+08
0.958	7.44032e+08
0.959	7.38971e+08
0.96	7.33948e+08
0.961	7.28963e+08
0.962	7.24016e+08
0.963	7.19106e+08
0.964	7.14232e+08
0.965	7.09395e+08
0.966	7.04595e+08
0.967	6.9983e+08
0.968	6.95102e+08
0.969	6.90408e+08
0.97	6.8575e+08
0.971	6.81126e+08
0.972	6.76537e+08
0.973	6.71982e+08
0.974	6.67461e+08
0.975	6.62974e+08
0.976	6.5852e+08
0.977	6.54099e+08
0.978	6.49712e+08
0.979	6.45356e+08
0.98	6.41034e+08
0.981	6.36743e+08
0.982	6.32484e+08
0.983	6.28256e+08
0.984	6.2406e+08
0.985	6.19895e+08
0.986	6.15761e+08
0.987	6.11657e+08
0.988	6.07583e+08
0.989	6.0354e+08
0.99	5.99526e+08
0.991	5.95542e+08
0.992	5.91588e+08
0.993	5.87662e+08
0.994	5.83765e+08
0.995	5.79897e+08
0.996	5.76057e+08
0.997	5.72245e+08
0.998	5.68462e+08
0.999	5.64706e+08
1	5.60977e+08
