-0.399999	0
-0.399999	3.22898e+18
-0.399	3.27603e+18
-0.398	3.32374e+18
-0.397	3.37206e+18
-0.396	3.42101e+18
-0.395	3.4706e+18
-0.394	3.52083e+18
-0.393	3.57171e+18
-0.392	3.62325e+18
-0.391	3.67544e+18
-0.39	3.72831e+18
-0.389	3.78184e+18
-0.388	3.83606e+18
-0.387	3.89097e+18
-0.386	3.94658e+18
-0.385	4.00288e+18
-0.384	4.05989e+18
-0.383	4.11762e+18
-0.382	4.17607e+18
-0.381	4.23525e+18
-0.38	4.29516e+18
-0.379	4.35582e+18
-0.378	4.41722e+18
-0.377	4.47938e+18
-0.376	4.54231e+18
-0.375	4.606e+18
-0.374	4.67047e+18
-0.373	4.73573e+18
-0.372	4.80177e+18
-0.371	4.86861e+18
-0.37	4.93625e+18
-0.369	5.00471e+18
-0.368	5.07398e+18
-0.367	5.14408e+18
-0.366	5.21501e+18
-0.365	5.28678e+18
-0.364	5.35939e+18
-0.363	5.43285e+18
-0.362	5.50717e+18
-0.361	5.58236e+18
-0.36	5.65842e+18
-0.359	5.73536e+18
-0.358	5.81318e+18
-0.357	5.8919e+18
-0.356	5.97151e+18
-0.355	6.05203e+18
-0.354	6.13346e+18
-0.353	6.21581e+18
-0.352	6.29908e+18
-0.351	6.38328e+18
-0.35	6.46842e+18
-0.349	6.55451e+18
-0.348	6.64154e+18
-0.347	6.72954e+18
-0.346	6.81849e+18
-0.345	6.90841e+18
-0.344	6.99931e+18
-0.343	7.09119e+18
-0.342	7.18405e+18
-0.341	7.27791e+18
-0.34	7.37276e+18
-0.339	7.46862e+18
-0.338	7.56549e+18
-0.337	7.66337e+18
-0.336	7.76227e+18
-0.335	7.8622e+18
-0.334	7.96316e+18
-0.333	8.06515e+18
-0.332	8.16818e+18
-0.331	8.27227e+18
-0.33	8.3774e+18
-0.329	8.48358e+18
-0.328	8.59083e+18
-0.327	8.69914e+18
-0.326	8.80852e+18
-0.325	8.91898e+18
-0.324	9.03051e+18
-0.323	9.14312e+18
-0.322	9.25681e+18
-0.321	9.3716e+18
-0.32	9.48747e+18
-0.319	9.60445e+18
-0.318	9.72252e+18
-0.317	9.84169e+18
-0.316	9.96196e+18
-0.315	1.00833e+19
-0.314	1.02058e+19
-0.313	1.03294e+19
-0.312	1.04542e+19
-0.311	1.058e+19
-0.31	1.0707e+19
-0.309	1.0835e+19
-0.308	1.09642e+19
-0.307	1.10945e+19
-0.306	1.1226e+19
-0.305	1.13585e+19
-0.304	1.14922e+19
-0.303	1.1627e+19
-0.302	1.1763e+19
-0.301	1.19e+19
-0.3	1.20382e+19
-0.299	1.21775e+19
-0.298	1.2318e+19
-0.297	1.24595e+19
-0.296	1.26022e+19
-0.295	1.2746e+19
-0.294	1.28909e+19
-0.293	1.30369e+19
-0.292	1.3184e+19
-0.291	1.33323e+19
-0.29	1.34816e+19
-0.289	1.36321e+19
-0.288	1.37836e+19
-0.287	1.39363e+19
-0.286	1.409e+19
-0.285	1.42448e+19
-0.284	1.44008e+19
-0.283	1.45577e+19
-0.282	1.47158e+19
-0.281	1.48749e+19
-0.28	1.50351e+19
-0.279	1.51963e+19
-0.278	1.53586e+19
-0.277	1.55219e+19
-0.276	1.56862e+19
-0.275	1.58516e+19
-0.274	1.6018e+19
-0.273	1.61854e+19
-0.272	1.63537e+19
-0.271	1.65231e+19
-0.27	1.66935e+19
-0.269	1.68648e+19
-0.268	1.7037e+19
-0.267	1.72103e+19
-0.266	1.73844e+19
-0.265	1.75595e+19
-0.264	1.77355e+19
-0.263	1.79123e+19
-0.262	1.80901e+19
-0.261	1.82687e+19
-0.26	1.84482e+19
-0.259	1.86286e+19
-0.258	1.88097e+19
-0.257	1.89917e+19
-0.256	1.91745e+19
-0.255	1.9358e+19
-0.254	1.95423e+19
-0.253	1.97274e+19
-0.252	1.99132e+19
-0.251	2.00997e+19
-0.25	2.02869e+19
-0.249	2.04748e+19
-0.248	2.06633e+19
-0.247	2.08525e+19
-0.246	2.10423e+19
-0.245	2.12326e+19
-0.244	2.14236e+19
-0.243	2.16151e+19
-0.242	2.18072e+19
-0.241	2.19997e+19
-0.24	2.21927e+19
-0.239	2.23862e+19
-0.238	2.25802e+19
-0.237	2.27745e+19
-0.236	2.29692e+19
-0.235	2.31643e+19
-0.234	2.33598e+19
-0.233	2.35555e+19
-0.232	2.37516e+19
-0.231	2.39478e+19
-0.23	2.41444e+19
-0.229	2.43411e+19
-0.228	2.4538e+19
-0.227	2.4735e+19
-0.226	2.49322e+19
-0.225	2.51294e+19
-0.224	2.53267e+19
-0.223	2.5524e+19
-0.222	2.57213e+19
-0.221	2.59185e+19
-0.22	2.61157e+19
-0.219	2.63128e+19
-0.218	2.65097e+19
-0.217	2.67065e+19
-0.216	2.69031e+19
-0.215	2.70994e+19
-0.214	2.72954e+19
-0.213	2.74912e+19
-0.212	2.76865e+19
-0.211	2.78815e+19
-0.21	2.80761e+19
-0.209	2.82702e+19
-0.208	2.84639e+19
-0.207	2.86569e+19
-0.206	2.88495e+19
-0.205	2.90414e+19
-0.204	2.92326e+19
-0.203	2.94232e+19
-0.202	2.9613e+19
-0.201	2.98021e+19
-0.2	2.99904e+19
-0.199	3.01778e+19
-0.198	3.03644e+19
-0.197	3.055e+19
-0.196	3.07346e+19
-0.195	3.09182e+19
-0.194	3.11008e+19
-0.193	3.12822e+19
-0.192	3.14626e+19
-0.191	3.16417e+19
-0.19	3.18196e+19
-0.189	3.19963e+19
-0.188	3.21716e+19
-0.187	3.23456e+19
-0.186	3.25182e+19
-0.185	3.26894e+19
-0.184	3.2859e+19
-0.183	3.30272e+19
-0.182	3.31937e+19
-0.181	3.33587e+19
-0.18	3.35219e+19
-0.179	3.36835e+19
-0.178	3.38433e+19
-0.177	3.40013e+19
-0.176	3.41575e+19
-0.175	3.43118e+19
-0.174	3.44642e+19
-0.173	3.46146e+19
-0.172	3.4763e+19
-0.171	3.49093e+19
-0.17	3.50535e+19
-0.169	3.51956e+19
-0.168	3.53355e+19
-0.167	3.54731e+19
-0.166	3.56085e+19
-0.165	3.57415e+19
-0.164	3.58722e+19
-0.163	3.60005e+19
-0.162	3.61263e+19
-0.161	3.62496e+19
-0.16	3.63704e+19
-0.159	3.64886e+19
-0.158	3.66042e+19
-0.157	3.67171e+19
-0.156	3.68273e+19
-0.155	3.69348e+19
-0.154	3.70395e+19
-0.153	3.71414e+19
-0.152	3.72404e+19
-0.151	3.73365e+19
-0.15	3.74297e+19
-0.149	3.75199e+19
-0.148	3.76071e+19
-0.147	3.76913e+19
-0.146	3.77724e+19
-0.145	3.78503e+19
-0.144	3.79251e+19
-0.143	3.79967e+19
-0.142	3.80651e+19
-0.141	3.81303e+19
-0.14	3.81921e+19
-0.139	3.82507e+19
-0.138	3.83059e+19
-0.137	3.83577e+19
-0.136	3.84061e+19
-0.135	3.84511e+19
-0.134	3.84926e+19
-0.133	3.85307e+19
-0.132	3.85652e+19
-0.131	3.85962e+19
-0.13	3.86236e+19
-0.129	3.86474e+19
-0.128	3.86677e+19
-0.127	3.86843e+19
-0.126	3.86972e+19
-0.125	3.87065e+19
-0.124	3.87121e+19
-0.123	3.87141e+19
-0.122	3.87122e+19
-0.121	3.87067e+19
-0.12	3.86974e+19
-0.119	3.86844e+19
-0.118	3.86675e+19
-0.117	3.86469e+19
-0.116	3.86225e+19
-0.115	3.85943e+19
-0.114	3.85623e+19
-0.113	3.85265e+19
-0.112	3.84869e+19
-0.111	3.84434e+19
-0.11	3.83961e+19
-0.109	3.8345e+19
-0.108	3.82901e+19
-0.107	3.82313e+19
-0.106	3.81687e+19
-0.105	3.81023e+19
-0.104	3.80321e+19
-0.103	3.79581e+19
-0.102	3.78802e+19
-0.101	3.77986e+19
-0.1	3.77132e+19
-0.099	3.7624e+19
-0.098	3.75311e+19
-0.097	3.74344e+19
-0.096	3.7334e+19
-0.095	3.72298e+19
-0.094	3.7122e+19
-0.093	3.70105e+19
-0.092	3.68953e+19
-0.091	3.67765e+19
-0.09	3.6654e+19
-0.089	3.6528e+19
-0.088	3.63984e+19
-0.087	3.62653e+19
-0.086	3.61286e+19
-0.085	3.59885e+19
-0.084	3.58449e+19
-0.083	3.56979e+19
-0.082	3.55474e+19
-0.081	3.53937e+19
-0.08	3.52366e+19
-0.079	3.50762e+19
-0.078	3.49125e+19
-0.077	3.47457e+19
-0.076	3.45756e+19
-0.075	3.44024e+19
-0.074	3.42262e+19
-0.073	3.40469e+19
-0.072	3.38645e+19
-0.071	3.36792e+19
-0.07	3.3491e+19
-0.069	3.32999e+19
-0.068	3.3106e+19
-0.067	3.29094e+19
-0.066	3.271e+19
-0.065	3.25079e+19
-0.064	3.23032e+19
-0.063	3.20959e+19
-0.062	3.18861e+19
-0.061	3.16739e+19
-0.06	3.14592e+19
-0.059	3.12422e+19
-0.058	3.10229e+19
-0.057	3.08013e+19
-0.056	3.05776e+19
-0.055	3.03517e+19
-0.054	3.01238e+19
-0.053	2.98938e+19
-0.052	2.96619e+19
-0.051	2.94282e+19
-0.05	2.91926e+19
-0.049	2.89552e+19
-0.048	2.87162e+19
-0.047	2.84755e+19
-0.046	2.82332e+19
-0.045	2.79894e+19
-0.044	2.77442e+19
-0.043	2.74976e+19
-0.042	2.72497e+19
-0.041	2.70005e+19
-0.04	2.67502e+19
-0.039	2.64987e+19
-0.038	2.62461e+19
-0.037	2.59926e+19
-0.036	2.57381e+19
-0.035	2.54828e+19
-0.034	2.52267e+19
-0.033	2.49699e+19
-0.032	2.47124e+19
-0.031	2.44542e+19
-0.03	2.41956e+19
-0.029	2.39365e+19
-0.028	2.3677e+19
-0.027	2.34171e+19
-0.026	2.3157e+19
-0.025	2.28966e+19
-0.024	2.26362e+19
-0.023	2.23756e+19
-0.022	2.2115e+19
-0.021	2.18545e+19
-0.02	2.1594e+19
-0.019	2.13337e+19
-0.018	2.10737e+19
-0.017	2.08139e+19
-0.016	2.05545e+19
-0.015	2.02955e+19
-0.014	2.0037e+19
-0.013	1.9779e+19
-0.012	1.95216e+19
-0.011	1.92648e+19
-0.01	1.90087e+19
-0.009	1.87534e+19
-0.008	1.84989e+19
-0.007	1.82452e+19
-0.006	1.79925e+19
-0.005	1.77407e+19
-0.004	1.749e+19
-0.003	1.72403e+19
-0.002	1.69918e+19
-0.001	1.67444e+19
-0.0005	1.66212e+19
0	0
0	1.64982e+19
0	2.25403e+19
0.0005	2.23148e+19
0.001	2.20898e+19
0.002	2.16411e+19
0.003	2.11946e+19
0.004	2.07505e+19
0.005	2.0309e+19
0.006	1.98702e+19
0.007	1.94345e+19
0.008	1.9002e+19
0.009	1.8573e+19
0.01	1.81476e+19
0.011	1.77261e+19
0.012	1.73085e+19
0.013	1.68952e+19
0.014	1.64862e+19
0.015	1.60817e+19
0.016	1.56819e+19
0.017	1.52869e+19
0.018	1.4897e+19
0.019	1.45121e+19
0.02	1.41324e+19
0.021	1.37581e+19
0.022	1.33893e+19
0.023	1.3026e+19
0.024	1.26683e+19
0.025	1.23164e+19
0.026	1.19703e+19
0.027	1.16301e+19
0.028	1.12959e+19
0.029	1.09677e+19
0.03	1.06455e+19
0.031	1.03294e+19
0.032	1.00194e+19
0.033	9.71566e+18
0.034	9.41805e+18
0.035	9.12663e+18
0.036	8.84141e+18
0.037	8.56239e+18
0.038	8.28956e+18
0.039	8.02291e+18
0.04	7.76242e+18
0.041	7.50806e+18
0.042	7.25981e+18
0.043	7.01763e+18
0.044	6.78148e+18
0.045	6.55131e+18
0.046	6.32707e+18
0.047	6.10871e+18
0.048	5.89618e+18
0.049	5.68939e+18
0.05	5.4883e+18
0.051	5.29282e+18
0.052	5.10288e+18
0.053	4.91842e+18
0.054	4.73933e+18
0.055	4.56555e+18
0.056	4.39699e+18
0.057	4.23356e+18
0.058	4.07516e+18
0.059	3.92172e+18
0.06	3.77313e+18
0.061	3.6293e+18
0.062	3.49013e+18
0.063	3.35553e+18
0.064	3.2254e+18
0.065	3.09963e+18
0.066	2.97814e+18
0.067	2.86082e+18
0.068	2.74757e+18
0.069	2.63829e+18
0.07	2.53288e+18
0.071	2.43125e+18
0.072	2.33329e+18
0.073	2.2389e+18
0.074	2.148e+18
0.075	2.06047e+18
0.076	1.97622e+18
0.077	1.89517e+18
0.078	1.81721e+18
0.079	1.74225e+18
0.08	1.6702e+18
0.081	1.60097e+18
0.082	1.53447e+18
0.083	1.47062e+18
0.084	1.40932e+18
0.085	1.3505e+18
0.086	1.29406e+18
0.087	1.23993e+18
0.088	1.18804e+18
0.089	1.13829e+18
0.09	1.09062e+18
0.091	1.04495e+18
0.092	1.00121e+18
0.093	9.59324e+17
0.094	9.1923e+17
0.095	8.80857e+17
0.096	8.44142e+17
0.097	8.09019e+17
0.098	7.75428e+17
0.099	7.43309e+17
0.1	7.12603e+17
0.101	6.83254e+17
0.102	6.55208e+17
0.103	6.28411e+17
0.104	6.02813e+17
0.105	5.78363e+17
0.106	5.55014e+17
0.107	5.3272e+17
0.108	5.11436e+17
0.109	4.91118e+17
0.11	4.71726e+17
0.111	4.53218e+17
0.112	4.35557e+17
0.113	4.18705e+17
0.114	4.02627e+17
0.115	3.87287e+17
0.116	3.72653e+17
0.117	3.58693e+17
0.118	3.45377e+17
0.119	3.32674e+17
0.12	3.20557e+17
0.121	3.08998e+17
0.122	2.97972e+17
0.123	2.87454e+17
0.124	2.77421e+17
0.125	2.67848e+17
0.126	2.58715e+17
0.127	2.5e+17
0.128	2.41684e+17
0.129	2.33747e+17
0.13	2.26171e+17
0.131	2.1894e+17
0.132	2.12035e+17
0.133	2.05441e+17
0.134	1.99144e+17
0.135	1.93128e+17
0.136	1.8738e+17
0.137	1.81886e+17
0.138	1.76634e+17
0.139	1.71613e+17
0.14	1.6681e+17
0.141	1.62215e+17
0.142	1.57817e+17
0.143	1.53607e+17
0.144	1.49575e+17
0.145	1.45713e+17
0.146	1.42012e+17
0.147	1.38464e+17
0.148	1.35061e+17
0.149	1.31796e+17
0.15	1.28663e+17
0.151	1.25654e+17
0.152	1.22764e+17
0.153	1.19986e+17
0.154	1.17315e+17
0.155	1.14745e+17
0.156	1.12273e+17
0.157	1.09892e+17
0.158	1.07598e+17
0.159	1.05387e+17
0.16	1.03255e+17
0.161	1.01198e+17
0.162	9.92128e+16
0.163	9.72952e+16
0.164	9.54421e+16
0.165	9.36505e+16
0.166	9.19175e+16
0.167	9.02401e+16
0.168	8.86158e+16
0.169	8.70421e+16
0.17	8.55165e+16
0.171	8.40368e+16
0.172	8.2601e+16
0.173	8.12069e+16
0.174	7.98527e+16
0.175	7.85365e+16
0.176	7.72566e+16
0.177	7.60115e+16
0.178	7.47995e+16
0.179	7.36193e+16
0.18	7.24694e+16
0.181	7.13485e+16
0.182	7.02554e+16
0.183	6.91889e+16
0.184	6.8148e+16
0.185	6.71315e+16
0.186	6.61385e+16
0.187	6.51681e+16
0.188	6.42192e+16
0.189	6.32912e+16
0.19	6.23832e+16
0.191	6.14943e+16
0.192	6.0624e+16
0.193	5.97715e+16
0.194	5.89362e+16
0.195	5.81175e+16
0.196	5.73147e+16
0.197	5.65273e+16
0.198	5.57549e+16
0.199	5.49968e+16
0.2	5.42527e+16
0.201	5.3522e+16
0.202	5.28044e+16
0.203	5.20994e+16
0.204	5.14066e+16
0.205	5.07257e+16
0.206	5.00563e+16
0.207	4.93982e+16
0.208	4.87509e+16
0.209	4.81141e+16
0.21	4.74876e+16
0.211	4.68712e+16
0.212	4.62644e+16
0.213	4.56672e+16
0.214	4.50791e+16
0.215	4.45001e+16
0.216	4.39299e+16
0.217	4.33682e+16
0.218	4.2815e+16
0.219	4.22699e+16
0.22	4.17328e+16
0.221	4.12035e+16
0.222	4.06818e+16
0.223	4.01677e+16
0.224	3.96608e+16
0.225	3.91612e+16
0.226	3.86685e+16
0.227	3.81828e+16
0.228	3.77038e+16
0.229	3.72314e+16
0.23	3.67655e+16
0.231	3.6306e+16
0.232	3.58527e+16
0.233	3.54055e+16
0.234	3.49644e+16
0.235	3.45292e+16
0.236	3.40999e+16
0.237	3.36762e+16
0.238	3.32582e+16
0.239	3.28457e+16
0.24	3.24387e+16
0.241	3.20369e+16
0.242	3.16405e+16
0.243	3.12492e+16
0.244	3.08631e+16
0.245	3.04819e+16
0.246	3.01057e+16
0.247	2.97343e+16
0.248	2.93678e+16
0.249	2.90059e+16
0.25	2.86488e+16
0.251	2.82962e+16
0.252	2.79481e+16
0.253	2.76044e+16
0.254	2.72652e+16
0.255	2.69303e+16
0.256	2.65996e+16
0.257	2.62731e+16
0.258	2.59508e+16
0.259	2.56326e+16
0.26	2.53184e+16
0.261	2.50081e+16
0.262	2.47018e+16
0.263	2.43994e+16
0.264	2.41008e+16
0.265	2.38059e+16
0.266	2.35147e+16
0.267	2.32273e+16
0.268	2.29434e+16
0.269	2.26631e+16
0.27	2.23863e+16
0.271	2.2113e+16
0.272	2.18431e+16
0.273	2.15766e+16
0.274	2.13135e+16
0.275	2.10536e+16
0.276	2.0797e+16
0.277	2.05436e+16
0.278	2.02934e+16
0.279	2.00463e+16
0.28	1.98023e+16
0.281	1.95613e+16
0.282	1.93234e+16
0.283	1.90884e+16
0.284	1.88564e+16
0.285	1.86272e+16
0.286	1.8401e+16
0.287	1.81775e+16
0.288	1.79568e+16
0.289	1.77389e+16
0.29	1.75237e+16
0.291	1.73112e+16
0.292	1.71014e+16
0.293	1.68941e+16
0.294	1.66895e+16
0.295	1.64873e+16
0.296	1.62877e+16
0.297	1.60906e+16
0.298	1.5896e+16
0.299	1.57038e+16
0.3	1.55139e+16
0.301	1.53265e+16
0.302	1.51413e+16
0.303	1.49585e+16
0.304	1.47779e+16
0.305	1.45996e+16
0.306	1.44236e+16
0.307	1.42497e+16
0.308	1.40779e+16
0.309	1.39083e+16
0.31	1.37408e+16
0.311	1.35754e+16
0.312	1.34121e+16
0.313	1.32508e+16
0.314	1.30915e+16
0.315	1.29341e+16
0.316	1.27788e+16
0.317	1.26253e+16
0.318	1.24738e+16
0.319	1.23242e+16
0.32	1.21764e+16
0.321	1.20304e+16
0.322	1.18863e+16
0.323	1.17439e+16
0.324	1.16033e+16
0.325	1.14645e+16
0.326	1.13274e+16
0.327	1.1192e+16
0.328	1.10582e+16
0.329	1.09262e+16
0.33	1.07957e+16
0.331	1.06669e+16
0.332	1.05397e+16
0.333	1.04141e+16
0.334	1.029e+16
0.335	1.01674e+16
0.336	1.00464e+16
0.337	9.92689e+15
0.338	9.80885e+15
0.339	9.69227e+15
0.34	9.57713e+15
0.341	9.46342e+15
0.342	9.35111e+15
0.343	9.2402e+15
0.344	9.13065e+15
0.345	9.02247e+15
0.346	8.91562e+15
0.347	8.81009e+15
0.348	8.70587e+15
0.349	8.60293e+15
0.35	8.50127e+15
0.351	8.40086e+15
0.352	8.3017e+15
0.353	8.20375e+15
0.354	8.10702e+15
0.355	8.01148e+15
0.356	7.91712e+15
0.357	7.82392e+15
0.358	7.73188e+15
0.359	7.64096e+15
0.36	7.55117e+15
0.361	7.46248e+15
0.362	7.37489e+15
0.363	7.28837e+15
0.364	7.20292e+15
0.365	7.11852e+15
0.366	7.03516e+15
0.367	6.95282e+15
0.368	6.8715e+15
0.369	6.79118e+15
0.37	6.71184e+15
0.371	6.63347e+15
0.372	6.55607e+15
0.373	6.47962e+15
0.374	6.40411e+15
0.375	6.32952e+15
0.376	6.25584e+15
0.377	6.18307e+15
0.378	6.11119e+15
0.379	6.04019e+15
0.38	5.97006e+15
0.381	5.90079e+15
0.382	5.83237e+15
0.383	5.76478e+15
0.384	5.69802e+15
0.385	5.63207e+15
0.386	5.56693e+15
0.387	5.50258e+15
0.388	5.43902e+15
0.389	5.37624e+15
0.39	5.31422e+15
0.391	5.25295e+15
0.392	5.19243e+15
0.393	5.13265e+15
0.394	5.0736e+15
0.395	5.01526e+15
0.396	4.95764e+15
0.397	4.90071e+15
0.398	4.84448e+15
0.399	4.78893e+15
0.4	4.73405e+15
0.401	4.67984e+15
0.402	4.62629e+15
0.403	4.57338e+15
0.404	4.52112e+15
0.405	4.46949e+15
0.406	4.41848e+15
0.407	4.3681e+15
0.408	4.31832e+15
0.409	4.26914e+15
0.41	4.22056e+15
0.411	4.17256e+15
0.412	4.12514e+15
0.413	4.0783e+15
0.414	4.03202e+15
0.415	3.9863e+15
0.416	3.94112e+15
0.417	3.8965e+15
0.418	3.85241e+15
0.419	3.80885e+15
0.42	3.76581e+15
0.421	3.72329e+15
0.422	3.68128e+15
0.423	3.63977e+15
0.424	3.59877e+15
0.425	3.55825e+15
0.426	3.51822e+15
0.427	3.47867e+15
0.428	3.43959e+15
0.429	3.40098e+15
0.43	3.36283e+15
0.431	3.32514e+15
0.432	3.2879e+15
0.433	3.2511e+15
0.434	3.21474e+15
0.435	3.17882e+15
0.436	3.14332e+15
0.437	3.10824e+15
0.438	3.07359e+15
0.439	3.03934e+15
0.44	3.0055e+15
0.441	2.97207e+15
0.442	2.93903e+15
0.443	2.90638e+15
0.444	2.87412e+15
0.445	2.84225e+15
0.446	2.81075e+15
0.447	2.77962e+15
0.448	2.74886e+15
0.449	2.71847e+15
0.45	2.68843e+15
0.451	2.65875e+15
0.452	2.62942e+15
0.453	2.60044e+15
0.454	2.5718e+15
0.455	2.54349e+15
0.456	2.51552e+15
0.457	2.48788e+15
0.458	2.46056e+15
0.459	2.43357e+15
0.46	2.40689e+15
0.461	2.38052e+15
0.462	2.35447e+15
0.463	2.32871e+15
0.464	2.30327e+15
0.465	2.27811e+15
0.466	2.25326e+15
0.467	2.22869e+15
0.468	2.20441e+15
0.469	2.18042e+15
0.47	2.1567e+15
0.471	2.13326e+15
0.472	2.1101e+15
0.473	2.0872e+15
0.474	2.06457e+15
0.475	2.04221e+15
0.476	2.0201e+15
0.477	1.99825e+15
0.478	1.97666e+15
0.479	1.95531e+15
0.48	1.93421e+15
0.481	1.91336e+15
0.482	1.89275e+15
0.483	1.87238e+15
0.484	1.85224e+15
0.485	1.83234e+15
0.486	1.81266e+15
0.487	1.79322e+15
0.488	1.77399e+15
0.489	1.75499e+15
0.49	1.73621e+15
0.491	1.71764e+15
0.492	1.69929e+15
0.493	1.68115e+15
0.494	1.66321e+15
0.495	1.64549e+15
0.496	1.62796e+15
0.497	1.61064e+15
0.498	1.59351e+15
0.499	1.57658e+15
0.5	1.55985e+15
0.501	1.54331e+15
0.502	1.52695e+15
0.503	1.51078e+15
0.504	1.4948e+15
0.505	1.479e+15
0.506	1.46338e+15
0.507	1.44793e+15
0.508	1.43266e+15
0.509	1.41757e+15
0.51	1.40265e+15
0.511	1.38789e+15
0.512	1.37331e+15
0.513	1.35888e+15
0.514	1.34463e+15
0.515	1.33053e+15
0.516	1.31659e+15
0.517	1.30281e+15
0.518	1.28919e+15
0.519	1.27572e+15
0.52	1.2624e+15
0.521	1.24924e+15
0.522	1.23622e+15
0.523	1.22334e+15
0.524	1.21061e+15
0.525	1.19803e+15
0.526	1.18559e+15
0.527	1.17328e+15
0.528	1.16111e+15
0.529	1.14908e+15
0.53	1.13719e+15
0.531	1.12543e+15
0.532	1.1138e+15
0.533	1.1023e+15
0.534	1.09092e+15
0.535	1.07968e+15
0.536	1.06856e+15
0.537	1.05756e+15
0.538	1.04669e+15
0.539	1.03593e+15
0.54	1.0253e+15
0.541	1.01479e+15
0.542	1.00439e+15
0.543	9.94103e+14
0.544	9.83934e+14
0.545	9.73877e+14
0.546	9.63931e+14
0.547	9.54096e+14
0.548	9.44369e+14
0.549	9.34749e+14
0.55	9.25236e+14
0.551	9.15827e+14
0.552	9.06522e+14
0.553	8.9732e+14
0.554	8.88218e+14
0.555	8.79217e+14
0.556	8.70315e+14
0.557	8.6151e+14
0.558	8.52802e+14
0.559	8.44189e+14
0.56	8.3567e+14
0.561	8.27245e+14
0.562	8.18912e+14
0.563	8.1067e+14
0.564	8.02517e+14
0.565	7.94454e+14
0.566	7.86478e+14
0.567	7.7859e+14
0.568	7.70787e+14
0.569	7.63069e+14
0.57	7.55435e+14
0.571	7.47884e+14
0.572	7.40414e+14
0.573	7.33026e+14
0.574	7.25718e+14
0.575	7.18489e+14
0.576	7.11338e+14
0.577	7.04264e+14
0.578	6.97266e+14
0.579	6.90345e+14
0.58	6.83497e+14
0.581	6.76724e+14
0.582	6.70023e+14
0.583	6.63395e+14
0.584	6.56837e+14
0.585	6.50351e+14
0.586	6.43933e+14
0.587	6.37585e+14
0.588	6.31304e+14
0.589	6.25091e+14
0.59	6.18945e+14
0.591	6.12864e+14
0.592	6.06848e+14
0.593	6.00896e+14
0.594	5.95007e+14
0.595	5.89182e+14
0.596	5.83418e+14
0.597	5.77716e+14
0.598	5.72074e+14
0.599	5.66492e+14
0.6	5.6097e+14
0.601	5.55506e+14
0.602	5.501e+14
0.603	5.44751e+14
0.604	5.39459e+14
0.605	5.34223e+14
0.606	5.29042e+14
0.607	5.23916e+14
0.608	5.18843e+14
0.609	5.13825e+14
0.61	5.08859e+14
0.611	5.03945e+14
0.612	4.99083e+14
0.613	4.94272e+14
0.614	4.89512e+14
0.615	4.84802e+14
0.616	4.80141e+14
0.617	4.75528e+14
0.618	4.70964e+14
0.619	4.66448e+14
0.62	4.61979e+14
0.621	4.57557e+14
0.622	4.5318e+14
0.623	4.4885e+14
0.624	4.44564e+14
0.625	4.40323e+14
0.626	4.36126e+14
0.627	4.31973e+14
0.628	4.27863e+14
0.629	4.23795e+14
0.63	4.1977e+14
0.631	4.15786e+14
0.632	4.11844e+14
0.633	4.07942e+14
0.634	4.04081e+14
0.635	4.00259e+14
0.636	3.96477e+14
0.637	3.92734e+14
0.638	3.8903e+14
0.639	3.85363e+14
0.64	3.81735e+14
0.641	3.78143e+14
0.642	3.74589e+14
0.643	3.7107e+14
0.644	3.67588e+14
0.645	3.64142e+14
0.646	3.60731e+14
0.647	3.57355e+14
0.648	3.54013e+14
0.649	3.50705e+14
0.65	3.47431e+14
0.651	3.44191e+14
0.652	3.40983e+14
0.653	3.37809e+14
0.654	3.34666e+14
0.655	3.31555e+14
0.656	3.28476e+14
0.657	3.25428e+14
0.658	3.22411e+14
0.659	3.19425e+14
0.66	3.16469e+14
0.661	3.13543e+14
0.662	3.10646e+14
0.663	3.07778e+14
0.664	3.0494e+14
0.665	3.0213e+14
0.666	2.99348e+14
0.667	2.96595e+14
0.668	2.93869e+14
0.669	2.9117e+14
0.67	2.88499e+14
0.671	2.85854e+14
0.672	2.83236e+14
0.673	2.80644e+14
0.674	2.78078e+14
0.675	2.75537e+14
0.676	2.73022e+14
0.677	2.70532e+14
0.678	2.68067e+14
0.679	2.65627e+14
0.68	2.63211e+14
0.681	2.60818e+14
0.682	2.5845e+14
0.683	2.56105e+14
0.684	2.53784e+14
0.685	2.51485e+14
0.686	2.49209e+14
0.687	2.46956e+14
0.688	2.44725e+14
0.689	2.42516e+14
0.69	2.40329e+14
0.691	2.38164e+14
0.692	2.3602e+14
0.693	2.33897e+14
0.694	2.31795e+14
0.695	2.29713e+14
0.696	2.27652e+14
0.697	2.25612e+14
0.698	2.23591e+14
0.699	2.2159e+14
0.7	2.19609e+14
0.701	2.17647e+14
0.702	2.15704e+14
0.703	2.13781e+14
0.704	2.11876e+14
0.705	2.0999e+14
0.706	2.08122e+14
0.707	2.06272e+14
0.708	2.0444e+14
0.709	2.02626e+14
0.71	2.0083e+14
0.711	1.99051e+14
0.712	1.9729e+14
0.713	1.95545e+14
0.714	1.93818e+14
0.715	1.92107e+14
0.716	1.90413e+14
0.717	1.88735e+14
0.718	1.87073e+14
0.719	1.85428e+14
0.72	1.83798e+14
0.721	1.82184e+14
0.722	1.80585e+14
0.723	1.79002e+14
0.724	1.77434e+14
0.725	1.75881e+14
0.726	1.74343e+14
0.727	1.7282e+14
0.728	1.71311e+14
0.729	1.69817e+14
0.73	1.68337e+14
0.731	1.66872e+14
0.732	1.6542e+14
0.733	1.63982e+14
0.734	1.62558e+14
0.735	1.61147e+14
0.736	1.5975e+14
0.737	1.58366e+14
0.738	1.56995e+14
0.739	1.55638e+14
0.74	1.54293e+14
0.741	1.52961e+14
0.742	1.51641e+14
0.743	1.50334e+14
0.744	1.49039e+14
0.745	1.47757e+14
0.746	1.46487e+14
0.747	1.45229e+14
0.748	1.43982e+14
0.749	1.42747e+14
0.75	1.41524e+14
0.751	1.40313e+14
0.752	1.39113e+14
0.753	1.37924e+14
0.754	1.36746e+14
0.755	1.35579e+14
0.756	1.34423e+14
0.757	1.33278e+14
0.758	1.32144e+14
0.759	1.31021e+14
0.76	1.29907e+14
0.761	1.28805e+14
0.762	1.27712e+14
0.763	1.2663e+14
0.764	1.25558e+14
0.765	1.24495e+14
0.766	1.23443e+14
0.767	1.224e+14
0.768	1.21367e+14
0.769	1.20344e+14
0.77	1.1933e+14
0.771	1.18326e+14
0.772	1.1733e+14
0.773	1.16344e+14
0.774	1.15367e+14
0.775	1.144e+14
0.776	1.13441e+14
0.777	1.1249e+14
0.778	1.11549e+14
0.779	1.10616e+14
0.78	1.09692e+14
0.781	1.08776e+14
0.782	1.07869e+14
0.783	1.0697e+14
0.784	1.06079e+14
0.785	1.05197e+14
0.786	1.04322e+14
0.787	1.03456e+14
0.788	1.02597e+14
0.789	1.01747e+14
0.79	1.00904e+14
0.791	1.00068e+14
0.792	9.92405e+13
0.793	9.84203e+13
0.794	9.76076e+13
0.795	9.68023e+13
0.796	9.60042e+13
0.797	9.52134e+13
0.798	9.44298e+13
0.799	9.36532e+13
0.8	9.28837e+13
0.801	9.21211e+13
0.802	9.13655e+13
0.803	9.06166e+13
0.804	8.98745e+13
0.805	8.91391e+13
0.806	8.84103e+13
0.807	8.7688e+13
0.808	8.69723e+13
0.809	8.62629e+13
0.81	8.556e+13
0.811	8.48633e+13
0.812	8.41729e+13
0.813	8.34887e+13
0.814	8.28106e+13
0.815	8.21385e+13
0.816	8.14725e+13
0.817	8.08124e+13
0.818	8.01581e+13
0.819	7.95098e+13
0.82	7.88672e+13
0.821	7.82303e+13
0.822	7.7599e+13
0.823	7.69734e+13
0.824	7.63533e+13
0.825	7.57387e+13
0.826	7.51296e+13
0.827	7.45259e+13
0.828	7.39275e+13
0.829	7.33344e+13
0.83	7.27465e+13
0.831	7.21639e+13
0.832	7.15863e+13
0.833	7.10139e+13
0.834	7.04465e+13
0.835	6.98841e+13
0.836	6.93266e+13
0.837	6.8774e+13
0.838	6.82263e+13
0.839	6.76834e+13
0.84	6.71453e+13
0.841	6.66118e+13
0.842	6.60831e+13
0.843	6.55589e+13
0.844	6.50393e+13
0.845	6.45243e+13
0.846	6.40138e+13
0.847	6.35077e+13
0.848	6.3006e+13
0.849	6.25087e+13
0.85	6.20157e+13
0.851	6.1527e+13
0.852	6.10426e+13
0.853	6.05623e+13
0.854	6.00862e+13
0.855	5.96143e+13
0.856	5.91464e+13
0.857	5.86825e+13
0.858	5.82227e+13
0.859	5.77669e+13
0.86	5.73149e+13
0.861	5.68669e+13
0.862	5.64228e+13
0.863	5.59824e+13
0.864	5.55459e+13
0.865	5.51131e+13
0.866	5.4684e+13
0.867	5.42586e+13
0.868	5.38369e+13
0.869	5.34187e+13
0.87	5.30042e+13
0.871	5.25932e+13
0.872	5.21857e+13
0.873	5.17817e+13
0.874	5.13811e+13
0.875	5.0984e+13
0.876	5.05902e+13
0.877	5.01998e+13
0.878	4.98127e+13
0.879	4.94289e+13
0.88	4.90484e+13
0.881	4.86711e+13
0.882	4.8297e+13
0.883	4.79261e+13
0.884	4.75583e+13
0.885	4.71936e+13
0.886	4.6832e+13
0.887	4.64735e+13
0.888	4.6118e+13
0.889	4.57655e+13
0.89	4.5416e+13
0.891	4.50694e+13
0.892	4.47257e+13
0.893	4.43849e+13
0.894	4.4047e+13
0.895	4.3712e+13
0.896	4.33797e+13
0.897	4.30502e+13
0.898	4.27235e+13
0.899	4.23995e+13
0.9	4.20783e+13
0.901	4.17597e+13
0.902	4.14438e+13
0.903	4.11305e+13
0.904	4.08198e+13
0.905	4.05118e+13
0.906	4.02062e+13
0.907	3.99033e+13
0.908	3.96028e+13
0.909	3.93049e+13
0.91	3.90094e+13
0.911	3.87164e+13
0.912	3.84258e+13
0.913	3.81376e+13
0.914	3.78518e+13
0.915	3.75684e+13
0.916	3.72873e+13
0.917	3.70085e+13
0.918	3.6732e+13
0.919	3.64578e+13
0.92	3.61859e+13
0.921	3.59162e+13
0.922	3.56487e+13
0.923	3.53835e+13
0.924	3.51204e+13
0.925	3.48595e+13
0.926	3.46007e+13
0.927	3.4344e+13
0.928	3.40894e+13
0.929	3.38369e+13
0.93	3.35865e+13
0.931	3.33382e+13
0.932	3.30918e+13
0.933	3.28475e+13
0.934	3.26051e+13
0.935	3.23648e+13
0.936	3.21264e+13
0.937	3.18899e+13
0.938	3.16554e+13
0.939	3.14227e+13
0.94	3.1192e+13
0.941	3.09631e+13
0.942	3.07361e+13
0.943	3.05109e+13
0.944	3.02875e+13
0.945	3.0066e+13
0.946	2.98462e+13
0.947	2.96282e+13
0.948	2.9412e+13
0.949	2.91975e+13
0.95	2.89847e+13
0.951	2.87737e+13
0.952	2.85643e+13
0.953	2.83567e+13
0.954	2.81507e+13
0.955	2.79463e+13
0.956	2.77436e+13
0.957	2.75425e+13
0.958	2.73431e+13
0.959	2.71452e+13
0.96	2.69489e+13
0.961	2.67542e+13
0.962	2.6561e+13
0.963	2.63694e+13
0.964	2.61793e+13
0.965	2.59907e+13
0.966	2.58036e+13
0.967	2.5618e+13
0.968	2.54339e+13
0.969	2.52513e+13
0.97	2.50701e+13
0.971	2.48903e+13
0.972	2.4712e+13
0.973	2.4535e+13
0.974	2.43595e+13
0.975	2.41854e+13
0.976	2.40126e+13
0.977	2.38412e+13
0.978	2.36712e+13
0.979	2.35024e+13
0.98	2.33351e+13
0.981	2.3169e+13
0.982	2.30043e+13
0.983	2.28408e+13
0.984	2.26786e+13
0.985	2.25177e+13
0.986	2.23581e+13
0.987	2.21997e+13
0.988	2.20426e+13
0.989	2.18867e+13
0.99	2.1732e+13
0.991	2.15785e+13
0.992	2.14262e+13
0.993	2.12751e+13
0.994	2.11252e+13
0.995	2.09764e+13
0.996	2.08288e+13
0.997	2.06824e+13
0.998	2.05371e+13
0.999	2.03929e+13
1	2.02498e+13
