-0.999998	0
-0.999998	3.22898e+18
-0.999	3.27598e+18
-0.998	3.32368e+18
-0.997	3.37201e+18
-0.996	3.42096e+18
-0.995	3.47055e+18
-0.994	3.52078e+18
-0.993	3.57166e+18
-0.992	3.62319e+18
-0.991	3.67538e+18
-0.99	3.72825e+18
-0.989	3.78178e+18
-0.988	3.836e+18
-0.987	3.89091e+18
-0.986	3.94651e+18
-0.985	4.00282e+18
-0.984	4.05983e+18
-0.983	4.11756e+18
-0.982	4.176e+18
-0.981	4.23518e+18
-0.98	4.29509e+18
-0.979	4.35575e+18
-0.978	4.41715e+18
-0.977	4.47931e+18
-0.976	4.54224e+18
-0.975	4.60593e+18
-0.974	4.6704e+18
-0.973	4.73565e+18
-0.972	4.8017e+18
-0.971	4.86854e+18
-0.97	4.93618e+18
-0.969	5.00463e+18
-0.968	5.07391e+18
-0.967	5.144e+18
-0.966	5.21493e+18
-0.965	5.2867e+18
-0.964	5.35931e+18
-0.963	5.43277e+18
-0.962	5.50709e+18
-0.961	5.58228e+18
-0.96	5.65833e+18
-0.959	5.73527e+18
-0.958	5.81309e+18
-0.957	5.89181e+18
-0.956	5.97142e+18
-0.955	6.05194e+18
-0.954	6.13337e+18
-0.953	6.21571e+18
-0.952	6.29899e+18
-0.951	6.38319e+18
-0.95	6.46833e+18
-0.949	6.55441e+18
-0.948	6.64145e+18
-0.947	6.72944e+18
-0.946	6.81839e+18
-0.945	6.90831e+18
-0.944	6.99921e+18
-0.943	7.09108e+18
-0.942	7.18395e+18
-0.941	7.2778e+18
-0.94	7.37265e+18
-0.939	7.46851e+18
-0.938	7.56538e+18
-0.937	7.66326e+18
-0.936	7.76216e+18
-0.935	7.86209e+18
-0.934	7.96304e+18
-0.933	8.06504e+18
-0.932	8.16807e+18
-0.931	8.27215e+18
-0.93	8.37728e+18
-0.929	8.48347e+18
-0.928	8.59071e+18
-0.927	8.69902e+18
-0.926	8.8084e+18
-0.925	8.91885e+18
-0.924	9.03038e+18
-0.923	9.14299e+18
-0.922	9.25669e+18
-0.921	9.37147e+18
-0.92	9.48734e+18
-0.919	9.60431e+18
-0.918	9.72238e+18
-0.917	9.84155e+18
-0.916	9.96183e+18
-0.915	1.00832e+19
-0.914	1.02057e+19
-0.913	1.03293e+19
-0.912	1.0454e+19
-0.911	1.05799e+19
-0.91	1.07068e+19
-0.909	1.08349e+19
-0.908	1.09641e+19
-0.907	1.10944e+19
-0.906	1.12258e+19
-0.905	1.13584e+19
-0.904	1.14921e+19
-0.903	1.16269e+19
-0.902	1.17628e+19
-0.901	1.18999e+19
-0.9	1.20381e+19
-0.899	1.21774e+19
-0.898	1.23178e+19
-0.897	1.24593e+19
-0.896	1.2602e+19
-0.895	1.27458e+19
-0.894	1.28907e+19
-0.893	1.30367e+19
-0.892	1.31839e+19
-0.891	1.33321e+19
-0.89	1.34815e+19
-0.889	1.36319e+19
-0.888	1.37835e+19
-0.887	1.39361e+19
-0.886	1.40898e+19
-0.885	1.42447e+19
-0.884	1.44006e+19
-0.883	1.45576e+19
-0.882	1.47156e+19
-0.881	1.48747e+19
-0.88	1.50349e+19
-0.879	1.51961e+19
-0.878	1.53584e+19
-0.877	1.55217e+19
-0.876	1.56861e+19
-0.875	1.58514e+19
-0.874	1.60178e+19
-0.873	1.61852e+19
-0.872	1.63536e+19
-0.871	1.65229e+19
-0.87	1.66933e+19
-0.869	1.68646e+19
-0.868	1.70369e+19
-0.867	1.72101e+19
-0.866	1.73842e+19
-0.865	1.75593e+19
-0.864	1.77353e+19
-0.863	1.79121e+19
-0.862	1.80899e+19
-0.861	1.82685e+19
-0.86	1.8448e+19
-0.859	1.86284e+19
-0.858	1.88095e+19
-0.857	1.89915e+19
-0.856	1.91743e+19
-0.855	1.93578e+19
-0.854	1.95421e+19
-0.853	1.97272e+19
-0.852	1.9913e+19
-0.851	2.00995e+19
-0.85	2.02867e+19
-0.849	2.04746e+19
-0.848	2.06631e+19
-0.847	2.08523e+19
-0.846	2.10421e+19
-0.845	2.12324e+19
-0.844	2.14234e+19
-0.843	2.16149e+19
-0.842	2.18069e+19
-0.841	2.19995e+19
-0.84	2.21925e+19
-0.839	2.2386e+19
-0.838	2.25799e+19
-0.837	2.27743e+19
-0.836	2.2969e+19
-0.835	2.31641e+19
-0.834	2.33596e+19
-0.833	2.35553e+19
-0.832	2.37513e+19
-0.831	2.39476e+19
-0.83	2.41441e+19
-0.829	2.43409e+19
-0.828	2.45378e+19
-0.827	2.47348e+19
-0.826	2.49319e+19
-0.825	2.51292e+19
-0.824	2.53265e+19
-0.823	2.55238e+19
-0.822	2.57211e+19
-0.821	2.59183e+19
-0.82	2.61155e+19
-0.819	2.63126e+19
-0.818	2.65095e+19
-0.817	2.67063e+19
-0.816	2.69029e+19
-0.815	2.70992e+19
-0.814	2.72952e+19
-0.813	2.74909e+19
-0.812	2.76863e+19
-0.811	2.78813e+19
-0.81	2.80759e+19
-0.809	2.827e+19
-0.808	2.84636e+19
-0.807	2.86567e+19
-0.806	2.88492e+19
-0.805	2.90412e+19
-0.804	2.92324e+19
-0.803	2.9423e+19
-0.802	2.96128e+19
-0.801	2.98019e+19
-0.8	2.99902e+19
-0.799	3.01776e+19
-0.798	3.03641e+19
-0.797	3.05498e+19
-0.796	3.07344e+19
-0.795	3.0918e+19
-0.794	3.11006e+19
-0.793	3.1282e+19
-0.792	3.14624e+19
-0.791	3.16415e+19
-0.79	3.18194e+19
-0.789	3.19961e+19
-0.788	3.21714e+19
-0.787	3.23454e+19
-0.786	3.2518e+19
-0.785	3.26892e+19
-0.784	3.28588e+19
-0.783	3.3027e+19
-0.782	3.31935e+19
-0.781	3.33585e+19
-0.78	3.35218e+19
-0.779	3.36833e+19
-0.778	3.38431e+19
-0.777	3.40012e+19
-0.776	3.41574e+19
-0.775	3.43117e+19
-0.774	3.4464e+19
-0.773	3.46144e+19
-0.772	3.47628e+19
-0.771	3.49092e+19
-0.77	3.50534e+19
-0.769	3.51954e+19
-0.768	3.53353e+19
-0.767	3.5473e+19
-0.766	3.56083e+19
-0.765	3.57414e+19
-0.764	3.5872e+19
-0.763	3.60003e+19
-0.762	3.61261e+19
-0.761	3.62494e+19
-0.76	3.63702e+19
-0.759	3.64884e+19
-0.758	3.6604e+19
-0.757	3.6717e+19
-0.756	3.68272e+19
-0.755	3.69347e+19
-0.754	3.70394e+19
-0.753	3.71413e+19
-0.752	3.72403e+19
-0.751	3.73364e+19
-0.75	3.74296e+19
-0.749	3.75198e+19
-0.748	3.7607e+19
-0.747	3.76912e+19
-0.746	3.77723e+19
-0.745	3.78502e+19
-0.744	3.7925e+19
-0.743	3.79967e+19
-0.742	3.80651e+19
-0.741	3.81302e+19
-0.74	3.81921e+19
-0.739	3.82506e+19
-0.738	3.83058e+19
-0.737	3.83576e+19
-0.736	3.84061e+19
-0.735	3.84511e+19
-0.734	3.84926e+19
-0.733	3.85306e+19
-0.732	3.85652e+19
-0.731	3.85961e+19
-0.73	3.86236e+19
-0.729	3.86474e+19
-0.728	3.86677e+19
-0.727	3.86843e+19
-0.726	3.86972e+19
-0.725	3.87065e+19
-0.724	3.87121e+19
-0.723	3.87141e+19
-0.722	3.87122e+19
-0.721	3.87067e+19
-0.72	3.86974e+19
-0.719	3.86844e+19
-0.718	3.86676e+19
-0.717	3.8647e+19
-0.716	3.86226e+19
-0.715	3.85944e+19
-0.714	3.85624e+19
-0.713	3.85266e+19
-0.712	3.84869e+19
-0.711	3.84435e+19
-0.71	3.83962e+19
-0.709	3.83451e+19
-0.708	3.82901e+19
-0.707	3.82314e+19
-0.706	3.81688e+19
-0.705	3.81024e+19
-0.704	3.80322e+19
-0.703	3.79582e+19
-0.702	3.78803e+19
-0.701	3.77987e+19
-0.7	3.77133e+19
-0.699	3.76241e+19
-0.698	3.75312e+19
-0.697	3.74345e+19
-0.696	3.73341e+19
-0.695	3.72299e+19
-0.694	3.71221e+19
-0.693	3.70106e+19
-0.692	3.68954e+19
-0.691	3.67766e+19
-0.69	3.66542e+19
-0.689	3.65282e+19
-0.688	3.63986e+19
-0.687	3.62654e+19
-0.686	3.61288e+19
-0.685	3.59886e+19
-0.684	3.5845e+19
-0.683	3.5698e+19
-0.682	3.55476e+19
-0.681	3.53938e+19
-0.68	3.52367e+19
-0.679	3.50763e+19
-0.678	3.49127e+19
-0.677	3.47458e+19
-0.676	3.45758e+19
-0.675	3.44026e+19
-0.674	3.42264e+19
-0.673	3.40471e+19
-0.672	3.38647e+19
-0.671	3.36794e+19
-0.67	3.34912e+19
-0.669	3.33002e+19
-0.668	3.31063e+19
-0.667	3.29096e+19
-0.666	3.27102e+19
-0.665	3.25081e+19
-0.664	3.23034e+19
-0.663	3.20961e+19
-0.662	3.18863e+19
-0.661	3.16741e+19
-0.66	3.14594e+19
-0.659	3.12424e+19
-0.658	3.10231e+19
-0.657	3.08015e+19
-0.656	3.05778e+19
-0.655	3.03519e+19
-0.654	3.0124e+19
-0.653	2.98941e+19
-0.652	2.96622e+19
-0.651	2.94284e+19
-0.65	2.91928e+19
-0.649	2.89555e+19
-0.648	2.87164e+19
-0.647	2.84757e+19
-0.646	2.82335e+19
-0.645	2.79897e+19
-0.644	2.77445e+19
-0.643	2.74979e+19
-0.642	2.725e+19
-0.641	2.70008e+19
-0.64	2.67504e+19
-0.639	2.6499e+19
-0.638	2.62464e+19
-0.637	2.59929e+19
-0.636	2.57384e+19
-0.635	2.54831e+19
-0.634	2.5227e+19
-0.633	2.49702e+19
-0.632	2.47126e+19
-0.631	2.44545e+19
-0.63	2.41959e+19
-0.629	2.39368e+19
-0.628	2.36773e+19
-0.627	2.34174e+19
-0.626	2.31573e+19
-0.625	2.28969e+19
-0.624	2.26365e+19
-0.623	2.23759e+19
-0.622	2.21153e+19
-0.621	2.18547e+19
-0.62	2.15943e+19
-0.619	2.1334e+19
-0.618	2.1074e+19
-0.617	2.08142e+19
-0.616	2.05548e+19
-0.615	2.02958e+19
-0.614	2.00373e+19
-0.613	1.97793e+19
-0.612	1.95219e+19
-0.611	1.92651e+19
-0.61	1.9009e+19
-0.609	1.87537e+19
-0.608	1.84992e+19
-0.607	1.82455e+19
-0.606	1.79928e+19
-0.605	1.7741e+19
-0.604	1.74903e+19
-0.603	1.72406e+19
-0.602	1.69921e+19
-0.601	1.67447e+19
-0.6	1.64985e+19
-0.599	1.62536e+19
-0.598	1.601e+19
-0.597	1.57678e+19
-0.596	1.5527e+19
-0.595	1.52876e+19
-0.594	1.50497e+19
-0.593	1.48134e+19
-0.592	1.45786e+19
-0.591	1.43454e+19
-0.59	1.41139e+19
-0.589	1.3884e+19
-0.588	1.36559e+19
-0.587	1.34295e+19
-0.586	1.32049e+19
-0.585	1.29821e+19
-0.584	1.27612e+19
-0.583	1.25421e+19
-0.582	1.2325e+19
-0.581	1.21098e+19
-0.58	1.18966e+19
-0.579	1.16853e+19
-0.578	1.14761e+19
-0.577	1.12689e+19
-0.576	1.10638e+19
-0.575	1.08607e+19
-0.574	1.06598e+19
-0.573	1.04609e+19
-0.572	1.02642e+19
-0.571	1.00697e+19
-0.57	9.87735e+18
-0.569	9.68718e+18
-0.568	9.4992e+18
-0.567	9.31343e+18
-0.566	9.12989e+18
-0.565	8.94858e+18
-0.564	8.76951e+18
-0.563	8.59269e+18
-0.562	8.41812e+18
-0.561	8.24582e+18
-0.56	8.07579e+18
-0.559	7.90802e+18
-0.558	7.74253e+18
-0.557	7.57932e+18
-0.556	7.41838e+18
-0.555	7.25972e+18
-0.554	7.10334e+18
-0.553	6.94923e+18
-0.552	6.79739e+18
-0.551	6.64782e+18
-0.55	6.50052e+18
-0.549	6.35547e+18
-0.548	6.21267e+18
-0.547	6.07212e+18
-0.546	5.93381e+18
-0.545	5.79772e+18
-0.544	5.66385e+18
-0.543	5.5322e+18
-0.542	5.40274e+18
-0.541	5.27546e+18
-0.54	5.15037e+18
-0.539	5.02743e+18
-0.538	4.90664e+18
-0.537	4.78799e+18
-0.536	4.67146e+18
-0.535	4.55703e+18
-0.534	4.44468e+18
-0.533	4.33441e+18
-0.532	4.2262e+18
-0.531	4.12002e+18
-0.53	4.01587e+18
-0.529	3.91371e+18
-0.528	3.81354e+18
-0.527	3.71533e+18
-0.526	3.61906e+18
-0.525	3.52472e+18
-0.524	3.43228e+18
-0.523	3.34173e+18
-0.522	3.25303e+18
-0.521	3.16618e+18
-0.52	3.08114e+18
-0.519	2.99791e+18
-0.518	2.91644e+18
-0.517	2.83673e+18
-0.516	2.75875e+18
-0.515	2.68248e+18
-0.514	2.60789e+18
-0.513	2.53496e+18
-0.512	2.46367e+18
-0.511	2.394e+18
-0.51	2.32592e+18
-0.509	2.2594e+18
-0.508	2.19443e+18
-0.507	2.13098e+18
-0.506	2.06903e+18
-0.505	2.00856e+18
-0.504	1.94953e+18
-0.503	1.89193e+18
-0.502	1.83573e+18
-0.501	1.78091e+18
-0.5	1.72744e+18
-0.499	1.67531e+18
-0.498	1.62449e+18
-0.497	1.57495e+18
-0.496	1.52667e+18
-0.495	1.47963e+18
-0.494	1.43381e+18
-0.493	1.38918e+18
-0.492	1.34572e+18
-0.491	1.30341e+18
-0.49	1.26223e+18
-0.489	1.22214e+18
-0.488	1.18314e+18
-0.487	1.1452e+18
-0.486	1.10829e+18
-0.485	1.0724e+18
-0.484	1.0375e+18
-0.483	1.00357e+18
-0.482	9.70601e+17
-0.481	9.38559e+17
-0.48	9.07429e+17
-0.479	8.77189e+17
-0.478	8.4782e+17
-0.477	8.19302e+17
-0.476	7.91615e+17
-0.475	7.64741e+17
-0.474	7.3866e+17
-0.473	7.13354e+17
-0.472	6.88804e+17
-0.471	6.64992e+17
-0.47	6.41901e+17
-0.469	6.19511e+17
-0.468	5.97807e+17
-0.467	5.76772e+17
-0.466	5.56387e+17
-0.465	5.36637e+17
-0.464	5.17506e+17
-0.463	4.98977e+17
-0.462	4.81035e+17
-0.461	4.63665e+17
-0.46	4.46851e+17
-0.459	4.30579e+17
-0.458	4.14833e+17
-0.457	3.996e+17
-0.456	3.84866e+17
-0.455	3.70617e+17
-0.454	3.56839e+17
-0.453	3.43519e+17
-0.452	3.30645e+17
-0.451	3.18203e+17
-0.45	3.06182e+17
-0.449	2.94569e+17
-0.448	2.83352e+17
-0.447	2.7252e+17
-0.446	2.62061e+17
-0.445	2.51965e+17
-0.444	2.4222e+17
-0.443	2.32816e+17
-0.442	2.23743e+17
-0.441	2.1499e+17
-0.44	2.06548e+17
-0.439	1.98407e+17
-0.438	1.90558e+17
-0.437	1.82991e+17
-0.436	1.75698e+17
-0.435	1.6867e+17
-0.434	1.61899e+17
-0.433	1.55376e+17
-0.432	1.49094e+17
-0.431	1.43043e+17
-0.43	1.37218e+17
-0.429	1.3161e+17
-0.428	1.26213e+17
-0.427	1.21019e+17
-0.426	1.16021e+17
-0.425	1.11213e+17
-0.424	1.06589e+17
-0.423	1.02142e+17
-0.422	9.78661e+16
-0.421	9.37554e+16
-0.42	8.98042e+16
-0.419	8.60069e+16
-0.418	8.23583e+16
-0.417	7.88529e+16
-0.416	7.54858e+16
-0.415	7.22521e+16
-0.414	6.91469e+16
-0.413	6.61657e+16
-0.412	6.3304e+16
-0.411	6.05574e+16
-0.41	5.79217e+16
-0.409	5.53929e+16
-0.408	5.29671e+16
-0.407	5.06403e+16
-0.406	4.84089e+16
-0.405	4.62694e+16
-0.404	4.42183e+16
-0.403	4.22522e+16
-0.402	4.03679e+16
-0.401	3.85624e+16
-0.4	3.68325e+16
-0.399	3.51755e+16
-0.398	3.35883e+16
-0.397	3.20685e+16
-0.396	3.06132e+16
-0.395	2.92201e+16
-0.394	2.78866e+16
-0.393	2.66103e+16
-0.392	2.53891e+16
-0.391	2.42208e+16
-0.39	2.31031e+16
-0.389	2.20341e+16
-0.388	2.10117e+16
-0.387	2.00342e+16
-0.386	1.90997e+16
-0.385	1.82064e+16
-0.384	1.73527e+16
-0.383	1.65368e+16
-0.382	1.57573e+16
-0.381	1.50126e+16
-0.38	1.43013e+16
-0.379	1.3622e+16
-0.378	1.29733e+16
-0.377	1.23539e+16
-0.376	1.17627e+16
-0.375	1.11983e+16
-0.374	1.06597e+16
-0.373	1.01458e+16
-0.372	9.65544e+15
-0.371	9.18767e+15
-0.37	8.74151e+15
-0.369	8.316e+15
-0.368	7.91026e+15
-0.367	7.52341e+15
-0.366	7.15463e+15
-0.365	6.80312e+15
-0.364	6.46811e+15
-0.363	6.14889e+15
-0.362	5.84473e+15
-0.361	5.55498e+15
-0.36	5.27898e+15
-0.359	5.01612e+15
-0.358	4.76581e+15
-0.357	4.52747e+15
-0.356	4.30056e+15
-0.355	4.08457e+15
-0.354	3.87899e+15
-0.353	3.68335e+15
-0.352	3.4972e+15
-0.351	3.32008e+15
-0.35	3.15159e+15
-0.349	2.99133e+15
-0.348	2.83891e+15
-0.347	2.69397e+15
-0.346	2.55616e+15
-0.345	2.42514e+15
-0.344	2.30059e+15
-0.343	2.18221e+15
-0.342	2.06971e+15
-0.341	1.9628e+15
-0.34	1.86122e+15
-0.339	1.76473e+15
-0.338	1.67306e+15
-0.337	1.586e+15
-0.336	1.50331e+15
-0.335	1.4248e+15
-0.334	1.35025e+15
-0.333	1.27948e+15
-0.332	1.2123e+15
-0.331	1.14854e+15
-0.33	1.08802e+15
-0.329	1.0306e+15
-0.328	9.76111e+14
-0.327	9.24418e+14
-0.326	8.75381e+14
-0.325	8.28869e+14
-0.324	7.84755e+14
-0.323	7.42922e+14
-0.322	7.03255e+14
-0.321	6.65646e+14
-0.32	6.29992e+14
-0.319	5.96195e+14
-0.318	5.64161e+14
-0.317	5.33802e+14
-0.316	5.05033e+14
-0.315	4.77774e+14
-0.314	4.51947e+14
-0.313	4.2748e+14
-0.312	4.04304e+14
-0.311	3.82353e+14
-0.31	3.61564e+14
-0.309	3.41877e+14
-0.308	3.23236e+14
-0.307	3.05586e+14
-0.306	2.88878e+14
-0.305	2.73061e+14
-0.304	2.5809e+14
-0.303	2.43921e+14
-0.302	2.30512e+14
-0.301	2.17824e+14
-0.3	2.05818e+14
-0.299	1.9446e+14
-0.298	1.83715e+14
-0.297	1.7355e+14
-0.296	1.63937e+14
-0.295	1.54844e+14
-0.294	1.46246e+14
-0.293	1.38115e+14
-0.292	1.30427e+14
-0.291	1.23158e+14
-0.29	1.16287e+14
-0.289	1.09791e+14
-0.288	1.03652e+14
-0.287	9.78487e+13
-0.286	9.23646e+13
-0.285	8.71822e+13
-0.284	8.22852e+13
-0.283	7.76583e+13
-0.282	7.3287e+13
-0.281	6.91574e+13
-0.28	6.52564e+13
-0.279	6.15717e+13
-0.278	5.80916e+13
-0.277	5.48049e+13
-0.276	5.17011e+13
-0.275	4.87702e+13
-0.274	4.60028e+13
-0.273	4.33899e+13
-0.272	4.09232e+13
-0.271	3.85945e+13
-0.27	3.63964e+13
-0.269	3.43215e+13
-0.268	3.23632e+13
-0.267	3.05151e+13
-0.266	2.87709e+13
-0.265	2.7125e+13
-0.264	2.5572e+13
-0.263	2.41067e+13
-0.262	2.27242e+13
-0.261	2.142e+13
-0.26	2.01896e+13
-0.259	1.9029e+13
-0.258	1.79343e+13
-0.257	1.69017e+13
-0.256	1.59279e+13
-0.255	1.50095e+13
-0.254	1.41434e+13
-0.253	1.33268e+13
-0.252	1.25567e+13
-0.251	1.18306e+13
-0.25	1.11461e+13
-0.249	1.05007e+13
-0.248	9.89228e+12
-0.247	9.31875e+12
-0.246	8.77812e+12
-0.245	8.26854e+12
-0.244	7.78824e+12
-0.243	7.33556e+12
-0.242	6.90895e+12
-0.241	6.50691e+12
-0.24	6.12804e+12
-0.239	5.77103e+12
-0.238	5.43464e+12
-0.237	5.11768e+12
-0.236	4.81905e+12
-0.235	4.53769e+12
-0.234	4.27263e+12
-0.233	4.02292e+12
-0.232	3.78769e+12
-0.231	3.56611e+12
-0.23	3.3574e+12
-0.229	3.1608e+12
-0.228	2.97564e+12
-0.227	2.80124e+12
-0.226	2.637e+12
-0.225	2.48232e+12
-0.224	2.33665e+12
-0.223	2.19947e+12
-0.222	2.0703e+12
-0.221	1.94867e+12
-0.22	1.83414e+12
-0.219	1.7263e+12
-0.218	1.62476e+12
-0.217	1.52917e+12
-0.216	1.43917e+12
-0.215	1.35443e+12
-0.214	1.27466e+12
-0.213	1.19957e+12
-0.212	1.12888e+12
-0.211	1.06233e+12
-0.21	9.99693e+11
-0.209	9.4073e+11
-0.208	8.85231e+11
-0.207	8.32992e+11
-0.206	7.83824e+11
-0.205	7.37547e+11
-0.204	6.93992e+11
-0.203	6.53e+11
-0.202	6.14422e+11
-0.201	5.78115e+11
-0.2	5.43947e+11
-0.199	5.11792e+11
-0.198	4.81533e+11
-0.197	4.53058e+11
-0.196	4.26263e+11
-0.195	4.01048e+11
-0.194	3.77322e+11
-0.193	3.54996e+11
-0.192	3.33989e+11
-0.191	3.14222e+11
-0.19	2.95623e+11
-0.189	2.78124e+11
-0.188	2.61658e+11
-0.187	2.46166e+11
-0.186	2.31591e+11
-0.185	2.17877e+11
-0.184	2.04974e+11
-0.183	1.92835e+11
-0.182	1.81415e+11
-0.181	1.7067e+11
-0.18	1.60561e+11
-0.179	1.51051e+11
-0.178	1.42104e+11
-0.177	1.33687e+11
-0.176	1.25769e+11
-0.175	1.18319e+11
-0.174	1.11311e+11
-0.173	1.04718e+11
-0.172	9.85159e+10
-0.171	9.26813e+10
-0.17	8.71925e+10
-0.169	8.2029e+10
-0.168	7.71716e+10
-0.167	7.26021e+10
-0.166	6.83035e+10
-0.165	6.42597e+10
-0.164	6.04557e+10
-0.163	5.68772e+10
-0.162	5.35108e+10
-0.161	5.03441e+10
-0.16	4.73651e+10
-0.159	4.45627e+10
-0.158	4.19265e+10
-0.157	3.94465e+10
-0.156	3.71136e+10
-0.155	3.4919e+10
-0.154	3.28544e+10
-0.153	3.09123e+10
-0.152	2.90853e+10
-0.151	2.73665e+10
-0.15	2.57497e+10
-0.149	2.42286e+10
-0.148	2.27977e+10
-0.147	2.14515e+10
-0.146	2.01851e+10
-0.145	1.89938e+10
-0.144	1.7873e+10
-0.143	1.68185e+10
-0.142	1.58265e+10
-0.141	1.48933e+10
-0.14	1.40153e+10
-0.139	1.31892e+10
-0.138	1.24121e+10
-0.137	1.16809e+10
-0.136	1.0993e+10
-0.135	1.03458e+10
-0.134	9.73685e+09
-0.133	9.16391e+09
-0.132	8.62485e+09
-0.131	8.11766e+09
-0.13	7.64043e+09
-0.129	7.1914e+09
-0.128	6.76889e+09
-0.127	6.37134e+09
-0.126	5.99726e+09
-0.125	5.64526e+09
-0.124	5.31403e+09
-0.123	5.00235e+09
-0.122	4.70905e+09
-0.121	4.43304e+09
-0.12	4.17331e+09
-0.119	3.92888e+09
-0.118	3.69886e+09
-0.117	3.48238e+09
-0.116	3.27866e+09
-0.115	3.08692e+09
-0.114	2.90647e+09
-0.113	2.73664e+09
-0.112	2.5768e+09
-0.111	2.42635e+09
-0.11	2.28474e+09
-0.109	2.15146e+09
-0.108	2.02601e+09
-0.107	1.90792e+09
-0.106	1.79676e+09
-0.105	1.69212e+09
-0.104	1.59363e+09
-0.103	1.50091e+09
-0.102	1.41362e+09
-0.101	1.33144e+09
-0.1	1.25408e+09
-0.099	1.18125e+09
-0.098	1.11268e+09
-0.097	1.04813e+09
-0.096	9.87342e+08
-0.095	9.30112e+08
-0.094	8.76226e+08
-0.093	8.25488e+08
-0.092	7.77711e+08
-0.091	7.32722e+08
-0.09	6.90358e+08
-0.089	6.50463e+08
-0.088	6.12894e+08
-0.087	5.77513e+08
-0.086	5.44192e+08
-0.085	5.1281e+08
-0.084	4.83254e+08
-0.083	4.55417e+08
-0.082	4.29198e+08
-0.081	4.04501e+08
-0.08	3.81239e+08
-0.079	3.59327e+08
-0.078	3.38685e+08
-0.077	3.19241e+08
-0.076	3.00923e+08
-0.075	2.83667e+08
-0.074	2.67409e+08
-0.073	2.52092e+08
-0.072	2.37661e+08
-0.071	2.24064e+08
-0.07	2.11253e+08
-0.069	1.99181e+08
-0.068	1.87806e+08
-0.067	1.77088e+08
-0.066	1.66987e+08
-0.065	1.57468e+08
-0.064	1.48497e+08
-0.063	1.40043e+08
-0.062	1.32075e+08
-0.061	1.24565e+08
-0.06	1.17487e+08
-0.059	1.10815e+08
-0.058	1.04526e+08
-0.057	9.85974e+07
-0.056	9.3009e+07
-0.055	8.77408e+07
-0.054	8.27743e+07
-0.053	7.80919e+07
-0.052	7.36774e+07
-0.051	6.95152e+07
-0.05	6.55907e+07
-0.049	6.18903e+07
-0.048	5.84011e+07
-0.047	5.51108e+07
-0.046	5.20079e+07
-0.045	4.90818e+07
-0.044	4.63223e+07
-0.043	4.37196e+07
-0.042	4.1265e+07
-0.041	3.89497e+07
-0.04	3.67659e+07
-0.039	3.4706e+07
-0.038	3.27629e+07
-0.037	3.09299e+07
-0.036	2.92007e+07
-0.035	2.75693e+07
-0.034	2.60302e+07
-0.033	2.4578e+07
-0.032	2.32079e+07
-0.031	2.19151e+07
-0.03	2.06952e+07
-0.029	1.9544e+07
-0.028	1.84577e+07
-0.027	1.74325e+07
-0.026	1.6465e+07
-0.025	1.55519e+07
-0.024	1.46901e+07
-0.023	1.38766e+07
-0.022	1.31088e+07
-0.021	1.2384e+07
-0.02	1.16998e+07
-0.019	1.10539e+07
-0.018	1.04441e+07
-0.017	9.86838e+06
-0.016	9.32483e+06
-0.015	8.81163e+06
-0.014	8.32704e+06
-0.013	7.86946e+06
-0.012	7.43737e+06
-0.011	7.02932e+06
-0.01	6.64396e+06
-0.009	6.28002e+06
-0.008	5.93628e+06
-0.007	5.61162e+06
-0.006	5.30496e+06
-0.005	5.01529e+06
-0.004	4.74166e+06
-0.003	4.48316e+06
-0.002	4.23896e+06
-0.001	4.00824e+06
-0.0005	3.8977e+06
0	0
0	1
0	3.79026e+06
0.0005	1
0.001	1
0.002	1
0.003	1
0.004	1
0.005	1
0.006	1
0.007	1
0.008	1
0.009	1
0.01	1
0.011	1
0.012	1
0.013	1
0.014	1
0.015	1
0.016	1
0.017	1
0.018	1
0.019	1
0.02	1
0.021	1
0.022	1
0.023	1
0.024	1
0.025	1
0.026	1
0.027	1
0.028	1
0.029	1
0.03	1
0.031	1
0.032	1
0.033	1
0.034	1
0.035	1
0.036	1
0.037	1
0.038	1
0.039	1
0.04	1
0.041	1
0.042	1
0.043	1
0.044	1
0.045	1
0.046	1
0.047	1
0.048	1
0.049	1
0.05	1
0.051	1
0.052	1
0.053	1
0.054	1
0.055	1
0.056	1
0.057	1
0.058	1
0.059	1
0.06	1
0.061	1
0.062	1
0.063	1
0.064	1
0.065	1
0.066	1
0.067	1
0.068	1
0.069	1
0.07	1
0.071	1
0.072	1
0.073	1
0.074	1
0.075	1
0.076	1
0.077	1
0.078	1
0.079	1
0.08	1
0.081	1
0.082	1
0.083	1
0.084	1
0.085	1
0.086	1
0.087	1
0.088	1
0.089	1
0.09	1
0.091	1
0.092	1
0.093	1
0.094	1
0.095	1
0.096	1
0.097	1
0.098	1
0.099	1
0.1	1
0.101	1
0.102	1
0.103	1
0.104	1
0.105	1
0.106	1
0.107	1
0.108	1
0.109	1
0.11	1
0.111	1
0.112	1
0.113	1
0.114	1
0.115	1
0.116	1
0.117	1
0.118	1
0.119	1
0.12	1
0.121	1
0.122	1
0.123	1
0.124	1
0.125	1
0.126	1
0.127	1
0.128	1
0.129	1
0.13	1
0.131	1
0.132	1
0.133	1
0.134	1
0.135	1
0.136	1
0.137	1
0.138	1
0.139	1
0.14	1
0.141	1
0.142	1
0.143	1
0.144	1
0.145	1
0.146	1
0.147	1
0.148	1
0.149	1
0.15	1
0.151	1
0.152	1
0.153	1
0.154	1
0.155	1
0.156	1
0.157	1
0.158	1
0.159	1
0.16	1
0.161	1
0.162	1
0.163	1
0.164	1
0.165	1
0.166	1
0.167	1
0.168	1
0.169	1
0.17	1
0.171	1
0.172	1
0.173	1
0.174	1
0.175	1
0.176	1
0.177	1
0.178	1
0.179	1
0.18	1
0.181	1
0.182	1
0.183	1
0.184	1
0.185	1
0.186	1
0.187	1
0.188	1
0.189	1
0.19	1
0.191	1
0.192	1
0.193	1
0.194	1
0.195	1
0.196	1
0.197	1
0.198	1
0.199	1
0.2	1
0.201	1
0.202	1
0.203	1
0.204	1
0.205	1
0.206	1
0.207	1
0.208	1
0.209	1
0.21	1
0.211	1
0.212	1
0.213	1
0.214	1
0.215	1
0.216	1
0.217	1
0.218	1
0.219	1
0.22	1
0.221	1
0.222	1
0.223	1
0.224	1
0.225	1
0.226	1
0.227	1
0.228	1
0.229	1
0.23	1
0.231	1
0.232	1
0.233	1
0.234	1
0.235	1
0.236	1
0.237	1
0.238	1
0.239	1
0.24	1
0.241	1
0.242	1
0.243	1
0.244	1
0.245	1
0.246	1
0.247	1
0.248	1
0.249	1
0.25	1
0.251	1
0.252	1
0.253	1
0.254	1
0.255	1
0.256	1
0.257	1
0.258	1
0.259	1
0.26	1
0.261	1
0.262	1
0.263	1
0.264	1
0.265	1
0.266	1
0.267	1
0.268	1
0.269	1
0.27	1
0.271	1
0.272	1
0.273	1
0.274	1
0.275	1
0.276	1
0.277	1
0.278	1
0.279	1
0.28	1
0.281	1
0.282	1
0.283	1
0.284	1
0.285	1
0.286	1
0.287	1
0.288	1
0.289	1
0.29	1
0.291	1
0.292	1
0.293	1
0.294	1
0.295	1
0.296	1
0.297	1
0.298	1
0.299	1
0.3	1
0.301	1
0.302	1
0.303	1
0.304	1
0.305	1
0.306	1
0.307	1
0.308	1
0.309	1
0.31	1
0.311	1
0.312	1
0.313	1
0.314	1
0.315	1
0.316	1
0.317	1
0.318	1
0.319	1
0.32	1
0.321	1
0.322	1
0.323	1
0.324	1
0.325	1
0.326	1
0.327	1
0.328	1
0.329	1
0.33	1
0.331	1
0.332	1
0.333	1
0.334	1
0.335	1
0.336	1
0.337	1
0.338	1
0.339	1
0.34	1
0.341	1
0.342	1
0.343	1
0.344	1
0.345	1
0.346	1
0.347	1
0.348	1
0.349	1
0.35	1
0.351	1
0.352	1
0.353	1
0.354	1
0.355	1
0.356	1
0.357	1
0.358	1
0.359	1
0.36	1
0.361	1
0.362	1
0.363	1
0.364	1
0.365	1
0.366	1
0.367	1
0.368	1
0.369	1
0.37	1
0.371	1
0.372	1
0.373	1
0.374	1
0.375	1
0.376	1
0.377	1
0.378	1
0.379	1
0.38	1
0.381	1
0.382	1
0.383	1
0.384	1
0.385	1
0.386	1
0.387	1
0.388	1
0.389	1
0.39	1
0.391	1
0.392	1
0.393	1
0.394	1
0.395	1
0.396	1
0.397	1
0.398	1
0.399	1
0.4	1
0.401	1
0.402	1
0.403	1
0.404	1
0.405	1
0.406	1
0.407	1
0.408	1
0.409	1
0.41	1
0.411	1
0.412	1
0.413	1
0.414	1
0.415	1
0.416	1
0.417	1
0.418	1
0.419	1
0.42	1
0.421	1
0.422	1
0.423	1
0.424	1
0.425	1
0.426	1
0.427	1
0.428	1
0.429	1
0.43	1
0.431	1
0.432	1
0.433	1
0.434	1
0.435	1
0.436	1
0.437	1
0.438	1
0.439	1
0.44	1
0.441	1
0.442	1
0.443	1
0.444	1
0.445	1
0.446	1
0.447	1
0.448	1
0.449	1
0.45	1
0.451	1
0.452	1
0.453	1
0.454	1
0.455	1
0.456	1
0.457	1
0.458	1
0.459	1
0.46	1
0.461	1
0.462	1
0.463	1
0.464	1
0.465	1
0.466	1
0.467	1
0.468	1
0.469	1
0.47	1
0.471	1
0.472	1
0.473	1
0.474	1
0.475	1
0.476	1
0.477	1
0.478	1
0.479	1
0.48	1
0.481	1
0.482	1
0.483	1
0.484	1
0.485	1
0.486	1
0.487	1
0.488	1
0.489	1
0.49	1
0.491	1
0.492	1
0.493	1
0.494	1
0.495	1
0.496	1
0.497	1
0.498	1
0.499	1
0.5	1
0.501	1
0.502	1
0.503	1
0.504	1
0.505	1
0.506	1
0.507	1
0.508	1
0.509	1
0.51	1
0.511	1
0.512	1
0.513	1
0.514	1
0.515	1
0.516	1
0.517	1
0.518	1
0.519	1
0.52	1
0.521	1
0.522	1
0.523	1
0.524	1
0.525	1
0.526	1
0.527	1
0.528	1
0.529	1
0.53	1
0.531	1
0.532	1
0.533	1
0.534	1
0.535	1
0.536	1
0.537	1
0.538	1
0.539	1
0.54	1
0.541	1
0.542	1
0.543	1
0.544	1
0.545	1
0.546	1
0.547	1
0.548	1
0.549	1
0.55	1
0.551	1
0.552	1
0.553	1
0.554	1
0.555	1
0.556	1
0.557	1
0.558	1
0.559	1
0.56	1
0.561	1
0.562	1
0.563	1
0.564	1
0.565	1
0.566	1
0.567	1
0.568	1
0.569	1
0.57	1
0.571	1
0.572	1
0.573	1
0.574	1
0.575	1
0.576	1
0.577	1
0.578	1
0.579	1
0.58	1
0.581	1
0.582	1
0.583	1
0.584	1
0.585	1
0.586	1
0.587	1
0.588	1
0.589	1
0.59	1
0.591	1
0.592	1
0.593	1
0.594	1
0.595	1
0.596	1
0.597	1
0.598	1
0.599	1
0.6	1
0.601	1
0.602	1
0.603	1
0.604	1
0.605	1
0.606	1
0.607	1
0.608	1
0.609	1
0.61	1
0.611	1
0.612	1
0.613	1
0.614	1
0.615	1
0.616	1
0.617	1
0.618	1
0.619	1
0.62	1
0.621	1
0.622	1
0.623	1
0.624	1
0.625	1
0.626	1
0.627	1
0.628	1
0.629	1
0.63	1
0.631	1
0.632	1
0.633	1
0.634	1
0.635	1
0.636	1
0.637	1
0.638	1
0.639	1
0.64	1
0.641	1
0.642	1
0.643	1
0.644	1
0.645	1
0.646	1
0.647	1
0.648	1
0.649	1
0.65	1
0.651	1
0.652	1
0.653	1
0.654	1
0.655	1
0.656	1
0.657	1
0.658	1
0.659	1
0.66	1
0.661	1
0.662	1
0.663	1
0.664	1
0.665	1
0.666	1
0.667	1
0.668	1
0.669	1
0.67	1
0.671	1
0.672	1
0.673	1
0.674	1
0.675	1
0.676	1
0.677	1
0.678	1
0.679	1
0.68	1
0.681	1
0.682	1
0.683	1
0.684	1
0.685	1
0.686	1
0.687	1
0.688	1
0.689	1
0.69	1
0.691	1
0.692	1
0.693	1
0.694	1
0.695	1
0.696	1
0.697	1
0.698	1
0.699	1
0.7	1
0.701	1
0.702	1
0.703	1
0.704	1
0.705	1
0.706	1
0.707	1
0.708	1
0.709	1
0.71	1
0.711	1
0.712	1
0.713	1
0.714	1
0.715	1
0.716	1
0.717	1
0.718	1
0.719	1
0.72	1
0.721	1
0.722	1
0.723	1
0.724	1
0.725	1
0.726	1
0.727	1
0.728	1
0.729	1
0.73	1
0.731	1
0.732	1
0.733	1
0.734	1
0.735	1
0.736	1
0.737	1
0.738	1
0.739	1
0.74	1
0.741	1
0.742	1
0.743	1
0.744	1
0.745	1
0.746	1
0.747	1
0.748	1
0.749	1
0.75	1
0.751	1
0.752	1
0.753	1
0.754	1
0.755	1
0.756	1
0.757	1
0.758	1
0.759	1
0.76	1
0.761	1
0.762	1
0.763	1
0.764	1
0.765	1
0.766	1
0.767	1
0.768	1
0.769	1
0.77	1
0.771	1
0.772	1
0.773	1
0.774	1
0.775	1
0.776	1
0.777	1
0.778	1
0.779	1
0.78	1
0.781	1
0.782	1
0.783	1
0.784	1
0.785	1
0.786	1
0.787	1
0.788	1
0.789	1
0.79	1
0.791	1
0.792	1
0.793	1
0.794	1
0.795	1
0.796	1
0.797	1
0.798	1
0.799	1
0.8	1
0.801	1
0.802	1
0.803	1
0.804	1
0.805	1
0.806	1
0.807	1
0.808	1
0.809	1
0.81	1
0.811	1
0.812	1
0.813	1
0.814	1
0.815	1
0.816	1
0.817	1
0.818	1
0.819	1
0.82	1
0.821	1
0.822	1
0.823	1
0.824	1
0.825	1
0.826	1
0.827	1
0.828	1
0.829	1
0.83	1
0.831	1
0.832	1
0.833	1
0.834	1
0.835	1
0.836	1
0.837	1
0.838	1
0.839	1
0.84	1
0.841	1
0.842	1
0.843	1
0.844	1
0.845	1
0.846	1
0.847	1
0.848	1
0.849	1
0.85	1
0.851	1
0.852	1
0.853	1
0.854	1
0.855	1
0.856	1
0.857	1
0.858	1
0.859	1
0.86	1
0.861	1
0.862	1
0.863	1
0.864	1
0.865	1
0.866	1
0.867	1
0.868	1
0.869	1
0.87	1
0.871	1
0.872	1
0.873	1
0.874	1
0.875	1
0.876	1
0.877	1
0.878	1
0.879	1
0.88	1
0.881	1
0.882	1
0.883	1
0.884	1
0.885	1
0.886	1
0.887	1
0.888	1
0.889	1
0.89	1
0.891	1
0.892	1
0.893	1
0.894	1
0.895	1
0.896	1
0.897	1
0.898	1
0.899	1
0.9	1
0.901	1
0.902	1
0.903	1
0.904	1
0.905	1
0.906	1
0.907	1
0.908	1
0.909	1
0.91	1
0.911	1
0.912	1
0.913	1
0.914	1
0.915	1
0.916	1
0.917	1
0.918	1
0.919	1
0.92	1
0.921	1
0.922	1
0.923	1
0.924	1
0.925	1
0.926	1
0.927	1
0.928	1
0.929	1
0.93	1
0.931	1
0.932	1
0.933	1
0.934	1
0.935	1
0.936	1
0.937	1
0.938	1
0.939	1
0.94	1
0.941	1
0.942	1
0.943	1
0.944	1
0.945	1
0.946	1
0.947	1
0.948	1
0.949	1
0.95	1
0.951	1
0.952	1
0.953	1
0.954	1
0.955	1
0.956	1
0.957	1
0.958	1
0.959	1
0.96	1
0.961	1
0.962	1
0.963	1
0.964	1
0.965	1
0.966	1
0.967	1
0.968	1
0.969	1
0.97	1
0.971	1
0.972	1
0.973	1
0.974	1
0.975	1
0.976	1
0.977	1
0.978	1
0.979	1
0.98	1
0.981	1
0.982	1
0.983	1
0.984	1
0.985	1
0.986	1
0.987	1
0.988	1
0.989	1
0.99	1
0.991	1
0.992	1
0.993	1
0.994	1
0.995	1
0.996	1
0.997	1
0.998	1
0.999	1
1	1
